Archive member included to satisfy reference by file (symbol)

.\CortexM3\ARM_GCC_541\Debug\PSOC5 Implement.a(UART_OEM.o)
                              .\CortexM3\ARM_GCC_541\Debug\main.o (UART_OEM_Start)
.\CortexM3\ARM_GCC_541\Debug\PSOC5 Implement.a(UART_RPI.o)
                              .\CortexM3\ARM_GCC_541\Debug\main.o (UART_RPI_Start)
.\CortexM3\ARM_GCC_541\Debug\PSOC5 Implement.a(UART_Debug.o)
                              .\CortexM3\ARM_GCC_541\Debug\main.o (UART_Debug_Start)
.\CortexM3\ARM_GCC_541\Debug\PSOC5 Implement.a(Timer_ISR.o)
                              .\CortexM3\ARM_GCC_541\Debug\main.o (Timer_ISR_ReadStatusRegister)
.\CortexM3\ARM_GCC_541\Debug\PSOC5 Implement.a(ADC_TS410.o)
                              .\CortexM3\ARM_GCC_541\Debug\main.o (ADC_TS410_Start)
.\CortexM3\ARM_GCC_541\Debug\PSOC5 Implement.a(ADC_TS410_INT.o)
                              .\CortexM3\ARM_GCC_541\Debug\PSOC5 Implement.a(ADC_TS410.o) (ADC_TS410_ISR)
.\CortexM3\ARM_GCC_541\Debug\PSOC5 Implement.a(AMux.o)
                              .\CortexM3\ARM_GCC_541\Debug\Pressure_Transducer.o (AMux_Start)
.\CortexM3\ARM_GCC_541\Debug\PSOC5 Implement.a(UART_OEM_IntClock.o)
                              .\CortexM3\ARM_GCC_541\Debug\PSOC5 Implement.a(UART_OEM.o) (UART_OEM_IntClock_Start)
.\CortexM3\ARM_GCC_541\Debug\PSOC5 Implement.a(UART_RPI_IntClock.o)
                              .\CortexM3\ARM_GCC_541\Debug\PSOC5 Implement.a(UART_RPI.o) (UART_RPI_IntClock_Start)
.\CortexM3\ARM_GCC_541\Debug\PSOC5 Implement.a(UART_Debug_IntClock.o)
                              .\CortexM3\ARM_GCC_541\Debug\PSOC5 Implement.a(UART_Debug.o) (UART_Debug_IntClock_Start)
.\CortexM3\ARM_GCC_541\Debug\PSOC5 Implement.a(ADC_TS410_SAR.o)
                              .\CortexM3\ARM_GCC_541\Debug\PSOC5 Implement.a(ADC_TS410.o) (ADC_TS410_SAR_shift)
.\CortexM3\ARM_GCC_541\Debug\PSOC5 Implement.a(ADC_TS410_TempBuf_dma.o)
                              .\CortexM3\ARM_GCC_541\Debug\PSOC5 Implement.a(ADC_TS410.o) (ADC_TS410_TempBuf_DmaInitialize)
.\CortexM3\ARM_GCC_541\Debug\PSOC5 Implement.a(ADC_TS410_FinalBuf_dma.o)
                              .\CortexM3\ARM_GCC_541\Debug\PSOC5 Implement.a(ADC_TS410.o) (ADC_TS410_FinalBuf_DmaInitialize)
.\CortexM3\ARM_GCC_541\Debug\PSOC5 Implement.a(ADC_TS410_IRQ.o)
                              .\CortexM3\ARM_GCC_541\Debug\PSOC5 Implement.a(ADC_TS410.o) (ADC_TS410_IRQ_SetVector)
.\CortexM3\ARM_GCC_541\Debug\PSOC5 Implement.a(CyDmac.o)
                              .\CortexM3\ARM_GCC_541\Debug\Cm3Start.o (CyDmacConfigure)
.\CortexM3\ARM_GCC_541\Debug\PSOC5 Implement.a(CyLib.o)
                              .\CortexM3\ARM_GCC_541\Debug\Cm3Start.o (CyHalt)
.\CortexM3\ARM_GCC_541\Debug\PSOC5 Implement.a(cyPm.o)
                              .\CortexM3\ARM_GCC_541\Debug\PSOC5 Implement.a(CyLib.o) (CyPmReadStatus)
.\CortexM3\ARM_GCC_541\Debug\PSOC5 Implement.a(USER_LED.o)
                              .\CortexM3\ARM_GCC_541\Debug\main.o (USER_LED_Write)
.\CortexM3\ARM_GCC_541\Debug\PSOC5 Implement.a(Timer_Interrupt.o)
                              .\CortexM3\ARM_GCC_541\Debug\main.o (Timer_Interrupt_StartEx)
.\CortexM3\ARM_GCC_541\Debug\PSOC5 Implement.a(ADC_DelSig.o)
                              .\CortexM3\ARM_GCC_541\Debug\Pressure_Transducer.o (ADC_DelSig_Start)
.\CortexM3\ARM_GCC_541\Debug\PSOC5 Implement.a(ADC_DelSig_INT.o)
                              .\CortexM3\ARM_GCC_541\Debug\PSOC5 Implement.a(ADC_DelSig.o) (ADC_DelSig_ISR1)
.\CortexM3\ARM_GCC_541\Debug\PSOC5 Implement.a(ADC_DelSig_Ext_CP_Clk.o)
                              .\CortexM3\ARM_GCC_541\Debug\PSOC5 Implement.a(ADC_DelSig.o) (ADC_DelSig_Ext_CP_Clk_SetModeRegister)
.\CortexM3\ARM_GCC_541\Debug\PSOC5 Implement.a(ADC_DelSig_theACLK.o)
                              .\CortexM3\ARM_GCC_541\Debug\PSOC5 Implement.a(ADC_DelSig.o) (ADC_DelSig_theACLK_SetModeRegister)
.\CortexM3\ARM_GCC_541\Debug\PSOC5 Implement.a(CyBootAsmGnu.o)
                              .\CortexM3\ARM_GCC_541\Debug\cyfitter_cfg.o (CyDelayCycles)
.\CortexM3\ARM_GCC_541\Debug\PSOC5 Implement.a(CyFlash.o)
                              .\CortexM3\ARM_GCC_541\Debug\PSOC5 Implement.a(cyPm.o) (CyFlash_SetWaitCycles)
.\CortexM3\ARM_GCC_541\Debug\PSOC5 Implement.a(CySpc.o)
                              .\CortexM3\ARM_GCC_541\Debug\PSOC5 Implement.a(CyFlash.o) (CySpcStart)
c:/program files (x86)/cypress/psoc creator/4.4/psoc creator/import/gnu/arm/5.4.1/bin/../lib/gcc/arm-none-eabi/5.4.1/armv7-m\libgcc.a(_arm_addsubdf3.o)
                              .\CortexM3\ARM_GCC_541\Debug\main.o (__aeabi_f2d)
c:/program files (x86)/cypress/psoc creator/4.4/psoc creator/import/gnu/arm/5.4.1/bin/../lib/gcc/arm-none-eabi/5.4.1/armv7-m\libgcc.a(_arm_cmpdf2.o)
                              .\CortexM3\ARM_GCC_541\Debug\main.o (__aeabi_dcmpgt)
c:/program files (x86)/cypress/psoc creator/4.4/psoc creator/import/gnu/arm/5.4.1/bin/../lib/gcc/arm-none-eabi/5.4.1/armv7-m\libgcc.a(_arm_addsubsf3.o)
[...]
Memory Configuration

Name             Origin             Length             Attributes
rom              0x00000000         0x00040000         xr
ram              0x1fff8000         0x00010000         xrw
*default*        0x00000000         0xffffffff

Linker script and memory map

LOAD c:/program files (x86)/cypress/psoc creator/4.4/psoc creator/import/gnu/arm/5.4.1/bin/../lib/gcc/arm-none-eabi/5.4.1/armv7-m/crti.o
LOAD c:/program files (x86)/cypress/psoc creator/4.4/psoc creator/import/gnu/arm/5.4.1/bin/../lib/gcc/arm-none-eabi/5.4.1/armv7-m/crtbegin.o
LOAD c:/program files (x86)/cypress/psoc creator/4.4/psoc creator/import/gnu/arm/5.4.1/bin/../lib/gcc/arm-none-eabi/5.4.1/../../../../arm-none-eabi/lib/armv7-m/crt0.o
START GROUP
LOAD .\CortexM3\ARM_GCC_541\Debug\main.o
LOAD .\CortexM3\ARM_GCC_541\Debug\Pressure_Transducer.o
LOAD .\CortexM3\ARM_GCC_541\Debug\cyfitter_cfg.o
LOAD .\CortexM3\ARM_GCC_541\Debug\cymetadata.o
LOAD .\CortexM3\ARM_GCC_541\Debug\Cm3Start.o
LOAD .\CortexM3\ARM_GCC_541\Debug\PSOC5 Implement.a
LOAD C:\Program Files (x86)\Cypress\PSoC Creator\4.4\PSoC Creator\psoc\content\cycomponentlibrary\CyComponentLibrary.cylib\CortexM3\ARM_GCC_541\Debug\CyComponentLibrary.a
END GROUP
START GROUP
LOAD c:/program files (x86)/cypress/psoc creator/4.4/psoc creator/import/gnu/arm/5.4.1/bin/../lib/gcc/arm-none-eabi/5.4.1/armv7-m\libgcc.a
LOAD c:/program files (x86)/cypress/psoc creator/4.4/psoc creator/import/gnu/arm/5.4.1/bin/../lib/gcc/arm-none-eabi/5.4.1/../../../../arm-none-eabi/lib/armv7-m\libg_nano.a
LOAD c:/program files (x86)/cypress/psoc creator/4.4/psoc creator/import/gnu/arm/5.4.1/bin/../lib/gcc/arm-none-eabi/5.4.1/../../../../arm-none-eabi/lib/armv7-m\libc_nano.a
END GROUP
START GROUP
LOAD c:/program files (x86)/cypress/psoc creator/4.4/psoc creator/import/gnu/arm/5.4.1/bin/../lib/gcc/arm-none-eabi/5.4.1/armv7-m\libgcc.a
LOAD c:/program files (x86)/cypress/psoc creator/4.4/psoc creator/import/gnu/arm/5.4.1/bin/../lib/gcc/arm-none-eabi/5.4.1/../../../../arm-none-eabi/lib/armv7-m\libc_nano.a
END GROUP
LOAD c:/program files (x86)/cypress/psoc creator/4.4/psoc creator/import/gnu/arm/5.4.1/bin/../lib/gcc/arm-none-eabi/5.4.1/armv7-m/crtend.o
LOAD c:/program files (x86)/cypress/psoc creator/4.4/psoc creator/import/gnu/arm/5.4.1/bin/../lib/gcc/arm-none-eabi/5.4.1/armv7-m/crtn.o
START GROUP
LOAD c:/program files (x86)/cypress/psoc creator/4.4/psoc creator/import/gnu/arm/5.4.1/bin/../lib/gcc/arm-none-eabi/5.4.1/armv7-m\libgcc.a
LOAD c:/program files (x86)/cypress/psoc creator/4.4/psoc creator/import/gnu/arm/5.4.1/bin/../lib/gcc/arm-none-eabi/5.4.1/../../../../arm-none-eabi/lib/armv7-m\libc.a
LOAD c:/program files (x86)/cypress/psoc creator/4.4/psoc creator/import/gnu/arm/5.4.1/bin/../lib/gcc/arm-none-eabi/5.4.1/../../../../arm-none-eabi/lib/armv7-m\libnosys.a
END GROUP
                0x00000000                CY_APPL_ORIGIN = 0x0
                0x00000100                CY_FLASH_ROW_SIZE = 0x100
                0x00000020                CY_ECC_ROW_SIZE = 0x20
                0x00000000                CY_EE_IN_BTLDR = 0x0
                0x00000000                CY_APPL_LOADABLE = 0x0
                0x00000800                CY_EE_SIZE = 0x800
                0x00000001                CY_APPL_NUM = 0x1
                0x00000001                CY_APPL_MAX = 0x1
                0x00000040                CY_METADATA_SIZE = 0x40
                0x00000000                CY_APPL_LOADABLE = 0x0
                0x00000000                CY_CHECKSUM_EXCLUDE_SIZE = ALIGN (0x0, CY_FLASH_ROW_SIZE)
                [!provide]                PROVIDE (__cy_heap_start, _end)
                0x00000001                PROVIDE (__cy_region_num, ((__cy_regions_end - __cy_regions) / 0x10))
                0x20008000                PROVIDE (__cy_stack, (ORIGIN (ram) + LENGTH (ram)))
                [!provide]                PROVIDE (__cy_heap_end, (__cy_stack - 0x800))

.cybootloader   0x00000000        0x0
 *(.cybootloader)
                0x00000000                appl1_start = CY_APPL_ORIGIN?CY_APPL_ORIGIN:ALIGN (CY_FLASH_ROW_SIZE)
                0x0001ff00                appl2_start = (appl1_start + ALIGN ((((LENGTH (rom) - appl1_start) - (0x2 * CY_FLASH_ROW_SIZE)) / 0x2), CY_FLASH_ROW_SIZE))
                0x00000000                appl_start = (CY_APPL_NUM == 0x1)?appl1_start:appl2_start
                0x00000000                ecc_offset = ((appl_start / CY_FLASH_ROW_SIZE) * CY_ECC_ROW_SIZE)
                0x00000000                ee_offset = (CY_APPL_LOADABLE && ! (CY_EE_IN_BTLDR))?((CY_EE_SIZE / CY_APPL_MAX) * (CY_APPL_NUM - 0x1)):0x0
                0x00000800                ee_size = (CY_APPL_LOADABLE && ! (CY_EE_IN_BTLDR))?(CY_EE_SIZE / CY_APPL_MAX):CY_EE_SIZE
                [!provide]                PROVIDE (CY_ECC_OFFSET, ecc_offset)

.text           0x00000000     0x4c30
 CREATE_OBJECT_SYMBOLS
                0x00000000                PROVIDE (__cy_interrupt_vector, RomVectors)
 *(.romvectors)
 .romvectors    0x00000000       0x10 .\CortexM3\ARM_GCC_541\Debug\Cm3Start.o
                0x00000000                RomVectors
                0x00000001                ASSERT ((. != __cy_interrupt_vector), No interrupt vector)
                0x00000001                ASSERT (CY_APPL_ORIGIN?(SIZEOF (.cybootloader) <= CY_APPL_ORIGIN):0x1, Wrong image location)
                0x00000010                PROVIDE (__cy_reset, Reset)
 *(.text.Reset)
 .text.Reset    0x00000010       0x18 .\CortexM3\ARM_GCC_541\Debug\Cm3Start.o
                0x00000010                Reset
                0x00000001                ASSERT ((. != __cy_reset), No reset code)
 *(.dma_init)
                0x00000001                ASSERT ((((appl_start + .) <= 0x10000) || 0x1), DMA Init must be within the first 64k of flash)
 *(.text .text.* .gnu.linkonce.t.*)
 .text          0x00000028       0x5c c:/program files (x86)/cypress/psoc creator/4.4/psoc creator/import/gnu/arm/5.4.1/bin/../lib/gcc/arm-none-eabi/5.4.1/armv7-m/crtbegin.o
 .text.Timer_Interrupt_Handler
                0x00000084       0xc4 .\CortexM3\ARM_GCC_541\Debug\main.o
                0x00000084                Timer_Interrupt_Handler
 .text.float2Bytes
                0x00000148       0x10 .\CortexM3\ARM_GCC_541\Debug\main.o
                0x00000148                float2Bytes
 .text.calculateCRC8
                0x00000158       0x28 .\CortexM3\ARM_GCC_541\Debug\main.o
                0x00000158                calculateCRC8
 .text.wrap_data
                0x00000180       0x78 .\CortexM3\ARM_GCC_541\Debug\main.o
                0x00000180                wrap_data
 .text.main     0x000001f8      0x1d4 .\CortexM3\ARM_GCC_541\Debug\main.o
                0x000001f8                main
 .text.init_pressure_sensors
                0x000003cc       0x10 .\CortexM3\ARM_GCC_541\Debug\Pressure_Transducer.o
                0x000003cc                init_pressure_sensors
 .text.switch_multiplexer
                0x000003dc       0x1c .\CortexM3\ARM_GCC_541\Debug\Pressure_Transducer.o
                0x000003dc                switch_multiplexer
 .text.read_pressure
                0x000003f8       0x24 .\CortexM3\ARM_GCC_541\Debug\Pressure_Transducer.o
                0x000003f8                read_pressure
 .text.CyClockStartupError
                0x0000041c        0x4 .\CortexM3\ARM_GCC_541\Debug\cyfitter_cfg.o
 .text.cfg_write_bytes32
                0x00000420       0x34 .\CortexM3\ARM_GCC_541\Debug\cyfitter_cfg.o
 .text.CYMEMZERO
                0x00000454        0xc .\CortexM3\ARM_GCC_541\Debug\cyfitter_cfg.o
 .text.AnalogSetDefault
                0x00000460       0xa8 .\CortexM3\ARM_GCC_541\Debug\cyfitter_cfg.o
 .text.CYCONFIGCPY
                0x00000508        0x8 .\CortexM3\ARM_GCC_541\Debug\cyfitter_cfg.o
 .text.ClockSetup
                0x00000510      0x120 .\CortexM3\ARM_GCC_541\Debug\cyfitter_cfg.o
 .text.AMux_CYAMUXSIDE_A_Set
                0x00000630       0x1c .\CortexM3\ARM_GCC_541\Debug\cyfitter_cfg.o
                0x00000630                AMux_CYAMUXSIDE_A_Set
 .text.AMux_CYAMUXSIDE_A_Unset
                0x0000064c       0x1c .\CortexM3\ARM_GCC_541\Debug\cyfitter_cfg.o
                0x0000064c                AMux_CYAMUXSIDE_A_Unset
 .text.AMux_CYAMUXSIDE_B_Set
                0x00000668       0x1c .\CortexM3\ARM_GCC_541\Debug\cyfitter_cfg.o
                0x00000668                AMux_CYAMUXSIDE_B_Set
 .text.AMux_CYAMUXSIDE_B_Unset
                0x00000684       0x20 .\CortexM3\ARM_GCC_541\Debug\cyfitter_cfg.o
                0x00000684                AMux_CYAMUXSIDE_B_Unset
 .text.cyfitter_cfg
                0x000006a4      0x16c .\CortexM3\ARM_GCC_541\Debug\cyfitter_cfg.o
                0x000006a4                cyfitter_cfg
 .text.IntDefaultHandler
                0x00000810       0x10 .\CortexM3\ARM_GCC_541\Debug\Cm3Start.o
                0x00000810                IntDefaultHandler
 .text._sbrk    0x00000820       0x30 .\CortexM3\ARM_GCC_541\Debug\Cm3Start.o
                0x00000820                _sbrk
 .text.Start_c  0x00000850       0x4c .\CortexM3\ARM_GCC_541\Debug\Cm3Start.o
                0x00000850                Start_c
 .text.initialize_psoc
                0x0000089c       0x6c .\CortexM3\ARM_GCC_541\Debug\Cm3Start.o
                0x0000089c                initialize_psoc
 .text.UART_OEM_Init
                0x00000908       0x28 .\CortexM3\ARM_GCC_541\Debug\PSOC5 Implement.a(UART_OEM.o)
                0x00000908                UART_OEM_Init
 .text.UART_OEM_Enable
                0x00000930       0x38 .\CortexM3\ARM_GCC_541\Debug\PSOC5 Implement.a(UART_OEM.o)
                0x00000930                UART_OEM_Enable
 .text.UART_OEM_Start
                0x00000968       0x1c .\CortexM3\ARM_GCC_541\Debug\PSOC5 Implement.a(UART_OEM.o)
                0x00000968                UART_OEM_Start
 .text.UART_RPI_Init
                0x00000984       0x28 .\CortexM3\ARM_GCC_541\Debug\PSOC5 Implement.a(UART_RPI.o)
                0x00000984                UART_RPI_Init
 .text.UART_RPI_Enable
                0x000009ac       0x38 .\CortexM3\ARM_GCC_541\Debug\PSOC5 Implement.a(UART_RPI.o)
                0x000009ac                UART_RPI_Enable
 .text.UART_RPI_Start
                0x000009e4       0x1c .\CortexM3\ARM_GCC_541\Debug\PSOC5 Implement.a(UART_RPI.o)
                0x000009e4                UART_RPI_Start
 .text.UART_RPI_ReadTxStatus
                0x00000a00        0xc .\CortexM3\ARM_GCC_541\Debug\PSOC5 Implement.a(UART_RPI.o)
                0x00000a00                UART_RPI_ReadTxStatus
 .text.UART_RPI_PutChar
                0x00000a0c       0x18 .\CortexM3\ARM_GCC_541\Debug\PSOC5 Implement.a(UART_RPI.o)
                0x00000a0c                UART_RPI_PutChar
 .text.UART_RPI_PutArray
                0x00000a24       0x28 .\CortexM3\ARM_GCC_541\Debug\PSOC5 Implement.a(UART_RPI.o)
                0x00000a24                UART_RPI_PutArray
 .text.UART_RPI_GetTxBufferSize
                0x00000a4c       0x24 .\CortexM3\ARM_GCC_541\Debug\PSOC5 Implement.a(UART_RPI.o)
                0x00000a4c                UART_RPI_GetTxBufferSize
 .text.UART_Debug_Init
                0x00000a70       0x18 .\CortexM3\ARM_GCC_541\Debug\PSOC5 Implement.a(UART_Debug.o)
                0x00000a70                UART_Debug_Init
 .text.UART_Debug_Enable
                0x00000a88       0x24 .\CortexM3\ARM_GCC_541\Debug\PSOC5 Implement.a(UART_Debug.o)
                0x00000a88                UART_Debug_Enable
 .text.UART_Debug_Start
                0x00000aac       0x1c .\CortexM3\ARM_GCC_541\Debug\PSOC5 Implement.a(UART_Debug.o)
                0x00000aac                UART_Debug_Start
 .text.UART_Debug_PutChar
                0x00000ac8       0x18 .\CortexM3\ARM_GCC_541\Debug\PSOC5 Implement.a(UART_Debug.o)
                0x00000ac8                UART_Debug_PutChar
 .text.UART_Debug_PutString
                0x00000ae0       0x24 .\CortexM3\ARM_GCC_541\Debug\PSOC5 Implement.a(UART_Debug.o)
                0x00000ae0                UART_Debug_PutString
 .text.Timer_ISR_Enable
                0x00000b04       0x28 .\CortexM3\ARM_GCC_541\Debug\PSOC5 Implement.a(Timer_ISR.o)
                0x00000b04                Timer_ISR_Enable
 .text.Timer_ISR_SetInterruptMode
                0x00000b2c        0xc .\CortexM3\ARM_GCC_541\Debug\PSOC5 Implement.a(Timer_ISR.o)
                0x00000b2c                Timer_ISR_SetInterruptMode
 .text.Timer_ISR_ReadStatusRegister
                0x00000b38        0xc .\CortexM3\ARM_GCC_541\Debug\PSOC5 Implement.a(Timer_ISR.o)
                0x00000b38                Timer_ISR_ReadStatusRegister
 .text.Timer_ISR_WritePeriod
                0x00000b44        0xc .\CortexM3\ARM_GCC_541\Debug\PSOC5 Implement.a(Timer_ISR.o)
                0x00000b44                Timer_ISR_WritePeriod
 .text.Timer_ISR_WriteCounter
                0x00000b50        0xc .\CortexM3\ARM_GCC_541\Debug\PSOC5 Implement.a(Timer_ISR.o)
                0x00000b50                Timer_ISR_WriteCounter
 .text.Timer_ISR_Init
                0x00000b5c       0x68 .\CortexM3\ARM_GCC_541\Debug\PSOC5 Implement.a(Timer_ISR.o)
                0x00000b5c                Timer_ISR_Init
 .text.Timer_ISR_Start
                0x00000bc4       0x1c .\CortexM3\ARM_GCC_541\Debug\PSOC5 Implement.a(Timer_ISR.o)
                0x00000bc4                Timer_ISR_Start
 .text.ADC_TS410_Init
                0x00000be0       0x3c .\CortexM3\ARM_GCC_541\Debug\PSOC5 Implement.a(ADC_TS410.o)
                0x00000be0                ADC_TS410_Init
 .text.ADC_TS410_Enable
                0x00000c1c       0xcc .\CortexM3\ARM_GCC_541\Debug\PSOC5 Implement.a(ADC_TS410.o)
                0x00000c1c                ADC_TS410_Enable
 .text.ADC_TS410_Start
                0x00000ce8       0x28 .\CortexM3\ARM_GCC_541\Debug\PSOC5 Implement.a(ADC_TS410.o)
                0x00000ce8                ADC_TS410_Start
 .text.ADC_TS410_StartConvert
                0x00000d10        0x8 .\CortexM3\ARM_GCC_541\Debug\PSOC5 Implement.a(ADC_TS410.o)
                0x00000d10                ADC_TS410_StartConvert
 .text.ADC_TS410_IsEndConversion
                0x00000d18       0x18 .\CortexM3\ARM_GCC_541\Debug\PSOC5 Implement.a(ADC_TS410.o)
                0x00000d18                ADC_TS410_IsEndConversion
 .text.ADC_TS410_GetResult16
                0x00000d30       0x1c .\CortexM3\ARM_GCC_541\Debug\PSOC5 Implement.a(ADC_TS410.o)
                0x00000d30                ADC_TS410_GetResult16
 .text.ADC_TS410_CountsTo_Volts
                0x00000d4c        0x8 .\CortexM3\ARM_GCC_541\Debug\PSOC5 Implement.a(ADC_TS410.o)
                0x00000d4c                ADC_TS410_CountsTo_Volts
 .text.ADC_TS410_ISR
                0x00000d54        0x4 .\CortexM3\ARM_GCC_541\Debug\PSOC5 Implement.a(ADC_TS410_INT.o)
                0x00000d54                ADC_TS410_ISR
 .text.AMux_Start
                0x00000d58       0x28 .\CortexM3\ARM_GCC_541\Debug\PSOC5 Implement.a(AMux.o)
                0x00000d58                AMux_Start
 .text.AMux_Disconnect
                0x00000d80       0x10 .\CortexM3\ARM_GCC_541\Debug\PSOC5 Implement.a(AMux.o)
                0x00000d80                AMux_Disconnect
 .text.AMux_FastSelect
                0x00000d90       0x28 .\CortexM3\ARM_GCC_541\Debug\PSOC5 Implement.a(AMux.o)
                0x00000d90                AMux_FastSelect
 .text.UART_OEM_IntClock_Start
                0x00000db8       0x1c .\CortexM3\ARM_GCC_541\Debug\PSOC5 Implement.a(UART_OEM_IntClock.o)
                0x00000db8                UART_OEM_IntClock_Start
 .text.UART_RPI_IntClock_Start
                0x00000dd4       0x1c .\CortexM3\ARM_GCC_541\Debug\PSOC5 Implement.a(UART_RPI_IntClock.o)
                0x00000dd4                UART_RPI_IntClock_Start
 .text.UART_Debug_IntClock_Start
                0x00000df0       0x1c .\CortexM3\ARM_GCC_541\Debug\PSOC5 Implement.a(UART_Debug_IntClock.o)
                0x00000df0                UART_Debug_IntClock_Start
 .text.ADC_TS410_SAR_CalcGain
                0x00000e0c       0x64 .\CortexM3\ARM_GCC_541\Debug\PSOC5 Implement.a(ADC_TS410_SAR.o)
 .text.ADC_TS410_SAR_Enable
                0x00000e70       0x78 .\CortexM3\ARM_GCC_541\Debug\PSOC5 Implement.a(ADC_TS410_SAR.o)
                0x00000e70                ADC_TS410_SAR_Enable
 .text.ADC_TS410_SAR_SetResolution
                0x00000ee8       0x38 .\CortexM3\ARM_GCC_541\Debug\PSOC5 Implement.a(ADC_TS410_SAR.o)
                0x00000ee8                ADC_TS410_SAR_SetResolution
 .text.ADC_TS410_SAR_Init
                0x00000f20       0x24 .\CortexM3\ARM_GCC_541\Debug\PSOC5 Implement.a(ADC_TS410_SAR.o)
                0x00000f20                ADC_TS410_SAR_Init
 .text.ADC_TS410_SAR_Start
                0x00000f44       0x1c .\CortexM3\ARM_GCC_541\Debug\PSOC5 Implement.a(ADC_TS410_SAR.o)
                0x00000f44                ADC_TS410_SAR_Start
 .text.ADC_TS410_SAR_StartConvert
                0x00000f60       0x10 .\CortexM3\ARM_GCC_541\Debug\PSOC5 Implement.a(ADC_TS410_SAR.o)
                0x00000f60                ADC_TS410_SAR_StartConvert
 .text.ADC_TS410_SAR_CountsTo_Volts
                0x00000f70       0x50 .\CortexM3\ARM_GCC_541\Debug\PSOC5 Implement.a(ADC_TS410_SAR.o)
                0x00000f70                ADC_TS410_SAR_CountsTo_Volts
 .text.ADC_TS410_TempBuf_DmaInitialize
                0x00000fc0       0x3c .\CortexM3\ARM_GCC_541\Debug\PSOC5 Implement.a(ADC_TS410_TempBuf_dma.o)
                0x00000fc0                ADC_TS410_TempBuf_DmaInitialize
 .text.ADC_TS410_FinalBuf_DmaInitialize
                0x00000ffc       0x3c .\CortexM3\ARM_GCC_541\Debug\PSOC5 Implement.a(ADC_TS410_FinalBuf_dma.o)
                0x00000ffc                ADC_TS410_FinalBuf_DmaInitialize
 .text.ADC_TS410_IRQ_SetVector
                0x00001038        0xc .\CortexM3\ARM_GCC_541\Debug\PSOC5 Implement.a(ADC_TS410_IRQ.o)
                0x00001038                ADC_TS410_IRQ_SetVector
 .text.ADC_TS410_IRQ_SetPriority
                0x00001044       0x10 .\CortexM3\ARM_GCC_541\Debug\PSOC5 Implement.a(ADC_TS410_IRQ.o)
                0x00001044                ADC_TS410_IRQ_SetPriority
 .text.CyDmacConfigure
                0x00001054       0x34 .\CortexM3\ARM_GCC_541\Debug\PSOC5 Implement.a(CyDmac.o)
                0x00001054                CyDmacConfigure
 .text.CyDmaChEnable
                0x00001088       0x38 .\CortexM3\ARM_GCC_541\Debug\PSOC5 Implement.a(CyDmac.o)
                0x00001088                CyDmaChEnable
 .text.CyDmaClearPendingDrq
                0x000010c0       0x28 .\CortexM3\ARM_GCC_541\Debug\PSOC5 Implement.a(CyDmac.o)
                0x000010c0                CyDmaClearPendingDrq
 .text.CyDmaChPriority
                0x000010e8       0x24 .\CortexM3\ARM_GCC_541\Debug\PSOC5 Implement.a(CyDmac.o)
                0x000010e8                CyDmaChPriority
 .text.CyDmaChSetExtendedAddress
                0x0000110c       0x34 .\CortexM3\ARM_GCC_541\Debug\PSOC5 Implement.a(CyDmac.o)
                0x0000110c                CyDmaChSetExtendedAddress
 .text.CyDmaChSetInitialTd
                0x00001140       0x18 .\CortexM3\ARM_GCC_541\Debug\PSOC5 Implement.a(CyDmac.o)
                0x00001140                CyDmaChSetInitialTd
 .text.CyDmaChSetConfiguration
                0x00001158       0x44 .\CortexM3\ARM_GCC_541\Debug\PSOC5 Implement.a(CyDmac.o)
                0x00001158                CyDmaChSetConfiguration
 .text.CyDmaTdAllocate
                0x0000119c       0x34 .\CortexM3\ARM_GCC_541\Debug\PSOC5 Implement.a(CyDmac.o)
                0x0000119c                CyDmaTdAllocate
 .text.CyDmaTdSetConfiguration
                0x000011d0       0x28 .\CortexM3\ARM_GCC_541\Debug\PSOC5 Implement.a(CyDmac.o)
                0x000011d0                CyDmaTdSetConfiguration
 .text.CyDmaTdSetAddress
                0x000011f8       0x1c .\CortexM3\ARM_GCC_541\Debug\PSOC5 Implement.a(CyDmac.o)
                0x000011f8                CyDmaTdSetAddress
 .text.CyHalt   0x00001214        0x4 .\CortexM3\ARM_GCC_541\Debug\PSOC5 Implement.a(CyLib.o)
                0x00001214                CyHalt
 .text.CyDelay  0x00001218       0x2c .\CortexM3\ARM_GCC_541\Debug\PSOC5 Implement.a(CyLib.o)
                0x00001218                CyDelay
 .text.CyDelayUs
                0x00001244       0x14 .\CortexM3\ARM_GCC_541\Debug\PSOC5 Implement.a(CyLib.o)
                0x00001244                CyDelayUs
 .text.CyIntSetVector
                0x00001258       0x28 .\CortexM3\ARM_GCC_541\Debug\PSOC5 Implement.a(CyLib.o)
                0x00001258                CyIntSetVector
 .text.CyIntSetPriority
                0x00001280       0x30 .\CortexM3\ARM_GCC_541\Debug\PSOC5 Implement.a(CyLib.o)
                0x00001280                CyIntSetPriority
 .text.USER_LED_Write
                0x000012b0       0x18 .\CortexM3\ARM_GCC_541\Debug\PSOC5 Implement.a(USER_LED.o)
                0x000012b0                USER_LED_Write
 .text.Timer_Interrupt_SetVector
                0x000012c8       0x10 .\CortexM3\ARM_GCC_541\Debug\PSOC5 Implement.a(Timer_Interrupt.o)
                0x000012c8                Timer_Interrupt_SetVector
 .text.Timer_Interrupt_SetPriority
                0x000012d8       0x10 .\CortexM3\ARM_GCC_541\Debug\PSOC5 Implement.a(Timer_Interrupt.o)
                0x000012d8                Timer_Interrupt_SetPriority
 .text.Timer_Interrupt_Enable
                0x000012e8       0x10 .\CortexM3\ARM_GCC_541\Debug\PSOC5 Implement.a(Timer_Interrupt.o)
                0x000012e8                Timer_Interrupt_Enable
 .text.Timer_Interrupt_Disable
                0x000012f8       0x10 .\CortexM3\ARM_GCC_541\Debug\PSOC5 Implement.a(Timer_Interrupt.o)
                0x000012f8                Timer_Interrupt_Disable
 .text.Timer_Interrupt_StartEx
                0x00001308       0x1c .\CortexM3\ARM_GCC_541\Debug\PSOC5 Implement.a(Timer_Interrupt.o)
                0x00001308                Timer_Interrupt_StartEx
 .text.ADC_DelSig_GainCompensation
                0x00001324       0xe0 .\CortexM3\ARM_GCC_541\Debug\PSOC5 Implement.a(ADC_DelSig.o)
 .text.ADC_DelSig_SetDSMRef0Reg
                0x00001404       0x4c .\CortexM3\ARM_GCC_541\Debug\PSOC5 Implement.a(ADC_DelSig.o)
 .text.ADC_DelSig_InitConfig
                0x00001450      0x318 .\CortexM3\ARM_GCC_541\Debug\PSOC5 Implement.a(ADC_DelSig.o)
 .text.ADC_DelSig_Init
                0x00001768      0x108 .\CortexM3\ARM_GCC_541\Debug\PSOC5 Implement.a(ADC_DelSig.o)
                0x00001768                ADC_DelSig_Init
 .text.ADC_DelSig_Enable
                0x00001870       0xd8 .\CortexM3\ARM_GCC_541\Debug\PSOC5 Implement.a(ADC_DelSig.o)
                0x00001870                ADC_DelSig_Enable
 .text.ADC_DelSig_Start
                0x00001948       0x28 .\CortexM3\ARM_GCC_541\Debug\PSOC5 Implement.a(ADC_DelSig.o)
                0x00001948                ADC_DelSig_Start
 .text.ADC_DelSig_StartConvert
                0x00001970       0x10 .\CortexM3\ARM_GCC_541\Debug\PSOC5 Implement.a(ADC_DelSig.o)
                0x00001970                ADC_DelSig_StartConvert
 .text.ADC_DelSig_StopConvert
                0x00001980       0x10 .\CortexM3\ARM_GCC_541\Debug\PSOC5 Implement.a(ADC_DelSig.o)
                0x00001980                ADC_DelSig_StopConvert
 .text.ADC_DelSig_IsEndConversion
                0x00001990       0x30 .\CortexM3\ARM_GCC_541\Debug\PSOC5 Implement.a(ADC_DelSig.o)
                0x00001990                ADC_DelSig_IsEndConversion
 .text.ADC_DelSig_GetResult16
                0x000019c0       0x50 .\CortexM3\ARM_GCC_541\Debug\PSOC5 Implement.a(ADC_DelSig.o)
                0x000019c0                ADC_DelSig_GetResult16
 .text.ADC_DelSig_CountsTo_Volts
                0x00001a10       0x28 .\CortexM3\ARM_GCC_541\Debug\PSOC5 Implement.a(ADC_DelSig.o)
                0x00001a10                ADC_DelSig_CountsTo_Volts
 .text.ADC_DelSig_Read16
                0x00001a38       0x28 .\CortexM3\ARM_GCC_541\Debug\PSOC5 Implement.a(ADC_DelSig.o)
                0x00001a38                ADC_DelSig_Read16
 .text.ADC_DelSig_ISR1
                0x00001a60        0x4 .\CortexM3\ARM_GCC_541\Debug\PSOC5 Implement.a(ADC_DelSig_INT.o)
                0x00001a60                ADC_DelSig_ISR1
 .text.ADC_DelSig_ISR2
                0x00001a64        0x4 .\CortexM3\ARM_GCC_541\Debug\PSOC5 Implement.a(ADC_DelSig_INT.o)
                0x00001a64                ADC_DelSig_ISR2
 .text.ADC_DelSig_ISR3
                0x00001a68        0x4 .\CortexM3\ARM_GCC_541\Debug\PSOC5 Implement.a(ADC_DelSig_INT.o)
                0x00001a68                ADC_DelSig_ISR3
 .text.ADC_DelSig_ISR4
                0x00001a6c        0x4 .\CortexM3\ARM_GCC_541\Debug\PSOC5 Implement.a(ADC_DelSig_INT.o)
                0x00001a6c                ADC_DelSig_ISR4
 .text.ADC_DelSig_Ext_CP_Clk_GetDividerRegister
                0x00001a70        0xc .\CortexM3\ARM_GCC_541\Debug\PSOC5 Implement.a(ADC_DelSig_Ext_CP_Clk.o)
                0x00001a70                ADC_DelSig_Ext_CP_Clk_GetDividerRegister
 .text.ADC_DelSig_Ext_CP_Clk_SetModeRegister
                0x00001a7c       0x14 .\CortexM3\ARM_GCC_541\Debug\PSOC5 Implement.a(ADC_DelSig_Ext_CP_Clk.o)
                0x00001a7c                ADC_DelSig_Ext_CP_Clk_SetModeRegister
 .text.ADC_DelSig_Ext_CP_Clk_GetSourceRegister
                0x00001a90       0x10 .\CortexM3\ARM_GCC_541\Debug\PSOC5 Implement.a(ADC_DelSig_Ext_CP_Clk.o)
                0x00001a90                ADC_DelSig_Ext_CP_Clk_GetSourceRegister
 .text.ADC_DelSig_Ext_CP_Clk_SetDividerRegister
                0x00001aa0       0xd8 .\CortexM3\ARM_GCC_541\Debug\PSOC5 Implement.a(ADC_DelSig_Ext_CP_Clk.o)
                0x00001aa0                ADC_DelSig_Ext_CP_Clk_SetDividerRegister
 .text.ADC_DelSig_theACLK_GetDividerRegister
                0x00001b78        0xc .\CortexM3\ARM_GCC_541\Debug\PSOC5 Implement.a(ADC_DelSig_theACLK.o)
                0x00001b78                ADC_DelSig_theACLK_GetDividerRegister
 .text.ADC_DelSig_theACLK_SetModeRegister
                0x00001b84       0x14 .\CortexM3\ARM_GCC_541\Debug\PSOC5 Implement.a(ADC_DelSig_theACLK.o)
                0x00001b84                ADC_DelSig_theACLK_SetModeRegister
 .text.ADC_DelSig_theACLK_GetSourceRegister
                0x00001b98       0x10 .\CortexM3\ARM_GCC_541\Debug\PSOC5 Implement.a(ADC_DelSig_theACLK.o)
                0x00001b98                ADC_DelSig_theACLK_GetSourceRegister
 .text.ADC_DelSig_theACLK_SetDividerRegister
                0x00001ba8       0xd8 .\CortexM3\ARM_GCC_541\Debug\PSOC5 Implement.a(ADC_DelSig_theACLK.o)
                0x00001ba8                ADC_DelSig_theACLK_SetDividerRegister
 .text          0x00001c80       0x20 .\CortexM3\ARM_GCC_541\Debug\PSOC5 Implement.a(CyBootAsmGnu.o)
                0x00001c80                CyDelayCycles
                0x00001c90                CyEnterCriticalSection
                0x00001c98                CyExitCriticalSection
 .text          0x00001ca0      0x370 c:/program files (x86)/cypress/psoc creator/4.4/psoc creator/import/gnu/arm/5.4.1/bin/../lib/gcc/arm-none-eabi/5.4.1/armv7-m\libgcc.a(_arm_addsubdf3.o)
                0x00001ca0                __aeabi_drsub
                0x00001ca8                __aeabi_dsub
                0x00001ca8                __subdf3
                0x00001cac                __aeabi_dadd
                0x00001cac                __adddf3
                0x00001f24                __floatunsidf
                0x00001f24                __aeabi_ui2d
                0x00001f44                __floatsidf
                0x00001f44                __aeabi_i2d
                0x00001f68                __aeabi_f2d
                0x00001f68                __extendsfdf2
                0x00001fa4                __floatundidf
                0x00001fa4                __aeabi_ul2d
                0x00001fb4                __floatdidf
                0x00001fb4                __aeabi_l2d
 .text          0x00002010      0x110 c:/program files (x86)/cypress/psoc creator/4.4/psoc creator/import/gnu/arm/5.4.1/bin/../lib/gcc/arm-none-eabi/5.4.1/armv7-m\libgcc.a(_arm_cmpdf2.o)
                0x00002010                __gtdf2
                0x00002010                __gedf2
                0x00002018                __ltdf2
                0x00002018                __ledf2
                0x00002020                __nedf2
                0x00002020                __eqdf2
                0x00002020                __cmpdf2
                0x0000209c                __aeabi_cdrcmple
                0x000020ac                __aeabi_cdcmpeq
                0x000020ac                __aeabi_cdcmple
                0x000020bc                __aeabi_dcmpeq
                0x000020d0                __aeabi_dcmplt
                0x000020e4                __aeabi_dcmple
                0x000020f8                __aeabi_dcmpge
                0x0000210c                __aeabi_dcmpgt
 .text          0x00002120      0x21c c:/program files (x86)/cypress/psoc creator/4.4/psoc creator/import/gnu/arm/5.4.1/bin/../lib/gcc/arm-none-eabi/5.4.1/armv7-m\libgcc.a(_arm_addsubsf3.o)
                0x00002120                __aeabi_frsub
                0x00002128                __subsf3
                0x00002128                __aeabi_fsub
                0x0000212c                __aeabi_fadd
                0x0000212c                __addsf3
                0x0000228c                __aeabi_ui2f
                0x0000228c                __floatunsisf
                0x00002294                __aeabi_i2f
                0x00002294                __floatsisf
                0x000022b0                __aeabi_ul2f
                0x000022b0                __floatundisf
                0x000022c0                __aeabi_l2f
                0x000022c0                __floatdisf
 .text          0x0000233c      0x2a0 c:/program files (x86)/cypress/psoc creator/4.4/psoc creator/import/gnu/arm/5.4.1/bin/../lib/gcc/arm-none-eabi/5.4.1/armv7-m\libgcc.a(_arm_muldivsf3.o)
                0x0000233c                __mulsf3
                0x0000233c                __aeabi_fmul
                0x000024a4                __aeabi_fdiv
                0x000024a4                __divsf3
 .text          0x000025dc       0xec c:/program files (x86)/cypress/psoc creator/4.4/psoc creator/import/gnu/arm/5.4.1/bin/../lib/gcc/arm-none-eabi/5.4.1/armv7-m\libgcc.a(_arm_cmpsf2.o)
                0x000025dc                __gesf2
                0x000025dc                __gtsf2
                0x000025e4                __lesf2
                0x000025e4                __ltsf2
                0x000025ec                __nesf2
                0x000025ec                __eqsf2
                0x000025ec                __cmpsf2
                0x0000264c                __aeabi_cfrcmple
                0x00002654                __aeabi_cfcmpeq
                0x00002654                __aeabi_cfcmple
                0x00002664                __aeabi_fcmpeq
                0x00002678                __aeabi_fcmplt
                0x0000268c                __aeabi_fcmple
                0x000026a0                __aeabi_fcmpge
                0x000026b4                __aeabi_fcmpgt
 .text.__errno  0x000026c8        0xc c:/program files (x86)/cypress/psoc creator/4.4/psoc creator/import/gnu/arm/5.4.1/bin/../lib/gcc/arm-none-eabi/5.4.1/../../../../arm-none-eabi/lib/armv7-m\libg_nano.a(lib_a-errno.o)
                0x000026c8                __errno
 .text.__libc_init_array
                0x000026d4       0x4c c:/program files (x86)/cypress/psoc creator/4.4/psoc creator/import/gnu/arm/5.4.1/bin/../lib/gcc/arm-none-eabi/5.4.1/../../../../arm-none-eabi/lib/armv7-m\libg_nano.a(lib_a-init.o)
                0x000026d4                __libc_init_array
 .text.memcpy   0x00002720       0x16 c:/program files (x86)/cypress/psoc creator/4.4/psoc creator/import/gnu/arm/5.4.1/bin/../lib/gcc/arm-none-eabi/5.4.1/../../../../arm-none-eabi/lib/armv7-m\libg_nano.a(lib_a-memcpy-stub.o)
                0x00002720                memcpy
 .text.memset   0x00002736       0x10 c:/program files (x86)/cypress/psoc creator/4.4/psoc creator/import/gnu/arm/5.4.1/bin/../lib/gcc/arm-none-eabi/5.4.1/../../../../arm-none-eabi/lib/armv7-m\libg_nano.a(lib_a-memset.o)
                0x00002736                memset
 .text.__cvt    0x00002746       0xc0 c:/program files (x86)/cypress/psoc creator/4.4/psoc creator/import/gnu/arm/5.4.1/bin/../lib/gcc/arm-none-eabi/5.4.1/../../../../arm-none-eabi/lib/armv7-m\libg_nano.a(lib_a-nano-vfprintf_float.o)
                0x00002746                __cvt
 .text.__exponent
                0x00002806       0x62 c:/program files (x86)/cypress/psoc creator/4.4/psoc creator/import/gnu/arm/5.4.1/bin/../lib/gcc/arm-none-eabi/5.4.1/../../../../arm-none-eabi/lib/armv7-m\libg_nano.a(lib_a-nano-vfprintf_float.o)
                0x00002806                __exponent
 .text._printf_float
                0x00002868      0x488 c:/program files (x86)/cypress/psoc creator/4.4/psoc creator/import/gnu/arm/5.4.1/bin/../lib/gcc/arm-none-eabi/5.4.1/../../../../arm-none-eabi/lib/armv7-m\libg_nano.a(lib_a-nano-vfprintf_float.o)
                0x00002868                _printf_float
 .text._printf_common
                0x00002cf0       0xec c:/program files (x86)/cypress/psoc creator/4.4/psoc creator/import/gnu/arm/5.4.1/bin/../lib/gcc/arm-none-eabi/5.4.1/../../../../arm-none-eabi/lib/armv7-m\libg_nano.a(lib_a-nano-vfprintf_i.o)
                0x00002cf0                _printf_common
 .text._printf_i
                0x00002ddc      0x24c c:/program files (x86)/cypress/psoc creator/4.4/psoc creator/import/gnu/arm/5.4.1/bin/../lib/gcc/arm-none-eabi/5.4.1/../../../../arm-none-eabi/lib/armv7-m\libg_nano.a(lib_a-nano-vfprintf_i.o)
                0x00002ddc                _printf_i
 .text.snprintf
                0x00003028       0x64 c:/program files (x86)/cypress/psoc creator/4.4/psoc creator/import/gnu/arm/5.4.1/bin/../lib/gcc/arm-none-eabi/5.4.1/../../../../arm-none-eabi/lib/armv7-m\libg_nano.a(lib_a-snprintf.o)
                0x00003028                sniprintf
                0x00003028                snprintf
 .text          0x0000308c       0x10 c:/program files (x86)/cypress/psoc creator/4.4/psoc creator/import/gnu/arm/5.4.1/bin/../lib/gcc/arm-none-eabi/5.4.1/../../../../arm-none-eabi/lib/armv7-m\libg_nano.a(lib_a-strlen.o)
                0x0000308c                strlen
 .text.quorem   0x0000309c      0x116 c:/program files (x86)/cypress/psoc creator/4.4/psoc creator/import/gnu/arm/5.4.1/bin/../lib/gcc/arm-none-eabi/5.4.1/../../../../arm-none-eabi/lib/armv7-m\libg_nano.a(lib_a-dtoa.o)
 *fill*         0x000031b2        0x6 
 .text._dtoa_r  0x000031b8      0xb30 c:/program files (x86)/cypress/psoc creator/4.4/psoc creator/import/gnu/arm/5.4.1/bin/../lib/gcc/arm-none-eabi/5.4.1/../../../../arm-none-eabi/lib/armv7-m\libg_nano.a(lib_a-dtoa.o)
                0x000031b8                _dtoa_r
 .text._localeconv_r
                0x00003ce8        0x8 c:/program files (x86)/cypress/psoc creator/4.4/psoc creator/import/gnu/arm/5.4.1/bin/../lib/gcc/arm-none-eabi/5.4.1/../../../../arm-none-eabi/lib/armv7-m\libg_nano.a(lib_a-locale.o)
                0x00003ce8                _localeconv_r
 .text.malloc   0x00003cf0       0x10 c:/program files (x86)/cypress/psoc creator/4.4/psoc creator/import/gnu/arm/5.4.1/bin/../lib/gcc/arm-none-eabi/5.4.1/../../../../arm-none-eabi/lib/armv7-m\libg_nano.a(lib_a-malloc.o)
                0x00003cf0                malloc
 .text.memchr   0x00003d00       0x1c c:/program files (x86)/cypress/psoc creator/4.4/psoc creator/import/gnu/arm/5.4.1/bin/../lib/gcc/arm-none-eabi/5.4.1/../../../../arm-none-eabi/lib/armv7-m\libg_nano.a(lib_a-memchr-stub.o)
                0x00003d00                memchr
 .text._Balloc  0x00003d1c       0x6a c:/program files (x86)/cypress/psoc creator/4.4/psoc creator/import/gnu/arm/5.4.1/bin/../lib/gcc/arm-none-eabi/5.4.1/../../../../arm-none-eabi/lib/armv7-m\libg_nano.a(lib_a-mprec.o)
                0x00003d1c                _Balloc
 .text._Bfree   0x00003d86       0x2e c:/program files (x86)/cypress/psoc creator/4.4/psoc creator/import/gnu/arm/5.4.1/bin/../lib/gcc/arm-none-eabi/5.4.1/../../../../arm-none-eabi/lib/armv7-m\libg_nano.a(lib_a-mprec.o)
                0x00003d86                _Bfree
 .text.__multadd
                0x00003db4       0x76 c:/program files (x86)/cypress/psoc creator/4.4/psoc creator/import/gnu/arm/5.4.1/bin/../lib/gcc/arm-none-eabi/5.4.1/../../../../arm-none-eabi/lib/armv7-m\libg_nano.a(lib_a-mprec.o)
                0x00003db4                __multadd
 .text.__hi0bits
                0x00003e2a       0x40 c:/program files (x86)/cypress/psoc creator/4.4/psoc creator/import/gnu/arm/5.4.1/bin/../lib/gcc/arm-none-eabi/5.4.1/../../../../arm-none-eabi/lib/armv7-m\libg_nano.a(lib_a-mprec.o)
                0x00003e2a                __hi0bits
 .text.__lo0bits
                0x00003e6a       0x5a c:/program files (x86)/cypress/psoc creator/4.4/psoc creator/import/gnu/arm/5.4.1/bin/../lib/gcc/arm-none-eabi/5.4.1/../../../../arm-none-eabi/lib/armv7-m\libg_nano.a(lib_a-mprec.o)
                0x00003e6a                __lo0bits
 .text.__i2b    0x00003ec4       0x12 c:/program files (x86)/cypress/psoc creator/4.4/psoc creator/import/gnu/arm/5.4.1/bin/../lib/gcc/arm-none-eabi/5.4.1/../../../../arm-none-eabi/lib/armv7-m\libg_nano.a(lib_a-mprec.o)
                0x00003ec4                __i2b
 .text.__multiply
                0x00003ed6      0x120 c:/program files (x86)/cypress/psoc creator/4.4/psoc creator/import/gnu/arm/5.4.1/bin/../lib/gcc/arm-none-eabi/5.4.1/../../../../arm-none-eabi/lib/armv7-m\libg_nano.a(lib_a-mprec.o)
                0x00003ed6                __multiply
 *fill*         0x00003ff6        0x2 
 .text.__pow5mult
                0x00003ff8       0x9c c:/program files (x86)/cypress/psoc creator/4.4/psoc creator/import/gnu/arm/5.4.1/bin/../lib/gcc/arm-none-eabi/5.4.1/../../../../arm-none-eabi/lib/armv7-m\libg_nano.a(lib_a-mprec.o)
                0x00003ff8                __pow5mult
 .text.__lshift
                0x00004094       0xa2 c:/program files (x86)/cypress/psoc creator/4.4/psoc creator/import/gnu/arm/5.4.1/bin/../lib/gcc/arm-none-eabi/5.4.1/../../../../arm-none-eabi/lib/armv7-m\libg_nano.a(lib_a-mprec.o)
                0x00004094                __lshift
 .text.__mcmp   0x00004136       0x38 c:/program files (x86)/cypress/psoc creator/4.4/psoc creator/import/gnu/arm/5.4.1/bin/../lib/gcc/arm-none-eabi/5.4.1/../../../../arm-none-eabi/lib/armv7-m\libg_nano.a(lib_a-mprec.o)
                0x00004136                __mcmp
 .text.__mdiff  0x0000416e       0xbe c:/program files (x86)/cypress/psoc creator/4.4/psoc creator/import/gnu/arm/5.4.1/bin/../lib/gcc/arm-none-eabi/5.4.1/../../../../arm-none-eabi/lib/armv7-m\libg_nano.a(lib_a-mprec.o)
                0x0000416e                __mdiff
 .text.__d2b    0x0000422c       0x9c c:/program files (x86)/cypress/psoc creator/4.4/psoc creator/import/gnu/arm/5.4.1/bin/../lib/gcc/arm-none-eabi/5.4.1/../../../../arm-none-eabi/lib/armv7-m\libg_nano.a(lib_a-mprec.o)
                0x0000422c                __d2b
 .text._calloc_r
                0x000042c8       0x1c c:/program files (x86)/cypress/psoc creator/4.4/psoc creator/import/gnu/arm/5.4.1/bin/../lib/gcc/arm-none-eabi/5.4.1/../../../../arm-none-eabi/lib/armv7-m\libg_nano.a(lib_a-nano-callocr.o)
                0x000042c8                _calloc_r
 .text._free_r  0x000042e4       0x98 c:/program files (x86)/cypress/psoc creator/4.4/psoc creator/import/gnu/arm/5.4.1/bin/../lib/gcc/arm-none-eabi/5.4.1/../../../../arm-none-eabi/lib/armv7-m\libg_nano.a(lib_a-nano-freer.o)
                0x000042e4                _free_r
 .text._malloc_r
                0x0000437c       0xbc c:/program files (x86)/cypress/psoc creator/4.4/psoc creator/import/gnu/arm/5.4.1/bin/../lib/gcc/arm-none-eabi/5.4.1/../../../../arm-none-eabi/lib/armv7-m\libg_nano.a(lib_a-nano-mallocr.o)
                0x0000437c                _malloc_r
 .text.__ssputs_r
                0x00004438       0xb2 c:/program files (x86)/cypress/psoc creator/4.4/psoc creator/import/gnu/arm/5.4.1/bin/../lib/gcc/arm-none-eabi/5.4.1/../../../../arm-none-eabi/lib/armv7-m\libg_nano.a(lib_a-nano-svfprintf.o)
                0x00004438                __ssputs_r
 *fill*         0x000044ea        0x2 
 .text._svfprintf_r
                0x000044ec      0x1e8 c:/program files (x86)/cypress/psoc creator/4.4/psoc creator/import/gnu/arm/5.4.1/bin/../lib/gcc/arm-none-eabi/5.4.1/../../../../arm-none-eabi/lib/armv7-m\libg_nano.a(lib_a-nano-svfprintf.o)
                0x000044ec                _svfiprintf_r
                0x000044ec                _svfprintf_r
 .text._sbrk_r  0x000046d4       0x20 c:/program files (x86)/cypress/psoc creator/4.4/psoc creator/import/gnu/arm/5.4.1/bin/../lib/gcc/arm-none-eabi/5.4.1/../../../../arm-none-eabi/lib/armv7-m\libg_nano.a(lib_a-sbrkr.o)
                0x000046d4                _sbrk_r
 .text.memmove  0x000046f4       0x36 c:/program files (x86)/cypress/psoc creator/4.4/psoc creator/import/gnu/arm/5.4.1/bin/../lib/gcc/arm-none-eabi/5.4.1/../../../../arm-none-eabi/lib/armv7-m\libg_nano.a(lib_a-memmove.o)
                0x000046f4                memmove
 .text.__malloc_lock
                0x0000472a        0x2 c:/program files (x86)/cypress/psoc creator/4.4/psoc creator/import/gnu/arm/5.4.1/bin/../lib/gcc/arm-none-eabi/5.4.1/../../../../arm-none-eabi/lib/armv7-m\libg_nano.a(lib_a-mlock.o)
                0x0000472a                __malloc_lock
 .text.__malloc_unlock
                0x0000472c        0x2 c:/program files (x86)/cypress/psoc creator/4.4/psoc creator/import/gnu/arm/5.4.1/bin/../lib/gcc/arm-none-eabi/5.4.1/../../../../arm-none-eabi/lib/armv7-m\libg_nano.a(lib_a-mlock.o)
                0x0000472c                __malloc_unlock
 .text._realloc_r
                0x0000472e       0x4c c:/program files (x86)/cypress/psoc creator/4.4/psoc creator/import/gnu/arm/5.4.1/bin/../lib/gcc/arm-none-eabi/5.4.1/../../../../arm-none-eabi/lib/armv7-m\libg_nano.a(lib_a-nano-reallocr.o)
                0x0000472e                _realloc_r
 .text._malloc_usable_size_r
                0x0000477a       0x14 c:/program files (x86)/cypress/psoc creator/4.4/psoc creator/import/gnu/arm/5.4.1/bin/../lib/gcc/arm-none-eabi/5.4.1/../../../../arm-none-eabi/lib/armv7-m\libg_nano.a(lib_a-nano-msizer.o)
                0x0000477a                _malloc_usable_size_r
 *fill*         0x0000478e        0x2 
 .text          0x00004790      0x424 c:/program files (x86)/cypress/psoc creator/4.4/psoc creator/import/gnu/arm/5.4.1/bin/../lib/gcc/arm-none-eabi/5.4.1/armv7-m\libgcc.a(_arm_muldivdf3.o)
                0x00004790                __aeabi_dmul
                0x00004790                __muldf3
                0x000049e4                __divdf3
                0x000049e4                __aeabi_ddiv
 .text          0x00004bb4       0x2c c:/program files (x86)/cypress/psoc creator/4.4/psoc creator/import/gnu/arm/5.4.1/bin/../lib/gcc/arm-none-eabi/5.4.1/armv7-m\libgcc.a(_arm_unorddf2.o)
                0x00004bb4                __unorddf2
                0x00004bb4                __aeabi_dcmpun
 .text          0x00004be0       0x50 c:/program files (x86)/cypress/psoc creator/4.4/psoc creator/import/gnu/arm/5.4.1/bin/../lib/gcc/arm-none-eabi/5.4.1/armv7-m\libgcc.a(_arm_fixdfsi.o)
                0x00004be0                __aeabi_d2iz
                0x00004be0                __fixdfsi
 *(.plt)
 *(.gnu.warning)
 *(.glue_7t)
 .glue_7t       0x00004c30        0x0 linker stubs
 *(.glue_7)
 .glue_7        0x00004c30        0x0 linker stubs
 *(.vfp11_veneer)
 .vfp11_veneer  0x00004c30        0x0 linker stubs
 *(.bootloader)
 *(.ARM.extab* .gnu.linkonce.armextab.*)
 *(.gcc_except_table)

.v4_bx          0x00004c30        0x0
 .v4_bx         0x00004c30        0x0 linker stubs

.iplt           0x00004c30        0x0
 .iplt          0x00004c30        0x0 c:/program files (x86)/cypress/psoc creator/4.4/psoc creator/import/gnu/arm/5.4.1/bin/../lib/gcc/arm-none-eabi/5.4.1/armv7-m/crtbegin.o

.eh_frame_hdr
 *(.eh_frame_hdr)

.eh_frame       0x00004c30        0x4
 *(.eh_frame)
 .eh_frame      0x00004c30        0x0 c:/program files (x86)/cypress/psoc creator/4.4/psoc creator/import/gnu/arm/5.4.1/bin/../lib/gcc/arm-none-eabi/5.4.1/armv7-m/crtbegin.o
 .eh_frame      0x00004c30        0x4 c:/program files (x86)/cypress/psoc creator/4.4/psoc creator/import/gnu/arm/5.4.1/bin/../lib/gcc/arm-none-eabi/5.4.1/armv7-m/crtend.o
                [!provide]                PROVIDE (__exidx_start, .)

.ARM.exidx
 *(.ARM.exidx* .gnu.linkonce.armexidx.*)
                0x00004c34                __exidx_end = .

.rodata         0x00004c38      0x338
 *(.rodata .rodata.* .gnu.linkonce.r.*)
 .rodata        0x00004c38      0x100 .\CortexM3\ARM_GCC_541\Debug\main.o
 .rodata.str1.4
                0x00004d38       0x48 .\CortexM3\ARM_GCC_541\Debug\main.o
                                 0x4b (size before relaxing)
 .rodata        0x00004d80       0x5c .\CortexM3\ARM_GCC_541\Debug\cyfitter_cfg.o
                0x00004d80                AMux_CYAMUXSIDE_A__addrTable
                0x00004d88                AMux_CYAMUXSIDE_A__maskTable
                0x00004d8c                AMux_CYAMUXSIDE_B__addrTable
                0x00004d94                AMux_CYAMUXSIDE_B__maskTable
 .rodata.str1.1
                0x00004ddc        0x2 c:/program files (x86)/cypress/psoc creator/4.4/psoc creator/import/gnu/arm/5.4.1/bin/../lib/gcc/arm-none-eabi/5.4.1/../../../../arm-none-eabi/lib/armv7-m\libg_nano.a(lib_a-impure.o)
 .rodata.str1.1
                0x00004dde       0x12 c:/program files (x86)/cypress/psoc creator/4.4/psoc creator/import/gnu/arm/5.4.1/bin/../lib/gcc/arm-none-eabi/5.4.1/../../../../arm-none-eabi/lib/armv7-m\libg_nano.a(lib_a-nano-vfprintf_float.o)
 .rodata.str1.1
                0x00004df0       0x22 c:/program files (x86)/cypress/psoc creator/4.4/psoc creator/import/gnu/arm/5.4.1/bin/../lib/gcc/arm-none-eabi/5.4.1/../../../../arm-none-eabi/lib/armv7-m\libg_nano.a(lib_a-nano-vfprintf_i.o)
 .rodata.str1.1
                0x00004e12        0xd c:/program files (x86)/cypress/psoc creator/4.4/psoc creator/import/gnu/arm/5.4.1/bin/../lib/gcc/arm-none-eabi/5.4.1/../../../../arm-none-eabi/lib/armv7-m\libg_nano.a(lib_a-dtoa.o)
                                  0xf (size before relaxing)
 .rodata.str1.1
                0x00004e1f        0x8 c:/program files (x86)/cypress/psoc creator/4.4/psoc creator/import/gnu/arm/5.4.1/bin/../lib/gcc/arm-none-eabi/5.4.1/../../../../arm-none-eabi/lib/armv7-m\libg_nano.a(lib_a-locale.o)
                                  0xb (size before relaxing)
 *fill*         0x00004e27        0x1 
 .rodata.__mprec_tens
                0x00004e28       0xc8 c:/program files (x86)/cypress/psoc creator/4.4/psoc creator/import/gnu/arm/5.4.1/bin/../lib/gcc/arm-none-eabi/5.4.1/../../../../arm-none-eabi/lib/armv7-m\libg_nano.a(lib_a-mprec.o)
                0x00004e28                __mprec_tens
 .rodata.p05.5408
                0x00004ef0        0xc c:/program files (x86)/cypress/psoc creator/4.4/psoc creator/import/gnu/arm/5.4.1/bin/../lib/gcc/arm-none-eabi/5.4.1/../../../../arm-none-eabi/lib/armv7-m\libg_nano.a(lib_a-mprec.o)
 *fill*         0x00004efc        0x4 
 .rodata.__mprec_bigtens
                0x00004f00       0x28 c:/program files (x86)/cypress/psoc creator/4.4/psoc creator/import/gnu/arm/5.4.1/bin/../lib/gcc/arm-none-eabi/5.4.1/../../../../arm-none-eabi/lib/armv7-m\libg_nano.a(lib_a-mprec.o)
                0x00004f00                __mprec_bigtens
 .rodata.str1.1
                0x00004f28       0x11 c:/program files (x86)/cypress/psoc creator/4.4/psoc creator/import/gnu/arm/5.4.1/bin/../lib/gcc/arm-none-eabi/5.4.1/../../../../arm-none-eabi/lib/armv7-m\libg_nano.a(lib_a-nano-svfprintf.o)
                0x00004f3c                . = ALIGN (0x4)
 *fill*         0x00004f39        0x3 
 *(.init)
 .init          0x00004f3c        0x4 c:/program files (x86)/cypress/psoc creator/4.4/psoc creator/import/gnu/arm/5.4.1/bin/../lib/gcc/arm-none-eabi/5.4.1/armv7-m/crti.o
                0x00004f3c                _init
 .init          0x00004f40        0x8 c:/program files (x86)/cypress/psoc creator/4.4/psoc creator/import/gnu/arm/5.4.1/bin/../lib/gcc/arm-none-eabi/5.4.1/armv7-m/crtn.o
                0x00004f48                . = ALIGN (0x4)
                0x00004f48                __preinit_array_start = .
 *(.preinit_array)
                0x00004f48                __preinit_array_end = .
                0x00004f48                . = ALIGN (0x4)
                0x00004f48                __init_array_start = .
 *(SORT(.init_array.*))
 *(.init_array)
 .init_array    0x00004f48        0x4 c:/program files (x86)/cypress/psoc creator/4.4/psoc creator/import/gnu/arm/5.4.1/bin/../lib/gcc/arm-none-eabi/5.4.1/armv7-m/crtbegin.o
 .init_array    0x00004f4c        0x4 .\CortexM3\ARM_GCC_541\Debug\Cm3Start.o
                0x00004f50                __init_array_end = .
                0x00004f50                . = ALIGN (0x4)
 *(.fini)
 .fini          0x00004f50        0x4 c:/program files (x86)/cypress/psoc creator/4.4/psoc creator/import/gnu/arm/5.4.1/bin/../lib/gcc/arm-none-eabi/5.4.1/armv7-m/crti.o
                0x00004f50                _fini
 .fini          0x00004f54        0x8 c:/program files (x86)/cypress/psoc creator/4.4/psoc creator/import/gnu/arm/5.4.1/bin/../lib/gcc/arm-none-eabi/5.4.1/armv7-m/crtn.o
                0x00004f5c                . = ALIGN (0x4)
                0x00004f5c                __fini_array_start = .
 *(.fini_array)
 .fini_array    0x00004f5c        0x4 c:/program files (x86)/cypress/psoc creator/4.4/psoc creator/import/gnu/arm/5.4.1/bin/../lib/gcc/arm-none-eabi/5.4.1/armv7-m/crtbegin.o
 *(SORT(.fini_array.*))
                0x00004f60                __fini_array_end = .
                0x00004f60                . = ALIGN (0x4)
 *crtbegin.o(.ctors)
 *(EXCLUDE_FILE(*crtend.o) .ctors)
 *(SORT(.ctors.*))
 *crtend.o(.ctors)
                0x00004f60                . = ALIGN (0x4)
 *crtbegin.o(.dtors)
 *(EXCLUDE_FILE(*crtend.o) .dtors)
 *(SORT(.dtors.*))
 *crtend.o(.dtors)
                0x00004f60                . = ALIGN (0x4)
                0x00004f60                __cy_regions = .
                0x00004f60        0x4 LONG 0x4f70 __cy_region_init_ram
                0x00004f64        0x4 LONG 0x1fff80c8 __cy_region_start_data
                0x00004f68        0x4 LONG 0xc8 __cy_region_init_size_ram
                0x00004f6c        0x4 LONG 0x290 __cy_region_zero_size_ram
                0x00004f70                __cy_regions_end = .
                0x00004f70                . = ALIGN (0x8)
                0x00004f70                _etext = .

.cy_checksum_exclude
                0x00004f70        0x0
 *(.cy_checksum_exclude)

.ramvectors     0x1fff8000       0xc0
                0x1fff8000                __cy_region_start_ram = .
 *(.ramvectors)
 .ramvectors    0x1fff8000       0xc0 .\CortexM3\ARM_GCC_541\Debug\Cm3Start.o
                0x1fff8000                CyRamVectors

.noinit         0x1fff80c0        0x1
 *(.noinit)
 .noinit        0x1fff80c0        0x1 .\CortexM3\ARM_GCC_541\Debug\PSOC5 Implement.a(CyLib.o)
                0x1fff80c0                CyResetStatus

.data           0x1fff80c8       0xc8 load address 0x00004f70
                0x1fff80c8                __cy_region_start_data = .
 *(.jcr)
 .jcr           0x1fff80c8        0x0 c:/program files (x86)/cypress/psoc creator/4.4/psoc creator/import/gnu/arm/5.4.1/bin/../lib/gcc/arm-none-eabi/5.4.1/armv7-m/crtbegin.o
 .jcr           0x1fff80c8        0x4 c:/program files (x86)/cypress/psoc creator/4.4/psoc creator/import/gnu/arm/5.4.1/bin/../lib/gcc/arm-none-eabi/5.4.1/armv7-m/crtend.o
 *(.got.plt)
 *(.got)
 *(.shdata)
 *(.data .data.* .gnu.linkonce.d.*)
 .data          0x1fff80cc        0x4 .\CortexM3\ARM_GCC_541\Debug\Cm3Start.o
 .data          0x1fff80d0        0x2 .\CortexM3\ARM_GCC_541\Debug\PSOC5 Implement.a(ADC_TS410.o)
 .data          0x1fff80d2        0x1 .\CortexM3\ARM_GCC_541\Debug\PSOC5 Implement.a(AMux.o)
 .data          0x1fff80d3        0x1 .\CortexM3\ARM_GCC_541\Debug\PSOC5 Implement.a(ADC_TS410_TempBuf_dma.o)
                0x1fff80d3                ADC_TS410_TempBuf_DmaHandle
 .data          0x1fff80d4        0x1 .\CortexM3\ARM_GCC_541\Debug\PSOC5 Implement.a(ADC_TS410_FinalBuf_dma.o)
                0x1fff80d4                ADC_TS410_FinalBuf_DmaHandle
 *fill*         0x1fff80d5        0x3 
 .data          0x1fff80d8        0x8 .\CortexM3\ARM_GCC_541\Debug\PSOC5 Implement.a(CyDmac.o)
 .data          0x1fff80e0       0x10 .\CortexM3\ARM_GCC_541\Debug\PSOC5 Implement.a(CyLib.o)
                0x1fff80e0                cydelay_32k_ms
                0x1fff80e4                cydelay_freq_khz
                0x1fff80e8                cydelay_freq_mhz
                0x1fff80ec                cydelay_freq_hz
 .data          0x1fff80f0        0x1 .\CortexM3\ARM_GCC_541\Debug\PSOC5 Implement.a(ADC_DelSig.o)
                0x1fff80f0                ADC_DelSig_Config
 *fill*         0x1fff80f1        0x3 
 .data.impure_data
                0x1fff80f4       0x60 c:/program files (x86)/cypress/psoc creator/4.4/psoc creator/import/gnu/arm/5.4.1/bin/../lib/gcc/arm-none-eabi/5.4.1/../../../../arm-none-eabi/lib/armv7-m\libg_nano.a(lib_a-impure.o)
 .data._impure_ptr
                0x1fff8154        0x4 c:/program files (x86)/cypress/psoc creator/4.4/psoc creator/import/gnu/arm/5.4.1/bin/../lib/gcc/arm-none-eabi/5.4.1/../../../../arm-none-eabi/lib/armv7-m\libg_nano.a(lib_a-impure.o)
                0x1fff8154                _impure_ptr
 .data.lconv    0x1fff8158       0x38 c:/program files (x86)/cypress/psoc creator/4.4/psoc creator/import/gnu/arm/5.4.1/bin/../lib/gcc/arm-none-eabi/5.4.1/../../../../arm-none-eabi/lib/armv7-m\libg_nano.a(lib_a-locale.o)
                0x1fff8190                . = ALIGN (0x8)
 *(.ram)
                0x1fff8190                _edata = .

.igot.plt       0x1fff8190        0x0 load address 0x00005038
 .igot.plt      0x1fff8190        0x0 c:/program files (x86)/cypress/psoc creator/4.4/psoc creator/import/gnu/arm/5.4.1/bin/../lib/gcc/arm-none-eabi/5.4.1/armv7-m/crtbegin.o

.bss            0x1fff8190      0x290 load address 0x00005038
                0x1fff8190                PROVIDE (__bss_start__, .)
 *(.shbss)
 *(.bss .bss.* .gnu.linkonce.b.*)
 .bss           0x1fff8190       0x1c c:/program files (x86)/cypress/psoc creator/4.4/psoc creator/import/gnu/arm/5.4.1/bin/../lib/gcc/arm-none-eabi/5.4.1/armv7-m/crtbegin.o
 .bss           0x1fff81ac      0x20f .\CortexM3\ARM_GCC_541\Debug\main.o
                0x1fff81ac                timerCount
                0x1fff81ae                timerCountDataCompare
 .bss           0x1fff83bb        0x2 .\CortexM3\ARM_GCC_541\Debug\PSOC5 Implement.a(UART_OEM.o)
                0x1fff83bb                UART_OEM_initVar
 .bss           0x1fff83bd        0x2 .\CortexM3\ARM_GCC_541\Debug\PSOC5 Implement.a(UART_RPI.o)
                0x1fff83bd                UART_RPI_initVar
 .bss           0x1fff83bf        0x2 .\CortexM3\ARM_GCC_541\Debug\PSOC5 Implement.a(UART_Debug.o)
                0x1fff83bf                UART_Debug_initVar
 .bss           0x1fff83c1        0x1 .\CortexM3\ARM_GCC_541\Debug\PSOC5 Implement.a(Timer_ISR.o)
                0x1fff83c1                Timer_ISR_initVar
 *fill*         0x1fff83c2        0x2 
 .bss           0x1fff83c4       0x10 .\CortexM3\ARM_GCC_541\Debug\PSOC5 Implement.a(ADC_TS410.o)
                0x1fff83d0                ADC_TS410_initVar
 .bss           0x1fff83d4        0x1 .\CortexM3\ARM_GCC_541\Debug\PSOC5 Implement.a(ADC_TS410_SAR.o)
                0x1fff83d4                ADC_TS410_SAR_initVar
 *fill*         0x1fff83d5        0x3 
 .bss           0x1fff83d8       0x18 .\CortexM3\ARM_GCC_541\Debug\PSOC5 Implement.a(ADC_DelSig.o)
                0x1fff83e8                ADC_DelSig_stopConversion
                0x1fff83e9                ADC_DelSig_convDone
                0x1fff83ea                ADC_DelSig_initVar
                0x1fff83eb                ADC_DelSig_started
                0x1fff83ec                ADC_DelSig_Offset
 .bss.__malloc_sbrk_start
                0x1fff83f0        0x4 c:/program files (x86)/cypress/psoc creator/4.4/psoc creator/import/gnu/arm/5.4.1/bin/../lib/gcc/arm-none-eabi/5.4.1/../../../../arm-none-eabi/lib/armv7-m\libg_nano.a(lib_a-nano-mallocr.o)
                0x1fff83f0                __malloc_sbrk_start
 .bss.__malloc_free_list
                0x1fff83f4        0x4 c:/program files (x86)/cypress/psoc creator/4.4/psoc creator/import/gnu/arm/5.4.1/bin/../lib/gcc/arm-none-eabi/5.4.1/../../../../arm-none-eabi/lib/armv7-m\libg_nano.a(lib_a-nano-mallocr.o)
                0x1fff83f4                __malloc_free_list
 *(COMMON)
 COMMON         0x1fff83f8        0xc .\CortexM3\ARM_GCC_541\Debug\main.o
                0x1fff83f8                ADCPressureData
                0x1fff83fc                ADCData
 COMMON         0x1fff8404        0x8 .\CortexM3\ARM_GCC_541\Debug\PSOC5 Implement.a(ADC_TS410.o)
                0x1fff8404                ADC_TS410_finalArray
 COMMON         0x1fff840c        0xc .\CortexM3\ARM_GCC_541\Debug\PSOC5 Implement.a(ADC_TS410_SAR.o)
                0x1fff840c                ADC_TS410_SAR_countsPerVolt
                0x1fff8410                ADC_TS410_SAR_countsPer10Volt
                0x1fff8414                ADC_TS410_SAR_shift
                0x1fff8416                ADC_TS410_SAR_offset
 COMMON         0x1fff8418        0x4 .\CortexM3\ARM_GCC_541\Debug\PSOC5 Implement.a(ADC_DelSig.o)
                0x1fff8418                ADC_DelSig_CountsPerVolt
 COMMON         0x1fff841c        0x4 c:/program files (x86)/cypress/psoc creator/4.4/psoc creator/import/gnu/arm/5.4.1/bin/../lib/gcc/arm-none-eabi/5.4.1/../../../../arm-none-eabi/lib/armv7-m\libg_nano.a(lib_a-reent.o)
                0x1fff841c                errno
                0x1fff8420                . = ALIGN (0x8)
 *(.ram.b)
                0x1fff8420                _end = .
                0x1fff8420                __end = .
                0x1fff8420                PROVIDE (end, .)
                0x1fff8420                PROVIDE (__bss_end__, .)
                0x00004f70                __cy_region_init_ram = LOADADDR (.data)
                0x000000c8                __cy_region_init_size_ram = (_edata - ADDR (.data))
                0x00000290                __cy_region_zero_size_ram = (_end - _edata)

.heap           0x1fff8420       0x80 load address 0x00005038
                0x1fff8420                . = _end
                0x1fff84a0                . = (. + 0x80)
 *fill*         0x1fff8420       0x80 
                0x1fff84a0                __cy_heap_limit = .

.stack          0x20007800      0x800
                0x20007800                __cy_stack_limit = .
                0x20008000                . = (. + 0x800)
 *fill*         0x20007800      0x800 
                0x00000001                ASSERT ((__cy_stack_limit >= __cy_heap_limit), region RAM overflowed with stack)
                0x00000000                cy_checksum_exclude_size = (CY_APPL_LOADABLE == 0x1)?SIZEOF (.cy_checksum_exclude):0x0
                0x00000001                ASSERT ((cy_checksum_exclude_size <= CY_CHECKSUM_EXCLUDE_SIZE), CY_BOOT: Section .cy_checksum_exclude size exceedes specified limit.)

.cyloadermeta
 *(.cyloadermeta)

.cyloadablemeta
 *(.cyloadablemeta)

.cyconfigecc    0x80000000      0xddc
 *(.cyconfigecc)
 .cyconfigecc   0x80000000      0xddc .\CortexM3\ARM_GCC_541\Debug\cymetadata.o
                0x80000000                cy_meta_configecc

.cycustnvl      0x90000000        0x4
 *(.cycustnvl)
 .cycustnvl     0x90000000        0x4 .\CortexM3\ARM_GCC_541\Debug\cymetadata.o
                0x90000000                cy_meta_custnvl

.cywolatch      0x90100000        0x4
 *(.cywolatch)
 .cywolatch     0x90100000        0x4 .\CortexM3\ARM_GCC_541\Debug\cymetadata.o
                0x90100000                cy_meta_wonvl

.cyeeprom       0x90200000        0x0
 *(.cyeeprom)
                0x00000001                ASSERT ((. <= ((0x90200000 + ee_offset) + ee_size)), .cyeeprom data will not fit in EEPROM)

.cyflashprotect
                0x90400000      0x100
 *(.cyflashprotect)
 .cyflashprotect
                0x90400000      0x100 .\CortexM3\ARM_GCC_541\Debug\cymetadata.o
                0x90400000                cy_meta_flashprotect

.cymeta         0x90500000        0xc
 *(.cymeta)
 .cymeta        0x90500000        0xc .\CortexM3\ARM_GCC_541\Debug\cymetadata.o
                0x90500000                cy_metadata

.rel.dyn        0x00005038        0x0 load address 0x9050000c
 .rel.iplt      0x00005038        0x0 c:/program files (x86)/cypress/psoc creator/4.4/psoc creator/import/gnu/arm/5.4.1/bin/../lib/gcc/arm-none-eabi/5.4.1/armv7-m/crtbegin.o

.stab
 *(.stab)

.stabstr
 *(.stabstr)

.debug
 *(.debug)

.line
 *(.line)

.debug_srcinfo
 *(.debug_srcinfo)

.debug_sfnames
 *(.debug_sfnames)

.debug_aranges  0x00000000     0x1020
 *(.debug_aranges)
 .debug_aranges
                0x00000000       0x48 .\CortexM3\ARM_GCC_541\Debug\main.o
 .debug_aranges
                0x00000048       0x30 .\CortexM3\ARM_GCC_541\Debug\Pressure_Transducer.o
 .debug_aranges
                0x00000078       0x78 .\CortexM3\ARM_GCC_541\Debug\cyfitter_cfg.o
 .debug_aranges
                0x000000f0       0x18 .\CortexM3\ARM_GCC_541\Debug\cymetadata.o
 .debug_aranges
                0x00000108       0x48 .\CortexM3\ARM_GCC_541\Debug\Cm3Start.o
 .debug_aranges
                0x00000150       0xf0 .\CortexM3\ARM_GCC_541\Debug\PSOC5 Implement.a(UART_OEM.o)
 .debug_aranges
                0x00000240       0xf0 .\CortexM3\ARM_GCC_541\Debug\PSOC5 Implement.a(UART_RPI.o)
 .debug_aranges
                0x00000330       0xa0 .\CortexM3\ARM_GCC_541\Debug\PSOC5 Implement.a(UART_Debug.o)
 .debug_aranges
                0x000003d0       0x88 .\CortexM3\ARM_GCC_541\Debug\PSOC5 Implement.a(Timer_ISR.o)
 .debug_aranges
                0x00000458       0xa0 .\CortexM3\ARM_GCC_541\Debug\PSOC5 Implement.a(ADC_TS410.o)
 .debug_aranges
                0x000004f8       0x20 .\CortexM3\ARM_GCC_541\Debug\PSOC5 Implement.a(ADC_TS410_INT.o)
 .debug_aranges
                0x00000518       0x40 .\CortexM3\ARM_GCC_541\Debug\PSOC5 Implement.a(AMux.o)
 .debug_aranges
                0x00000558       0x70 .\CortexM3\ARM_GCC_541\Debug\PSOC5 Implement.a(UART_OEM_IntClock.o)
 .debug_aranges
                0x000005c8       0x70 .\CortexM3\ARM_GCC_541\Debug\PSOC5 Implement.a(UART_RPI_IntClock.o)
 .debug_aranges
                0x00000638       0x70 .\CortexM3\ARM_GCC_541\Debug\PSOC5 Implement.a(UART_Debug_IntClock.o)
 .debug_aranges
                0x000006a8       0xa8 .\CortexM3\ARM_GCC_541\Debug\PSOC5 Implement.a(ADC_TS410_SAR.o)
 .debug_aranges
                0x00000750       0x28 .\CortexM3\ARM_GCC_541\Debug\PSOC5 Implement.a(ADC_TS410_TempBuf_dma.o)
 .debug_aranges
                0x00000778       0x28 .\CortexM3\ARM_GCC_541\Debug\PSOC5 Implement.a(ADC_TS410_FinalBuf_dma.o)
 .debug_aranges
                0x000007a0       0x80 .\CortexM3\ARM_GCC_541\Debug\PSOC5 Implement.a(ADC_TS410_IRQ.o)
 .debug_aranges
                0x00000820       0xd8 .\CortexM3\ARM_GCC_541\Debug\PSOC5 Implement.a(CyDmac.o)
 .debug_aranges
                0x000008f8      0x2a0 .\CortexM3\ARM_GCC_541\Debug\PSOC5 Implement.a(CyLib.o)
 .debug_aranges
                0x00000b98       0x98 .\CortexM3\ARM_GCC_541\Debug\PSOC5 Implement.a(cyPm.o)
 .debug_aranges
                0x00000c30       0x38 .\CortexM3\ARM_GCC_541\Debug\PSOC5 Implement.a(USER_LED.o)
 .debug_aranges
                0x00000c68       0x80 .\CortexM3\ARM_GCC_541\Debug\PSOC5 Implement.a(Timer_Interrupt.o)
 .debug_aranges
                0x00000ce8       0xe8 .\CortexM3\ARM_GCC_541\Debug\PSOC5 Implement.a(ADC_DelSig.o)
 .debug_aranges
                0x00000dd0       0x38 .\CortexM3\ARM_GCC_541\Debug\PSOC5 Implement.a(ADC_DelSig_INT.o)
 .debug_aranges
                0x00000e08       0x70 .\CortexM3\ARM_GCC_541\Debug\PSOC5 Implement.a(ADC_DelSig_Ext_CP_Clk.o)
 .debug_aranges
                0x00000e78       0x80 .\CortexM3\ARM_GCC_541\Debug\PSOC5 Implement.a(ADC_DelSig_theACLK.o)
 .debug_aranges
                0x00000ef8       0x20 .\CortexM3\ARM_GCC_541\Debug\PSOC5 Implement.a(CyBootAsmGnu.o)
 .debug_aranges
                0x00000f18       0x88 .\CortexM3\ARM_GCC_541\Debug\PSOC5 Implement.a(CyFlash.o)
 .debug_aranges
                0x00000fa0       0x80 .\CortexM3\ARM_GCC_541\Debug\PSOC5 Implement.a(CySpc.o)

.debug_pubnames
 *(.debug_pubnames)

.debug_info     0x00000000     0x9141
 *(.debug_info .gnu.linkonce.wi.*)
 .debug_info    0x00000000      0x9b6 .\CortexM3\ARM_GCC_541\Debug\main.o
 .debug_info    0x000009b6      0x214 .\CortexM3\ARM_GCC_541\Debug\Pressure_Transducer.o
 .debug_info    0x00000bca      0x7e5 .\CortexM3\ARM_GCC_541\Debug\cyfitter_cfg.o
 .debug_info    0x000013af      0x139 .\CortexM3\ARM_GCC_541\Debug\cymetadata.o
 .debug_info    0x000014e8      0x3cf .\CortexM3\ARM_GCC_541\Debug\Cm3Start.o
 .debug_info    0x000018b7      0x60c .\CortexM3\ARM_GCC_541\Debug\PSOC5 Implement.a(UART_OEM.o)
 .debug_info    0x00001ec3      0x60c .\CortexM3\ARM_GCC_541\Debug\PSOC5 Implement.a(UART_RPI.o)
 .debug_info    0x000024cf      0x45c .\CortexM3\ARM_GCC_541\Debug\PSOC5 Implement.a(UART_Debug.o)
 .debug_info    0x0000292b      0x295 .\CortexM3\ARM_GCC_541\Debug\PSOC5 Implement.a(Timer_ISR.o)
 .debug_info    0x00002bc0      0x6f2 .\CortexM3\ARM_GCC_541\Debug\PSOC5 Implement.a(ADC_TS410.o)
 .debug_info    0x000032b2       0xa0 .\CortexM3\ARM_GCC_541\Debug\PSOC5 Implement.a(ADC_TS410_INT.o)
 .debug_info    0x00003352      0x235 .\CortexM3\ARM_GCC_541\Debug\PSOC5 Implement.a(AMux.o)
 .debug_info    0x00003587      0x283 .\CortexM3\ARM_GCC_541\Debug\PSOC5 Implement.a(UART_OEM_IntClock.o)
 .debug_info    0x0000380a      0x283 .\CortexM3\ARM_GCC_541\Debug\PSOC5 Implement.a(UART_RPI_IntClock.o)
 .debug_info    0x00003a8d      0x283 .\CortexM3\ARM_GCC_541\Debug\PSOC5 Implement.a(UART_Debug_IntClock.o)
 .debug_info    0x00003d10      0x544 .\CortexM3\ARM_GCC_541\Debug\PSOC5 Implement.a(ADC_TS410_SAR.o)
 .debug_info    0x00004254      0x1a8 .\CortexM3\ARM_GCC_541\Debug\PSOC5 Implement.a(ADC_TS410_TempBuf_dma.o)
 .debug_info    0x000043fc      0x1aa .\CortexM3\ARM_GCC_541\Debug\PSOC5 Implement.a(ADC_TS410_FinalBuf_dma.o)
 .debug_info    0x000045a6      0x2d2 .\CortexM3\ARM_GCC_541\Debug\PSOC5 Implement.a(ADC_TS410_IRQ.o)
 .debug_info    0x00004878      0x94e .\CortexM3\ARM_GCC_541\Debug\PSOC5 Implement.a(CyDmac.o)
 .debug_info    0x000051c6     0x1374 .\CortexM3\ARM_GCC_541\Debug\PSOC5 Implement.a(CyLib.o)
 .debug_info    0x0000653a      0xa2a .\CortexM3\ARM_GCC_541\Debug\PSOC5 Implement.a(cyPm.o)
 .debug_info    0x00006f64      0x11f .\CortexM3\ARM_GCC_541\Debug\PSOC5 Implement.a(USER_LED.o)
 .debug_info    0x00007083      0x2d2 .\CortexM3\ARM_GCC_541\Debug\PSOC5 Implement.a(Timer_Interrupt.o)
 .debug_info    0x00007355      0xb92 .\CortexM3\ARM_GCC_541\Debug\PSOC5 Implement.a(ADC_DelSig.o)
 .debug_info    0x00007ee7       0xd3 .\CortexM3\ARM_GCC_541\Debug\PSOC5 Implement.a(ADC_DelSig_INT.o)
 .debug_info    0x00007fba      0x283 .\CortexM3\ARM_GCC_541\Debug\PSOC5 Implement.a(ADC_DelSig_Ext_CP_Clk.o)
 .debug_info    0x0000823d      0x2c4 .\CortexM3\ARM_GCC_541\Debug\PSOC5 Implement.a(ADC_DelSig_theACLK.o)
 .debug_info    0x00008501       0xa3 .\CortexM3\ARM_GCC_541\Debug\PSOC5 Implement.a(CyBootAsmGnu.o)
 .debug_info    0x000085a4      0x64d .\CortexM3\ARM_GCC_541\Debug\PSOC5 Implement.a(CyFlash.o)
 .debug_info    0x00008bf1      0x550 .\CortexM3\ARM_GCC_541\Debug\PSOC5 Implement.a(CySpc.o)

.debug_abbrev   0x00000000     0x2794
 *(.debug_abbrev)
 .debug_abbrev  0x00000000      0x268 .\CortexM3\ARM_GCC_541\Debug\main.o
 .debug_abbrev  0x00000268       0xfb .\CortexM3\ARM_GCC_541\Debug\Pressure_Transducer.o
 .debug_abbrev  0x00000363      0x22d .\CortexM3\ARM_GCC_541\Debug\cyfitter_cfg.o
 .debug_abbrev  0x00000590       0x77 .\CortexM3\ARM_GCC_541\Debug\cymetadata.o
 .debug_abbrev  0x00000607      0x1e8 .\CortexM3\ARM_GCC_541\Debug\Cm3Start.o
 .debug_abbrev  0x000007ef      0x175 .\CortexM3\ARM_GCC_541\Debug\PSOC5 Implement.a(UART_OEM.o)
 .debug_abbrev  0x00000964      0x175 .\CortexM3\ARM_GCC_541\Debug\PSOC5 Implement.a(UART_RPI.o)
 .debug_abbrev  0x00000ad9      0x175 .\CortexM3\ARM_GCC_541\Debug\PSOC5 Implement.a(UART_Debug.o)
 .debug_abbrev  0x00000c4e      0x11a .\CortexM3\ARM_GCC_541\Debug\PSOC5 Implement.a(Timer_ISR.o)
 .debug_abbrev  0x00000d68      0x13e .\CortexM3\ARM_GCC_541\Debug\PSOC5 Implement.a(ADC_TS410.o)
 .debug_abbrev  0x00000ea6       0x42 .\CortexM3\ARM_GCC_541\Debug\PSOC5 Implement.a(ADC_TS410_INT.o)
 .debug_abbrev  0x00000ee8       0xbe .\CortexM3\ARM_GCC_541\Debug\PSOC5 Implement.a(AMux.o)
 .debug_abbrev  0x00000fa6      0x139 .\CortexM3\ARM_GCC_541\Debug\PSOC5 Implement.a(UART_OEM_IntClock.o)
 .debug_abbrev  0x000010df      0x139 .\CortexM3\ARM_GCC_541\Debug\PSOC5 Implement.a(UART_RPI_IntClock.o)
 .debug_abbrev  0x00001218      0x139 .\CortexM3\ARM_GCC_541\Debug\PSOC5 Implement.a(UART_Debug_IntClock.o)
 .debug_abbrev  0x00001351      0x1ac .\CortexM3\ARM_GCC_541\Debug\PSOC5 Implement.a(ADC_TS410_SAR.o)
 .debug_abbrev  0x000014fd       0xcd .\CortexM3\ARM_GCC_541\Debug\PSOC5 Implement.a(ADC_TS410_TempBuf_dma.o)
 .debug_abbrev  0x000015ca       0xcd .\CortexM3\ARM_GCC_541\Debug\PSOC5 Implement.a(ADC_TS410_FinalBuf_dma.o)
 .debug_abbrev  0x00001697      0x173 .\CortexM3\ARM_GCC_541\Debug\PSOC5 Implement.a(ADC_TS410_IRQ.o)
 .debug_abbrev  0x0000180a      0x1b2 .\CortexM3\ARM_GCC_541\Debug\PSOC5 Implement.a(CyDmac.o)
 .debug_abbrev  0x000019bc      0x254 .\CortexM3\ARM_GCC_541\Debug\PSOC5 Implement.a(CyLib.o)
 .debug_abbrev  0x00001c10      0x1ab .\CortexM3\ARM_GCC_541\Debug\PSOC5 Implement.a(cyPm.o)
 .debug_abbrev  0x00001dbb       0x90 .\CortexM3\ARM_GCC_541\Debug\PSOC5 Implement.a(USER_LED.o)
 .debug_abbrev  0x00001e4b      0x173 .\CortexM3\ARM_GCC_541\Debug\PSOC5 Implement.a(Timer_Interrupt.o)
 .debug_abbrev  0x00001fbe      0x1eb .\CortexM3\ARM_GCC_541\Debug\PSOC5 Implement.a(ADC_DelSig.o)
 .debug_abbrev  0x000021a9       0x42 .\CortexM3\ARM_GCC_541\Debug\PSOC5 Implement.a(ADC_DelSig_INT.o)
 .debug_abbrev  0x000021eb      0x139 .\CortexM3\ARM_GCC_541\Debug\PSOC5 Implement.a(ADC_DelSig_Ext_CP_Clk.o)
 .debug_abbrev  0x00002324      0x121 .\CortexM3\ARM_GCC_541\Debug\PSOC5 Implement.a(ADC_DelSig_theACLK.o)
 .debug_abbrev  0x00002445       0x14 .\CortexM3\ARM_GCC_541\Debug\PSOC5 Implement.a(CyBootAsmGnu.o)
 .debug_abbrev  0x00002459      0x1a7 .\CortexM3\ARM_GCC_541\Debug\PSOC5 Implement.a(CyFlash.o)
 .debug_abbrev  0x00002600      0x194 .\CortexM3\ARM_GCC_541\Debug\PSOC5 Implement.a(CySpc.o)

.debug_line     0x00000000     0x3ceb
 *(.debug_line)
 .debug_line    0x00000000      0x3c4 .\CortexM3\ARM_GCC_541\Debug\main.o
 .debug_line    0x000003c4      0x1b7 .\CortexM3\ARM_GCC_541\Debug\Pressure_Transducer.o
 .debug_line    0x0000057b      0x262 .\CortexM3\ARM_GCC_541\Debug\cyfitter_cfg.o
 .debug_line    0x000007dd      0x141 .\CortexM3\ARM_GCC_541\Debug\cymetadata.o
 .debug_line    0x0000091e      0x241 .\CortexM3\ARM_GCC_541\Debug\Cm3Start.o
 .debug_line    0x00000b5f      0x2c4 .\CortexM3\ARM_GCC_541\Debug\PSOC5 Implement.a(UART_OEM.o)
 .debug_line    0x00000e23      0x2c4 .\CortexM3\ARM_GCC_541\Debug\PSOC5 Implement.a(UART_RPI.o)
 .debug_line    0x000010e7      0x1fc .\CortexM3\ARM_GCC_541\Debug\PSOC5 Implement.a(UART_Debug.o)
 .debug_line    0x000012e3      0x157 .\CortexM3\ARM_GCC_541\Debug\PSOC5 Implement.a(Timer_ISR.o)
 .debug_line    0x0000143a      0x220 .\CortexM3\ARM_GCC_541\Debug\PSOC5 Implement.a(ADC_TS410.o)
 .debug_line    0x0000165a       0x56 .\CortexM3\ARM_GCC_541\Debug\PSOC5 Implement.a(ADC_TS410_INT.o)
 .debug_line    0x000016b0       0xd4 .\CortexM3\ARM_GCC_541\Debug\PSOC5 Implement.a(AMux.o)
 .debug_line    0x00001784      0x180 .\CortexM3\ARM_GCC_541\Debug\PSOC5 Implement.a(UART_OEM_IntClock.o)
 .debug_line    0x00001904      0x180 .\CortexM3\ARM_GCC_541\Debug\PSOC5 Implement.a(UART_RPI_IntClock.o)
 .debug_line    0x00001a84      0x182 .\CortexM3\ARM_GCC_541\Debug\PSOC5 Implement.a(UART_Debug_IntClock.o)
 .debug_line    0x00001c06      0x209 .\CortexM3\ARM_GCC_541\Debug\PSOC5 Implement.a(ADC_TS410_SAR.o)
 .debug_line    0x00001e0f       0x8e .\CortexM3\ARM_GCC_541\Debug\PSOC5 Implement.a(ADC_TS410_TempBuf_dma.o)
 .debug_line    0x00001e9d       0x8f .\CortexM3\ARM_GCC_541\Debug\PSOC5 Implement.a(ADC_TS410_FinalBuf_dma.o)
 .debug_line    0x00001f2c      0x13a .\CortexM3\ARM_GCC_541\Debug\PSOC5 Implement.a(ADC_TS410_IRQ.o)
 .debug_line    0x00002066      0x2e4 .\CortexM3\ARM_GCC_541\Debug\PSOC5 Implement.a(CyDmac.o)
 .debug_line    0x0000234a      0x816 .\CortexM3\ARM_GCC_541\Debug\PSOC5 Implement.a(CyLib.o)
 .debug_line    0x00002b60      0x367 .\CortexM3\ARM_GCC_541\Debug\PSOC5 Implement.a(cyPm.o)
 .debug_line    0x00002ec7       0x95 .\CortexM3\ARM_GCC_541\Debug\PSOC5 Implement.a(USER_LED.o)
 .debug_line    0x00002f5c      0x13c .\CortexM3\ARM_GCC_541\Debug\PSOC5 Implement.a(Timer_Interrupt.o)
 .debug_line    0x00003098      0x3c4 .\CortexM3\ARM_GCC_541\Debug\PSOC5 Implement.a(ADC_DelSig.o)
 .debug_line    0x0000345c       0x87 .\CortexM3\ARM_GCC_541\Debug\PSOC5 Implement.a(ADC_DelSig_INT.o)
 .debug_line    0x000034e3      0x184 .\CortexM3\ARM_GCC_541\Debug\PSOC5 Implement.a(ADC_DelSig_Ext_CP_Clk.o)
 .debug_line    0x00003667      0x1a4 .\CortexM3\ARM_GCC_541\Debug\PSOC5 Implement.a(ADC_DelSig_theACLK.o)
 .debug_line    0x0000380b       0x66 .\CortexM3\ARM_GCC_541\Debug\PSOC5 Implement.a(CyBootAsmGnu.o)
 .debug_line    0x00003871      0x21a .\CortexM3\ARM_GCC_541\Debug\PSOC5 Implement.a(CyFlash.o)
 .debug_line    0x00003a8b      0x260 .\CortexM3\ARM_GCC_541\Debug\PSOC5 Implement.a(CySpc.o)

.debug_frame    0x00000000     0x2fe4
 *(.debug_frame)
 .debug_frame   0x00000000       0xd0 .\CortexM3\ARM_GCC_541\Debug\main.o
 .debug_frame   0x000000d0       0x64 .\CortexM3\ARM_GCC_541\Debug\Pressure_Transducer.o
 .debug_frame   0x00000134      0x13c .\CortexM3\ARM_GCC_541\Debug\cyfitter_cfg.o
 .debug_frame   0x00000270       0xb8 .\CortexM3\ARM_GCC_541\Debug\Cm3Start.o
 .debug_frame   0x00000328      0x250 .\CortexM3\ARM_GCC_541\Debug\PSOC5 Implement.a(UART_OEM.o)
 .debug_frame   0x00000578      0x250 .\CortexM3\ARM_GCC_541\Debug\PSOC5 Implement.a(UART_RPI.o)
 .debug_frame   0x000007c8      0x198 .\CortexM3\ARM_GCC_541\Debug\PSOC5 Implement.a(UART_Debug.o)
 .debug_frame   0x00000960      0x108 .\CortexM3\ARM_GCC_541\Debug\PSOC5 Implement.a(Timer_ISR.o)
 .debug_frame   0x00000a68      0x1dc .\CortexM3\ARM_GCC_541\Debug\PSOC5 Implement.a(ADC_TS410.o)
 .debug_frame   0x00000c44       0x20 .\CortexM3\ARM_GCC_541\Debug\PSOC5 Implement.a(ADC_TS410_INT.o)
 .debug_frame   0x00000c64       0x9c .\CortexM3\ARM_GCC_541\Debug\PSOC5 Implement.a(AMux.o)
 .debug_frame   0x00000d00       0xe0 .\CortexM3\ARM_GCC_541\Debug\PSOC5 Implement.a(UART_OEM_IntClock.o)
 .debug_frame   0x00000de0       0xe0 .\CortexM3\ARM_GCC_541\Debug\PSOC5 Implement.a(UART_RPI_IntClock.o)
 .debug_frame   0x00000ec0       0xe0 .\CortexM3\ARM_GCC_541\Debug\PSOC5 Implement.a(UART_Debug_IntClock.o)
 .debug_frame   0x00000fa0      0x1b0 .\CortexM3\ARM_GCC_541\Debug\PSOC5 Implement.a(ADC_TS410_SAR.o)
 .debug_frame   0x00001150       0x54 .\CortexM3\ARM_GCC_541\Debug\PSOC5 Implement.a(ADC_TS410_TempBuf_dma.o)
 .debug_frame   0x000011a4       0x54 .\CortexM3\ARM_GCC_541\Debug\PSOC5 Implement.a(ADC_TS410_FinalBuf_dma.o)
 .debug_frame   0x000011f8      0x104 .\CortexM3\ARM_GCC_541\Debug\PSOC5 Implement.a(ADC_TS410_IRQ.o)
 .debug_frame   0x000012fc      0x1f8 .\CortexM3\ARM_GCC_541\Debug\PSOC5 Implement.a(CyDmac.o)
 .debug_frame   0x000014f4      0x738 .\CortexM3\ARM_GCC_541\Debug\PSOC5 Implement.a(CyLib.o)
 .debug_frame   0x00001c2c      0x1f8 .\CortexM3\ARM_GCC_541\Debug\PSOC5 Implement.a(cyPm.o)
 .debug_frame   0x00001e24       0x50 .\CortexM3\ARM_GCC_541\Debug\PSOC5 Implement.a(USER_LED.o)
 .debug_frame   0x00001e74      0x104 .\CortexM3\ARM_GCC_541\Debug\PSOC5 Implement.a(Timer_Interrupt.o)
 .debug_frame   0x00001f78      0x284 .\CortexM3\ARM_GCC_541\Debug\PSOC5 Implement.a(ADC_DelSig.o)
 .debug_frame   0x000021fc       0x50 .\CortexM3\ARM_GCC_541\Debug\PSOC5 Implement.a(ADC_DelSig_INT.o)
 .debug_frame   0x0000224c       0xe0 .\CortexM3\ARM_GCC_541\Debug\PSOC5 Implement.a(ADC_DelSig_Ext_CP_Clk.o)
 .debug_frame   0x0000232c      0x100 .\CortexM3\ARM_GCC_541\Debug\PSOC5 Implement.a(ADC_DelSig_theACLK.o)
 .debug_frame   0x0000242c      0x194 .\CortexM3\ARM_GCC_541\Debug\PSOC5 Implement.a(CyFlash.o)
 .debug_frame   0x000025c0      0x180 .\CortexM3\ARM_GCC_541\Debug\PSOC5 Implement.a(CySpc.o)
 .debug_frame   0x00002740       0x44 c:/program files (x86)/cypress/psoc creator/4.4/psoc creator/import/gnu/arm/5.4.1/bin/../lib/gcc/arm-none-eabi/5.4.1/armv7-m\libgcc.a(_aeabi_ldivmod.o)
 .debug_frame   0x00002784       0x38 c:/program files (x86)/cypress/psoc creator/4.4/psoc creator/import/gnu/arm/5.4.1/bin/../lib/gcc/arm-none-eabi/5.4.1/armv7-m\libgcc.a(_udivmoddi4.o)
 .debug_frame   0x000027bc       0x20 c:/program files (x86)/cypress/psoc creator/4.4/psoc creator/import/gnu/arm/5.4.1/bin/../lib/gcc/arm-none-eabi/5.4.1/../../../../arm-none-eabi/lib/armv7-m\libg_nano.a(lib_a-errno.o)
 .debug_frame   0x000027dc       0x28 c:/program files (x86)/cypress/psoc creator/4.4/psoc creator/import/gnu/arm/5.4.1/bin/../lib/gcc/arm-none-eabi/5.4.1/../../../../arm-none-eabi/lib/armv7-m\libg_nano.a(lib_a-exit.o)
 .debug_frame   0x00002804       0x2c c:/program files (x86)/cypress/psoc creator/4.4/psoc creator/import/gnu/arm/5.4.1/bin/../lib/gcc/arm-none-eabi/5.4.1/../../../../arm-none-eabi/lib/armv7-m\libg_nano.a(lib_a-init.o)
 .debug_frame   0x00002830       0x28 c:/program files (x86)/cypress/psoc creator/4.4/psoc creator/import/gnu/arm/5.4.1/bin/../lib/gcc/arm-none-eabi/5.4.1/../../../../arm-none-eabi/lib/armv7-m\libg_nano.a(lib_a-memcpy-stub.o)
 .debug_frame   0x00002858       0x20 c:/program files (x86)/cypress/psoc creator/4.4/psoc creator/import/gnu/arm/5.4.1/bin/../lib/gcc/arm-none-eabi/5.4.1/../../../../arm-none-eabi/lib/armv7-m\libg_nano.a(lib_a-memset.o)
 .debug_frame   0x00002878       0x8c c:/program files (x86)/cypress/psoc creator/4.4/psoc creator/import/gnu/arm/5.4.1/bin/../lib/gcc/arm-none-eabi/5.4.1/../../../../arm-none-eabi/lib/armv7-m\libg_nano.a(lib_a-nano-vfprintf_float.o)
 .debug_frame   0x00002904       0x60 c:/program files (x86)/cypress/psoc creator/4.4/psoc creator/import/gnu/arm/5.4.1/bin/../lib/gcc/arm-none-eabi/5.4.1/../../../../arm-none-eabi/lib/armv7-m\libg_nano.a(lib_a-nano-vfprintf_i.o)
 .debug_frame   0x00002964       0x74 c:/program files (x86)/cypress/psoc creator/4.4/psoc creator/import/gnu/arm/5.4.1/bin/../lib/gcc/arm-none-eabi/5.4.1/../../../../arm-none-eabi/lib/armv7-m\libg_nano.a(lib_a-snprintf.o)
 .debug_frame   0x000029d8       0x6c c:/program files (x86)/cypress/psoc creator/4.4/psoc creator/import/gnu/arm/5.4.1/bin/../lib/gcc/arm-none-eabi/5.4.1/../../../../arm-none-eabi/lib/armv7-m\libg_nano.a(lib_a-dtoa.o)
 .debug_frame   0x00002a44       0x98 c:/program files (x86)/cypress/psoc creator/4.4/psoc creator/import/gnu/arm/5.4.1/bin/../lib/gcc/arm-none-eabi/5.4.1/../../../../arm-none-eabi/lib/armv7-m\libg_nano.a(lib_a-locale.o)
 .debug_frame   0x00002adc       0x30 c:/program files (x86)/cypress/psoc creator/4.4/psoc creator/import/gnu/arm/5.4.1/bin/../lib/gcc/arm-none-eabi/5.4.1/../../../../arm-none-eabi/lib/armv7-m\libg_nano.a(lib_a-malloc.o)
 .debug_frame   0x00002b0c       0x28 c:/program files (x86)/cypress/psoc creator/4.4/psoc creator/import/gnu/arm/5.4.1/bin/../lib/gcc/arm-none-eabi/5.4.1/../../../../arm-none-eabi/lib/armv7-m\libg_nano.a(lib_a-memchr-stub.o)
 .debug_frame   0x00002b34      0x234 c:/program files (x86)/cypress/psoc creator/4.4/psoc creator/import/gnu/arm/5.4.1/bin/../lib/gcc/arm-none-eabi/5.4.1/../../../../arm-none-eabi/lib/armv7-m\libg_nano.a(lib_a-mprec.o)
 .debug_frame   0x00002d68       0x2c c:/program files (x86)/cypress/psoc creator/4.4/psoc creator/import/gnu/arm/5.4.1/bin/../lib/gcc/arm-none-eabi/5.4.1/../../../../arm-none-eabi/lib/armv7-m\libg_nano.a(lib_a-nano-callocr.o)
 .debug_frame   0x00002d94       0x38 c:/program files (x86)/cypress/psoc creator/4.4/psoc creator/import/gnu/arm/5.4.1/bin/../lib/gcc/arm-none-eabi/5.4.1/../../../../arm-none-eabi/lib/armv7-m\libg_nano.a(lib_a-nano-freer.o)
 .debug_frame   0x00002dcc       0x2c c:/program files (x86)/cypress/psoc creator/4.4/psoc creator/import/gnu/arm/5.4.1/bin/../lib/gcc/arm-none-eabi/5.4.1/../../../../arm-none-eabi/lib/armv7-m\libg_nano.a(lib_a-nano-mallocr.o)
 .debug_frame   0x00002df8       0x90 c:/program files (x86)/cypress/psoc creator/4.4/psoc creator/import/gnu/arm/5.4.1/bin/../lib/gcc/arm-none-eabi/5.4.1/../../../../arm-none-eabi/lib/armv7-m\libg_nano.a(lib_a-nano-svfprintf.o)
 .debug_frame   0x00002e88       0x2c c:/program files (x86)/cypress/psoc creator/4.4/psoc creator/import/gnu/arm/5.4.1/bin/../lib/gcc/arm-none-eabi/5.4.1/../../../../arm-none-eabi/lib/armv7-m\libg_nano.a(lib_a-sbrkr.o)
 .debug_frame   0x00002eb4       0x20 c:/program files (x86)/cypress/psoc creator/4.4/psoc creator/import/gnu/arm/5.4.1/bin/../lib/gcc/arm-none-eabi/5.4.1/../../../../arm-none-eabi/lib/armv7-m\libg_nano.a(lib_a-strcmp.o)
 .debug_frame   0x00002ed4       0x28 c:/program files (x86)/cypress/psoc creator/4.4/psoc creator/import/gnu/arm/5.4.1/bin/../lib/gcc/arm-none-eabi/5.4.1/../../../../arm-none-eabi/lib/armv7-m\libg_nano.a(lib_a-memmove.o)
 .debug_frame   0x00002efc       0x30 c:/program files (x86)/cypress/psoc creator/4.4/psoc creator/import/gnu/arm/5.4.1/bin/../lib/gcc/arm-none-eabi/5.4.1/../../../../arm-none-eabi/lib/armv7-m\libg_nano.a(lib_a-mlock.o)
 .debug_frame   0x00002f2c       0x3c c:/program files (x86)/cypress/psoc creator/4.4/psoc creator/import/gnu/arm/5.4.1/bin/../lib/gcc/arm-none-eabi/5.4.1/../../../../arm-none-eabi/lib/armv7-m\libg_nano.a(lib_a-nano-reallocr.o)
 .debug_frame   0x00002f68       0x5c c:/program files (x86)/cypress/psoc creator/4.4/psoc creator/import/gnu/arm/5.4.1/bin/../lib/gcc/arm-none-eabi/5.4.1/../../../../arm-none-eabi/lib/armv7-m\libg_nano.a(lib_a-reent.o)
 .debug_frame   0x00002fc4       0x20 c:/program files (x86)/cypress/psoc creator/4.4/psoc creator/import/gnu/arm/5.4.1/bin/../lib/gcc/arm-none-eabi/5.4.1/../../../../arm-none-eabi/lib/armv7-m\libg_nano.a(lib_a-nano-msizer.o)

.debug_str      0x00000000     0x393a
 *(.debug_str)
 .debug_str     0x00000000      0x571 .\CortexM3\ARM_GCC_541\Debug\main.o
                                0x5e0 (size before relaxing)
 .debug_str     0x00000571       0xa1 .\CortexM3\ARM_GCC_541\Debug\Pressure_Transducer.o
                                0x2a6 (size before relaxing)
 .debug_str     0x00000612      0x282 .\CortexM3\ARM_GCC_541\Debug\cyfitter_cfg.o
                                0x439 (size before relaxing)
 .debug_str     0x00000894       0x75 .\CortexM3\ARM_GCC_541\Debug\cymetadata.o
                                0x1f7 (size before relaxing)
 .debug_str     0x00000909      0x154 .\CortexM3\ARM_GCC_541\Debug\Cm3Start.o
                                0x32d (size before relaxing)
 .debug_str     0x00000a5d      0x341 .\CortexM3\ARM_GCC_541\Debug\PSOC5 Implement.a(UART_OEM.o)
                                0x504 (size before relaxing)
 .debug_str     0x00000d9e      0x253 .\CortexM3\ARM_GCC_541\Debug\PSOC5 Implement.a(UART_RPI.o)
                                0x504 (size before relaxing)
 .debug_str     0x00000ff1      0x1c7 .\CortexM3\ARM_GCC_541\Debug\PSOC5 Implement.a(UART_Debug.o)
                                0x42f (size before relaxing)
 .debug_str     0x000011b8      0x16d .\CortexM3\ARM_GCC_541\Debug\PSOC5 Implement.a(Timer_ISR.o)
                                0x348 (size before relaxing)
 .debug_str     0x00001325      0x40a .\CortexM3\ARM_GCC_541\Debug\PSOC5 Implement.a(ADC_TS410.o)
                                0x68f (size before relaxing)
 .debug_str     0x0000172f       0x35 .\CortexM3\ARM_GCC_541\Debug\PSOC5 Implement.a(ADC_TS410_INT.o)
                                0x1c3 (size before relaxing)
 .debug_str     0x00001764       0x58 .\CortexM3\ARM_GCC_541\Debug\PSOC5 Implement.a(AMux.o)
                                0x25b (size before relaxing)
 .debug_str     0x000017bc      0x1b1 .\CortexM3\ARM_GCC_541\Debug\PSOC5 Implement.a(UART_OEM_IntClock.o)
                                0x379 (size before relaxing)
 .debug_str     0x0000196d      0x160 .\CortexM3\ARM_GCC_541\Debug\PSOC5 Implement.a(UART_RPI_IntClock.o)
                                0x379 (size before relaxing)
 .debug_str     0x00001acd      0x174 .\CortexM3\ARM_GCC_541\Debug\PSOC5 Implement.a(UART_Debug_IntClock.o)
                                0x391 (size before relaxing)
 .debug_str     0x00001c41      0x139 .\CortexM3\ARM_GCC_541\Debug\PSOC5 Implement.a(ADC_TS410_SAR.o)
                                0x4e1 (size before relaxing)
 .debug_str     0x00001d7a       0xe5 .\CortexM3\ARM_GCC_541\Debug\PSOC5 Implement.a(ADC_TS410_TempBuf_dma.o)
                                0x2af (size before relaxing)
 .debug_str     0x00001e5f       0x6b .\CortexM3\ARM_GCC_541\Debug\PSOC5 Implement.a(ADC_TS410_FinalBuf_dma.o)
                                0x2b3 (size before relaxing)
 .debug_str     0x00001eca      0x13c .\CortexM3\ARM_GCC_541\Debug\PSOC5 Implement.a(ADC_TS410_IRQ.o)
                                0x329 (size before relaxing)
 .debug_str     0x00002006      0x280 .\CortexM3\ARM_GCC_541\Debug\PSOC5 Implement.a(CyDmac.o)
                                0x55d (size before relaxing)
 .debug_str     0x00002286      0x7d8 .\CortexM3\ARM_GCC_541\Debug\PSOC5 Implement.a(CyLib.o)
                                0xa5a (size before relaxing)
 .debug_str     0x00002a5e      0x365 .\CortexM3\ARM_GCC_541\Debug\PSOC5 Implement.a(cyPm.o)
                                0x746 (size before relaxing)
 .debug_str     0x00002dc3       0x66 .\CortexM3\ARM_GCC_541\Debug\PSOC5 Implement.a(USER_LED.o)
                                0x204 (size before relaxing)
 .debug_str     0x00002e29      0x15a .\CortexM3\ARM_GCC_541\Debug\PSOC5 Implement.a(Timer_Interrupt.o)
                                0x345 (size before relaxing)
 .debug_str     0x00002f83      0x3d5 .\CortexM3\ARM_GCC_541\Debug\PSOC5 Implement.a(ADC_DelSig.o)
                                0x6e4 (size before relaxing)
 .debug_str     0x00003358       0x68 .\CortexM3\ARM_GCC_541\Debug\PSOC5 Implement.a(ADC_DelSig_INT.o)
                                0x1f6 (size before relaxing)
 .debug_str     0x000033c0      0x170 .\CortexM3\ARM_GCC_541\Debug\PSOC5 Implement.a(ADC_DelSig_Ext_CP_Clk.o)
                                0x3a9 (size before relaxing)
 .debug_str     0x00003530      0x1a3 .\CortexM3\ARM_GCC_541\Debug\PSOC5 Implement.a(ADC_DelSig_theACLK.o)
                                0x3d6 (size before relaxing)
 .debug_str     0x000036d3      0x1bb .\CortexM3\ARM_GCC_541\Debug\PSOC5 Implement.a(CyFlash.o)
                                0x3d3 (size before relaxing)
 .debug_str     0x0000388e       0xac .\CortexM3\ARM_GCC_541\Debug\PSOC5 Implement.a(CySpc.o)
                                0x34b (size before relaxing)

.debug_loc      0x00000000     0x4376
 *(.debug_loc)
 .debug_loc     0x00000000      0x2be .\CortexM3\ARM_GCC_541\Debug\main.o
 .debug_loc     0x000002be       0x79 .\CortexM3\ARM_GCC_541\Debug\Pressure_Transducer.o
 .debug_loc     0x00000337      0x333 .\CortexM3\ARM_GCC_541\Debug\cyfitter_cfg.o
 .debug_loc     0x0000066a      0x144 .\CortexM3\ARM_GCC_541\Debug\Cm3Start.o
 .debug_loc     0x000007ae      0x258 .\CortexM3\ARM_GCC_541\Debug\PSOC5 Implement.a(UART_OEM.o)
 .debug_loc     0x00000a06      0x258 .\CortexM3\ARM_GCC_541\Debug\PSOC5 Implement.a(UART_RPI.o)
 .debug_loc     0x00000c5e      0x1f7 .\CortexM3\ARM_GCC_541\Debug\PSOC5 Implement.a(UART_Debug.o)
 .debug_loc     0x00000e55      0x13c .\CortexM3\ARM_GCC_541\Debug\PSOC5 Implement.a(ADC_TS410.o)
 .debug_loc     0x00000f91       0xae .\CortexM3\ARM_GCC_541\Debug\PSOC5 Implement.a(AMux.o)
 .debug_loc     0x0000103f      0x128 .\CortexM3\ARM_GCC_541\Debug\PSOC5 Implement.a(UART_OEM_IntClock.o)
 .debug_loc     0x00001167      0x128 .\CortexM3\ARM_GCC_541\Debug\PSOC5 Implement.a(UART_RPI_IntClock.o)
 .debug_loc     0x0000128f      0x128 .\CortexM3\ARM_GCC_541\Debug\PSOC5 Implement.a(UART_Debug_IntClock.o)
 .debug_loc     0x000013b7      0x295 .\CortexM3\ARM_GCC_541\Debug\PSOC5 Implement.a(ADC_TS410_SAR.o)
 .debug_loc     0x0000164c       0x84 .\CortexM3\ARM_GCC_541\Debug\PSOC5 Implement.a(ADC_TS410_TempBuf_dma.o)
 .debug_loc     0x000016d0       0x84 .\CortexM3\ARM_GCC_541\Debug\PSOC5 Implement.a(ADC_TS410_FinalBuf_dma.o)
 .debug_loc     0x00001754       0x56 .\CortexM3\ARM_GCC_541\Debug\PSOC5 Implement.a(ADC_TS410_IRQ.o)
 .debug_loc     0x000017aa      0xb8e .\CortexM3\ARM_GCC_541\Debug\PSOC5 Implement.a(CyDmac.o)
 .debug_loc     0x00002338      0xa11 .\CortexM3\ARM_GCC_541\Debug\PSOC5 Implement.a(CyLib.o)
 .debug_loc     0x00002d49      0x1e4 .\CortexM3\ARM_GCC_541\Debug\PSOC5 Implement.a(cyPm.o)
 .debug_loc     0x00002f2d       0x42 .\CortexM3\ARM_GCC_541\Debug\PSOC5 Implement.a(USER_LED.o)
 .debug_loc     0x00002f6f       0x56 .\CortexM3\ARM_GCC_541\Debug\PSOC5 Implement.a(Timer_Interrupt.o)
 .debug_loc     0x00002fc5      0x681 .\CortexM3\ARM_GCC_541\Debug\PSOC5 Implement.a(ADC_DelSig.o)
 .debug_loc     0x00003646      0x12c .\CortexM3\ARM_GCC_541\Debug\PSOC5 Implement.a(ADC_DelSig_Ext_CP_Clk.o)
 .debug_loc     0x00003772      0x14d .\CortexM3\ARM_GCC_541\Debug\PSOC5 Implement.a(ADC_DelSig_theACLK.o)
 .debug_loc     0x000038bf      0x3b2 .\CortexM3\ARM_GCC_541\Debug\PSOC5 Implement.a(CyFlash.o)
 .debug_loc     0x00003c71      0x705 .\CortexM3\ARM_GCC_541\Debug\PSOC5 Implement.a(CySpc.o)

.debug_macinfo
 *(.debug_macinfo)

.debug_ranges   0x00000000      0xe60
 *(.debug_ranges)
 .debug_ranges  0x00000000       0x80 .\CortexM3\ARM_GCC_541\Debug\main.o
 .debug_ranges  0x00000080       0x20 .\CortexM3\ARM_GCC_541\Debug\Pressure_Transducer.o
 .debug_ranges  0x000000a0       0x68 .\CortexM3\ARM_GCC_541\Debug\cyfitter_cfg.o
 .debug_ranges  0x00000108       0x38 .\CortexM3\ARM_GCC_541\Debug\Cm3Start.o
 .debug_ranges  0x00000140       0xe0 .\CortexM3\ARM_GCC_541\Debug\PSOC5 Implement.a(UART_OEM.o)
 .debug_ranges  0x00000220       0xe0 .\CortexM3\ARM_GCC_541\Debug\PSOC5 Implement.a(UART_RPI.o)
 .debug_ranges  0x00000300       0x90 .\CortexM3\ARM_GCC_541\Debug\PSOC5 Implement.a(UART_Debug.o)
 .debug_ranges  0x00000390       0x78 .\CortexM3\ARM_GCC_541\Debug\PSOC5 Implement.a(Timer_ISR.o)
 .debug_ranges  0x00000408       0x90 .\CortexM3\ARM_GCC_541\Debug\PSOC5 Implement.a(ADC_TS410.o)
 .debug_ranges  0x00000498       0x10 .\CortexM3\ARM_GCC_541\Debug\PSOC5 Implement.a(ADC_TS410_INT.o)
 .debug_ranges  0x000004a8       0x30 .\CortexM3\ARM_GCC_541\Debug\PSOC5 Implement.a(AMux.o)
 .debug_ranges  0x000004d8       0x60 .\CortexM3\ARM_GCC_541\Debug\PSOC5 Implement.a(UART_OEM_IntClock.o)
 .debug_ranges  0x00000538       0x60 .\CortexM3\ARM_GCC_541\Debug\PSOC5 Implement.a(UART_RPI_IntClock.o)
 .debug_ranges  0x00000598       0x60 .\CortexM3\ARM_GCC_541\Debug\PSOC5 Implement.a(UART_Debug_IntClock.o)
 .debug_ranges  0x000005f8       0x98 .\CortexM3\ARM_GCC_541\Debug\PSOC5 Implement.a(ADC_TS410_SAR.o)
 .debug_ranges  0x00000690       0x18 .\CortexM3\ARM_GCC_541\Debug\PSOC5 Implement.a(ADC_TS410_TempBuf_dma.o)
 .debug_ranges  0x000006a8       0x18 .\CortexM3\ARM_GCC_541\Debug\PSOC5 Implement.a(ADC_TS410_FinalBuf_dma.o)
 .debug_ranges  0x000006c0       0x70 .\CortexM3\ARM_GCC_541\Debug\PSOC5 Implement.a(ADC_TS410_IRQ.o)
 .debug_ranges  0x00000730       0xc8 .\CortexM3\ARM_GCC_541\Debug\PSOC5 Implement.a(CyDmac.o)
 .debug_ranges  0x000007f8      0x290 .\CortexM3\ARM_GCC_541\Debug\PSOC5 Implement.a(CyLib.o)
 .debug_ranges  0x00000a88       0x88 .\CortexM3\ARM_GCC_541\Debug\PSOC5 Implement.a(cyPm.o)
 .debug_ranges  0x00000b10       0x28 .\CortexM3\ARM_GCC_541\Debug\PSOC5 Implement.a(USER_LED.o)
 .debug_ranges  0x00000b38       0x70 .\CortexM3\ARM_GCC_541\Debug\PSOC5 Implement.a(Timer_Interrupt.o)
 .debug_ranges  0x00000ba8       0xd8 .\CortexM3\ARM_GCC_541\Debug\PSOC5 Implement.a(ADC_DelSig.o)
 .debug_ranges  0x00000c80       0x28 .\CortexM3\ARM_GCC_541\Debug\PSOC5 Implement.a(ADC_DelSig_INT.o)
 .debug_ranges  0x00000ca8       0x60 .\CortexM3\ARM_GCC_541\Debug\PSOC5 Implement.a(ADC_DelSig_Ext_CP_Clk.o)
 .debug_ranges  0x00000d08       0x70 .\CortexM3\ARM_GCC_541\Debug\PSOC5 Implement.a(ADC_DelSig_theACLK.o)
 .debug_ranges  0x00000d78       0x78 .\CortexM3\ARM_GCC_541\Debug\PSOC5 Implement.a(CyFlash.o)
 .debug_ranges  0x00000df0       0x70 .\CortexM3\ARM_GCC_541\Debug\PSOC5 Implement.a(CySpc.o)

.comment        0x00000000       0x6e
 .comment       0x00000000       0x6e .\CortexM3\ARM_GCC_541\Debug\main.o
                                 0x6f (size before relaxing)
 .comment       0x0000006e       0x6f .\CortexM3\ARM_GCC_541\Debug\Pressure_Transducer.o
 .comment       0x0000006e       0x6f .\CortexM3\ARM_GCC_541\Debug\cyfitter_cfg.o
 .comment       0x0000006e       0x6f .\CortexM3\ARM_GCC_541\Debug\cymetadata.o
 .comment       0x0000006e       0x6f .\CortexM3\ARM_GCC_541\Debug\Cm3Start.o
 .comment       0x0000006e       0x6f .\CortexM3\ARM_GCC_541\Debug\PSOC5 Implement.a(UART_OEM.o)
 .comment       0x0000006e       0x6f .\CortexM3\ARM_GCC_541\Debug\PSOC5 Implement.a(UART_RPI.o)
 .comment       0x0000006e       0x6f .\CortexM3\ARM_GCC_541\Debug\PSOC5 Implement.a(UART_Debug.o)
 .comment       0x0000006e       0x6f .\CortexM3\ARM_GCC_541\Debug\PSOC5 Implement.a(Timer_ISR.o)
 .comment       0x0000006e       0x6f .\CortexM3\ARM_GCC_541\Debug\PSOC5 Implement.a(ADC_TS410.o)
 .comment       0x0000006e       0x6f .\CortexM3\ARM_GCC_541\Debug\PSOC5 Implement.a(ADC_TS410_INT.o)
 .comment       0x0000006e       0x6f .\CortexM3\ARM_GCC_541\Debug\PSOC5 Implement.a(AMux.o)
 .comment       0x0000006e       0x6f .\CortexM3\ARM_GCC_541\Debug\PSOC5 Implement.a(UART_OEM_IntClock.o)
 .comment       0x0000006e       0x6f .\CortexM3\ARM_GCC_541\Debug\PSOC5 Implement.a(UART_RPI_IntClock.o)
 .comment       0x0000006e       0x6f .\CortexM3\ARM_GCC_541\Debug\PSOC5 Implement.a(UART_Debug_IntClock.o)
 .comment       0x0000006e       0x6f .\CortexM3\ARM_GCC_541\Debug\PSOC5 Implement.a(ADC_TS410_SAR.o)
 .comment       0x0000006e       0x6f .\CortexM3\ARM_GCC_541\Debug\PSOC5 Implement.a(ADC_TS410_TempBuf_dma.o)