Archive member included to satisfy reference by file (symbol)

.\CortexM3\ARM_GCC_541\Debug\PSOC5 Implement.a(UART_OEM.o)
                              .\CortexM3\ARM_GCC_541\Debug\main.o (UART_OEM_Start)
.\CortexM3\ARM_GCC_541\Debug\PSOC5 Implement.a(UART_RPI.o)
                              .\CortexM3\ARM_GCC_541\Debug\main.o (UART_RPI_Start)
.\CortexM3\ARM_GCC_541\Debug\PSOC5 Implement.a(UART_Debug.o)
                              .\CortexM3\ARM_GCC_541\Debug\main.o (UART_Debug_Start)
.\CortexM3\ARM_GCC_541\Debug\PSOC5 Implement.a(Timer_ISR.o)
                              .\CortexM3\ARM_GCC_541\Debug\main.o (Timer_ISR_ReadStatusRegister)
.\CortexM3\ARM_GCC_541\Debug\PSOC5 Implement.a(ADC_TS410.o)
                              .\CortexM3\ARM_GCC_541\Debug\main.o (ADC_TS410_Start)
.\CortexM3\ARM_GCC_541\Debug\PSOC5 Implement.a(ADC_TS410_INT.o)
                              .\CortexM3\ARM_GCC_541\Debug\PSOC5 Implement.a(ADC_TS410.o) (ADC_TS410_ISR)
.\CortexM3\ARM_GCC_541\Debug\PSOC5 Implement.a(AMux.o)
                              .\CortexM3\ARM_GCC_541\Debug\Pressure_Transducer.o (AMux_Start)
.\CortexM3\ARM_GCC_541\Debug\PSOC5 Implement.a(UART_OEM_IntClock.o)
                              .\CortexM3\ARM_GCC_541\Debug\PSOC5 Implement.a(UART_OEM.o) (UART_OEM_IntClock_Start)
.\CortexM3\ARM_GCC_541\Debug\PSOC5 Implement.a(UART_RPI_IntClock.o)
                              .\CortexM3\ARM_GCC_541\Debug\PSOC5 Implement.a(UART_RPI.o) (UART_RPI_IntClock_Start)
.\CortexM3\ARM_GCC_541\Debug\PSOC5 Implement.a(UART_Debug_IntClock.o)
                              .\CortexM3\ARM_GCC_541\Debug\PSOC5 Implement.a(UART_Debug.o) (UART_Debug_IntClock_Start)
.\CortexM3\ARM_GCC_541\Debug\PSOC5 Implement.a(ADC_TS410_SAR.o)
                              .\CortexM3\ARM_GCC_541\Debug\PSOC5 Implement.a(ADC_TS410.o) (ADC_TS410_SAR_shift)
.\CortexM3\ARM_GCC_541\Debug\PSOC5 Implement.a(ADC_TS410_TempBuf_dma.o)
                              .\CortexM3\ARM_GCC_541\Debug\PSOC5 Implement.a(ADC_TS410.o) (ADC_TS410_TempBuf_DmaInitialize)
.\CortexM3\ARM_GCC_541\Debug\PSOC5 Implement.a(ADC_TS410_FinalBuf_dma.o)
                              .\CortexM3\ARM_GCC_541\Debug\PSOC5 Implement.a(ADC_TS410.o) (ADC_TS410_FinalBuf_DmaInitialize)
.\CortexM3\ARM_GCC_541\Debug\PSOC5 Implement.a(ADC_TS410_IRQ.o)
                              .\CortexM3\ARM_GCC_541\Debug\PSOC5 Implement.a(ADC_TS410.o) (ADC_TS410_IRQ_SetVector)
.\CortexM3\ARM_GCC_541\Debug\PSOC5 Implement.a(CyDmac.o)
                              .\CortexM3\ARM_GCC_541\Debug\Cm3Start.o (CyDmacConfigure)
.\CortexM3\ARM_GCC_541\Debug\PSOC5 Implement.a(CyLib.o)
                              .\CortexM3\ARM_GCC_541\Debug\Cm3Start.o (CyHalt)
.\CortexM3\ARM_GCC_541\Debug\PSOC5 Implement.a(cyPm.o)
                              .\CortexM3\ARM_GCC_541\Debug\PSOC5 Implement.a(CyLib.o) (CyPmReadStatus)
.\CortexM3\ARM_GCC_541\Debug\PSOC5 Implement.a(USER_LED.o)
                              .\CortexM3\ARM_GCC_541\Debug\main.o (USER_LED_Write)
.\CortexM3\ARM_GCC_541\Debug\PSOC5 Implement.a(Timer_Interrupt.o)
                              .\CortexM3\ARM_GCC_541\Debug\main.o (Timer_Interrupt_StartEx)
.\CortexM3\ARM_GCC_541\Debug\PSOC5 Implement.a(ADC_DelSig.o)
                              .\CortexM3\ARM_GCC_541\Debug\Pressure_Transducer.o (ADC_DelSig_Start)
.\CortexM3\ARM_GCC_541\Debug\PSOC5 Implement.a(ADC_DelSig_INT.o)
                              .\CortexM3\ARM_GCC_541\Debug\PSOC5 Implement.a(ADC_DelSig.o) (ADC_DelSig_ISR1)
.\CortexM3\ARM_GCC_541\Debug\PSOC5 Implement.a(ADC_DelSig_Ext_CP_Clk.o)
                              .\CortexM3\ARM_GCC_541\Debug\PSOC5 Implement.a(ADC_DelSig.o) (ADC_DelSig_Ext_CP_Clk_SetModeRegister)
.\CortexM3\ARM_GCC_541\Debug\PSOC5 Implement.a(ADC_DelSig_theACLK.o)
                              .\CortexM3\ARM_GCC_541\Debug\PSOC5 Implement.a(ADC_DelSig.o) (ADC_DelSig_theACLK_SetModeRegister)
.\CortexM3\ARM_GCC_541\Debug\PSOC5 Implement.a(CyBootAsmGnu.o)
                              .\CortexM3\ARM_GCC_541\Debug\cyfitter_cfg.o (CyDelayCycles)
.\CortexM3\ARM_GCC_541\Debug\PSOC5 Implement.a(CyFlash.o)
                              .\CortexM3\ARM_GCC_541\Debug\PSOC5 Implement.a(cyPm.o) (CyFlash_SetWaitCycles)
.\CortexM3\ARM_GCC_541\Debug\PSOC5 Implement.a(CySpc.o)
                              .\CortexM3\ARM_GCC_541\Debug\PSOC5 Implement.a(CyFlash.o) (CySpcStart)
c:/program files (x86)/cypress/psoc creator/4.4/psoc creator/import/gnu/arm/5.4.1/bin/../lib/gcc/arm-none-eabi/5.4.1/armv7-m\libgcc.a(_arm_addsubdf3.o)
                              .\CortexM3\ARM_GCC_541\Debug\PSOC5 Implement.a(ADC_DelSig.o) (__aeabi_f2d)
c:/program files (x86)/cypress/psoc creator/4.4/psoc creator/import/gnu/arm/5.4.1/bin/../lib/gcc/arm-none-eabi/5.4.1/armv7-m\libgcc.a(_arm_cmpdf2.o)
                              .\CortexM3\ARM_GCC_541\Debug\PSOC5 Implement.a(ADC_DelSig.o) (__aeabi_dcmpgt)
[...]
Memory Configuration

Name             Origin             Length             Attributes
rom              0x00000000         0x00040000         xr
ram              0x1fff8000         0x00010000         xrw
*default*        0x00000000         0xffffffff

Linker script and memory map

LOAD c:/program files (x86)/cypress/psoc creator/4.4/psoc creator/import/gnu/arm/5.4.1/bin/../lib/gcc/arm-none-eabi/5.4.1/armv7-m/crti.o
LOAD c:/program files (x86)/cypress/psoc creator/4.4/psoc creator/import/gnu/arm/5.4.1/bin/../lib/gcc/arm-none-eabi/5.4.1/armv7-m/crtbegin.o
LOAD c:/program files (x86)/cypress/psoc creator/4.4/psoc creator/import/gnu/arm/5.4.1/bin/../lib/gcc/arm-none-eabi/5.4.1/../../../../arm-none-eabi/lib/armv7-m/crt0.o
START GROUP
LOAD .\CortexM3\ARM_GCC_541\Debug\main.o
LOAD .\CortexM3\ARM_GCC_541\Debug\Pressure_Transducer.o
LOAD .\CortexM3\ARM_GCC_541\Debug\cyfitter_cfg.o
LOAD .\CortexM3\ARM_GCC_541\Debug\cymetadata.o
LOAD .\CortexM3\ARM_GCC_541\Debug\Cm3Start.o
LOAD .\CortexM3\ARM_GCC_541\Debug\PSOC5 Implement.a
LOAD C:\Program Files (x86)\Cypress\PSoC Creator\4.4\PSoC Creator\psoc\content\cycomponentlibrary\CyComponentLibrary.cylib\CortexM3\ARM_GCC_541\Debug\CyComponentLibrary.a
END GROUP
START GROUP
LOAD c:/program files (x86)/cypress/psoc creator/4.4/psoc creator/import/gnu/arm/5.4.1/bin/../lib/gcc/arm-none-eabi/5.4.1/armv7-m\libgcc.a
LOAD c:/program files (x86)/cypress/psoc creator/4.4/psoc creator/import/gnu/arm/5.4.1/bin/../lib/gcc/arm-none-eabi/5.4.1/../../../../arm-none-eabi/lib/armv7-m\libg_nano.a
LOAD c:/program files (x86)/cypress/psoc creator/4.4/psoc creator/import/gnu/arm/5.4.1/bin/../lib/gcc/arm-none-eabi/5.4.1/../../../../arm-none-eabi/lib/armv7-m\libc_nano.a
END GROUP
START GROUP
LOAD c:/program files (x86)/cypress/psoc creator/4.4/psoc creator/import/gnu/arm/5.4.1/bin/../lib/gcc/arm-none-eabi/5.4.1/armv7-m\libgcc.a
LOAD c:/program files (x86)/cypress/psoc creator/4.4/psoc creator/import/gnu/arm/5.4.1/bin/../lib/gcc/arm-none-eabi/5.4.1/../../../../arm-none-eabi/lib/armv7-m\libc_nano.a
END GROUP
LOAD c:/program files (x86)/cypress/psoc creator/4.4/psoc creator/import/gnu/arm/5.4.1/bin/../lib/gcc/arm-none-eabi/5.4.1/armv7-m/crtend.o
LOAD c:/program files (x86)/cypress/psoc creator/4.4/psoc creator/import/gnu/arm/5.4.1/bin/../lib/gcc/arm-none-eabi/5.4.1/armv7-m/crtn.o
START GROUP
LOAD c:/program files (x86)/cypress/psoc creator/4.4/psoc creator/import/gnu/arm/5.4.1/bin/../lib/gcc/arm-none-eabi/5.4.1/armv7-m\libgcc.a
LOAD c:/program files (x86)/cypress/psoc creator/4.4/psoc creator/import/gnu/arm/5.4.1/bin/../lib/gcc/arm-none-eabi/5.4.1/../../../../arm-none-eabi/lib/armv7-m\libc.a
LOAD c:/program files (x86)/cypress/psoc creator/4.4/psoc creator/import/gnu/arm/5.4.1/bin/../lib/gcc/arm-none-eabi/5.4.1/../../../../arm-none-eabi/lib/armv7-m\libnosys.a
END GROUP
                0x00000000                CY_APPL_ORIGIN = 0x0
                0x00000100                CY_FLASH_ROW_SIZE = 0x100
                0x00000020                CY_ECC_ROW_SIZE = 0x20
                0x00000000                CY_EE_IN_BTLDR = 0x0
                0x00000000                CY_APPL_LOADABLE = 0x0
                0x00000800                CY_EE_SIZE = 0x800
                0x00000001                CY_APPL_NUM = 0x1
                0x00000001                CY_APPL_MAX = 0x1
                0x00000040                CY_METADATA_SIZE = 0x40
                0x00000000                CY_APPL_LOADABLE = 0x0
                0x00000000                CY_CHECKSUM_EXCLUDE_SIZE = ALIGN (0x0, CY_FLASH_ROW_SIZE)
                [!provide]                PROVIDE (__cy_heap_start, _end)
                0x00000001                PROVIDE (__cy_region_num, ((__cy_regions_end - __cy_regions) / 0x10))
                0x20008000                PROVIDE (__cy_stack, (ORIGIN (ram) + LENGTH (ram)))
                [!provide]                PROVIDE (__cy_heap_end, (__cy_stack - 0x800))

.cybootloader   0x00000000        0x0
 *(.cybootloader)
                0x00000000                appl1_start = CY_APPL_ORIGIN?CY_APPL_ORIGIN:ALIGN (CY_FLASH_ROW_SIZE)
                0x0001ff00                appl2_start = (appl1_start + ALIGN ((((LENGTH (rom) - appl1_start) - (0x2 * CY_FLASH_ROW_SIZE)) / 0x2), CY_FLASH_ROW_SIZE))
                0x00000000                appl_start = (CY_APPL_NUM == 0x1)?appl1_start:appl2_start
                0x00000000                ecc_offset = ((appl_start / CY_FLASH_ROW_SIZE) * CY_ECC_ROW_SIZE)
                0x00000000                ee_offset = (CY_APPL_LOADABLE && ! (CY_EE_IN_BTLDR))?((CY_EE_SIZE / CY_APPL_MAX) * (CY_APPL_NUM - 0x1)):0x0
                0x00000800                ee_size = (CY_APPL_LOADABLE && ! (CY_EE_IN_BTLDR))?(CY_EE_SIZE / CY_APPL_MAX):CY_EE_SIZE
                [!provide]                PROVIDE (CY_ECC_OFFSET, ecc_offset)

.text           0x00000000     0x44c8
 CREATE_OBJECT_SYMBOLS
                0x00000000                PROVIDE (__cy_interrupt_vector, RomVectors)
 *(.romvectors)
 .romvectors    0x00000000       0x10 .\CortexM3\ARM_GCC_541\Debug\Cm3Start.o
                0x00000000                RomVectors
                0x00000001                ASSERT ((. != __cy_interrupt_vector), No interrupt vector)
                0x00000001                ASSERT (CY_APPL_ORIGIN?(SIZEOF (.cybootloader) <= CY_APPL_ORIGIN):0x1, Wrong image location)
                0x00000010                PROVIDE (__cy_reset, Reset)
 *(.text.Reset)
 .text.Reset    0x00000010       0x18 .\CortexM3\ARM_GCC_541\Debug\Cm3Start.o
                0x00000010                Reset
                0x00000001                ASSERT ((. != __cy_reset), No reset code)
 *(.dma_init)
                0x00000001                ASSERT ((((appl_start + .) <= 0x10000) || 0x1), DMA Init must be within the first 64k of flash)
 *(.text .text.* .gnu.linkonce.t.*)
 .text          0x00000028       0x5c c:/program files (x86)/cypress/psoc creator/4.4/psoc creator/import/gnu/arm/5.4.1/bin/../lib/gcc/arm-none-eabi/5.4.1/armv7-m/crtbegin.o
 .text.Timer_Interrupt_Handler
                0x00000084       0x80 .\CortexM3\ARM_GCC_541\Debug\main.o
                0x00000084                Timer_Interrupt_Handler
 .text.float2Bytes
                0x00000104       0x10 .\CortexM3\ARM_GCC_541\Debug\main.o
                0x00000104                float2Bytes
 .text.calculateCRC8
                0x00000114       0x28 .\CortexM3\ARM_GCC_541\Debug\main.o
                0x00000114                calculateCRC8
 .text.wrap_data
                0x0000013c       0x44 .\CortexM3\ARM_GCC_541\Debug\main.o
                0x0000013c                wrap_data
 .text.main     0x00000180      0x1ac .\CortexM3\ARM_GCC_541\Debug\main.o
                0x00000180                main
 .text.init_pressure_sensors
                0x0000032c       0x10 .\CortexM3\ARM_GCC_541\Debug\Pressure_Transducer.o
                0x0000032c                init_pressure_sensors
 .text.switch_multiplexer
                0x0000033c       0x1c .\CortexM3\ARM_GCC_541\Debug\Pressure_Transducer.o
                0x0000033c                switch_multiplexer
 .text.read_pressure
                0x00000358       0x24 .\CortexM3\ARM_GCC_541\Debug\Pressure_Transducer.o
                0x00000358                read_pressure
 .text.CyClockStartupError
                0x0000037c        0x4 .\CortexM3\ARM_GCC_541\Debug\cyfitter_cfg.o
 .text.cfg_write_bytes32
                0x00000380       0x34 .\CortexM3\ARM_GCC_541\Debug\cyfitter_cfg.o
 .text.CYMEMZERO
                0x000003b4        0xc .\CortexM3\ARM_GCC_541\Debug\cyfitter_cfg.o
 .text.AnalogSetDefault
                0x000003c0       0xa8 .\CortexM3\ARM_GCC_541\Debug\cyfitter_cfg.o
 .text.CYCONFIGCPY
                0x00000468        0x8 .\CortexM3\ARM_GCC_541\Debug\cyfitter_cfg.o
 .text.ClockSetup
                0x00000470      0x120 .\CortexM3\ARM_GCC_541\Debug\cyfitter_cfg.o
 .text.AMux_CYAMUXSIDE_A_Set
                0x00000590       0x1c .\CortexM3\ARM_GCC_541\Debug\cyfitter_cfg.o
                0x00000590                AMux_CYAMUXSIDE_A_Set
 .text.AMux_CYAMUXSIDE_A_Unset
                0x000005ac       0x1c .\CortexM3\ARM_GCC_541\Debug\cyfitter_cfg.o
                0x000005ac                AMux_CYAMUXSIDE_A_Unset
 .text.AMux_CYAMUXSIDE_B_Set
                0x000005c8       0x1c .\CortexM3\ARM_GCC_541\Debug\cyfitter_cfg.o
                0x000005c8                AMux_CYAMUXSIDE_B_Set
 .text.AMux_CYAMUXSIDE_B_Unset
                0x000005e4       0x20 .\CortexM3\ARM_GCC_541\Debug\cyfitter_cfg.o
                0x000005e4                AMux_CYAMUXSIDE_B_Unset
 .text.cyfitter_cfg
                0x00000604      0x16c .\CortexM3\ARM_GCC_541\Debug\cyfitter_cfg.o
                0x00000604                cyfitter_cfg
 .text.IntDefaultHandler
                0x00000770       0x10 .\CortexM3\ARM_GCC_541\Debug\Cm3Start.o
                0x00000770                IntDefaultHandler
 .text._sbrk    0x00000780       0x30 .\CortexM3\ARM_GCC_541\Debug\Cm3Start.o
                0x00000780                _sbrk
 .text.Start_c  0x000007b0       0x4c .\CortexM3\ARM_GCC_541\Debug\Cm3Start.o
                0x000007b0                Start_c
 .text.initialize_psoc
                0x000007fc       0x6c .\CortexM3\ARM_GCC_541\Debug\Cm3Start.o
                0x000007fc                initialize_psoc
 .text.UART_OEM_Init
                0x00000868       0x28 .\CortexM3\ARM_GCC_541\Debug\PSOC5 Implement.a(UART_OEM.o)
                0x00000868                UART_OEM_Init
 .text.UART_OEM_Enable
                0x00000890       0x38 .\CortexM3\ARM_GCC_541\Debug\PSOC5 Implement.a(UART_OEM.o)
                0x00000890                UART_OEM_Enable
 .text.UART_OEM_Start
                0x000008c8       0x1c .\CortexM3\ARM_GCC_541\Debug\PSOC5 Implement.a(UART_OEM.o)
                0x000008c8                UART_OEM_Start
 .text.UART_RPI_Init
                0x000008e4       0x28 .\CortexM3\ARM_GCC_541\Debug\PSOC5 Implement.a(UART_RPI.o)
                0x000008e4                UART_RPI_Init
 .text.UART_RPI_Enable
                0x0000090c       0x38 .\CortexM3\ARM_GCC_541\Debug\PSOC5 Implement.a(UART_RPI.o)
                0x0000090c                UART_RPI_Enable
 .text.UART_RPI_Start
                0x00000944       0x1c .\CortexM3\ARM_GCC_541\Debug\PSOC5 Implement.a(UART_RPI.o)
                0x00000944                UART_RPI_Start
 .text.UART_RPI_PutChar
                0x00000960       0x18 .\CortexM3\ARM_GCC_541\Debug\PSOC5 Implement.a(UART_RPI.o)
                0x00000960                UART_RPI_PutChar
 .text.UART_RPI_PutArray
                0x00000978       0x28 .\CortexM3\ARM_GCC_541\Debug\PSOC5 Implement.a(UART_RPI.o)
                0x00000978                UART_RPI_PutArray
 .text.UART_Debug_Init
                0x000009a0       0x18 .\CortexM3\ARM_GCC_541\Debug\PSOC5 Implement.a(UART_Debug.o)
                0x000009a0                UART_Debug_Init
 .text.UART_Debug_Enable
                0x000009b8       0x24 .\CortexM3\ARM_GCC_541\Debug\PSOC5 Implement.a(UART_Debug.o)
                0x000009b8                UART_Debug_Enable
 .text.UART_Debug_Start
                0x000009dc       0x1c .\CortexM3\ARM_GCC_541\Debug\PSOC5 Implement.a(UART_Debug.o)
                0x000009dc                UART_Debug_Start
 .text.UART_Debug_PutChar
                0x000009f8       0x18 .\CortexM3\ARM_GCC_541\Debug\PSOC5 Implement.a(UART_Debug.o)
                0x000009f8                UART_Debug_PutChar
 .text.UART_Debug_PutString
                0x00000a10       0x24 .\CortexM3\ARM_GCC_541\Debug\PSOC5 Implement.a(UART_Debug.o)
                0x00000a10                UART_Debug_PutString
 .text.Timer_ISR_Enable
                0x00000a34       0x28 .\CortexM3\ARM_GCC_541\Debug\PSOC5 Implement.a(Timer_ISR.o)
                0x00000a34                Timer_ISR_Enable
 .text.Timer_ISR_SetInterruptMode
                0x00000a5c        0xc .\CortexM3\ARM_GCC_541\Debug\PSOC5 Implement.a(Timer_ISR.o)
                0x00000a5c                Timer_ISR_SetInterruptMode
 .text.Timer_ISR_ReadStatusRegister
                0x00000a68        0xc .\CortexM3\ARM_GCC_541\Debug\PSOC5 Implement.a(Timer_ISR.o)
                0x00000a68                Timer_ISR_ReadStatusRegister
 .text.Timer_ISR_WritePeriod
                0x00000a74        0xc .\CortexM3\ARM_GCC_541\Debug\PSOC5 Implement.a(Timer_ISR.o)
                0x00000a74                Timer_ISR_WritePeriod
 .text.Timer_ISR_WriteCounter
                0x00000a80        0xc .\CortexM3\ARM_GCC_541\Debug\PSOC5 Implement.a(Timer_ISR.o)
                0x00000a80                Timer_ISR_WriteCounter
 .text.Timer_ISR_Init
                0x00000a8c       0x68 .\CortexM3\ARM_GCC_541\Debug\PSOC5 Implement.a(Timer_ISR.o)
                0x00000a8c                Timer_ISR_Init
 .text.Timer_ISR_Start
                0x00000af4       0x1c .\CortexM3\ARM_GCC_541\Debug\PSOC5 Implement.a(Timer_ISR.o)
                0x00000af4                Timer_ISR_Start
 .text.ADC_TS410_Init
                0x00000b10       0x3c .\CortexM3\ARM_GCC_541\Debug\PSOC5 Implement.a(ADC_TS410.o)
                0x00000b10                ADC_TS410_Init
 .text.ADC_TS410_Enable
                0x00000b4c       0xcc .\CortexM3\ARM_GCC_541\Debug\PSOC5 Implement.a(ADC_TS410.o)
                0x00000b4c                ADC_TS410_Enable
 .text.ADC_TS410_Start
                0x00000c18       0x28 .\CortexM3\ARM_GCC_541\Debug\PSOC5 Implement.a(ADC_TS410.o)
                0x00000c18                ADC_TS410_Start
 .text.ADC_TS410_StartConvert
                0x00000c40        0x8 .\CortexM3\ARM_GCC_541\Debug\PSOC5 Implement.a(ADC_TS410.o)
                0x00000c40                ADC_TS410_StartConvert
 .text.ADC_TS410_IsEndConversion
                0x00000c48       0x18 .\CortexM3\ARM_GCC_541\Debug\PSOC5 Implement.a(ADC_TS410.o)
                0x00000c48                ADC_TS410_IsEndConversion
 .text.ADC_TS410_GetResult16
                0x00000c60       0x1c .\CortexM3\ARM_GCC_541\Debug\PSOC5 Implement.a(ADC_TS410.o)
                0x00000c60                ADC_TS410_GetResult16
 .text.ADC_TS410_CountsTo_Volts
                0x00000c7c        0x8 .\CortexM3\ARM_GCC_541\Debug\PSOC5 Implement.a(ADC_TS410.o)
                0x00000c7c                ADC_TS410_CountsTo_Volts
 .text.ADC_TS410_ISR
                0x00000c84        0x4 .\CortexM3\ARM_GCC_541\Debug\PSOC5 Implement.a(ADC_TS410_INT.o)
                0x00000c84                ADC_TS410_ISR
 .text.AMux_Start
                0x00000c88       0x28 .\CortexM3\ARM_GCC_541\Debug\PSOC5 Implement.a(AMux.o)
                0x00000c88                AMux_Start
 .text.AMux_Disconnect
                0x00000cb0       0x10 .\CortexM3\ARM_GCC_541\Debug\PSOC5 Implement.a(AMux.o)
                0x00000cb0                AMux_Disconnect
 .text.AMux_FastSelect
                0x00000cc0       0x28 .\CortexM3\ARM_GCC_541\Debug\PSOC5 Implement.a(AMux.o)
                0x00000cc0                AMux_FastSelect
 .text.UART_OEM_IntClock_Start
                0x00000ce8       0x1c .\CortexM3\ARM_GCC_541\Debug\PSOC5 Implement.a(UART_OEM_IntClock.o)
                0x00000ce8                UART_OEM_IntClock_Start
 .text.UART_RPI_IntClock_Start
                0x00000d04       0x1c .\CortexM3\ARM_GCC_541\Debug\PSOC5 Implement.a(UART_RPI_IntClock.o)
                0x00000d04                UART_RPI_IntClock_Start
 .text.UART_Debug_IntClock_Start
                0x00000d20       0x1c .\CortexM3\ARM_GCC_541\Debug\PSOC5 Implement.a(UART_Debug_IntClock.o)
                0x00000d20                UART_Debug_IntClock_Start
 .text.ADC_TS410_SAR_CalcGain
                0x00000d3c       0x64 .\CortexM3\ARM_GCC_541\Debug\PSOC5 Implement.a(ADC_TS410_SAR.o)
 .text.ADC_TS410_SAR_Enable
                0x00000da0       0x78 .\CortexM3\ARM_GCC_541\Debug\PSOC5 Implement.a(ADC_TS410_SAR.o)
                0x00000da0                ADC_TS410_SAR_Enable
 .text.ADC_TS410_SAR_SetResolution
                0x00000e18       0x38 .\CortexM3\ARM_GCC_541\Debug\PSOC5 Implement.a(ADC_TS410_SAR.o)
                0x00000e18                ADC_TS410_SAR_SetResolution
 .text.ADC_TS410_SAR_Init
                0x00000e50       0x24 .\CortexM3\ARM_GCC_541\Debug\PSOC5 Implement.a(ADC_TS410_SAR.o)
                0x00000e50                ADC_TS410_SAR_Init
 .text.ADC_TS410_SAR_Start
                0x00000e74       0x1c .\CortexM3\ARM_GCC_541\Debug\PSOC5 Implement.a(ADC_TS410_SAR.o)
                0x00000e74                ADC_TS410_SAR_Start
 .text.ADC_TS410_SAR_StartConvert
                0x00000e90       0x10 .\CortexM3\ARM_GCC_541\Debug\PSOC5 Implement.a(ADC_TS410_SAR.o)
                0x00000e90                ADC_TS410_SAR_StartConvert
 .text.ADC_TS410_SAR_CountsTo_Volts
                0x00000ea0       0x50 .\CortexM3\ARM_GCC_541\Debug\PSOC5 Implement.a(ADC_TS410_SAR.o)
                0x00000ea0                ADC_TS410_SAR_CountsTo_Volts
 .text.ADC_TS410_TempBuf_DmaInitialize
                0x00000ef0       0x3c .\CortexM3\ARM_GCC_541\Debug\PSOC5 Implement.a(ADC_TS410_TempBuf_dma.o)
                0x00000ef0                ADC_TS410_TempBuf_DmaInitialize
 .text.ADC_TS410_FinalBuf_DmaInitialize
                0x00000f2c       0x3c .\CortexM3\ARM_GCC_541\Debug\PSOC5 Implement.a(ADC_TS410_FinalBuf_dma.o)
                0x00000f2c                ADC_TS410_FinalBuf_DmaInitialize
 .text.ADC_TS410_IRQ_SetVector
                0x00000f68        0xc .\CortexM3\ARM_GCC_541\Debug\PSOC5 Implement.a(ADC_TS410_IRQ.o)
                0x00000f68                ADC_TS410_IRQ_SetVector
 .text.ADC_TS410_IRQ_SetPriority
                0x00000f74       0x10 .\CortexM3\ARM_GCC_541\Debug\PSOC5 Implement.a(ADC_TS410_IRQ.o)
                0x00000f74                ADC_TS410_IRQ_SetPriority
 .text.CyDmacConfigure
                0x00000f84       0x34 .\CortexM3\ARM_GCC_541\Debug\PSOC5 Implement.a(CyDmac.o)
                0x00000f84                CyDmacConfigure
 .text.CyDmaChEnable
                0x00000fb8       0x38 .\CortexM3\ARM_GCC_541\Debug\PSOC5 Implement.a(CyDmac.o)
                0x00000fb8                CyDmaChEnable
 .text.CyDmaClearPendingDrq
                0x00000ff0       0x28 .\CortexM3\ARM_GCC_541\Debug\PSOC5 Implement.a(CyDmac.o)
                0x00000ff0                CyDmaClearPendingDrq
 .text.CyDmaChPriority
                0x00001018       0x24 .\CortexM3\ARM_GCC_541\Debug\PSOC5 Implement.a(CyDmac.o)
                0x00001018                CyDmaChPriority
 .text.CyDmaChSetExtendedAddress
                0x0000103c       0x34 .\CortexM3\ARM_GCC_541\Debug\PSOC5 Implement.a(CyDmac.o)
                0x0000103c                CyDmaChSetExtendedAddress
 .text.CyDmaChSetInitialTd
                0x00001070       0x18 .\CortexM3\ARM_GCC_541\Debug\PSOC5 Implement.a(CyDmac.o)
                0x00001070                CyDmaChSetInitialTd
 .text.CyDmaChSetConfiguration
                0x00001088       0x44 .\CortexM3\ARM_GCC_541\Debug\PSOC5 Implement.a(CyDmac.o)
                0x00001088                CyDmaChSetConfiguration
 .text.CyDmaTdAllocate
                0x000010cc       0x34 .\CortexM3\ARM_GCC_541\Debug\PSOC5 Implement.a(CyDmac.o)
                0x000010cc                CyDmaTdAllocate
 .text.CyDmaTdSetConfiguration
                0x00001100       0x28 .\CortexM3\ARM_GCC_541\Debug\PSOC5 Implement.a(CyDmac.o)
                0x00001100                CyDmaTdSetConfiguration
 .text.CyDmaTdSetAddress
                0x00001128       0x1c .\CortexM3\ARM_GCC_541\Debug\PSOC5 Implement.a(CyDmac.o)
                0x00001128                CyDmaTdSetAddress
 .text.CyHalt   0x00001144        0x4 .\CortexM3\ARM_GCC_541\Debug\PSOC5 Implement.a(CyLib.o)
                0x00001144                CyHalt
 .text.CyDelay  0x00001148       0x2c .\CortexM3\ARM_GCC_541\Debug\PSOC5 Implement.a(CyLib.o)
                0x00001148                CyDelay
 .text.CyDelayUs
                0x00001174       0x14 .\CortexM3\ARM_GCC_541\Debug\PSOC5 Implement.a(CyLib.o)
                0x00001174                CyDelayUs
 .text.CyIntSetVector
                0x00001188       0x28 .\CortexM3\ARM_GCC_541\Debug\PSOC5 Implement.a(CyLib.o)
                0x00001188                CyIntSetVector
 .text.CyIntSetPriority
                0x000011b0       0x30 .\CortexM3\ARM_GCC_541\Debug\PSOC5 Implement.a(CyLib.o)
                0x000011b0                CyIntSetPriority
 .text.USER_LED_Write
                0x000011e0       0x18 .\CortexM3\ARM_GCC_541\Debug\PSOC5 Implement.a(USER_LED.o)
                0x000011e0                USER_LED_Write
 .text.Timer_Interrupt_SetVector
                0x000011f8       0x10 .\CortexM3\ARM_GCC_541\Debug\PSOC5 Implement.a(Timer_Interrupt.o)
                0x000011f8                Timer_Interrupt_SetVector
 .text.Timer_Interrupt_SetPriority
                0x00001208       0x10 .\CortexM3\ARM_GCC_541\Debug\PSOC5 Implement.a(Timer_Interrupt.o)
                0x00001208                Timer_Interrupt_SetPriority
 .text.Timer_Interrupt_Enable
                0x00001218       0x10 .\CortexM3\ARM_GCC_541\Debug\PSOC5 Implement.a(Timer_Interrupt.o)
                0x00001218                Timer_Interrupt_Enable
 .text.Timer_Interrupt_Disable
                0x00001228       0x10 .\CortexM3\ARM_GCC_541\Debug\PSOC5 Implement.a(Timer_Interrupt.o)
                0x00001228                Timer_Interrupt_Disable
 .text.Timer_Interrupt_StartEx
                0x00001238       0x1c .\CortexM3\ARM_GCC_541\Debug\PSOC5 Implement.a(Timer_Interrupt.o)
                0x00001238                Timer_Interrupt_StartEx
 .text.ADC_DelSig_GainCompensation
                0x00001254       0xe0 .\CortexM3\ARM_GCC_541\Debug\PSOC5 Implement.a(ADC_DelSig.o)
 .text.ADC_DelSig_SetDSMRef0Reg
                0x00001334       0x4c .\CortexM3\ARM_GCC_541\Debug\PSOC5 Implement.a(ADC_DelSig.o)
 .text.ADC_DelSig_InitConfig
                0x00001380      0x318 .\CortexM3\ARM_GCC_541\Debug\PSOC5 Implement.a(ADC_DelSig.o)
 .text.ADC_DelSig_Init
                0x00001698      0x108 .\CortexM3\ARM_GCC_541\Debug\PSOC5 Implement.a(ADC_DelSig.o)
                0x00001698                ADC_DelSig_Init
 .text.ADC_DelSig_Enable
                0x000017a0       0xd8 .\CortexM3\ARM_GCC_541\Debug\PSOC5 Implement.a(ADC_DelSig.o)
                0x000017a0                ADC_DelSig_Enable
 .text.ADC_DelSig_Start
                0x00001878       0x28 .\CortexM3\ARM_GCC_541\Debug\PSOC5 Implement.a(ADC_DelSig.o)
                0x00001878                ADC_DelSig_Start
 .text.ADC_DelSig_StartConvert
                0x000018a0       0x10 .\CortexM3\ARM_GCC_541\Debug\PSOC5 Implement.a(ADC_DelSig.o)
                0x000018a0                ADC_DelSig_StartConvert
 .text.ADC_DelSig_StopConvert
                0x000018b0       0x10 .\CortexM3\ARM_GCC_541\Debug\PSOC5 Implement.a(ADC_DelSig.o)
                0x000018b0                ADC_DelSig_StopConvert
 .text.ADC_DelSig_IsEndConversion
                0x000018c0       0x30 .\CortexM3\ARM_GCC_541\Debug\PSOC5 Implement.a(ADC_DelSig.o)
                0x000018c0                ADC_DelSig_IsEndConversion
 .text.ADC_DelSig_GetResult16
                0x000018f0       0x50 .\CortexM3\ARM_GCC_541\Debug\PSOC5 Implement.a(ADC_DelSig.o)
                0x000018f0                ADC_DelSig_GetResult16
 .text.ADC_DelSig_CountsTo_Volts
                0x00001940       0x28 .\CortexM3\ARM_GCC_541\Debug\PSOC5 Implement.a(ADC_DelSig.o)
                0x00001940                ADC_DelSig_CountsTo_Volts
 .text.ADC_DelSig_Read16
                0x00001968       0x28 .\CortexM3\ARM_GCC_541\Debug\PSOC5 Implement.a(ADC_DelSig.o)
                0x00001968                ADC_DelSig_Read16
 .text.ADC_DelSig_ISR1
                0x00001990        0x4 .\CortexM3\ARM_GCC_541\Debug\PSOC5 Implement.a(ADC_DelSig_INT.o)
                0x00001990                ADC_DelSig_ISR1
 .text.ADC_DelSig_ISR2
                0x00001994        0x4 .\CortexM3\ARM_GCC_541\Debug\PSOC5 Implement.a(ADC_DelSig_INT.o)
                0x00001994                ADC_DelSig_ISR2
 .text.ADC_DelSig_ISR3
                0x00001998        0x4 .\CortexM3\ARM_GCC_541\Debug\PSOC5 Implement.a(ADC_DelSig_INT.o)
                0x00001998                ADC_DelSig_ISR3
 .text.ADC_DelSig_ISR4
                0x0000199c        0x4 .\CortexM3\ARM_GCC_541\Debug\PSOC5 Implement.a(ADC_DelSig_INT.o)
                0x0000199c                ADC_DelSig_ISR4
 .text.ADC_DelSig_Ext_CP_Clk_GetDividerRegister
                0x000019a0        0xc .\CortexM3\ARM_GCC_541\Debug\PSOC5 Implement.a(ADC_DelSig_Ext_CP_Clk.o)
                0x000019a0                ADC_DelSig_Ext_CP_Clk_GetDividerRegister
 .text.ADC_DelSig_Ext_CP_Clk_SetModeRegister
                0x000019ac       0x14 .\CortexM3\ARM_GCC_541\Debug\PSOC5 Implement.a(ADC_DelSig_Ext_CP_Clk.o)
                0x000019ac                ADC_DelSig_Ext_CP_Clk_SetModeRegister
 .text.ADC_DelSig_Ext_CP_Clk_GetSourceRegister
                0x000019c0       0x10 .\CortexM3\ARM_GCC_541\Debug\PSOC5 Implement.a(ADC_DelSig_Ext_CP_Clk.o)
                0x000019c0                ADC_DelSig_Ext_CP_Clk_GetSourceRegister
 .text.ADC_DelSig_Ext_CP_Clk_SetDividerRegister
                0x000019d0       0xd8 .\CortexM3\ARM_GCC_541\Debug\PSOC5 Implement.a(ADC_DelSig_Ext_CP_Clk.o)
                0x000019d0                ADC_DelSig_Ext_CP_Clk_SetDividerRegister
 .text.ADC_DelSig_theACLK_GetDividerRegister
                0x00001aa8        0xc .\CortexM3\ARM_GCC_541\Debug\PSOC5 Implement.a(ADC_DelSig_theACLK.o)
                0x00001aa8                ADC_DelSig_theACLK_GetDividerRegister
 .text.ADC_DelSig_theACLK_SetModeRegister
                0x00001ab4       0x14 .\CortexM3\ARM_GCC_541\Debug\PSOC5 Implement.a(ADC_DelSig_theACLK.o)
                0x00001ab4                ADC_DelSig_theACLK_SetModeRegister
 .text.ADC_DelSig_theACLK_GetSourceRegister
                0x00001ac8       0x10 .\CortexM3\ARM_GCC_541\Debug\PSOC5 Implement.a(ADC_DelSig_theACLK.o)
                0x00001ac8                ADC_DelSig_theACLK_GetSourceRegister
 .text.ADC_DelSig_theACLK_SetDividerRegister
                0x00001ad8       0xd8 .\CortexM3\ARM_GCC_541\Debug\PSOC5 Implement.a(ADC_DelSig_theACLK.o)
                0x00001ad8                ADC_DelSig_theACLK_SetDividerRegister
 .text          0x00001bb0       0x20 .\CortexM3\ARM_GCC_541\Debug\PSOC5 Implement.a(CyBootAsmGnu.o)
                0x00001bb0                CyDelayCycles
                0x00001bc0                CyEnterCriticalSection
                0x00001bc8                CyExitCriticalSection
 .text          0x00001bd0      0x370 c:/program files (x86)/cypress/psoc creator/4.4/psoc creator/import/gnu/arm/5.4.1/bin/../lib/gcc/arm-none-eabi/5.4.1/armv7-m\libgcc.a(_arm_addsubdf3.o)
                0x00001bd0                __aeabi_drsub
                0x00001bd8                __aeabi_dsub
                0x00001bd8                __subdf3
                0x00001bdc                __aeabi_dadd
                0x00001bdc                __adddf3
                0x00001e54                __floatunsidf
                0x00001e54                __aeabi_ui2d
                0x00001e74                __floatsidf
                0x00001e74                __aeabi_i2d
                0x00001e98                __aeabi_f2d
                0x00001e98                __extendsfdf2
                0x00001ed4                __floatundidf
                0x00001ed4                __aeabi_ul2d
                0x00001ee4                __floatdidf
                0x00001ee4                __aeabi_l2d
 .text          0x00001f40      0x110 c:/program files (x86)/cypress/psoc creator/4.4/psoc creator/import/gnu/arm/5.4.1/bin/../lib/gcc/arm-none-eabi/5.4.1/armv7-m\libgcc.a(_arm_cmpdf2.o)
                0x00001f40                __gtdf2
                0x00001f40                __gedf2
                0x00001f48                __ltdf2
                0x00001f48                __ledf2
                0x00001f50                __nedf2
                0x00001f50                __eqdf2
                0x00001f50                __cmpdf2
                0x00001fcc                __aeabi_cdrcmple
                0x00001fdc                __aeabi_cdcmpeq
                0x00001fdc                __aeabi_cdcmple
                0x00001fec                __aeabi_dcmpeq
                0x00002000                __aeabi_dcmplt
                0x00002014                __aeabi_dcmple
                0x00002028                __aeabi_dcmpge
                0x0000203c                __aeabi_dcmpgt
 .text          0x00002050      0x21c c:/program files (x86)/cypress/psoc creator/4.4/psoc creator/import/gnu/arm/5.4.1/bin/../lib/gcc/arm-none-eabi/5.4.1/armv7-m\libgcc.a(_arm_addsubsf3.o)
                0x00002050                __aeabi_frsub
                0x00002058                __subsf3
                0x00002058                __aeabi_fsub
                0x0000205c                __aeabi_fadd
                0x0000205c                __addsf3
                0x000021bc                __aeabi_ui2f
                0x000021bc                __floatunsisf
                0x000021c4                __aeabi_i2f
                0x000021c4                __floatsisf
                0x000021e0                __aeabi_ul2f
                0x000021e0                __floatundisf
                0x000021f0                __aeabi_l2f
                0x000021f0                __floatdisf
 .text          0x0000226c      0x2a0 c:/program files (x86)/cypress/psoc creator/4.4/psoc creator/import/gnu/arm/5.4.1/bin/../lib/gcc/arm-none-eabi/5.4.1/armv7-m\libgcc.a(_arm_muldivsf3.o)
                0x0000226c                __mulsf3
                0x0000226c                __aeabi_fmul
                0x000023d4                __aeabi_fdiv
                0x000023d4                __divsf3
 .text          0x0000250c       0xec c:/program files (x86)/cypress/psoc creator/4.4/psoc creator/import/gnu/arm/5.4.1/bin/../lib/gcc/arm-none-eabi/5.4.1/armv7-m\libgcc.a(_arm_cmpsf2.o)
                0x0000250c                __gesf2
                0x0000250c                __gtsf2
                0x00002514                __lesf2
                0x00002514                __ltsf2
                0x0000251c                __nesf2
                0x0000251c                __eqsf2
                0x0000251c                __cmpsf2
                0x0000257c                __aeabi_cfrcmple
                0x00002584                __aeabi_cfcmpeq
                0x00002584                __aeabi_cfcmple
                0x00002594                __aeabi_fcmpeq
                0x000025a8                __aeabi_fcmplt
                0x000025bc                __aeabi_fcmple
                0x000025d0                __aeabi_fcmpge
                0x000025e4                __aeabi_fcmpgt
 .text.__errno  0x000025f8        0xc c:/program files (x86)/cypress/psoc creator/4.4/psoc creator/import/gnu/arm/5.4.1/bin/../lib/gcc/arm-none-eabi/5.4.1/../../../../arm-none-eabi/lib/armv7-m\libg_nano.a(lib_a-errno.o)
                0x000025f8                __errno
 .text.__libc_init_array
                0x00002604       0x4c c:/program files (x86)/cypress/psoc creator/4.4/psoc creator/import/gnu/arm/5.4.1/bin/../lib/gcc/arm-none-eabi/5.4.1/../../../../arm-none-eabi/lib/armv7-m\libg_nano.a(lib_a-init.o)
                0x00002604                __libc_init_array
 .text.memcpy   0x00002650       0x16 c:/program files (x86)/cypress/psoc creator/4.4/psoc creator/import/gnu/arm/5.4.1/bin/../lib/gcc/arm-none-eabi/5.4.1/../../../../arm-none-eabi/lib/armv7-m\libg_nano.a(lib_a-memcpy-stub.o)
                0x00002650                memcpy
 .text.memset   0x00002666       0x10 c:/program files (x86)/cypress/psoc creator/4.4/psoc creator/import/gnu/arm/5.4.1/bin/../lib/gcc/arm-none-eabi/5.4.1/../../../../arm-none-eabi/lib/armv7-m\libg_nano.a(lib_a-memset.o)
                0x00002666                memset
 .text.__cvt    0x00002676       0xc0 c:/program files (x86)/cypress/psoc creator/4.4/psoc creator/import/gnu/arm/5.4.1/bin/../lib/gcc/arm-none-eabi/5.4.1/../../../../arm-none-eabi/lib/armv7-m\libg_nano.a(lib_a-nano-vfprintf_float.o)
                0x00002676                __cvt
 .text.__exponent
                0x00002736       0x62 c:/program files (x86)/cypress/psoc creator/4.4/psoc creator/import/gnu/arm/5.4.1/bin/../lib/gcc/arm-none-eabi/5.4.1/../../../../arm-none-eabi/lib/armv7-m\libg_nano.a(lib_a-nano-vfprintf_float.o)
                0x00002736                __exponent
 .text._printf_float
                0x00002798      0x488 c:/program files (x86)/cypress/psoc creator/4.4/psoc creator/import/gnu/arm/5.4.1/bin/../lib/gcc/arm-none-eabi/5.4.1/../../../../arm-none-eabi/lib/armv7-m\libg_nano.a(lib_a-nano-vfprintf_float.o)
                0x00002798                _printf_float
 .text._printf_common
                0x00002c20       0xec c:/program files (x86)/cypress/psoc creator/4.4/psoc creator/import/gnu/arm/5.4.1/bin/../lib/gcc/arm-none-eabi/5.4.1/../../../../arm-none-eabi/lib/armv7-m\libg_nano.a(lib_a-nano-vfprintf_i.o)
                0x00002c20                _printf_common
 .text          0x00002d0c       0x10 c:/program files (x86)/cypress/psoc creator/4.4/psoc creator/import/gnu/arm/5.4.1/bin/../lib/gcc/arm-none-eabi/5.4.1/../../../../arm-none-eabi/lib/armv7-m\libg_nano.a(lib_a-strlen.o)
                0x00002d0c                strlen
 .text.quorem   0x00002d1c      0x116 c:/program files (x86)/cypress/psoc creator/4.4/psoc creator/import/gnu/arm/5.4.1/bin/../lib/gcc/arm-none-eabi/5.4.1/../../../../arm-none-eabi/lib/armv7-m\libg_nano.a(lib_a-dtoa.o)
 *fill*         0x00002e32        0x6 
 .text._dtoa_r  0x00002e38      0xb30 c:/program files (x86)/cypress/psoc creator/4.4/psoc creator/import/gnu/arm/5.4.1/bin/../lib/gcc/arm-none-eabi/5.4.1/../../../../arm-none-eabi/lib/armv7-m\libg_nano.a(lib_a-dtoa.o)
                0x00002e38                _dtoa_r
 .text._localeconv_r
                0x00003968        0x8 c:/program files (x86)/cypress/psoc creator/4.4/psoc creator/import/gnu/arm/5.4.1/bin/../lib/gcc/arm-none-eabi/5.4.1/../../../../arm-none-eabi/lib/armv7-m\libg_nano.a(lib_a-locale.o)
                0x00003968                _localeconv_r
 .text.malloc   0x00003970       0x10 c:/program files (x86)/cypress/psoc creator/4.4/psoc creator/import/gnu/arm/5.4.1/bin/../lib/gcc/arm-none-eabi/5.4.1/../../../../arm-none-eabi/lib/armv7-m\libg_nano.a(lib_a-malloc.o)
                0x00003970                malloc
 .text._Balloc  0x00003980       0x6a c:/program files (x86)/cypress/psoc creator/4.4/psoc creator/import/gnu/arm/5.4.1/bin/../lib/gcc/arm-none-eabi/5.4.1/../../../../arm-none-eabi/lib/armv7-m\libg_nano.a(lib_a-mprec.o)
                0x00003980                _Balloc
 .text._Bfree   0x000039ea       0x2e c:/program files (x86)/cypress/psoc creator/4.4/psoc creator/import/gnu/arm/5.4.1/bin/../lib/gcc/arm-none-eabi/5.4.1/../../../../arm-none-eabi/lib/armv7-m\libg_nano.a(lib_a-mprec.o)
                0x000039ea                _Bfree
 .text.__multadd
                0x00003a18       0x76 c:/program files (x86)/cypress/psoc creator/4.4/psoc creator/import/gnu/arm/5.4.1/bin/../lib/gcc/arm-none-eabi/5.4.1/../../../../arm-none-eabi/lib/armv7-m\libg_nano.a(lib_a-mprec.o)
                0x00003a18                __multadd
 .text.__hi0bits
                0x00003a8e       0x40 c:/program files (x86)/cypress/psoc creator/4.4/psoc creator/import/gnu/arm/5.4.1/bin/../lib/gcc/arm-none-eabi/5.4.1/../../../../arm-none-eabi/lib/armv7-m\libg_nano.a(lib_a-mprec.o)
                0x00003a8e                __hi0bits
 .text.__lo0bits
                0x00003ace       0x5a c:/program files (x86)/cypress/psoc creator/4.4/psoc creator/import/gnu/arm/5.4.1/bin/../lib/gcc/arm-none-eabi/5.4.1/../../../../arm-none-eabi/lib/armv7-m\libg_nano.a(lib_a-mprec.o)
                0x00003ace                __lo0bits
 .text.__i2b    0x00003b28       0x12 c:/program files (x86)/cypress/psoc creator/4.4/psoc creator/import/gnu/arm/5.4.1/bin/../lib/gcc/arm-none-eabi/5.4.1/../../../../arm-none-eabi/lib/armv7-m\libg_nano.a(lib_a-mprec.o)
                0x00003b28                __i2b
 .text.__multiply
                0x00003b3a      0x120 c:/program files (x86)/cypress/psoc creator/4.4/psoc creator/import/gnu/arm/5.4.1/bin/../lib/gcc/arm-none-eabi/5.4.1/../../../../arm-none-eabi/lib/armv7-m\libg_nano.a(lib_a-mprec.o)
                0x00003b3a                __multiply
 *fill*         0x00003c5a        0x2 
 .text.__pow5mult
                0x00003c5c       0x9c c:/program files (x86)/cypress/psoc creator/4.4/psoc creator/import/gnu/arm/5.4.1/bin/../lib/gcc/arm-none-eabi/5.4.1/../../../../arm-none-eabi/lib/armv7-m\libg_nano.a(lib_a-mprec.o)
                0x00003c5c                __pow5mult
 .text.__lshift
                0x00003cf8       0xa2 c:/program files (x86)/cypress/psoc creator/4.4/psoc creator/import/gnu/arm/5.4.1/bin/../lib/gcc/arm-none-eabi/5.4.1/../../../../arm-none-eabi/lib/armv7-m\libg_nano.a(lib_a-mprec.o)
                0x00003cf8                __lshift
 .text.__mcmp   0x00003d9a       0x38 c:/program files (x86)/cypress/psoc creator/4.4/psoc creator/import/gnu/arm/5.4.1/bin/../lib/gcc/arm-none-eabi/5.4.1/../../../../arm-none-eabi/lib/armv7-m\libg_nano.a(lib_a-mprec.o)
                0x00003d9a                __mcmp
 .text.__mdiff  0x00003dd2       0xbe c:/program files (x86)/cypress/psoc creator/4.4/psoc creator/import/gnu/arm/5.4.1/bin/../lib/gcc/arm-none-eabi/5.4.1/../../../../arm-none-eabi/lib/armv7-m\libg_nano.a(lib_a-mprec.o)
                0x00003dd2                __mdiff
 .text.__d2b    0x00003e90       0x9c c:/program files (x86)/cypress/psoc creator/4.4/psoc creator/import/gnu/arm/5.4.1/bin/../lib/gcc/arm-none-eabi/5.4.1/../../../../arm-none-eabi/lib/armv7-m\libg_nano.a(lib_a-mprec.o)
                0x00003e90                __d2b
 .text._calloc_r
                0x00003f2c       0x1c c:/program files (x86)/cypress/psoc creator/4.4/psoc creator/import/gnu/arm/5.4.1/bin/../lib/gcc/arm-none-eabi/5.4.1/../../../../arm-none-eabi/lib/armv7-m\libg_nano.a(lib_a-nano-callocr.o)
                0x00003f2c                _calloc_r
 .text._malloc_r
                0x00003f48       0xbc c:/program files (x86)/cypress/psoc creator/4.4/psoc creator/import/gnu/arm/5.4.1/bin/../lib/gcc/arm-none-eabi/5.4.1/../../../../arm-none-eabi/lib/armv7-m\libg_nano.a(lib_a-nano-mallocr.o)
                0x00003f48                _malloc_r
 .text._sbrk_r  0x00004004       0x20 c:/program files (x86)/cypress/psoc creator/4.4/psoc creator/import/gnu/arm/5.4.1/bin/../lib/gcc/arm-none-eabi/5.4.1/../../../../arm-none-eabi/lib/armv7-m\libg_nano.a(lib_a-sbrkr.o)
                0x00004004                _sbrk_r
 .text.__malloc_lock
                0x00004024        0x2 c:/program files (x86)/cypress/psoc creator/4.4/psoc creator/import/gnu/arm/5.4.1/bin/../lib/gcc/arm-none-eabi/5.4.1/../../../../arm-none-eabi/lib/armv7-m\libg_nano.a(lib_a-mlock.o)
                0x00004024                __malloc_lock
 .text.__malloc_unlock
                0x00004026        0x2 c:/program files (x86)/cypress/psoc creator/4.4/psoc creator/import/gnu/arm/5.4.1/bin/../lib/gcc/arm-none-eabi/5.4.1/../../../../arm-none-eabi/lib/armv7-m\libg_nano.a(lib_a-mlock.o)
                0x00004026                __malloc_unlock
 .text          0x00004028      0x424 c:/program files (x86)/cypress/psoc creator/4.4/psoc creator/import/gnu/arm/5.4.1/bin/../lib/gcc/arm-none-eabi/5.4.1/armv7-m\libgcc.a(_arm_muldivdf3.o)
                0x00004028                __aeabi_dmul
                0x00004028                __muldf3
                0x0000427c                __divdf3
                0x0000427c                __aeabi_ddiv
 .text          0x0000444c       0x2c c:/program files (x86)/cypress/psoc creator/4.4/psoc creator/import/gnu/arm/5.4.1/bin/../lib/gcc/arm-none-eabi/5.4.1/armv7-m\libgcc.a(_arm_unorddf2.o)
                0x0000444c                __unorddf2
                0x0000444c                __aeabi_dcmpun
 .text          0x00004478       0x50 c:/program files (x86)/cypress/psoc creator/4.4/psoc creator/import/gnu/arm/5.4.1/bin/../lib/gcc/arm-none-eabi/5.4.1/armv7-m\libgcc.a(_arm_fixdfsi.o)
                0x00004478                __aeabi_d2iz
                0x00004478                __fixdfsi
 *(.plt)
 *(.gnu.warning)
 *(.glue_7t)
 .glue_7t       0x000044c8        0x0 linker stubs
 *(.glue_7)
 .glue_7        0x000044c8        0x0 linker stubs
 *(.vfp11_veneer)
 .vfp11_veneer  0x000044c8        0x0 linker stubs
 *(.bootloader)
 *(.ARM.extab* .gnu.linkonce.armextab.*)
 *(.gcc_except_table)

.v4_bx          0x000044c8        0x0
 .v4_bx         0x000044c8        0x0 linker stubs

.iplt           0x000044c8        0x0
 .iplt          0x000044c8        0x0 c:/program files (x86)/cypress/psoc creator/4.4/psoc creator/import/gnu/arm/5.4.1/bin/../lib/gcc/arm-none-eabi/5.4.1/armv7-m/crtbegin.o

.eh_frame_hdr
 *(.eh_frame_hdr)

.eh_frame       0x000044c8        0x4
 *(.eh_frame)
 .eh_frame      0x000044c8        0x0 c:/program files (x86)/cypress/psoc creator/4.4/psoc creator/import/gnu/arm/5.4.1/bin/../lib/gcc/arm-none-eabi/5.4.1/armv7-m/crtbegin.o
 .eh_frame      0x000044c8        0x4 c:/program files (x86)/cypress/psoc creator/4.4/psoc creator/import/gnu/arm/5.4.1/bin/../lib/gcc/arm-none-eabi/5.4.1/armv7-m/crtend.o
                [!provide]                PROVIDE (__exidx_start, .)

.ARM.exidx
 *(.ARM.exidx* .gnu.linkonce.armexidx.*)
                0x000044cc                __exidx_end = .

.rodata         0x000044d0      0x2d0
 *(.rodata .rodata.* .gnu.linkonce.r.*)
 .rodata        0x000044d0      0x100 .\CortexM3\ARM_GCC_541\Debug\main.o
 .rodata.str1.4
                0x000045d0       0x10 .\CortexM3\ARM_GCC_541\Debug\main.o
                                  0xf (size before relaxing)
 .rodata        0x000045e0       0x5c .\CortexM3\ARM_GCC_541\Debug\cyfitter_cfg.o
                0x000045e0                AMux_CYAMUXSIDE_A__addrTable
                0x000045e8                AMux_CYAMUXSIDE_A__maskTable
                0x000045ec                AMux_CYAMUXSIDE_B__addrTable
                0x000045f4                AMux_CYAMUXSIDE_B__maskTable
 .rodata.str1.1
                0x0000463c        0x2 c:/program files (x86)/cypress/psoc creator/4.4/psoc creator/import/gnu/arm/5.4.1/bin/../lib/gcc/arm-none-eabi/5.4.1/../../../../arm-none-eabi/lib/armv7-m\libg_nano.a(lib_a-impure.o)
 .rodata.str1.1
                0x0000463e       0x12 c:/program files (x86)/cypress/psoc creator/4.4/psoc creator/import/gnu/arm/5.4.1/bin/../lib/gcc/arm-none-eabi/5.4.1/../../../../arm-none-eabi/lib/armv7-m\libg_nano.a(lib_a-nano-vfprintf_float.o)
 .rodata.str1.1
                0x00004650        0xd c:/program files (x86)/cypress/psoc creator/4.4/psoc creator/import/gnu/arm/5.4.1/bin/../lib/gcc/arm-none-eabi/5.4.1/../../../../arm-none-eabi/lib/armv7-m\libg_nano.a(lib_a-dtoa.o)
                                  0xf (size before relaxing)
 .rodata.str1.1
                0x0000465d        0x8 c:/program files (x86)/cypress/psoc creator/4.4/psoc creator/import/gnu/arm/5.4.1/bin/../lib/gcc/arm-none-eabi/5.4.1/../../../../arm-none-eabi/lib/armv7-m\libg_nano.a(lib_a-locale.o)
                                  0xb (size before relaxing)
 *fill*         0x00004665        0x3 
 .rodata.__mprec_tens
                0x00004668       0xc8 c:/program files (x86)/cypress/psoc creator/4.4/psoc creator/import/gnu/arm/5.4.1/bin/../lib/gcc/arm-none-eabi/5.4.1/../../../../arm-none-eabi/lib/armv7-m\libg_nano.a(lib_a-mprec.o)
                0x00004668                __mprec_tens
 .rodata.p05.5408
                0x00004730        0xc c:/program files (x86)/cypress/psoc creator/4.4/psoc creator/import/gnu/arm/5.4.1/bin/../lib/gcc/arm-none-eabi/5.4.1/../../../../arm-none-eabi/lib/armv7-m\libg_nano.a(lib_a-mprec.o)
 *fill*         0x0000473c        0x4 
 .rodata.__mprec_bigtens
                0x00004740       0x28 c:/program files (x86)/cypress/psoc creator/4.4/psoc creator/import/gnu/arm/5.4.1/bin/../lib/gcc/arm-none-eabi/5.4.1/../../../../arm-none-eabi/lib/armv7-m\libg_nano.a(lib_a-mprec.o)
                0x00004740                __mprec_bigtens
                0x00004768                . = ALIGN (0x4)
 *(.init)
 .init          0x00004768        0x4 c:/program files (x86)/cypress/psoc creator/4.4/psoc creator/import/gnu/arm/5.4.1/bin/../lib/gcc/arm-none-eabi/5.4.1/armv7-m/crti.o
                0x00004768                _init
 .init          0x0000476c        0x8 c:/program files (x86)/cypress/psoc creator/4.4/psoc creator/import/gnu/arm/5.4.1/bin/../lib/gcc/arm-none-eabi/5.4.1/armv7-m/crtn.o
                0x00004774                . = ALIGN (0x4)
                0x00004774                __preinit_array_start = .
 *(.preinit_array)
                0x00004774                __preinit_array_end = .
                0x00004774                . = ALIGN (0x4)
                0x00004774                __init_array_start = .
 *(SORT(.init_array.*))
 *(.init_array)
 .init_array    0x00004774        0x4 c:/program files (x86)/cypress/psoc creator/4.4/psoc creator/import/gnu/arm/5.4.1/bin/../lib/gcc/arm-none-eabi/5.4.1/armv7-m/crtbegin.o
 .init_array    0x00004778        0x4 .\CortexM3\ARM_GCC_541\Debug\Cm3Start.o
                0x0000477c                __init_array_end = .
                0x0000477c                . = ALIGN (0x4)
 *(.fini)
 .fini          0x0000477c        0x4 c:/program files (x86)/cypress/psoc creator/4.4/psoc creator/import/gnu/arm/5.4.1/bin/../lib/gcc/arm-none-eabi/5.4.1/armv7-m/crti.o
                0x0000477c                _fini
 .fini          0x00004780        0x8 c:/program files (x86)/cypress/psoc creator/4.4/psoc creator/import/gnu/arm/5.4.1/bin/../lib/gcc/arm-none-eabi/5.4.1/armv7-m/crtn.o
                0x00004788                . = ALIGN (0x4)
                0x00004788                __fini_array_start = .
 *(.fini_array)
 .fini_array    0x00004788        0x4 c:/program files (x86)/cypress/psoc creator/4.4/psoc creator/import/gnu/arm/5.4.1/bin/../lib/gcc/arm-none-eabi/5.4.1/armv7-m/crtbegin.o
 *(SORT(.fini_array.*))
                0x0000478c                __fini_array_end = .
                0x0000478c                . = ALIGN (0x4)
 *crtbegin.o(.ctors)
 *(EXCLUDE_FILE(*crtend.o) .ctors)
 *(SORT(.ctors.*))
 *crtend.o(.ctors)
                0x0000478c                . = ALIGN (0x4)
 *crtbegin.o(.dtors)
 *(EXCLUDE_FILE(*crtend.o) .dtors)
 *(SORT(.dtors.*))
 *crtend.o(.dtors)
                0x0000478c                . = ALIGN (0x4)
                0x0000478c                __cy_regions = .
                0x0000478c        0x4 LONG 0x47a0 __cy_region_init_ram
                0x00004790        0x4 LONG 0x1fff80c8 __cy_region_start_data
                0x00004794        0x4 LONG 0xc8 __cy_region_init_size_ram
                0x00004798        0x4 LONG 0x290 __cy_region_zero_size_ram
                0x0000479c                __cy_regions_end = .
                0x000047a0                . = ALIGN (0x8)
 *fill*         0x0000479c        0x4 
                0x000047a0                _etext = .

.cy_checksum_exclude
                0x000047a0        0x0
 *(.cy_checksum_exclude)

.ramvectors     0x1fff8000       0xc0
                0x1fff8000                __cy_region_start_ram = .
 *(.ramvectors)
 .ramvectors    0x1fff8000       0xc0 .\CortexM3\ARM_GCC_541\Debug\Cm3Start.o
                0x1fff8000                CyRamVectors

.noinit         0x1fff80c0        0x1
 *(.noinit)
 .noinit        0x1fff80c0        0x1 .\CortexM3\ARM_GCC_541\Debug\PSOC5 Implement.a(CyLib.o)
                0x1fff80c0                CyResetStatus

.data           0x1fff80c8       0xc8 load address 0x000047a0
                0x1fff80c8                __cy_region_start_data = .
 *(.jcr)
 .jcr           0x1fff80c8        0x0 c:/program files (x86)/cypress/psoc creator/4.4/psoc creator/import/gnu/arm/5.4.1/bin/../lib/gcc/arm-none-eabi/5.4.1/armv7-m/crtbegin.o
 .jcr           0x1fff80c8        0x4 c:/program files (x86)/cypress/psoc creator/4.4/psoc creator/import/gnu/arm/5.4.1/bin/../lib/gcc/arm-none-eabi/5.4.1/armv7-m/crtend.o
 *(.got.plt)
 *(.got)
 *(.shdata)
 *(.data .data.* .gnu.linkonce.d.*)
 .data          0x1fff80cc        0x4 .\CortexM3\ARM_GCC_541\Debug\Cm3Start.o
 .data          0x1fff80d0        0x2 .\CortexM3\ARM_GCC_541\Debug\PSOC5 Implement.a(ADC_TS410.o)
 .data          0x1fff80d2        0x1 .\CortexM3\ARM_GCC_541\Debug\PSOC5 Implement.a(AMux.o)
 .data          0x1fff80d3        0x1 .\CortexM3\ARM_GCC_541\Debug\PSOC5 Implement.a(ADC_TS410_TempBuf_dma.o)
                0x1fff80d3                ADC_TS410_TempBuf_DmaHandle
 .data          0x1fff80d4        0x1 .\CortexM3\ARM_GCC_541\Debug\PSOC5 Implement.a(ADC_TS410_FinalBuf_dma.o)
                0x1fff80d4                ADC_TS410_FinalBuf_DmaHandle
 *fill*         0x1fff80d5        0x3 
 .data          0x1fff80d8        0x8 .\CortexM3\ARM_GCC_541\Debug\PSOC5 Implement.a(CyDmac.o)
 .data          0x1fff80e0       0x10 .\CortexM3\ARM_GCC_541\Debug\PSOC5 Implement.a(CyLib.o)
                0x1fff80e0                cydelay_32k_ms
                0x1fff80e4                cydelay_freq_khz
                0x1fff80e8                cydelay_freq_mhz
                0x1fff80ec                cydelay_freq_hz
 .data          0x1fff80f0        0x1 .\CortexM3\ARM_GCC_541\Debug\PSOC5 Implement.a(ADC_DelSig.o)
                0x1fff80f0                ADC_DelSig_Config
 *fill*         0x1fff80f1        0x3 
 .data.impure_data
                0x1fff80f4       0x60 c:/program files (x86)/cypress/psoc creator/4.4/psoc creator/import/gnu/arm/5.4.1/bin/../lib/gcc/arm-none-eabi/5.4.1/../../../../arm-none-eabi/lib/armv7-m\libg_nano.a(lib_a-impure.o)
 .data._impure_ptr
                0x1fff8154        0x4 c:/program files (x86)/cypress/psoc creator/4.4/psoc creator/import/gnu/arm/5.4.1/bin/../lib/gcc/arm-none-eabi/5.4.1/../../../../arm-none-eabi/lib/armv7-m\libg_nano.a(lib_a-impure.o)
                0x1fff8154                _impure_ptr
 .data.lconv    0x1fff8158       0x38 c:/program files (x86)/cypress/psoc creator/4.4/psoc creator/import/gnu/arm/5.4.1/bin/../lib/gcc/arm-none-eabi/5.4.1/../../../../arm-none-eabi/lib/armv7-m\libg_nano.a(lib_a-locale.o)
                0x1fff8190                . = ALIGN (0x8)
 *(.ram)
                0x1fff8190                _edata = .

.igot.plt       0x1fff8190        0x0 load address 0x00004868
 .igot.plt      0x1fff8190        0x0 c:/program files (x86)/cypress/psoc creator/4.4/psoc creator/import/gnu/arm/5.4.1/bin/../lib/gcc/arm-none-eabi/5.4.1/armv7-m/crtbegin.o

.bss            0x1fff8190      0x290 load address 0x00004868
                0x1fff8190                PROVIDE (__bss_start__, .)
 *(.shbss)
 *(.bss .bss.* .gnu.linkonce.b.*)
 .bss           0x1fff8190       0x1c c:/program files (x86)/cypress/psoc creator/4.4/psoc creator/import/gnu/arm/5.4.1/bin/../lib/gcc/arm-none-eabi/5.4.1/armv7-m/crtbegin.o
 .bss           0x1fff81ac      0x210 .\CortexM3\ARM_GCC_541\Debug\main.o
                0x1fff81ac                timerCount
                0x1fff81ae                timerCountDataCompare
 .bss           0x1fff83bc        0x2 .\CortexM3\ARM_GCC_541\Debug\PSOC5 Implement.a(UART_OEM.o)
                0x1fff83bc                UART_OEM_initVar
 .bss           0x1fff83be        0x2 .\CortexM3\ARM_GCC_541\Debug\PSOC5 Implement.a(UART_RPI.o)
                0x1fff83be                UART_RPI_initVar
 .bss           0x1fff83c0        0x2 .\CortexM3\ARM_GCC_541\Debug\PSOC5 Implement.a(UART_Debug.o)
                0x1fff83c0                UART_Debug_initVar
 .bss           0x1fff83c2        0x1 .\CortexM3\ARM_GCC_541\Debug\PSOC5 Implement.a(Timer_ISR.o)
                0x1fff83c2                Timer_ISR_initVar
 *fill*         0x1fff83c3        0x1 
 .bss           0x1fff83c4       0x10 .\CortexM3\ARM_GCC_541\Debug\PSOC5 Implement.a(ADC_TS410.o)
                0x1fff83d0                ADC_TS410_initVar
 .bss           0x1fff83d4        0x1 .\CortexM3\ARM_GCC_541\Debug\PSOC5 Implement.a(ADC_TS410_SAR.o)
                0x1fff83d4                ADC_TS410_SAR_initVar
 *fill*         0x1fff83d5        0x3 
 .bss           0x1fff83d8       0x18 .\CortexM3\ARM_GCC_541\Debug\PSOC5 Implement.a(ADC_DelSig.o)
                0x1fff83e8                ADC_DelSig_stopConversion
                0x1fff83e9                ADC_DelSig_convDone
                0x1fff83ea                ADC_DelSig_initVar
                0x1fff83eb                ADC_DelSig_started
                0x1fff83ec                ADC_DelSig_Offset
 .bss.__malloc_sbrk_start
                0x1fff83f0        0x4 c:/program files (x86)/cypress/psoc creator/4.4/psoc creator/import/gnu/arm/5.4.1/bin/../lib/gcc/arm-none-eabi/5.4.1/../../../../arm-none-eabi/lib/armv7-m\libg_nano.a(lib_a-nano-mallocr.o)
                0x1fff83f0                __malloc_sbrk_start
 .bss.__malloc_free_list
                0x1fff83f4        0x4 c:/program files (x86)/cypress/psoc creator/4.4/psoc creator/import/gnu/arm/5.4.1/bin/../lib/gcc/arm-none-eabi/5.4.1/../../../../arm-none-eabi/lib/armv7-m\libg_nano.a(lib_a-nano-mallocr.o)
                0x1fff83f4                __malloc_free_list
 *(COMMON)
 COMMON         0x1fff83f8        0xc .\CortexM3\ARM_GCC_541\Debug\main.o
                0x1fff83f8                ADCPressureData
                0x1fff83fc                ADCData
 COMMON         0x1fff8404        0x8 .\CortexM3\ARM_GCC_541\Debug\PSOC5 Implement.a(ADC_TS410.o)
                0x1fff8404                ADC_TS410_finalArray
 COMMON         0x1fff840c        0xc .\CortexM3\ARM_GCC_541\Debug\PSOC5 Implement.a(ADC_TS410_SAR.o)
                0x1fff840c                ADC_TS410_SAR_countsPerVolt
                0x1fff8410                ADC_TS410_SAR_countsPer10Volt
                0x1fff8414                ADC_TS410_SAR_shift
                0x1fff8416                ADC_TS410_SAR_offset
 COMMON         0x1fff8418        0x4 .\CortexM3\ARM_GCC_541\Debug\PSOC5 Implement.a(ADC_DelSig.o)
                0x1fff8418                ADC_DelSig_CountsPerVolt
 COMMON         0x1fff841c        0x4 c:/program files (x86)/cypress/psoc creator/4.4/psoc creator/import/gnu/arm/5.4.1/bin/../lib/gcc/arm-none-eabi/5.4.1/../../../../arm-none-eabi/lib/armv7-m\libg_nano.a(lib_a-reent.o)
                0x1fff841c                errno
                0x1fff8420                . = ALIGN (0x8)
 *(.ram.b)
                0x1fff8420                _end = .
                0x1fff8420                __end = .
                0x1fff8420                PROVIDE (end, .)
                0x1fff8420                PROVIDE (__bss_end__, .)
                0x000047a0                __cy_region_init_ram = LOADADDR (.data)
                0x000000c8                __cy_region_init_size_ram = (_edata - ADDR (.data))
                0x00000290                __cy_region_zero_size_ram = (_end - _edata)

.heap           0x1fff8420       0x80 load address 0x00004868
                0x1fff8420                . = _end
                0x1fff84a0                . = (. + 0x80)
 *fill*         0x1fff8420       0x80 
                0x1fff84a0                __cy_heap_limit = .

.stack          0x20007800      0x800
                0x20007800                __cy_stack_limit = .
                0x20008000                . = (. + 0x800)
 *fill*         0x20007800      0x800 
                0x00000001                ASSERT ((__cy_stack_limit >= __cy_heap_limit), region RAM overflowed with stack)
                0x00000000                cy_checksum_exclude_size = (CY_APPL_LOADABLE == 0x1)?SIZEOF (.cy_checksum_exclude):0x0
                0x00000001                ASSERT ((cy_checksum_exclude_size <= CY_CHECKSUM_EXCLUDE_SIZE), CY_BOOT: Section .cy_checksum_exclude size exceedes specified limit.)

.cyloadermeta
 *(.cyloadermeta)

.cyloadablemeta
 *(.cyloadablemeta)

.cyconfigecc    0x80000000      0xddc
 *(.cyconfigecc)
 .cyconfigecc   0x80000000      0xddc .\CortexM3\ARM_GCC_541\Debug\cymetadata.o
                0x80000000                cy_meta_configecc

.cycustnvl      0x90000000        0x4
 *(.cycustnvl)
 .cycustnvl     0x90000000        0x4 .\CortexM3\ARM_GCC_541\Debug\cymetadata.o
                0x90000000                cy_meta_custnvl

.cywolatch      0x90100000        0x4
 *(.cywolatch)
 .cywolatch     0x90100000        0x4 .\CortexM3\ARM_GCC_541\Debug\cymetadata.o
                0x90100000                cy_meta_wonvl

.cyeeprom       0x90200000        0x0
 *(.cyeeprom)
                0x00000001                ASSERT ((. <= ((0x90200000 + ee_offset) + ee_size)), .cyeeprom data will not fit in EEPROM)

.cyflashprotect
                0x90400000      0x100
 *(.cyflashprotect)
 .cyflashprotect
                0x90400000      0x100 .\CortexM3\ARM_GCC_541\Debug\cymetadata.o
                0x90400000                cy_meta_flashprotect

.cymeta         0x90500000        0xc
 *(.cymeta)
 .cymeta        0x90500000        0xc .\CortexM3\ARM_GCC_541\Debug\cymetadata.o
                0x90500000                cy_metadata

.rel.dyn        0x00004868        0x0 load address 0x9050000c
 .rel.iplt      0x00004868        0x0 c:/program files (x86)/cypress/psoc creator/4.4/psoc creator/import/gnu/arm/5.4.1/bin/../lib/gcc/arm-none-eabi/5.4.1/armv7-m/crtbegin.o

.stab
 *(.stab)

.stabstr
 *(.stabstr)

.debug
 *(.debug)

.line
 *(.line)

.debug_srcinfo
 *(.debug_srcinfo)

.debug_sfnames
 *(.debug_sfnames)

.debug_aranges  0x00000000     0x1020
 *(.debug_aranges)
 .debug_aranges
                0x00000000       0x48 .\CortexM3\ARM_GCC_541\Debug\main.o
 .debug_aranges
                0x00000048       0x30 .\CortexM3\ARM_GCC_541\Debug\Pressure_Transducer.o
 .debug_aranges
                0x00000078       0x78 .\CortexM3\ARM_GCC_541\Debug\cyfitter_cfg.o
 .debug_aranges
                0x000000f0       0x18 .\CortexM3\ARM_GCC_541\Debug\cymetadata.o
 .debug_aranges
                0x00000108       0x48 .\CortexM3\ARM_GCC_541\Debug\Cm3Start.o
 .debug_aranges
                0x00000150       0xf0 .\CortexM3\ARM_GCC_541\Debug\PSOC5 Implement.a(UART_OEM.o)
 .debug_aranges
                0x00000240       0xf0 .\CortexM3\ARM_GCC_541\Debug\PSOC5 Implement.a(UART_RPI.o)
 .debug_aranges
                0x00000330       0xa0 .\CortexM3\ARM_GCC_541\Debug\PSOC5 Implement.a(UART_Debug.o)
 .debug_aranges
                0x000003d0       0x88 .\CortexM3\ARM_GCC_541\Debug\PSOC5 Implement.a(Timer_ISR.o)
 .debug_aranges
                0x00000458       0xa0 .\CortexM3\ARM_GCC_541\Debug\PSOC5 Implement.a(ADC_TS410.o)
 .debug_aranges
                0x000004f8       0x20 .\CortexM3\ARM_GCC_541\Debug\PSOC5 Implement.a(ADC_TS410_INT.o)
 .debug_aranges
                0x00000518       0x40 .\CortexM3\ARM_GCC_541\Debug\PSOC5 Implement.a(AMux.o)
 .debug_aranges
                0x00000558       0x70 .\CortexM3\ARM_GCC_541\Debug\PSOC5 Implement.a(UART_OEM_IntClock.o)
 .debug_aranges
                0x000005c8       0x70 .\CortexM3\ARM_GCC_541\Debug\PSOC5 Implement.a(UART_RPI_IntClock.o)
 .debug_aranges
                0x00000638       0x70 .\CortexM3\ARM_GCC_541\Debug\PSOC5 Implement.a(UART_Debug_IntClock.o)
 .debug_aranges
                0x000006a8       0xa8 .\CortexM3\ARM_GCC_541\Debug\PSOC5 Implement.a(ADC_TS410_SAR.o)
 .debug_aranges
                0x00000750       0x28 .\CortexM3\ARM_GCC_541\Debug\PSOC5 Implement.a(ADC_TS410_TempBuf_dma.o)
 .debug_aranges
                0x00000778       0x28 .\CortexM3\ARM_GCC_541\Debug\PSOC5 Implement.a(ADC_TS410_FinalBuf_dma.o)
 .debug_aranges
                0x000007a0       0x80 .\CortexM3\ARM_GCC_541\Debug\PSOC5 Implement.a(ADC_TS410_IRQ.o)
 .debug_aranges
                0x00000820       0xd8 .\CortexM3\ARM_GCC_541\Debug\PSOC5 Implement.a(CyDmac.o)
 .debug_aranges
                0x000008f8      0x2a0 .\CortexM3\ARM_GCC_541\Debug\PSOC5 Implement.a(CyLib.o)
 .debug_aranges
                0x00000b98       0x98 .\CortexM3\ARM_GCC_541\Debug\PSOC5 Implement.a(cyPm.o)
 .debug_aranges
                0x00000c30       0x38 .\CortexM3\ARM_GCC_541\Debug\PSOC5 Implement.a(USER_LED.o)
 .debug_aranges
                0x00000c68       0x80 .\CortexM3\ARM_GCC_541\Debug\PSOC5 Implement.a(Timer_Interrupt.o)
 .debug_aranges
                0x00000ce8       0xe8 .\CortexM3\ARM_GCC_541\Debug\PSOC5 Implement.a(ADC_DelSig.o)
 .debug_aranges
                0x00000dd0       0x38 .\CortexM3\ARM_GCC_541\Debug\PSOC5 Implement.a(ADC_DelSig_INT.o)
 .debug_aranges
                0x00000e08       0x70 .\CortexM3\ARM_GCC_541\Debug\PSOC5 Implement.a(ADC_DelSig_Ext_CP_Clk.o)
 .debug_aranges
                0x00000e78       0x80 .\CortexM3\ARM_GCC_541\Debug\PSOC5 Implement.a(ADC_DelSig_theACLK.o)
 .debug_aranges
                0x00000ef8       0x20 .\CortexM3\ARM_GCC_541\Debug\PSOC5 Implement.a(CyBootAsmGnu.o)
 .debug_aranges
                0x00000f18       0x88 .\CortexM3\ARM_GCC_541\Debug\PSOC5 Implement.a(CyFlash.o)
 .debug_aranges
                0x00000fa0       0x80 .\CortexM3\ARM_GCC_541\Debug\PSOC5 Implement.a(CySpc.o)

.debug_pubnames
 *(.debug_pubnames)

.debug_info     0x00000000     0x8fc7
 *(.debug_info .gnu.linkonce.wi.*)
 .debug_info    0x00000000      0x83c .\CortexM3\ARM_GCC_541\Debug\main.o
 .debug_info    0x0000083c      0x214 .\CortexM3\ARM_GCC_541\Debug\Pressure_Transducer.o
 .debug_info    0x00000a50      0x7e5 .\CortexM3\ARM_GCC_541\Debug\cyfitter_cfg.o
 .debug_info    0x00001235      0x139 .\CortexM3\ARM_GCC_541\Debug\cymetadata.o
 .debug_info    0x0000136e      0x3cf .\CortexM3\ARM_GCC_541\Debug\Cm3Start.o
 .debug_info    0x0000173d      0x60c .\CortexM3\ARM_GCC_541\Debug\PSOC5 Implement.a(UART_OEM.o)
 .debug_info    0x00001d49      0x60c .\CortexM3\ARM_GCC_541\Debug\PSOC5 Implement.a(UART_RPI.o)
 .debug_info    0x00002355      0x45c .\CortexM3\ARM_GCC_541\Debug\PSOC5 Implement.a(UART_Debug.o)
 .debug_info    0x000027b1      0x295 .\CortexM3\ARM_GCC_541\Debug\PSOC5 Implement.a(Timer_ISR.o)
 .debug_info    0x00002a46      0x6f2 .\CortexM3\ARM_GCC_541\Debug\PSOC5 Implement.a(ADC_TS410.o)
 .debug_info    0x00003138       0xa0 .\CortexM3\ARM_GCC_541\Debug\PSOC5 Implement.a(ADC_TS410_INT.o)
 .debug_info    0x000031d8      0x235 .\CortexM3\ARM_GCC_541\Debug\PSOC5 Implement.a(AMux.o)
 .debug_info    0x0000340d      0x283 .\CortexM3\ARM_GCC_541\Debug\PSOC5 Implement.a(UART_OEM_IntClock.o)
 .debug_info    0x00003690      0x283 .\CortexM3\ARM_GCC_541\Debug\PSOC5 Implement.a(UART_RPI_IntClock.o)
 .debug_info    0x00003913      0x283 .\CortexM3\ARM_GCC_541\Debug\PSOC5 Implement.a(UART_Debug_IntClock.o)
 .debug_info    0x00003b96      0x544 .\CortexM3\ARM_GCC_541\Debug\PSOC5 Implement.a(ADC_TS410_SAR.o)
 .debug_info    0x000040da      0x1a8 .\CortexM3\ARM_GCC_541\Debug\PSOC5 Implement.a(ADC_TS410_TempBuf_dma.o)
 .debug_info    0x00004282      0x1aa .\CortexM3\ARM_GCC_541\Debug\PSOC5 Implement.a(ADC_TS410_FinalBuf_dma.o)
 .debug_info    0x0000442c      0x2d2 .\CortexM3\ARM_GCC_541\Debug\PSOC5 Implement.a(ADC_TS410_IRQ.o)
 .debug_info    0x000046fe      0x94e .\CortexM3\ARM_GCC_541\Debug\PSOC5 Implement.a(CyDmac.o)
 .debug_info    0x0000504c     0x1374 .\CortexM3\ARM_GCC_541\Debug\PSOC5 Implement.a(CyLib.o)
 .debug_info    0x000063c0      0xa2a .\CortexM3\ARM_GCC_541\Debug\PSOC5 Implement.a(cyPm.o)
 .debug_info    0x00006dea      0x11f .\CortexM3\ARM_GCC_541\Debug\PSOC5 Implement.a(USER_LED.o)
 .debug_info    0x00006f09      0x2d2 .\CortexM3\ARM_GCC_541\Debug\PSOC5 Implement.a(Timer_Interrupt.o)
 .debug_info    0x000071db      0xb92 .\CortexM3\ARM_GCC_541\Debug\PSOC5 Implement.a(ADC_DelSig.o)
 .debug_info    0x00007d6d       0xd3 .\CortexM3\ARM_GCC_541\Debug\PSOC5 Implement.a(ADC_DelSig_INT.o)
 .debug_info    0x00007e40      0x283 .\CortexM3\ARM_GCC_541\Debug\PSOC5 Implement.a(ADC_DelSig_Ext_CP_Clk.o)
 .debug_info    0x000080c3      0x2c4 .\CortexM3\ARM_GCC_541\Debug\PSOC5 Implement.a(ADC_DelSig_theACLK.o)
 .debug_info    0x00008387       0xa3 .\CortexM3\ARM_GCC_541\Debug\PSOC5 Implement.a(CyBootAsmGnu.o)
 .debug_info    0x0000842a      0x64d .\CortexM3\ARM_GCC_541\Debug\PSOC5 Implement.a(CyFlash.o)
 .debug_info    0x00008a77      0x550 .\CortexM3\ARM_GCC_541\Debug\PSOC5 Implement.a(CySpc.o)

.debug_abbrev   0x00000000     0x2787
 *(.debug_abbrev)
 .debug_abbrev  0x00000000      0x25b .\CortexM3\ARM_GCC_541\Debug\main.o
 .debug_abbrev  0x0000025b       0xfb .\CortexM3\ARM_GCC_541\Debug\Pressure_Transducer.o
 .debug_abbrev  0x00000356      0x22d .\CortexM3\ARM_GCC_541\Debug\cyfitter_cfg.o
 .debug_abbrev  0x00000583       0x77 .\CortexM3\ARM_GCC_541\Debug\cymetadata.o
 .debug_abbrev  0x000005fa      0x1e8 .\CortexM3\ARM_GCC_541\Debug\Cm3Start.o
 .debug_abbrev  0x000007e2      0x175 .\CortexM3\ARM_GCC_541\Debug\PSOC5 Implement.a(UART_OEM.o)
 .debug_abbrev  0x00000957      0x175 .\CortexM3\ARM_GCC_541\Debug\PSOC5 Implement.a(UART_RPI.o)
 .debug_abbrev  0x00000acc      0x175 .\CortexM3\ARM_GCC_541\Debug\PSOC5 Implement.a(UART_Debug.o)
 .debug_abbrev  0x00000c41      0x11a .\CortexM3\ARM_GCC_541\Debug\PSOC5 Implement.a(Timer_ISR.o)
 .debug_abbrev  0x00000d5b      0x13e .\CortexM3\ARM_GCC_541\Debug\PSOC5 Implement.a(ADC_TS410.o)
 .debug_abbrev  0x00000e99       0x42 .\CortexM3\ARM_GCC_541\Debug\PSOC5 Implement.a(ADC_TS410_INT.o)
 .debug_abbrev  0x00000edb       0xbe .\CortexM3\ARM_GCC_541\Debug\PSOC5 Implement.a(AMux.o)
 .debug_abbrev  0x00000f99      0x139 .\CortexM3\ARM_GCC_541\Debug\PSOC5 Implement.a(UART_OEM_IntClock.o)
 .debug_abbrev  0x000010d2      0x139 .\CortexM3\ARM_GCC_541\Debug\PSOC5 Implement.a(UART_RPI_IntClock.o)
 .debug_abbrev  0x0000120b      0x139 .\CortexM3\ARM_GCC_541\Debug\PSOC5 Implement.a(UART_Debug_IntClock.o)
 .debug_abbrev  0x00001344      0x1ac .\CortexM3\ARM_GCC_541\Debug\PSOC5 Implement.a(ADC_TS410_SAR.o)
 .debug_abbrev  0x000014f0       0xcd .\CortexM3\ARM_GCC_541\Debug\PSOC5 Implement.a(ADC_TS410_TempBuf_dma.o)
 .debug_abbrev  0x000015bd       0xcd .\CortexM3\ARM_GCC_541\Debug\PSOC5 Implement.a(ADC_TS410_FinalBuf_dma.o)
 .debug_abbrev  0x0000168a      0x173 .\CortexM3\ARM_GCC_541\Debug\PSOC5 Implement.a(ADC_TS410_IRQ.o)
 .debug_abbrev  0x000017fd      0x1b2 .\CortexM3\ARM_GCC_541\Debug\PSOC5 Implement.a(CyDmac.o)
 .debug_abbrev  0x000019af      0x254 .\CortexM3\ARM_GCC_541\Debug\PSOC5 Implement.a(CyLib.o)
 .debug_abbrev  0x00001c03      0x1ab .\CortexM3\ARM_GCC_541\Debug\PSOC5 Implement.a(cyPm.o)
 .debug_abbrev  0x00001dae       0x90 .\CortexM3\ARM_GCC_541\Debug\PSOC5 Implement.a(USER_LED.o)
 .debug_abbrev  0x00001e3e      0x173 .\CortexM3\ARM_GCC_541\Debug\PSOC5 Implement.a(Timer_Interrupt.o)
 .debug_abbrev  0x00001fb1      0x1eb .\CortexM3\ARM_GCC_541\Debug\PSOC5 Implement.a(ADC_DelSig.o)
 .debug_abbrev  0x0000219c       0x42 .\CortexM3\ARM_GCC_541\Debug\PSOC5 Implement.a(ADC_DelSig_INT.o)
 .debug_abbrev  0x000021de      0x139 .\CortexM3\ARM_GCC_541\Debug\PSOC5 Implement.a(ADC_DelSig_Ext_CP_Clk.o)
 .debug_abbrev  0x00002317      0x121 .\CortexM3\ARM_GCC_541\Debug\PSOC5 Implement.a(ADC_DelSig_theACLK.o)
 .debug_abbrev  0x00002438       0x14 .\CortexM3\ARM_GCC_541\Debug\PSOC5 Implement.a(CyBootAsmGnu.o)
 .debug_abbrev  0x0000244c      0x1a7 .\CortexM3\ARM_GCC_541\Debug\PSOC5 Implement.a(CyFlash.o)
 .debug_abbrev  0x000025f3      0x194 .\CortexM3\ARM_GCC_541\Debug\PSOC5 Implement.a(CySpc.o)

.debug_line     0x00000000     0x3c65
 *(.debug_line)
 .debug_line    0x00000000      0x33e .\CortexM3\ARM_GCC_541\Debug\main.o
 .debug_line    0x0000033e      0x1b7 .\CortexM3\ARM_GCC_541\Debug\Pressure_Transducer.o
 .debug_line    0x000004f5      0x262 .\CortexM3\ARM_GCC_541\Debug\cyfitter_cfg.o
 .debug_line    0x00000757      0x141 .\CortexM3\ARM_GCC_541\Debug\cymetadata.o
 .debug_line    0x00000898      0x241 .\CortexM3\ARM_GCC_541\Debug\Cm3Start.o
 .debug_line    0x00000ad9      0x2c4 .\CortexM3\ARM_GCC_541\Debug\PSOC5 Implement.a(UART_OEM.o)
 .debug_line    0x00000d9d      0x2c4 .\CortexM3\ARM_GCC_541\Debug\PSOC5 Implement.a(UART_RPI.o)
 .debug_line    0x00001061      0x1fc .\CortexM3\ARM_GCC_541\Debug\PSOC5 Implement.a(UART_Debug.o)
 .debug_line    0x0000125d      0x157 .\CortexM3\ARM_GCC_541\Debug\PSOC5 Implement.a(Timer_ISR.o)
 .debug_line    0x000013b4      0x220 .\CortexM3\ARM_GCC_541\Debug\PSOC5 Implement.a(ADC_TS410.o)
 .debug_line    0x000015d4       0x56 .\CortexM3\ARM_GCC_541\Debug\PSOC5 Implement.a(ADC_TS410_INT.o)
 .debug_line    0x0000162a       0xd4 .\CortexM3\ARM_GCC_541\Debug\PSOC5 Implement.a(AMux.o)
 .debug_line    0x000016fe      0x180 .\CortexM3\ARM_GCC_541\Debug\PSOC5 Implement.a(UART_OEM_IntClock.o)
 .debug_line    0x0000187e      0x180 .\CortexM3\ARM_GCC_541\Debug\PSOC5 Implement.a(UART_RPI_IntClock.o)
 .debug_line    0x000019fe      0x182 .\CortexM3\ARM_GCC_541\Debug\PSOC5 Implement.a(UART_Debug_IntClock.o)
 .debug_line    0x00001b80      0x209 .\CortexM3\ARM_GCC_541\Debug\PSOC5 Implement.a(ADC_TS410_SAR.o)
 .debug_line    0x00001d89       0x8e .\CortexM3\ARM_GCC_541\Debug\PSOC5 Implement.a(ADC_TS410_TempBuf_dma.o)
 .debug_line    0x00001e17       0x8f .\CortexM3\ARM_GCC_541\Debug\PSOC5 Implement.a(ADC_TS410_FinalBuf_dma.o)
 .debug_line    0x00001ea6      0x13a .\CortexM3\ARM_GCC_541\Debug\PSOC5 Implement.a(ADC_TS410_IRQ.o)
 .debug_line    0x00001fe0      0x2e4 .\CortexM3\ARM_GCC_541\Debug\PSOC5 Implement.a(CyDmac.o)
 .debug_line    0x000022c4      0x816 .\CortexM3\ARM_GCC_541\Debug\PSOC5 Implement.a(CyLib.o)
 .debug_line    0x00002ada      0x367 .\CortexM3\ARM_GCC_541\Debug\PSOC5 Implement.a(cyPm.o)
 .debug_line    0x00002e41       0x95 .\CortexM3\ARM_GCC_541\Debug\PSOC5 Implement.a(USER_LED.o)
 .debug_line    0x00002ed6      0x13c .\CortexM3\ARM_GCC_541\Debug\PSOC5 Implement.a(Timer_Interrupt.o)
 .debug_line    0x00003012      0x3c4 .\CortexM3\ARM_GCC_541\Debug\PSOC5 Implement.a(ADC_DelSig.o)
 .debug_line    0x000033d6       0x87 .\CortexM3\ARM_GCC_541\Debug\PSOC5 Implement.a(ADC_DelSig_INT.o)
 .debug_line    0x0000345d      0x184 .\CortexM3\ARM_GCC_541\Debug\PSOC5 Implement.a(ADC_DelSig_Ext_CP_Clk.o)
 .debug_line    0x000035e1      0x1a4 .\CortexM3\ARM_GCC_541\Debug\PSOC5 Implement.a(ADC_DelSig_theACLK.o)
 .debug_line    0x00003785       0x66 .\CortexM3\ARM_GCC_541\Debug\PSOC5 Implement.a(CyBootAsmGnu.o)
 .debug_line    0x000037eb      0x21a .\CortexM3\ARM_GCC_541\Debug\PSOC5 Implement.a(CyFlash.o)
 .debug_line    0x00003a05      0x260 .\CortexM3\ARM_GCC_541\Debug\PSOC5 Implement.a(CySpc.o)

.debug_frame    0x00000000     0x2e54
 *(.debug_frame)
 .debug_frame   0x00000000       0xc8 .\CortexM3\ARM_GCC_541\Debug\main.o
 .debug_frame   0x000000c8       0x64 .\CortexM3\ARM_GCC_541\Debug\Pressure_Transducer.o
 .debug_frame   0x0000012c      0x13c .\CortexM3\ARM_GCC_541\Debug\cyfitter_cfg.o
 .debug_frame   0x00000268       0xb8 .\CortexM3\ARM_GCC_541\Debug\Cm3Start.o
 .debug_frame   0x00000320      0x250 .\CortexM3\ARM_GCC_541\Debug\PSOC5 Implement.a(UART_OEM.o)
 .debug_frame   0x00000570      0x250 .\CortexM3\ARM_GCC_541\Debug\PSOC5 Implement.a(UART_RPI.o)
 .debug_frame   0x000007c0      0x198 .\CortexM3\ARM_GCC_541\Debug\PSOC5 Implement.a(UART_Debug.o)
 .debug_frame   0x00000958      0x108 .\CortexM3\ARM_GCC_541\Debug\PSOC5 Implement.a(Timer_ISR.o)
 .debug_frame   0x00000a60      0x1dc .\CortexM3\ARM_GCC_541\Debug\PSOC5 Implement.a(ADC_TS410.o)
 .debug_frame   0x00000c3c       0x20 .\CortexM3\ARM_GCC_541\Debug\PSOC5 Implement.a(ADC_TS410_INT.o)
 .debug_frame   0x00000c5c       0x9c .\CortexM3\ARM_GCC_541\Debug\PSOC5 Implement.a(AMux.o)
 .debug_frame   0x00000cf8       0xe0 .\CortexM3\ARM_GCC_541\Debug\PSOC5 Implement.a(UART_OEM_IntClock.o)
 .debug_frame   0x00000dd8       0xe0 .\CortexM3\ARM_GCC_541\Debug\PSOC5 Implement.a(UART_RPI_IntClock.o)
 .debug_frame   0x00000eb8       0xe0 .\CortexM3\ARM_GCC_541\Debug\PSOC5 Implement.a(UART_Debug_IntClock.o)
 .debug_frame   0x00000f98      0x1b0 .\CortexM3\ARM_GCC_541\Debug\PSOC5 Implement.a(ADC_TS410_SAR.o)
 .debug_frame   0x00001148       0x54 .\CortexM3\ARM_GCC_541\Debug\PSOC5 Implement.a(ADC_TS410_TempBuf_dma.o)
 .debug_frame   0x0000119c       0x54 .\CortexM3\ARM_GCC_541\Debug\PSOC5 Implement.a(ADC_TS410_FinalBuf_dma.o)
 .debug_frame   0x000011f0      0x104 .\CortexM3\ARM_GCC_541\Debug\PSOC5 Implement.a(ADC_TS410_IRQ.o)
 .debug_frame   0x000012f4      0x1f8 .\CortexM3\ARM_GCC_541\Debug\PSOC5 Implement.a(CyDmac.o)
 .debug_frame   0x000014ec      0x738 .\CortexM3\ARM_GCC_541\Debug\PSOC5 Implement.a(CyLib.o)
 .debug_frame   0x00001c24      0x1f8 .\CortexM3\ARM_GCC_541\Debug\PSOC5 Implement.a(cyPm.o)
 .debug_frame   0x00001e1c       0x50 .\CortexM3\ARM_GCC_541\Debug\PSOC5 Implement.a(USER_LED.o)
 .debug_frame   0x00001e6c      0x104 .\CortexM3\ARM_GCC_541\Debug\PSOC5 Implement.a(Timer_Interrupt.o)
 .debug_frame   0x00001f70      0x284 .\CortexM3\ARM_GCC_541\Debug\PSOC5 Implement.a(ADC_DelSig.o)
 .debug_frame   0x000021f4       0x50 .\CortexM3\ARM_GCC_541\Debug\PSOC5 Implement.a(ADC_DelSig_INT.o)
 .debug_frame   0x00002244       0xe0 .\CortexM3\ARM_GCC_541\Debug\PSOC5 Implement.a(ADC_DelSig_Ext_CP_Clk.o)
 .debug_frame   0x00002324      0x100 .\CortexM3\ARM_GCC_541\Debug\PSOC5 Implement.a(ADC_DelSig_theACLK.o)
 .debug_frame   0x00002424      0x194 .\CortexM3\ARM_GCC_541\Debug\PSOC5 Implement.a(CyFlash.o)
 .debug_frame   0x000025b8      0x180 .\CortexM3\ARM_GCC_541\Debug\PSOC5 Implement.a(CySpc.o)
 .debug_frame   0x00002738       0x44 c:/program files (x86)/cypress/psoc creator/4.4/psoc creator/import/gnu/arm/5.4.1/bin/../lib/gcc/arm-none-eabi/5.4.1/armv7-m\libgcc.a(_aeabi_ldivmod.o)
 .debug_frame   0x0000277c       0x38 c:/program files (x86)/cypress/psoc creator/4.4/psoc creator/import/gnu/arm/5.4.1/bin/../lib/gcc/arm-none-eabi/5.4.1/armv7-m\libgcc.a(_udivmoddi4.o)
 .debug_frame   0x000027b4       0x20 c:/program files (x86)/cypress/psoc creator/4.4/psoc creator/import/gnu/arm/5.4.1/bin/../lib/gcc/arm-none-eabi/5.4.1/../../../../arm-none-eabi/lib/armv7-m\libg_nano.a(lib_a-errno.o)
 .debug_frame   0x000027d4       0x28 c:/program files (x86)/cypress/psoc creator/4.4/psoc creator/import/gnu/arm/5.4.1/bin/../lib/gcc/arm-none-eabi/5.4.1/../../../../arm-none-eabi/lib/armv7-m\libg_nano.a(lib_a-exit.o)
 .debug_frame   0x000027fc       0x2c c:/program files (x86)/cypress/psoc creator/4.4/psoc creator/import/gnu/arm/5.4.1/bin/../lib/gcc/arm-none-eabi/5.4.1/../../../../arm-none-eabi/lib/armv7-m\libg_nano.a(lib_a-init.o)
 .debug_frame   0x00002828       0x28 c:/program files (x86)/cypress/psoc creator/4.4/psoc creator/import/gnu/arm/5.4.1/bin/../lib/gcc/arm-none-eabi/5.4.1/../../../../arm-none-eabi/lib/armv7-m\libg_nano.a(lib_a-memcpy-stub.o)
 .debug_frame   0x00002850       0x20 c:/program files (x86)/cypress/psoc creator/4.4/psoc creator/import/gnu/arm/5.4.1/bin/../lib/gcc/arm-none-eabi/5.4.1/../../../../arm-none-eabi/lib/armv7-m\libg_nano.a(lib_a-memset.o)
 .debug_frame   0x00002870       0x8c c:/program files (x86)/cypress/psoc creator/4.4/psoc creator/import/gnu/arm/5.4.1/bin/../lib/gcc/arm-none-eabi/5.4.1/../../../../arm-none-eabi/lib/armv7-m\libg_nano.a(lib_a-nano-vfprintf_float.o)
 .debug_frame   0x000028fc       0x60 c:/program files (x86)/cypress/psoc creator/4.4/psoc creator/import/gnu/arm/5.4.1/bin/../lib/gcc/arm-none-eabi/5.4.1/../../../../arm-none-eabi/lib/armv7-m\libg_nano.a(lib_a-nano-vfprintf_i.o)
 .debug_frame   0x0000295c       0x6c c:/program files (x86)/cypress/psoc creator/4.4/psoc creator/import/gnu/arm/5.4.1/bin/../lib/gcc/arm-none-eabi/5.4.1/../../../../arm-none-eabi/lib/armv7-m\libg_nano.a(lib_a-dtoa.o)
 .debug_frame   0x000029c8       0x98 c:/program files (x86)/cypress/psoc creator/4.4/psoc creator/import/gnu/arm/5.4.1/bin/../lib/gcc/arm-none-eabi/5.4.1/../../../../arm-none-eabi/lib/armv7-m\libg_nano.a(lib_a-locale.o)
 .debug_frame   0x00002a60       0x30 c:/program files (x86)/cypress/psoc creator/4.4/psoc creator/import/gnu/arm/5.4.1/bin/../lib/gcc/arm-none-eabi/5.4.1/../../../../arm-none-eabi/lib/armv7-m\libg_nano.a(lib_a-malloc.o)
 .debug_frame   0x00002a90       0x28 c:/program files (x86)/cypress/psoc creator/4.4/psoc creator/import/gnu/arm/5.4.1/bin/../lib/gcc/arm-none-eabi/5.4.1/../../../../arm-none-eabi/lib/armv7-m\libg_nano.a(lib_a-memchr-stub.o)
 .debug_frame   0x00002ab8      0x234 c:/program files (x86)/cypress/psoc creator/4.4/psoc creator/import/gnu/arm/5.4.1/bin/../lib/gcc/arm-none-eabi/5.4.1/../../../../arm-none-eabi/lib/armv7-m\libg_nano.a(lib_a-mprec.o)
 .debug_frame   0x00002cec       0x2c c:/program files (x86)/cypress/psoc creator/4.4/psoc creator/import/gnu/arm/5.4.1/bin/../lib/gcc/arm-none-eabi/5.4.1/../../../../arm-none-eabi/lib/armv7-m\libg_nano.a(lib_a-nano-callocr.o)
 .debug_frame   0x00002d18       0x38 c:/program files (x86)/cypress/psoc creator/4.4/psoc creator/import/gnu/arm/5.4.1/bin/../lib/gcc/arm-none-eabi/5.4.1/../../../../arm-none-eabi/lib/armv7-m\libg_nano.a(lib_a-nano-freer.o)
 .debug_frame   0x00002d50       0x2c c:/program files (x86)/cypress/psoc creator/4.4/psoc creator/import/gnu/arm/5.4.1/bin/../lib/gcc/arm-none-eabi/5.4.1/../../../../arm-none-eabi/lib/armv7-m\libg_nano.a(lib_a-nano-mallocr.o)
 .debug_frame   0x00002d7c       0x2c c:/program files (x86)/cypress/psoc creator/4.4/psoc creator/import/gnu/arm/5.4.1/bin/../lib/gcc/arm-none-eabi/5.4.1/../../../../arm-none-eabi/lib/armv7-m\libg_nano.a(lib_a-sbrkr.o)
 .debug_frame   0x00002da8       0x20 c:/program files (x86)/cypress/psoc creator/4.4/psoc creator/import/gnu/arm/5.4.1/bin/../lib/gcc/arm-none-eabi/5.4.1/../../../../arm-none-eabi/lib/armv7-m\libg_nano.a(lib_a-strcmp.o)
 .debug_frame   0x00002dc8       0x30 c:/program files (x86)/cypress/psoc creator/4.4/psoc creator/import/gnu/arm/5.4.1/bin/../lib/gcc/arm-none-eabi/5.4.1/../../../../arm-none-eabi/lib/armv7-m\libg_nano.a(lib_a-mlock.o)
 .debug_frame   0x00002df8       0x5c c:/program files (x86)/cypress/psoc creator/4.4/psoc creator/import/gnu/arm/5.4.1/bin/../lib/gcc/arm-none-eabi/5.4.1/../../../../arm-none-eabi/lib/armv7-m\libg_nano.a(lib_a-reent.o)

.debug_str      0x00000000     0x3987
 *(.debug_str)
 .debug_str     0x00000000      0x534 .\CortexM3\ARM_GCC_541\Debug\main.o
                                0x5a3 (size before relaxing)
 .debug_str     0x00000534       0xa1 .\CortexM3\ARM_GCC_541\Debug\Pressure_Transducer.o
                                0x2a5 (size before relaxing)
 .debug_str     0x000005d5      0x2dd .\CortexM3\ARM_GCC_541\Debug\cyfitter_cfg.o
                                0x439 (size before relaxing)
 .debug_str     0x000008b2       0x75 .\CortexM3\ARM_GCC_541\Debug\cymetadata.o
                                0x1f7 (size before relaxing)
 .debug_str     0x00000927      0x154 .\CortexM3\ARM_GCC_541\Debug\Cm3Start.o
                                0x32d (size before relaxing)
 .debug_str     0x00000a7b      0x341 .\CortexM3\ARM_GCC_541\Debug\PSOC5 Implement.a(UART_OEM.o)
                                0x504 (size before relaxing)
 .debug_str     0x00000dbc      0x282 .\CortexM3\ARM_GCC_541\Debug\PSOC5 Implement.a(UART_RPI.o)
                                0x504 (size before relaxing)
 .debug_str     0x0000103e      0x1c7 .\CortexM3\ARM_GCC_541\Debug\PSOC5 Implement.a(UART_Debug.o)
                                0x42f (size before relaxing)
 .debug_str     0x00001205      0x16d .\CortexM3\ARM_GCC_541\Debug\PSOC5 Implement.a(Timer_ISR.o)
                                0x348 (size before relaxing)
 .debug_str     0x00001372      0x40a .\CortexM3\ARM_GCC_541\Debug\PSOC5 Implement.a(ADC_TS410.o)
                                0x68f (size before relaxing)
 .debug_str     0x0000177c       0x35 .\CortexM3\ARM_GCC_541\Debug\PSOC5 Implement.a(ADC_TS410_INT.o)
                                0x1c3 (size before relaxing)
 .debug_str     0x000017b1       0x58 .\CortexM3\ARM_GCC_541\Debug\PSOC5 Implement.a(AMux.o)
                                0x25b (size before relaxing)
 .debug_str     0x00001809      0x1b1 .\CortexM3\ARM_GCC_541\Debug\PSOC5 Implement.a(UART_OEM_IntClock.o)
                                0x379 (size before relaxing)
 .debug_str     0x000019ba      0x160 .\CortexM3\ARM_GCC_541\Debug\PSOC5 Implement.a(UART_RPI_IntClock.o)
                                0x379 (size before relaxing)
 .debug_str     0x00001b1a      0x174 .\CortexM3\ARM_GCC_541\Debug\PSOC5 Implement.a(UART_Debug_IntClock.o)
                                0x391 (size before relaxing)
 .debug_str     0x00001c8e      0x139 .\CortexM3\ARM_GCC_541\Debug\PSOC5 Implement.a(ADC_TS410_SAR.o)
                                0x4e1 (size before relaxing)
 .debug_str     0x00001dc7       0xe5 .\CortexM3\ARM_GCC_541\Debug\PSOC5 Implement.a(ADC_TS410_TempBuf_dma.o)
                                0x2af (size before relaxing)
 .debug_str     0x00001eac       0x6b .\CortexM3\ARM_GCC_541\Debug\PSOC5 Implement.a(ADC_TS410_FinalBuf_dma.o)
                                0x2b3 (size before relaxing)
 .debug_str     0x00001f17      0x13c .\CortexM3\ARM_GCC_541\Debug\PSOC5 Implement.a(ADC_TS410_IRQ.o)
                                0x329 (size before relaxing)
 .debug_str     0x00002053      0x280 .\CortexM3\ARM_GCC_541\Debug\PSOC5 Implement.a(CyDmac.o)
                                0x55d (size before relaxing)
 .debug_str     0x000022d3      0x7d8 .\CortexM3\ARM_GCC_541\Debug\PSOC5 Implement.a(CyLib.o)
                                0xa5a (size before relaxing)
 .debug_str     0x00002aab      0x365 .\CortexM3\ARM_GCC_541\Debug\PSOC5 Implement.a(cyPm.o)
                                0x746 (size before relaxing)
 .debug_str     0x00002e10       0x66 .\CortexM3\ARM_GCC_541\Debug\PSOC5 Implement.a(USER_LED.o)
                                0x204 (size before relaxing)
 .debug_str     0x00002e76      0x15a .\CortexM3\ARM_GCC_541\Debug\PSOC5 Implement.a(Timer_Interrupt.o)
                                0x345 (size before relaxing)
 .debug_str     0x00002fd0      0x3d5 .\CortexM3\ARM_GCC_541\Debug\PSOC5 Implement.a(ADC_DelSig.o)
                                0x6e4 (size before relaxing)
 .debug_str     0x000033a5       0x68 .\CortexM3\ARM_GCC_541\Debug\PSOC5 Implement.a(ADC_DelSig_INT.o)
                                0x1f6 (size before relaxing)
 .debug_str     0x0000340d      0x170 .\CortexM3\ARM_GCC_541\Debug\PSOC5 Implement.a(ADC_DelSig_Ext_CP_Clk.o)
                                0x3a9 (size before relaxing)
 .debug_str     0x0000357d      0x1a3 .\CortexM3\ARM_GCC_541\Debug\PSOC5 Implement.a(ADC_DelSig_theACLK.o)
                                0x3d6 (size before relaxing)
 .debug_str     0x00003720      0x1bb .\CortexM3\ARM_GCC_541\Debug\PSOC5 Implement.a(CyFlash.o)
                                0x3d3 (size before relaxing)
 .debug_str     0x000038db       0xac .\CortexM3\ARM_GCC_541\Debug\PSOC5 Implement.a(CySpc.o)
                                0x34b (size before relaxing)

.debug_loc      0x00000000     0x4379
 *(.debug_loc)
 .debug_loc     0x00000000      0x2c1 .\CortexM3\ARM_GCC_541\Debug\main.o
 .debug_loc     0x000002c1       0x79 .\CortexM3\ARM_GCC_541\Debug\Pressure_Transducer.o
 .debug_loc     0x0000033a      0x333 .\CortexM3\ARM_GCC_541\Debug\cyfitter_cfg.o
 .debug_loc     0x0000066d      0x144 .\CortexM3\ARM_GCC_541\Debug\Cm3Start.o
 .debug_loc     0x000007b1      0x258 .\CortexM3\ARM_GCC_541\Debug\PSOC5 Implement.a(UART_OEM.o)
 .debug_loc     0x00000a09      0x258 .\CortexM3\ARM_GCC_541\Debug\PSOC5 Implement.a(UART_RPI.o)
 .debug_loc     0x00000c61      0x1f7 .\CortexM3\ARM_GCC_541\Debug\PSOC5 Implement.a(UART_Debug.o)
 .debug_loc     0x00000e58      0x13c .\CortexM3\ARM_GCC_541\Debug\PSOC5 Implement.a(ADC_TS410.o)
 .debug_loc     0x00000f94       0xae .\CortexM3\ARM_GCC_541\Debug\PSOC5 Implement.a(AMux.o)
 .debug_loc     0x00001042      0x128 .\CortexM3\ARM_GCC_541\Debug\PSOC5 Implement.a(UART_OEM_IntClock.o)
 .debug_loc     0x0000116a      0x128 .\CortexM3\ARM_GCC_541\Debug\PSOC5 Implement.a(UART_RPI_IntClock.o)
 .debug_loc     0x00001292      0x128 .\CortexM3\ARM_GCC_541\Debug\PSOC5 Implement.a(UART_Debug_IntClock.o)
 .debug_loc     0x000013ba      0x295 .\CortexM3\ARM_GCC_541\Debug\PSOC5 Implement.a(ADC_TS410_SAR.o)
 .debug_loc     0x0000164f       0x84 .\CortexM3\ARM_GCC_541\Debug\PSOC5 Implement.a(ADC_TS410_TempBuf_dma.o)
 .debug_loc     0x000016d3       0x84 .\CortexM3\ARM_GCC_541\Debug\PSOC5 Implement.a(ADC_TS410_FinalBuf_dma.o)
 .debug_loc     0x00001757       0x56 .\CortexM3\ARM_GCC_541\Debug\PSOC5 Implement.a(ADC_TS410_IRQ.o)
 .debug_loc     0x000017ad      0xb8e .\CortexM3\ARM_GCC_541\Debug\PSOC5 Implement.a(CyDmac.o)
 .debug_loc     0x0000233b      0xa11 .\CortexM3\ARM_GCC_541\Debug\PSOC5 Implement.a(CyLib.o)
 .debug_loc     0x00002d4c      0x1e4 .\CortexM3\ARM_GCC_541\Debug\PSOC5 Implement.a(cyPm.o)
 .debug_loc     0x00002f30       0x42 .\CortexM3\ARM_GCC_541\Debug\PSOC5 Implement.a(USER_LED.o)
 .debug_loc     0x00002f72       0x56 .\CortexM3\ARM_GCC_541\Debug\PSOC5 Implement.a(Timer_Interrupt.o)
 .debug_loc     0x00002fc8      0x681 .\CortexM3\ARM_GCC_541\Debug\PSOC5 Implement.a(ADC_DelSig.o)
 .debug_loc     0x00003649      0x12c .\CortexM3\ARM_GCC_541\Debug\PSOC5 Implement.a(ADC_DelSig_Ext_CP_Clk.o)
 .debug_loc     0x00003775      0x14d .\CortexM3\ARM_GCC_541\Debug\PSOC5 Implement.a(ADC_DelSig_theACLK.o)
 .debug_loc     0x000038c2      0x3b2 .\CortexM3\ARM_GCC_541\Debug\PSOC5 Implement.a(CyFlash.o)
 .debug_loc     0x00003c74      0x705 .\CortexM3\ARM_GCC_541\Debug\PSOC5 Implement.a(CySpc.o)

.debug_macinfo
 *(.debug_macinfo)

.debug_ranges   0x00000000      0xe48
 *(.debug_ranges)
 .debug_ranges  0x00000000       0x68 .\CortexM3\ARM_GCC_541\Debug\main.o
 .debug_ranges  0x00000068       0x20 .\CortexM3\ARM_GCC_541\Debug\Pressure_Transducer.o
 .debug_ranges  0x00000088       0x68 .\CortexM3\ARM_GCC_541\Debug\cyfitter_cfg.o
 .debug_ranges  0x000000f0       0x38 .\CortexM3\ARM_GCC_541\Debug\Cm3Start.o
 .debug_ranges  0x00000128       0xe0 .\CortexM3\ARM_GCC_541\Debug\PSOC5 Implement.a(UART_OEM.o)
 .debug_ranges  0x00000208       0xe0 .\CortexM3\ARM_GCC_541\Debug\PSOC5 Implement.a(UART_RPI.o)
 .debug_ranges  0x000002e8       0x90 .\CortexM3\ARM_GCC_541\Debug\PSOC5 Implement.a(UART_Debug.o)
 .debug_ranges  0x00000378       0x78 .\CortexM3\ARM_GCC_541\Debug\PSOC5 Implement.a(Timer_ISR.o)
 .debug_ranges  0x000003f0       0x90 .\CortexM3\ARM_GCC_541\Debug\PSOC5 Implement.a(ADC_TS410.o)
 .debug_ranges  0x00000480       0x10 .\CortexM3\ARM_GCC_541\Debug\PSOC5 Implement.a(ADC_TS410_INT.o)
 .debug_ranges  0x00000490       0x30 .\CortexM3\ARM_GCC_541\Debug\PSOC5 Implement.a(AMux.o)
 .debug_ranges  0x000004c0       0x60 .\CortexM3\ARM_GCC_541\Debug\PSOC5 Implement.a(UART_OEM_IntClock.o)
 .debug_ranges  0x00000520       0x60 .\CortexM3\ARM_GCC_541\Debug\PSOC5 Implement.a(UART_RPI_IntClock.o)
 .debug_ranges  0x00000580       0x60 .\CortexM3\ARM_GCC_541\Debug\PSOC5 Implement.a(UART_Debug_IntClock.o)
 .debug_ranges  0x000005e0       0x98 .\CortexM3\ARM_GCC_541\Debug\PSOC5 Implement.a(ADC_TS410_SAR.o)
 .debug_ranges  0x00000678       0x18 .\CortexM3\ARM_GCC_541\Debug\PSOC5 Implement.a(ADC_TS410_TempBuf_dma.o)
 .debug_ranges  0x00000690       0x18 .\CortexM3\ARM_GCC_541\Debug\PSOC5 Implement.a(ADC_TS410_FinalBuf_dma.o)
 .debug_ranges  0x000006a8       0x70 .\CortexM3\ARM_GCC_541\Debug\PSOC5 Implement.a(ADC_TS410_IRQ.o)
 .debug_ranges  0x00000718       0xc8 .\CortexM3\ARM_GCC_541\Debug\PSOC5 Implement.a(CyDmac.o)
 .debug_ranges  0x000007e0      0x290 .\CortexM3\ARM_GCC_541\Debug\PSOC5 Implement.a(CyLib.o)
 .debug_ranges  0x00000a70       0x88 .\CortexM3\ARM_GCC_541\Debug\PSOC5 Implement.a(cyPm.o)
 .debug_ranges  0x00000af8       0x28 .\CortexM3\ARM_GCC_541\Debug\PSOC5 Implement.a(USER_LED.o)
 .debug_ranges  0x00000b20       0x70 .\CortexM3\ARM_GCC_541\Debug\PSOC5 Implement.a(Timer_Interrupt.o)
 .debug_ranges  0x00000b90       0xd8 .\CortexM3\ARM_GCC_541\Debug\PSOC5 Implement.a(ADC_DelSig.o)
 .debug_ranges  0x00000c68       0x28 .\CortexM3\ARM_GCC_541\Debug\PSOC5 Implement.a(ADC_DelSig_INT.o)
 .debug_ranges  0x00000c90       0x60 .\CortexM3\ARM_GCC_541\Debug\PSOC5 Implement.a(ADC_DelSig_Ext_CP_Clk.o)
 .debug_ranges  0x00000cf0       0x70 .\CortexM3\ARM_GCC_541\Debug\PSOC5 Implement.a(ADC_DelSig_theACLK.o)
 .debug_ranges  0x00000d60       0x78 .\CortexM3\ARM_GCC_541\Debug\PSOC5 Implement.a(CyFlash.o)
 .debug_ranges  0x00000dd8       0x70 .\CortexM3\ARM_GCC_541\Debug\PSOC5 Implement.a(CySpc.o)

.comment        0x00000000       0x6e
 .comment       0x00000000       0x6e .\CortexM3\ARM_GCC_541\Debug\main.o
                                 0x6f (size before relaxing)
 .comment       0x0000006e       0x6f .\CortexM3\ARM_GCC_541\Debug\Pressure_Transducer.o
 .comment       0x0000006e       0x6f .\CortexM3\ARM_GCC_541\Debug\cyfitter_cfg.o
 .comment       0x0000006e       0x6f .\CortexM3\ARM_GCC_541\Debug\cymetadata.o
 .comment       0x0000006e       0x6f .\CortexM3\ARM_GCC_541\Debug\Cm3Start.o
 .comment       0x0000006e       0x6f .\CortexM3\ARM_GCC_541\Debug\PSOC5 Implement.a(UART_OEM.o)
 .comment       0x0000006e       0x6f .\CortexM3\ARM_GCC_541\Debug\PSOC5 Implement.a(UART_RPI.o)
 .comment       0x0000006e       0x6f .\CortexM3\ARM_GCC_541\Debug\PSOC5 Implement.a(UART_Debug.o)
 .comment       0x0000006e       0x6f .\CortexM3\ARM_GCC_541\Debug\PSOC5 Implement.a(Timer_ISR.o)
 .comment       0x0000006e       0x6f .\CortexM3\ARM_GCC_541\Debug\PSOC5 Implement.a(ADC_TS410.o)
 .comment       0x0000006e       0x6f .\CortexM3\ARM_GCC_541\Debug\PSOC5 Implement.a(ADC_TS410_INT.o)
 .comment       0x0000006e       0x6f .\CortexM3\ARM_GCC_541\Debug\PSOC5 Implement.a(AMux.o)
 .comment       0x0000006e       0x6f .\CortexM3\ARM_GCC_541\Debug\PSOC5 Implement.a(UART_OEM_IntClock.o)
 .comment       0x0000006e       0x6f .\CortexM3\ARM_GCC_541\Debug\PSOC5 Implement.a(UART_RPI_IntClock.o)
 .comment       0x0000006e       0x6f .\CortexM3\ARM_GCC_541\Debug\PSOC5 Implement.a(UART_Debug_IntClock.o)
 .comment       0x0000006e       0x6f .\CortexM3\ARM_GCC_541\Debug\PSOC5 Implement.a(ADC_TS410_SAR.o)
 .comment       0x0000006e       0x6f .\CortexM3\ARM_GCC_541\Debug\PSOC5 Implement.a(ADC_TS410_TempBuf_dma.o)
 .comment       0x0000006e       0x6f .\CortexM3\ARM_GCC_541\Debug\PSOC5 Implement.a(ADC_TS410_FinalBuf_dma.o)
 .comment       0x0000006e       0x6f .\CortexM3\ARM_GCC_541\Debug\PSOC5 Implement.a(ADC_TS410_IRQ.o)
 .comment       0x0000006e       0x6f .\CortexM3\ARM_GCC_541\Debug\PSOC5 Implement.a(CyDmac.o)
 .comment       0x0000006e       0x6f .\CortexM3\ARM_GCC_541\Debug\PSOC5 Implement.a(CyLib.o)
 .comment       0x0000006e       0x6f .\CortexM3\ARM_GCC_541\Debug\PSOC5 Implement.a(cyPm.o)
 .comment       0x0000006e       0x6f .\CortexM3\ARM_GCC_541\Debug\PSOC5 Implement.a(USER_LED.o)
 .comment       0x0000006e       0x6f .\CortexM3\ARM_GCC_541\Debug\PSOC5 Implement.a(Timer_Interrupt.o)
 .comment       0x0000006e       0x6f .\CortexM3\ARM_GCC_541\Debug\PSOC5 Implement.a(ADC_DelSig.o)
 .comment       0x0000006e       0x6f .\CortexM3\ARM_GCC_541\Debug\PSOC5 Implement.a(ADC_DelSig_INT.o)
 .comment       0x0000006e       0x6f .\CortexM3\ARM_GCC_541\Debug\PSOC5 Implement.a(ADC_DelSig_Ext_CP_Clk.o)
 .comment       0x0000006e       0x6f .\CortexM3\ARM_GCC_541\Debug\PSOC5 Implement.a(ADC_DelSig_theACLK.o)
 .comment       0x0000006e       0x6f .\CortexM3\ARM_GCC_541\Debug\PSOC5 Implement.a(CyFlash.o)
 .comment       0x0000006e       0x6f .\CortexM3\ARM_GCC_541\Debug\PSOC5 Implement.a(CySpc.o)

.debug_weaknames
 *(.debug_weaknames)

.debug_funcnames
 *(.debug_funcnames)

.debug_typenames
 *(.debug_typenames)

.debug_varnames
 *(.debug_varnames)

.note.gnu.arm.ident
 *(.note.gnu.arm.ident)

.ARM.attributes
                0x00000000       0x29
 *(.ARM.attributes)
 .ARM.attributes
                0x00000000       0x1d c:/program files (x86)/cypress/psoc creator/4.4/psoc creator/import/gnu/arm/5.4.1/bin/../lib/gcc/arm-none-eabi/5.4.1/armv7-m/crti.o
 .ARM.attributes
                0x0000001d       0x2d c:/program files (x86)/cypress/psoc creator/4.4/psoc creator/import/gnu/arm/5.4.1/bin/../lib/gcc/arm-none-eabi/5.4.1/armv7-m/crtbegin.o
 .ARM.attributes
                0x0000004a       0x1b c:/program files (x86)/cypress/psoc creator/4.4/psoc creator/import/gnu/arm/5.4.1/bin/../lib/gcc/arm-none-eabi/5.4.1/../../../../arm-none-eabi/lib/armv7-m/crt0.o
 .ARM.attributes
                0x00000065       0x33 .\CortexM3\ARM_GCC_541\Debug\main.o
 .ARM.attributes
                0x00000098       0x33 .\CortexM3\ARM_GCC_541\Debug\Pressure_Transducer.o
 .ARM.attributes
                0x000000cb       0x33 .\CortexM3\ARM_GCC_541\Debug\cyfitter_cfg.o
 .ARM.attributes
                0x000000fe       0x33 .\CortexM3\ARM_GCC_541\Debug\cymetadata.o
 .ARM.attributes
                0x00000131       0x33 .\CortexM3\ARM_GCC_541\Debug\Cm3Start.o
 .ARM.attributes
                0x00000164       0x33 .\CortexM3\ARM_GCC_541\Debug\PSOC5 Implement.a(UART_OEM.o)
 .ARM.attributes
                0x00000197       0x33 .\CortexM3\ARM_GCC_541\Debug\PSOC5 Implement.a(UART_RPI.o)
 .ARM.attributes
                0x000001ca       0x33 .\CortexM3\ARM_GCC_541\Debug\PSOC5 Implement.a(UART_Debug.o)
 .ARM.attributes
                0x000001fd       0x33 .\CortexM3\ARM_GCC_541\Debug\PSOC5 Implement.a(Timer_ISR.o)
 .ARM.attributes
                0x00000230       0x33 .\CortexM3\ARM_GCC_541\Debug\PSOC5 Implement.a(ADC_TS410.o)
 .ARM.attributes
                0x00000263       0x33 .\CortexM3\ARM_GCC_541\Debug\PSOC5 Implement.a(ADC_TS410_INT.o)
 .ARM.attributes
                0x00000296       0x33 .\CortexM3\ARM_GCC_541\Debug\PSOC5 Implement.a(AMux.o)
 .ARM.attributes
                0x000002c9       0x33 .\CortexM3\ARM_GCC_541\Debug\PSOC5 Implement.a(UART_OEM_IntClock.o)
 .ARM.attributes
                0x000002fc       0x33 .\CortexM3\ARM_GCC_541\Debug\PSOC5 Implement.a(UART_RPI_IntClock.o)
 .ARM.attributes
                0x0000032f       0x33 .\CortexM3\ARM_GCC_541\Debug\PSOC5 Implement.a(UART_Debug_IntClock.o)
 .ARM.attributes
                0x00000362       0x33 .\CortexM3\ARM_GCC_541\Debug\PSOC5 Implement.a(ADC_TS410_SAR.o)
 .ARM.attributes
                0x00000395       0x33 .\CortexM3\ARM_GCC_541\Debug\PSOC5 Implement.a(ADC_TS410_TempBuf_dma.o)
 .ARM.attributes
                0x000003c8       0x33 .\CortexM3\ARM_GCC_541\Debug\PSOC5 Implement.a(ADC_TS410_FinalBuf_dma.o)
 .ARM.attributes
                0x000003fb       0x33 .\CortexM3\ARM_GCC_541\Debug\PSOC5 Implement.a(ADC_TS410_IRQ.o)
 .ARM.attributes
                0x0000042e       0x33 .\CortexM3\ARM_GCC_541\Debug\PSOC5 Implement.a(CyDmac.o)
 .ARM.attributes
                0x00000461       0x33 .\CortexM3\ARM_GCC_541\Debug\PSOC5 Implement.a(CyLib.o)
 .ARM.attributes
                0x00000494       0x33 .\CortexM3\ARM_GCC_541\Debug\PSOC5 Implement.a(cyPm.o)
 .ARM.attributes
                0x000004c7       0x33 .\CortexM3\ARM_GCC_541\Debug\PSOC5 Implement.a(USER_LED.o)
 .ARM.attributes
                0x000004fa       0x33 .\CortexM3\ARM_GCC_541\Debug\PSOC5 Implement.a(Timer_Interrupt.o)