Archive member included to satisfy reference by file (symbol)

.\CortexM3\ARM_GCC_541\Debug\PSOC5 Implement.a(UART_OEM.o)
                              .\CortexM3\ARM_GCC_541\Debug\main.o (UART_OEM_Start)
.\CortexM3\ARM_GCC_541\Debug\PSOC5 Implement.a(UART_RPI.o)
                              .\CortexM3\ARM_GCC_541\Debug\main.o (UART_RPI_Start)
.\CortexM3\ARM_GCC_541\Debug\PSOC5 Implement.a(UART_Debug.o)
                              .\CortexM3\ARM_GCC_541\Debug\main.o (UART_Debug_Start)
.\CortexM3\ARM_GCC_541\Debug\PSOC5 Implement.a(Timer_ISR.o)
                              .\CortexM3\ARM_GCC_541\Debug\main.o (Timer_ISR_ReadStatusRegister)
.\CortexM3\ARM_GCC_541\Debug\PSOC5 Implement.a(ADC_TS410.o)
                              .\CortexM3\ARM_GCC_541\Debug\main.o (ADC_TS410_Start)
.\CortexM3\ARM_GCC_541\Debug\PSOC5 Implement.a(ADC_TS410_INT.o)
                              .\CortexM3\ARM_GCC_541\Debug\PSOC5 Implement.a(ADC_TS410.o) (ADC_TS410_ISR)
.\CortexM3\ARM_GCC_541\Debug\PSOC5 Implement.a(UART_OEM_IntClock.o)
                              .\CortexM3\ARM_GCC_541\Debug\PSOC5 Implement.a(UART_OEM.o) (UART_OEM_IntClock_Start)
.\CortexM3\ARM_GCC_541\Debug\PSOC5 Implement.a(UART_RPI_IntClock.o)
                              .\CortexM3\ARM_GCC_541\Debug\PSOC5 Implement.a(UART_RPI.o) (UART_RPI_IntClock_Start)
.\CortexM3\ARM_GCC_541\Debug\PSOC5 Implement.a(UART_Debug_IntClock.o)
                              .\CortexM3\ARM_GCC_541\Debug\PSOC5 Implement.a(UART_Debug.o) (UART_Debug_IntClock_Start)
.\CortexM3\ARM_GCC_541\Debug\PSOC5 Implement.a(ADC_TS410_SAR.o)
                              .\CortexM3\ARM_GCC_541\Debug\PSOC5 Implement.a(ADC_TS410.o) (ADC_TS410_SAR_shift)
.\CortexM3\ARM_GCC_541\Debug\PSOC5 Implement.a(ADC_TS410_TempBuf_dma.o)
                              .\CortexM3\ARM_GCC_541\Debug\PSOC5 Implement.a(ADC_TS410.o) (ADC_TS410_TempBuf_DmaInitialize)
.\CortexM3\ARM_GCC_541\Debug\PSOC5 Implement.a(ADC_TS410_FinalBuf_dma.o)
                              .\CortexM3\ARM_GCC_541\Debug\PSOC5 Implement.a(ADC_TS410.o) (ADC_TS410_FinalBuf_DmaInitialize)
.\CortexM3\ARM_GCC_541\Debug\PSOC5 Implement.a(ADC_TS410_IRQ.o)
                              .\CortexM3\ARM_GCC_541\Debug\PSOC5 Implement.a(ADC_TS410.o) (ADC_TS410_IRQ_SetVector)
.\CortexM3\ARM_GCC_541\Debug\PSOC5 Implement.a(CyDmac.o)
                              .\CortexM3\ARM_GCC_541\Debug\Cm3Start.o (CyDmacConfigure)
.\CortexM3\ARM_GCC_541\Debug\PSOC5 Implement.a(CyLib.o)
                              .\CortexM3\ARM_GCC_541\Debug\Cm3Start.o (CyHalt)
.\CortexM3\ARM_GCC_541\Debug\PSOC5 Implement.a(cyPm.o)
                              .\CortexM3\ARM_GCC_541\Debug\PSOC5 Implement.a(CyLib.o) (CyPmReadStatus)
.\CortexM3\ARM_GCC_541\Debug\PSOC5 Implement.a(USER_LED.o)
                              .\CortexM3\ARM_GCC_541\Debug\main.o (USER_LED_Write)
.\CortexM3\ARM_GCC_541\Debug\PSOC5 Implement.a(Timer_Interrupt.o)
                              .\CortexM3\ARM_GCC_541\Debug\main.o (Timer_Interrupt_StartEx)
.\CortexM3\ARM_GCC_541\Debug\PSOC5 Implement.a(ADC_DelSig.o)
                              .\CortexM3\ARM_GCC_541\Debug\main.o (ADC_DelSig_Start)
.\CortexM3\ARM_GCC_541\Debug\PSOC5 Implement.a(ADC_DelSig_INT.o)
                              .\CortexM3\ARM_GCC_541\Debug\PSOC5 Implement.a(ADC_DelSig.o) (ADC_DelSig_ISR1)
.\CortexM3\ARM_GCC_541\Debug\PSOC5 Implement.a(ADC_DelSig_Ext_CP_Clk.o)
                              .\CortexM3\ARM_GCC_541\Debug\PSOC5 Implement.a(ADC_DelSig.o) (ADC_DelSig_Ext_CP_Clk_SetModeRegister)
.\CortexM3\ARM_GCC_541\Debug\PSOC5 Implement.a(ADC_DelSig_theACLK.o)
                              .\CortexM3\ARM_GCC_541\Debug\PSOC5 Implement.a(ADC_DelSig.o) (ADC_DelSig_theACLK_SetModeRegister)
.\CortexM3\ARM_GCC_541\Debug\PSOC5 Implement.a(CyBootAsmGnu.o)
                              .\CortexM3\ARM_GCC_541\Debug\cyfitter_cfg.o (CyDelayCycles)
.\CortexM3\ARM_GCC_541\Debug\PSOC5 Implement.a(CyFlash.o)
                              .\CortexM3\ARM_GCC_541\Debug\PSOC5 Implement.a(cyPm.o) (CyFlash_SetWaitCycles)
.\CortexM3\ARM_GCC_541\Debug\PSOC5 Implement.a(CySpc.o)
                              .\CortexM3\ARM_GCC_541\Debug\PSOC5 Implement.a(CyFlash.o) (CySpcStart)
c:/program files (x86)/cypress/psoc creator/4.4/psoc creator/import/gnu/arm/5.4.1/bin/../lib/gcc/arm-none-eabi/5.4.1/armv7-m\libgcc.a(_arm_addsubdf3.o)
                              .\CortexM3\ARM_GCC_541\Debug\main.o (__aeabi_f2d)
c:/program files (x86)/cypress/psoc creator/4.4/psoc creator/import/gnu/arm/5.4.1/bin/../lib/gcc/arm-none-eabi/5.4.1/armv7-m\libgcc.a(_arm_cmpdf2.o)
                              .\CortexM3\ARM_GCC_541\Debug\main.o (__aeabi_dcmpgt)
c:/program files (x86)/cypress/psoc creator/4.4/psoc creator/import/gnu/arm/5.4.1/bin/../lib/gcc/arm-none-eabi/5.4.1/armv7-m\libgcc.a(_arm_addsubsf3.o)
                              .\CortexM3\ARM_GCC_541\Debug\main.o (__aeabi_fsub)
[...]
Memory Configuration

Name             Origin             Length             Attributes
rom              0x00000000         0x00040000         xr
ram              0x1fff8000         0x00010000         xrw
*default*        0x00000000         0xffffffff

Linker script and memory map

LOAD c:/program files (x86)/cypress/psoc creator/4.4/psoc creator/import/gnu/arm/5.4.1/bin/../lib/gcc/arm-none-eabi/5.4.1/armv7-m/crti.o
LOAD c:/program files (x86)/cypress/psoc creator/4.4/psoc creator/import/gnu/arm/5.4.1/bin/../lib/gcc/arm-none-eabi/5.4.1/armv7-m/crtbegin.o
LOAD c:/program files (x86)/cypress/psoc creator/4.4/psoc creator/import/gnu/arm/5.4.1/bin/../lib/gcc/arm-none-eabi/5.4.1/../../../../arm-none-eabi/lib/armv7-m/crt0.o
START GROUP
LOAD .\CortexM3\ARM_GCC_541\Debug\main.o
LOAD .\CortexM3\ARM_GCC_541\Debug\cyfitter_cfg.o
LOAD .\CortexM3\ARM_GCC_541\Debug\cymetadata.o
LOAD .\CortexM3\ARM_GCC_541\Debug\Cm3Start.o
LOAD .\CortexM3\ARM_GCC_541\Debug\PSOC5 Implement.a
LOAD C:\Program Files (x86)\Cypress\PSoC Creator\4.4\PSoC Creator\psoc\content\cycomponentlibrary\CyComponentLibrary.cylib\CortexM3\ARM_GCC_541\Debug\CyComponentLibrary.a
END GROUP
START GROUP
LOAD c:/program files (x86)/cypress/psoc creator/4.4/psoc creator/import/gnu/arm/5.4.1/bin/../lib/gcc/arm-none-eabi/5.4.1/armv7-m\libgcc.a
LOAD c:/program files (x86)/cypress/psoc creator/4.4/psoc creator/import/gnu/arm/5.4.1/bin/../lib/gcc/arm-none-eabi/5.4.1/../../../../arm-none-eabi/lib/armv7-m\libg_nano.a
LOAD c:/program files (x86)/cypress/psoc creator/4.4/psoc creator/import/gnu/arm/5.4.1/bin/../lib/gcc/arm-none-eabi/5.4.1/../../../../arm-none-eabi/lib/armv7-m\libc_nano.a
END GROUP
START GROUP
LOAD c:/program files (x86)/cypress/psoc creator/4.4/psoc creator/import/gnu/arm/5.4.1/bin/../lib/gcc/arm-none-eabi/5.4.1/armv7-m\libgcc.a
LOAD c:/program files (x86)/cypress/psoc creator/4.4/psoc creator/import/gnu/arm/5.4.1/bin/../lib/gcc/arm-none-eabi/5.4.1/../../../../arm-none-eabi/lib/armv7-m\libc_nano.a
END GROUP
LOAD c:/program files (x86)/cypress/psoc creator/4.4/psoc creator/import/gnu/arm/5.4.1/bin/../lib/gcc/arm-none-eabi/5.4.1/armv7-m/crtend.o
LOAD c:/program files (x86)/cypress/psoc creator/4.4/psoc creator/import/gnu/arm/5.4.1/bin/../lib/gcc/arm-none-eabi/5.4.1/armv7-m/crtn.o
START GROUP
LOAD c:/program files (x86)/cypress/psoc creator/4.4/psoc creator/import/gnu/arm/5.4.1/bin/../lib/gcc/arm-none-eabi/5.4.1/armv7-m\libgcc.a
LOAD c:/program files (x86)/cypress/psoc creator/4.4/psoc creator/import/gnu/arm/5.4.1/bin/../lib/gcc/arm-none-eabi/5.4.1/../../../../arm-none-eabi/lib/armv7-m\libc.a
LOAD c:/program files (x86)/cypress/psoc creator/4.4/psoc creator/import/gnu/arm/5.4.1/bin/../lib/gcc/arm-none-eabi/5.4.1/../../../../arm-none-eabi/lib/armv7-m\libnosys.a
END GROUP
                0x00000000                CY_APPL_ORIGIN = 0x0
                0x00000100                CY_FLASH_ROW_SIZE = 0x100
                0x00000020                CY_ECC_ROW_SIZE = 0x20
                0x00000000                CY_EE_IN_BTLDR = 0x0
                0x00000000                CY_APPL_LOADABLE = 0x0
                0x00000800                CY_EE_SIZE = 0x800
                0x00000001                CY_APPL_NUM = 0x1
                0x00000001                CY_APPL_MAX = 0x1
                0x00000040                CY_METADATA_SIZE = 0x40
                0x00000000                CY_APPL_LOADABLE = 0x0
                0x00000000                CY_CHECKSUM_EXCLUDE_SIZE = ALIGN (0x0, CY_FLASH_ROW_SIZE)
                [!provide]                PROVIDE (__cy_heap_start, _end)
                0x00000001                PROVIDE (__cy_region_num, ((__cy_regions_end - __cy_regions) / 0x10))
                0x20008000                PROVIDE (__cy_stack, (ORIGIN (ram) + LENGTH (ram)))
                [!provide]                PROVIDE (__cy_heap_end, (__cy_stack - 0x800))

.cybootloader   0x00000000        0x0
 *(.cybootloader)
                0x00000000                appl1_start = CY_APPL_ORIGIN?CY_APPL_ORIGIN:ALIGN (CY_FLASH_ROW_SIZE)
                0x0001ff00                appl2_start = (appl1_start + ALIGN ((((LENGTH (rom) - appl1_start) - (0x2 * CY_FLASH_ROW_SIZE)) / 0x2), CY_FLASH_ROW_SIZE))
                0x00000000                appl_start = (CY_APPL_NUM == 0x1)?appl1_start:appl2_start
                0x00000000                ecc_offset = ((appl_start / CY_FLASH_ROW_SIZE) * CY_ECC_ROW_SIZE)
                0x00000000                ee_offset = (CY_APPL_LOADABLE && ! (CY_EE_IN_BTLDR))?((CY_EE_SIZE / CY_APPL_MAX) * (CY_APPL_NUM - 0x1)):0x0
                0x00000800                ee_size = (CY_APPL_LOADABLE && ! (CY_EE_IN_BTLDR))?(CY_EE_SIZE / CY_APPL_MAX):CY_EE_SIZE
                [!provide]                PROVIDE (CY_ECC_OFFSET, ecc_offset)

.text           0x00000000     0x49a0
 CREATE_OBJECT_SYMBOLS
                0x00000000                PROVIDE (__cy_interrupt_vector, RomVectors)
 *(.romvectors)
 .romvectors    0x00000000       0x10 .\CortexM3\ARM_GCC_541\Debug\Cm3Start.o
                0x00000000                RomVectors
                0x00000001                ASSERT ((. != __cy_interrupt_vector), No interrupt vector)
                0x00000001                ASSERT (CY_APPL_ORIGIN?(SIZEOF (.cybootloader) <= CY_APPL_ORIGIN):0x1, Wrong image location)
                0x00000010                PROVIDE (__cy_reset, Reset)
 *(.text.Reset)
 .text.Reset    0x00000010       0x18 .\CortexM3\ARM_GCC_541\Debug\Cm3Start.o
                0x00000010                Reset
                0x00000001                ASSERT ((. != __cy_reset), No reset code)
 *(.dma_init)
                0x00000001                ASSERT ((((appl_start + .) <= 0x10000) || 0x1), DMA Init must be within the first 64k of flash)
 *(.text .text.* .gnu.linkonce.t.*)
 .text          0x00000028       0x5c c:/program files (x86)/cypress/psoc creator/4.4/psoc creator/import/gnu/arm/5.4.1/bin/../lib/gcc/arm-none-eabi/5.4.1/armv7-m/crtbegin.o
 .text.Timer_Interrupt_Handler
                0x00000084       0x94 .\CortexM3\ARM_GCC_541\Debug\main.o
                0x00000084                Timer_Interrupt_Handler
 .text.float2Bytes
                0x00000118       0x10 .\CortexM3\ARM_GCC_541\Debug\main.o
                0x00000118                float2Bytes
 .text.calculateCRC8
                0x00000128       0x28 .\CortexM3\ARM_GCC_541\Debug\main.o
                0x00000128                calculateCRC8
 .text.wrap_data
                0x00000150       0x78 .\CortexM3\ARM_GCC_541\Debug\main.o
                0x00000150                wrap_data
 .text.main     0x000001c8      0x178 .\CortexM3\ARM_GCC_541\Debug\main.o
                0x000001c8                main
 .text.CyClockStartupError
                0x00000340        0x4 .\CortexM3\ARM_GCC_541\Debug\cyfitter_cfg.o
 .text.cfg_write_bytes32
                0x00000344       0x34 .\CortexM3\ARM_GCC_541\Debug\cyfitter_cfg.o
 .text.CYMEMZERO
                0x00000378        0xc .\CortexM3\ARM_GCC_541\Debug\cyfitter_cfg.o
 .text.AnalogSetDefault
                0x00000384       0xa8 .\CortexM3\ARM_GCC_541\Debug\cyfitter_cfg.o
 .text.CYCONFIGCPY
                0x0000042c        0x8 .\CortexM3\ARM_GCC_541\Debug\cyfitter_cfg.o
 .text.ClockSetup
                0x00000434      0x120 .\CortexM3\ARM_GCC_541\Debug\cyfitter_cfg.o
 .text.cyfitter_cfg
                0x00000554      0x16c .\CortexM3\ARM_GCC_541\Debug\cyfitter_cfg.o
                0x00000554                cyfitter_cfg
 .text.IntDefaultHandler
                0x000006c0       0x10 .\CortexM3\ARM_GCC_541\Debug\Cm3Start.o
                0x000006c0                IntDefaultHandler
 .text._sbrk    0x000006d0       0x30 .\CortexM3\ARM_GCC_541\Debug\Cm3Start.o
                0x000006d0                _sbrk
 .text.Start_c  0x00000700       0x4c .\CortexM3\ARM_GCC_541\Debug\Cm3Start.o
                0x00000700                Start_c
 .text.initialize_psoc
                0x0000074c       0x6c .\CortexM3\ARM_GCC_541\Debug\Cm3Start.o
                0x0000074c                initialize_psoc
 .text.UART_OEM_Init
                0x000007b8       0x28 .\CortexM3\ARM_GCC_541\Debug\PSOC5 Implement.a(UART_OEM.o)
                0x000007b8                UART_OEM_Init
 .text.UART_OEM_Enable
                0x000007e0       0x38 .\CortexM3\ARM_GCC_541\Debug\PSOC5 Implement.a(UART_OEM.o)
                0x000007e0                UART_OEM_Enable
 .text.UART_OEM_Start
                0x00000818       0x1c .\CortexM3\ARM_GCC_541\Debug\PSOC5 Implement.a(UART_OEM.o)
                0x00000818                UART_OEM_Start
 .text.UART_RPI_Init
                0x00000834       0x28 .\CortexM3\ARM_GCC_541\Debug\PSOC5 Implement.a(UART_RPI.o)
                0x00000834                UART_RPI_Init
 .text.UART_RPI_Enable
                0x0000085c       0x38 .\CortexM3\ARM_GCC_541\Debug\PSOC5 Implement.a(UART_RPI.o)
                0x0000085c                UART_RPI_Enable
 .text.UART_RPI_Start
                0x00000894       0x1c .\CortexM3\ARM_GCC_541\Debug\PSOC5 Implement.a(UART_RPI.o)
                0x00000894                UART_RPI_Start
 .text.UART_RPI_ReadTxStatus
                0x000008b0        0xc .\CortexM3\ARM_GCC_541\Debug\PSOC5 Implement.a(UART_RPI.o)
                0x000008b0                UART_RPI_ReadTxStatus
 .text.UART_RPI_PutChar
                0x000008bc       0x18 .\CortexM3\ARM_GCC_541\Debug\PSOC5 Implement.a(UART_RPI.o)
                0x000008bc                UART_RPI_PutChar
 .text.UART_RPI_PutArray
                0x000008d4       0x28 .\CortexM3\ARM_GCC_541\Debug\PSOC5 Implement.a(UART_RPI.o)
                0x000008d4                UART_RPI_PutArray
 .text.UART_RPI_GetTxBufferSize
                0x000008fc       0x24 .\CortexM3\ARM_GCC_541\Debug\PSOC5 Implement.a(UART_RPI.o)
                0x000008fc                UART_RPI_GetTxBufferSize
 .text.UART_Debug_Init
                0x00000920       0x18 .\CortexM3\ARM_GCC_541\Debug\PSOC5 Implement.a(UART_Debug.o)
                0x00000920                UART_Debug_Init
 .text.UART_Debug_Enable
                0x00000938       0x24 .\CortexM3\ARM_GCC_541\Debug\PSOC5 Implement.a(UART_Debug.o)
                0x00000938                UART_Debug_Enable
 .text.UART_Debug_Start
                0x0000095c       0x1c .\CortexM3\ARM_GCC_541\Debug\PSOC5 Implement.a(UART_Debug.o)
                0x0000095c                UART_Debug_Start
 .text.UART_Debug_PutChar
                0x00000978       0x18 .\CortexM3\ARM_GCC_541\Debug\PSOC5 Implement.a(UART_Debug.o)
                0x00000978                UART_Debug_PutChar
 .text.UART_Debug_PutString
                0x00000990       0x24 .\CortexM3\ARM_GCC_541\Debug\PSOC5 Implement.a(UART_Debug.o)
                0x00000990                UART_Debug_PutString
 .text.Timer_ISR_Enable
                0x000009b4       0x28 .\CortexM3\ARM_GCC_541\Debug\PSOC5 Implement.a(Timer_ISR.o)
                0x000009b4                Timer_ISR_Enable
 .text.Timer_ISR_SetInterruptMode
                0x000009dc        0xc .\CortexM3\ARM_GCC_541\Debug\PSOC5 Implement.a(Timer_ISR.o)
                0x000009dc                Timer_ISR_SetInterruptMode
 .text.Timer_ISR_ReadStatusRegister
                0x000009e8        0xc .\CortexM3\ARM_GCC_541\Debug\PSOC5 Implement.a(Timer_ISR.o)
                0x000009e8                Timer_ISR_ReadStatusRegister
 .text.Timer_ISR_WritePeriod
                0x000009f4        0xc .\CortexM3\ARM_GCC_541\Debug\PSOC5 Implement.a(Timer_ISR.o)
                0x000009f4                Timer_ISR_WritePeriod
 .text.Timer_ISR_WriteCounter
                0x00000a00        0xc .\CortexM3\ARM_GCC_541\Debug\PSOC5 Implement.a(Timer_ISR.o)
                0x00000a00                Timer_ISR_WriteCounter
 .text.Timer_ISR_Init
                0x00000a0c       0x68 .\CortexM3\ARM_GCC_541\Debug\PSOC5 Implement.a(Timer_ISR.o)
                0x00000a0c                Timer_ISR_Init
 .text.Timer_ISR_Start
                0x00000a74       0x1c .\CortexM3\ARM_GCC_541\Debug\PSOC5 Implement.a(Timer_ISR.o)
                0x00000a74                Timer_ISR_Start
 .text.ADC_TS410_Init
                0x00000a90       0x3c .\CortexM3\ARM_GCC_541\Debug\PSOC5 Implement.a(ADC_TS410.o)
                0x00000a90                ADC_TS410_Init
 .text.ADC_TS410_Enable
                0x00000acc       0xcc .\CortexM3\ARM_GCC_541\Debug\PSOC5 Implement.a(ADC_TS410.o)
                0x00000acc                ADC_TS410_Enable
 .text.ADC_TS410_Start
                0x00000b98       0x28 .\CortexM3\ARM_GCC_541\Debug\PSOC5 Implement.a(ADC_TS410.o)
                0x00000b98                ADC_TS410_Start
 .text.ADC_TS410_StartConvert
                0x00000bc0        0x8 .\CortexM3\ARM_GCC_541\Debug\PSOC5 Implement.a(ADC_TS410.o)
                0x00000bc0                ADC_TS410_StartConvert
 .text.ADC_TS410_IsEndConversion
                0x00000bc8       0x18 .\CortexM3\ARM_GCC_541\Debug\PSOC5 Implement.a(ADC_TS410.o)
                0x00000bc8                ADC_TS410_IsEndConversion
 .text.ADC_TS410_GetResult16
                0x00000be0       0x1c .\CortexM3\ARM_GCC_541\Debug\PSOC5 Implement.a(ADC_TS410.o)
                0x00000be0                ADC_TS410_GetResult16
 .text.ADC_TS410_CountsTo_Volts
                0x00000bfc        0x8 .\CortexM3\ARM_GCC_541\Debug\PSOC5 Implement.a(ADC_TS410.o)
                0x00000bfc                ADC_TS410_CountsTo_Volts
 .text.ADC_TS410_ISR
                0x00000c04        0x4 .\CortexM3\ARM_GCC_541\Debug\PSOC5 Implement.a(ADC_TS410_INT.o)
                0x00000c04                ADC_TS410_ISR
 .text.UART_OEM_IntClock_Start
                0x00000c08       0x1c .\CortexM3\ARM_GCC_541\Debug\PSOC5 Implement.a(UART_OEM_IntClock.o)
                0x00000c08                UART_OEM_IntClock_Start
 .text.UART_RPI_IntClock_Start
                0x00000c24       0x1c .\CortexM3\ARM_GCC_541\Debug\PSOC5 Implement.a(UART_RPI_IntClock.o)
                0x00000c24                UART_RPI_IntClock_Start
 .text.UART_Debug_IntClock_Start
                0x00000c40       0x1c .\CortexM3\ARM_GCC_541\Debug\PSOC5 Implement.a(UART_Debug_IntClock.o)
                0x00000c40                UART_Debug_IntClock_Start
 .text.ADC_TS410_SAR_CalcGain
                0x00000c5c       0x64 .\CortexM3\ARM_GCC_541\Debug\PSOC5 Implement.a(ADC_TS410_SAR.o)
 .text.ADC_TS410_SAR_Enable
                0x00000cc0       0x78 .\CortexM3\ARM_GCC_541\Debug\PSOC5 Implement.a(ADC_TS410_SAR.o)
                0x00000cc0                ADC_TS410_SAR_Enable
 .text.ADC_TS410_SAR_SetResolution
                0x00000d38       0x38 .\CortexM3\ARM_GCC_541\Debug\PSOC5 Implement.a(ADC_TS410_SAR.o)
                0x00000d38                ADC_TS410_SAR_SetResolution
 .text.ADC_TS410_SAR_Init
                0x00000d70       0x24 .\CortexM3\ARM_GCC_541\Debug\PSOC5 Implement.a(ADC_TS410_SAR.o)
                0x00000d70                ADC_TS410_SAR_Init
 .text.ADC_TS410_SAR_Start
                0x00000d94       0x1c .\CortexM3\ARM_GCC_541\Debug\PSOC5 Implement.a(ADC_TS410_SAR.o)
                0x00000d94                ADC_TS410_SAR_Start
 .text.ADC_TS410_SAR_StartConvert
                0x00000db0       0x10 .\CortexM3\ARM_GCC_541\Debug\PSOC5 Implement.a(ADC_TS410_SAR.o)
                0x00000db0                ADC_TS410_SAR_StartConvert
 .text.ADC_TS410_SAR_CountsTo_Volts
                0x00000dc0       0x50 .\CortexM3\ARM_GCC_541\Debug\PSOC5 Implement.a(ADC_TS410_SAR.o)
                0x00000dc0                ADC_TS410_SAR_CountsTo_Volts
 .text.ADC_TS410_TempBuf_DmaInitialize
                0x00000e10       0x3c .\CortexM3\ARM_GCC_541\Debug\PSOC5 Implement.a(ADC_TS410_TempBuf_dma.o)
                0x00000e10                ADC_TS410_TempBuf_DmaInitialize
 .text.ADC_TS410_FinalBuf_DmaInitialize
                0x00000e4c       0x3c .\CortexM3\ARM_GCC_541\Debug\PSOC5 Implement.a(ADC_TS410_FinalBuf_dma.o)
                0x00000e4c                ADC_TS410_FinalBuf_DmaInitialize
 .text.ADC_TS410_IRQ_SetVector
                0x00000e88        0xc .\CortexM3\ARM_GCC_541\Debug\PSOC5 Implement.a(ADC_TS410_IRQ.o)
                0x00000e88                ADC_TS410_IRQ_SetVector
 .text.ADC_TS410_IRQ_SetPriority
                0x00000e94       0x10 .\CortexM3\ARM_GCC_541\Debug\PSOC5 Implement.a(ADC_TS410_IRQ.o)
                0x00000e94                ADC_TS410_IRQ_SetPriority
 .text.CyDmacConfigure
                0x00000ea4       0x34 .\CortexM3\ARM_GCC_541\Debug\PSOC5 Implement.a(CyDmac.o)
                0x00000ea4                CyDmacConfigure
 .text.CyDmaChEnable
                0x00000ed8       0x38 .\CortexM3\ARM_GCC_541\Debug\PSOC5 Implement.a(CyDmac.o)
                0x00000ed8                CyDmaChEnable
 .text.CyDmaClearPendingDrq
                0x00000f10       0x28 .\CortexM3\ARM_GCC_541\Debug\PSOC5 Implement.a(CyDmac.o)
                0x00000f10                CyDmaClearPendingDrq
 .text.CyDmaChPriority
                0x00000f38       0x24 .\CortexM3\ARM_GCC_541\Debug\PSOC5 Implement.a(CyDmac.o)
                0x00000f38                CyDmaChPriority
 .text.CyDmaChSetExtendedAddress
                0x00000f5c       0x34 .\CortexM3\ARM_GCC_541\Debug\PSOC5 Implement.a(CyDmac.o)
                0x00000f5c                CyDmaChSetExtendedAddress
 .text.CyDmaChSetInitialTd
                0x00000f90       0x18 .\CortexM3\ARM_GCC_541\Debug\PSOC5 Implement.a(CyDmac.o)
                0x00000f90                CyDmaChSetInitialTd
 .text.CyDmaChSetConfiguration
                0x00000fa8       0x44 .\CortexM3\ARM_GCC_541\Debug\PSOC5 Implement.a(CyDmac.o)
                0x00000fa8                CyDmaChSetConfiguration
 .text.CyDmaTdAllocate
                0x00000fec       0x34 .\CortexM3\ARM_GCC_541\Debug\PSOC5 Implement.a(CyDmac.o)
                0x00000fec                CyDmaTdAllocate
 .text.CyDmaTdSetConfiguration
                0x00001020       0x28 .\CortexM3\ARM_GCC_541\Debug\PSOC5 Implement.a(CyDmac.o)
                0x00001020                CyDmaTdSetConfiguration
 .text.CyDmaTdSetAddress
                0x00001048       0x1c .\CortexM3\ARM_GCC_541\Debug\PSOC5 Implement.a(CyDmac.o)
                0x00001048                CyDmaTdSetAddress
 .text.CyHalt   0x00001064        0x4 .\CortexM3\ARM_GCC_541\Debug\PSOC5 Implement.a(CyLib.o)
                0x00001064                CyHalt
 .text.CyDelay  0x00001068       0x2c .\CortexM3\ARM_GCC_541\Debug\PSOC5 Implement.a(CyLib.o)
                0x00001068                CyDelay
 .text.CyDelayUs
                0x00001094       0x14 .\CortexM3\ARM_GCC_541\Debug\PSOC5 Implement.a(CyLib.o)
                0x00001094                CyDelayUs
 .text.CyIntSetVector
                0x000010a8       0x28 .\CortexM3\ARM_GCC_541\Debug\PSOC5 Implement.a(CyLib.o)
                0x000010a8                CyIntSetVector
 .text.CyIntSetPriority
                0x000010d0       0x30 .\CortexM3\ARM_GCC_541\Debug\PSOC5 Implement.a(CyLib.o)
                0x000010d0                CyIntSetPriority
 .text.USER_LED_Write
                0x00001100       0x18 .\CortexM3\ARM_GCC_541\Debug\PSOC5 Implement.a(USER_LED.o)
                0x00001100                USER_LED_Write
 .text.Timer_Interrupt_SetVector
                0x00001118       0x10 .\CortexM3\ARM_GCC_541\Debug\PSOC5 Implement.a(Timer_Interrupt.o)
                0x00001118                Timer_Interrupt_SetVector
 .text.Timer_Interrupt_SetPriority
                0x00001128       0x10 .\CortexM3\ARM_GCC_541\Debug\PSOC5 Implement.a(Timer_Interrupt.o)
                0x00001128                Timer_Interrupt_SetPriority
 .text.Timer_Interrupt_Enable
                0x00001138       0x10 .\CortexM3\ARM_GCC_541\Debug\PSOC5 Implement.a(Timer_Interrupt.o)
                0x00001138                Timer_Interrupt_Enable
 .text.Timer_Interrupt_Disable
                0x00001148       0x10 .\CortexM3\ARM_GCC_541\Debug\PSOC5 Implement.a(Timer_Interrupt.o)
                0x00001148                Timer_Interrupt_Disable
 .text.Timer_Interrupt_StartEx
                0x00001158       0x1c .\CortexM3\ARM_GCC_541\Debug\PSOC5 Implement.a(Timer_Interrupt.o)
                0x00001158                Timer_Interrupt_StartEx
 .text.ADC_DelSig_GainCompensation
                0x00001174       0xe0 .\CortexM3\ARM_GCC_541\Debug\PSOC5 Implement.a(ADC_DelSig.o)
 .text.ADC_DelSig_SetDSMRef0Reg
                0x00001254       0x4c .\CortexM3\ARM_GCC_541\Debug\PSOC5 Implement.a(ADC_DelSig.o)
 .text.ADC_DelSig_InitConfig
                0x000012a0      0x318 .\CortexM3\ARM_GCC_541\Debug\PSOC5 Implement.a(ADC_DelSig.o)
 .text.ADC_DelSig_Init
                0x000015b8      0x108 .\CortexM3\ARM_GCC_541\Debug\PSOC5 Implement.a(ADC_DelSig.o)
                0x000015b8                ADC_DelSig_Init
 .text.ADC_DelSig_Enable
                0x000016c0       0xd8 .\CortexM3\ARM_GCC_541\Debug\PSOC5 Implement.a(ADC_DelSig.o)
                0x000016c0                ADC_DelSig_Enable
 .text.ADC_DelSig_Start
                0x00001798       0x28 .\CortexM3\ARM_GCC_541\Debug\PSOC5 Implement.a(ADC_DelSig.o)
                0x00001798                ADC_DelSig_Start
 .text.ADC_DelSig_StartConvert
                0x000017c0       0x10 .\CortexM3\ARM_GCC_541\Debug\PSOC5 Implement.a(ADC_DelSig.o)
                0x000017c0                ADC_DelSig_StartConvert
 .text.ADC_DelSig_ISR1
                0x000017d0        0x4 .\CortexM3\ARM_GCC_541\Debug\PSOC5 Implement.a(ADC_DelSig_INT.o)
                0x000017d0                ADC_DelSig_ISR1
 .text.ADC_DelSig_ISR2
                0x000017d4        0x4 .\CortexM3\ARM_GCC_541\Debug\PSOC5 Implement.a(ADC_DelSig_INT.o)
                0x000017d4                ADC_DelSig_ISR2
 .text.ADC_DelSig_ISR3
                0x000017d8        0x4 .\CortexM3\ARM_GCC_541\Debug\PSOC5 Implement.a(ADC_DelSig_INT.o)
                0x000017d8                ADC_DelSig_ISR3
 .text.ADC_DelSig_ISR4
                0x000017dc        0x4 .\CortexM3\ARM_GCC_541\Debug\PSOC5 Implement.a(ADC_DelSig_INT.o)
                0x000017dc                ADC_DelSig_ISR4
 .text.ADC_DelSig_Ext_CP_Clk_GetDividerRegister
                0x000017e0        0xc .\CortexM3\ARM_GCC_541\Debug\PSOC5 Implement.a(ADC_DelSig_Ext_CP_Clk.o)
                0x000017e0                ADC_DelSig_Ext_CP_Clk_GetDividerRegister
 .text.ADC_DelSig_Ext_CP_Clk_SetModeRegister
                0x000017ec       0x14 .\CortexM3\ARM_GCC_541\Debug\PSOC5 Implement.a(ADC_DelSig_Ext_CP_Clk.o)
                0x000017ec                ADC_DelSig_Ext_CP_Clk_SetModeRegister
 .text.ADC_DelSig_Ext_CP_Clk_GetSourceRegister
                0x00001800       0x10 .\CortexM3\ARM_GCC_541\Debug\PSOC5 Implement.a(ADC_DelSig_Ext_CP_Clk.o)
                0x00001800                ADC_DelSig_Ext_CP_Clk_GetSourceRegister
 .text.ADC_DelSig_Ext_CP_Clk_SetDividerRegister
                0x00001810       0xd8 .\CortexM3\ARM_GCC_541\Debug\PSOC5 Implement.a(ADC_DelSig_Ext_CP_Clk.o)
                0x00001810                ADC_DelSig_Ext_CP_Clk_SetDividerRegister
 .text.ADC_DelSig_theACLK_GetDividerRegister
                0x000018e8        0xc .\CortexM3\ARM_GCC_541\Debug\PSOC5 Implement.a(ADC_DelSig_theACLK.o)
                0x000018e8                ADC_DelSig_theACLK_GetDividerRegister
 .text.ADC_DelSig_theACLK_SetModeRegister
                0x000018f4       0x14 .\CortexM3\ARM_GCC_541\Debug\PSOC5 Implement.a(ADC_DelSig_theACLK.o)
                0x000018f4                ADC_DelSig_theACLK_SetModeRegister
 .text.ADC_DelSig_theACLK_GetSourceRegister
                0x00001908       0x10 .\CortexM3\ARM_GCC_541\Debug\PSOC5 Implement.a(ADC_DelSig_theACLK.o)
                0x00001908                ADC_DelSig_theACLK_GetSourceRegister
 .text.ADC_DelSig_theACLK_SetDividerRegister
                0x00001918       0xd8 .\CortexM3\ARM_GCC_541\Debug\PSOC5 Implement.a(ADC_DelSig_theACLK.o)
                0x00001918                ADC_DelSig_theACLK_SetDividerRegister
 .text          0x000019f0       0x20 .\CortexM3\ARM_GCC_541\Debug\PSOC5 Implement.a(CyBootAsmGnu.o)
                0x000019f0                CyDelayCycles
                0x00001a00                CyEnterCriticalSection
                0x00001a08                CyExitCriticalSection
 .text          0x00001a10      0x370 c:/program files (x86)/cypress/psoc creator/4.4/psoc creator/import/gnu/arm/5.4.1/bin/../lib/gcc/arm-none-eabi/5.4.1/armv7-m\libgcc.a(_arm_addsubdf3.o)
                0x00001a10                __aeabi_drsub
                0x00001a18                __aeabi_dsub
                0x00001a18                __subdf3
                0x00001a1c                __aeabi_dadd
                0x00001a1c                __adddf3
                0x00001c94                __floatunsidf
                0x00001c94                __aeabi_ui2d
                0x00001cb4                __floatsidf
                0x00001cb4                __aeabi_i2d
                0x00001cd8                __aeabi_f2d
                0x00001cd8                __extendsfdf2
                0x00001d14                __floatundidf
                0x00001d14                __aeabi_ul2d
                0x00001d24                __floatdidf
                0x00001d24                __aeabi_l2d
 .text          0x00001d80      0x110 c:/program files (x86)/cypress/psoc creator/4.4/psoc creator/import/gnu/arm/5.4.1/bin/../lib/gcc/arm-none-eabi/5.4.1/armv7-m\libgcc.a(_arm_cmpdf2.o)
                0x00001d80                __gtdf2
                0x00001d80                __gedf2
                0x00001d88                __ltdf2
                0x00001d88                __ledf2
                0x00001d90                __nedf2
                0x00001d90                __eqdf2
                0x00001d90                __cmpdf2
                0x00001e0c                __aeabi_cdrcmple
                0x00001e1c                __aeabi_cdcmpeq
                0x00001e1c                __aeabi_cdcmple
                0x00001e2c                __aeabi_dcmpeq
                0x00001e40                __aeabi_dcmplt
                0x00001e54                __aeabi_dcmple
                0x00001e68                __aeabi_dcmpge
                0x00001e7c                __aeabi_dcmpgt
 .text          0x00001e90      0x21c c:/program files (x86)/cypress/psoc creator/4.4/psoc creator/import/gnu/arm/5.4.1/bin/../lib/gcc/arm-none-eabi/5.4.1/armv7-m\libgcc.a(_arm_addsubsf3.o)
                0x00001e90                __aeabi_frsub
                0x00001e98                __subsf3
                0x00001e98                __aeabi_fsub
                0x00001e9c                __aeabi_fadd
                0x00001e9c                __addsf3
                0x00001ffc                __aeabi_ui2f
                0x00001ffc                __floatunsisf
                0x00002004                __aeabi_i2f
                0x00002004                __floatsisf
                0x00002020                __aeabi_ul2f
                0x00002020                __floatundisf
                0x00002030                __aeabi_l2f
                0x00002030                __floatdisf
 .text          0x000020ac      0x2a0 c:/program files (x86)/cypress/psoc creator/4.4/psoc creator/import/gnu/arm/5.4.1/bin/../lib/gcc/arm-none-eabi/5.4.1/armv7-m\libgcc.a(_arm_muldivsf3.o)
                0x000020ac                __mulsf3
                0x000020ac                __aeabi_fmul
                0x00002214                __aeabi_fdiv
                0x00002214                __divsf3
 .text          0x0000234c       0xec c:/program files (x86)/cypress/psoc creator/4.4/psoc creator/import/gnu/arm/5.4.1/bin/../lib/gcc/arm-none-eabi/5.4.1/armv7-m\libgcc.a(_arm_cmpsf2.o)
                0x0000234c                __gesf2
                0x0000234c                __gtsf2
                0x00002354                __lesf2
                0x00002354                __ltsf2
                0x0000235c                __nesf2
                0x0000235c                __eqsf2
                0x0000235c                __cmpsf2
                0x000023bc                __aeabi_cfrcmple
                0x000023c4                __aeabi_cfcmpeq
                0x000023c4                __aeabi_cfcmple
                0x000023d4                __aeabi_fcmpeq
                0x000023e8                __aeabi_fcmplt
                0x000023fc                __aeabi_fcmple
                0x00002410                __aeabi_fcmpge
                0x00002424                __aeabi_fcmpgt
 .text.__errno  0x00002438        0xc c:/program files (x86)/cypress/psoc creator/4.4/psoc creator/import/gnu/arm/5.4.1/bin/../lib/gcc/arm-none-eabi/5.4.1/../../../../arm-none-eabi/lib/armv7-m\libg_nano.a(lib_a-errno.o)
                0x00002438                __errno
 .text.__libc_init_array
                0x00002444       0x4c c:/program files (x86)/cypress/psoc creator/4.4/psoc creator/import/gnu/arm/5.4.1/bin/../lib/gcc/arm-none-eabi/5.4.1/../../../../arm-none-eabi/lib/armv7-m\libg_nano.a(lib_a-init.o)
                0x00002444                __libc_init_array
 .text.memcpy   0x00002490       0x16 c:/program files (x86)/cypress/psoc creator/4.4/psoc creator/import/gnu/arm/5.4.1/bin/../lib/gcc/arm-none-eabi/5.4.1/../../../../arm-none-eabi/lib/armv7-m\libg_nano.a(lib_a-memcpy-stub.o)
                0x00002490                memcpy
 .text.memset   0x000024a6       0x10 c:/program files (x86)/cypress/psoc creator/4.4/psoc creator/import/gnu/arm/5.4.1/bin/../lib/gcc/arm-none-eabi/5.4.1/../../../../arm-none-eabi/lib/armv7-m\libg_nano.a(lib_a-memset.o)
                0x000024a6                memset
 .text.__cvt    0x000024b6       0xc0 c:/program files (x86)/cypress/psoc creator/4.4/psoc creator/import/gnu/arm/5.4.1/bin/../lib/gcc/arm-none-eabi/5.4.1/../../../../arm-none-eabi/lib/armv7-m\libg_nano.a(lib_a-nano-vfprintf_float.o)
                0x000024b6                __cvt
 .text.__exponent
                0x00002576       0x62 c:/program files (x86)/cypress/psoc creator/4.4/psoc creator/import/gnu/arm/5.4.1/bin/../lib/gcc/arm-none-eabi/5.4.1/../../../../arm-none-eabi/lib/armv7-m\libg_nano.a(lib_a-nano-vfprintf_float.o)
                0x00002576                __exponent
 .text._printf_float
                0x000025d8      0x488 c:/program files (x86)/cypress/psoc creator/4.4/psoc creator/import/gnu/arm/5.4.1/bin/../lib/gcc/arm-none-eabi/5.4.1/../../../../arm-none-eabi/lib/armv7-m\libg_nano.a(lib_a-nano-vfprintf_float.o)
                0x000025d8                _printf_float
 .text._printf_common
                0x00002a60       0xec c:/program files (x86)/cypress/psoc creator/4.4/psoc creator/import/gnu/arm/5.4.1/bin/../lib/gcc/arm-none-eabi/5.4.1/../../../../arm-none-eabi/lib/armv7-m\libg_nano.a(lib_a-nano-vfprintf_i.o)
                0x00002a60                _printf_common
 .text._printf_i
                0x00002b4c      0x24c c:/program files (x86)/cypress/psoc creator/4.4/psoc creator/import/gnu/arm/5.4.1/bin/../lib/gcc/arm-none-eabi/5.4.1/../../../../arm-none-eabi/lib/armv7-m\libg_nano.a(lib_a-nano-vfprintf_i.o)
                0x00002b4c                _printf_i
 .text.snprintf
                0x00002d98       0x64 c:/program files (x86)/cypress/psoc creator/4.4/psoc creator/import/gnu/arm/5.4.1/bin/../lib/gcc/arm-none-eabi/5.4.1/../../../../arm-none-eabi/lib/armv7-m\libg_nano.a(lib_a-snprintf.o)
                0x00002d98                sniprintf
                0x00002d98                snprintf
 .text          0x00002dfc       0x10 c:/program files (x86)/cypress/psoc creator/4.4/psoc creator/import/gnu/arm/5.4.1/bin/../lib/gcc/arm-none-eabi/5.4.1/../../../../arm-none-eabi/lib/armv7-m\libg_nano.a(lib_a-strlen.o)
                0x00002dfc                strlen
 .text.quorem   0x00002e0c      0x116 c:/program files (x86)/cypress/psoc creator/4.4/psoc creator/import/gnu/arm/5.4.1/bin/../lib/gcc/arm-none-eabi/5.4.1/../../../../arm-none-eabi/lib/armv7-m\libg_nano.a(lib_a-dtoa.o)
 *fill*         0x00002f22        0x6 
 .text._dtoa_r  0x00002f28      0xb30 c:/program files (x86)/cypress/psoc creator/4.4/psoc creator/import/gnu/arm/5.4.1/bin/../lib/gcc/arm-none-eabi/5.4.1/../../../../arm-none-eabi/lib/armv7-m\libg_nano.a(lib_a-dtoa.o)
                0x00002f28                _dtoa_r
 .text._localeconv_r
                0x00003a58        0x8 c:/program files (x86)/cypress/psoc creator/4.4/psoc creator/import/gnu/arm/5.4.1/bin/../lib/gcc/arm-none-eabi/5.4.1/../../../../arm-none-eabi/lib/armv7-m\libg_nano.a(lib_a-locale.o)
                0x00003a58                _localeconv_r
 .text.malloc   0x00003a60       0x10 c:/program files (x86)/cypress/psoc creator/4.4/psoc creator/import/gnu/arm/5.4.1/bin/../lib/gcc/arm-none-eabi/5.4.1/../../../../arm-none-eabi/lib/armv7-m\libg_nano.a(lib_a-malloc.o)
                0x00003a60                malloc
 .text.memchr   0x00003a70       0x1c c:/program files (x86)/cypress/psoc creator/4.4/psoc creator/import/gnu/arm/5.4.1/bin/../lib/gcc/arm-none-eabi/5.4.1/../../../../arm-none-eabi/lib/armv7-m\libg_nano.a(lib_a-memchr-stub.o)
                0x00003a70                memchr
 .text._Balloc  0x00003a8c       0x6a c:/program files (x86)/cypress/psoc creator/4.4/psoc creator/import/gnu/arm/5.4.1/bin/../lib/gcc/arm-none-eabi/5.4.1/../../../../arm-none-eabi/lib/armv7-m\libg_nano.a(lib_a-mprec.o)
                0x00003a8c                _Balloc
 .text._Bfree   0x00003af6       0x2e c:/program files (x86)/cypress/psoc creator/4.4/psoc creator/import/gnu/arm/5.4.1/bin/../lib/gcc/arm-none-eabi/5.4.1/../../../../arm-none-eabi/lib/armv7-m\libg_nano.a(lib_a-mprec.o)
                0x00003af6                _Bfree
 .text.__multadd
                0x00003b24       0x76 c:/program files (x86)/cypress/psoc creator/4.4/psoc creator/import/gnu/arm/5.4.1/bin/../lib/gcc/arm-none-eabi/5.4.1/../../../../arm-none-eabi/lib/armv7-m\libg_nano.a(lib_a-mprec.o)
                0x00003b24                __multadd
 .text.__hi0bits
                0x00003b9a       0x40 c:/program files (x86)/cypress/psoc creator/4.4/psoc creator/import/gnu/arm/5.4.1/bin/../lib/gcc/arm-none-eabi/5.4.1/../../../../arm-none-eabi/lib/armv7-m\libg_nano.a(lib_a-mprec.o)
                0x00003b9a                __hi0bits
 .text.__lo0bits
                0x00003bda       0x5a c:/program files (x86)/cypress/psoc creator/4.4/psoc creator/import/gnu/arm/5.4.1/bin/../lib/gcc/arm-none-eabi/5.4.1/../../../../arm-none-eabi/lib/armv7-m\libg_nano.a(lib_a-mprec.o)
                0x00003bda                __lo0bits
 .text.__i2b    0x00003c34       0x12 c:/program files (x86)/cypress/psoc creator/4.4/psoc creator/import/gnu/arm/5.4.1/bin/../lib/gcc/arm-none-eabi/5.4.1/../../../../arm-none-eabi/lib/armv7-m\libg_nano.a(lib_a-mprec.o)
                0x00003c34                __i2b
 .text.__multiply
                0x00003c46      0x120 c:/program files (x86)/cypress/psoc creator/4.4/psoc creator/import/gnu/arm/5.4.1/bin/../lib/gcc/arm-none-eabi/5.4.1/../../../../arm-none-eabi/lib/armv7-m\libg_nano.a(lib_a-mprec.o)
                0x00003c46                __multiply
 *fill*         0x00003d66        0x2 
 .text.__pow5mult
                0x00003d68       0x9c c:/program files (x86)/cypress/psoc creator/4.4/psoc creator/import/gnu/arm/5.4.1/bin/../lib/gcc/arm-none-eabi/5.4.1/../../../../arm-none-eabi/lib/armv7-m\libg_nano.a(lib_a-mprec.o)
                0x00003d68                __pow5mult
 .text.__lshift
                0x00003e04       0xa2 c:/program files (x86)/cypress/psoc creator/4.4/psoc creator/import/gnu/arm/5.4.1/bin/../lib/gcc/arm-none-eabi/5.4.1/../../../../arm-none-eabi/lib/armv7-m\libg_nano.a(lib_a-mprec.o)
                0x00003e04                __lshift
 .text.__mcmp   0x00003ea6       0x38 c:/program files (x86)/cypress/psoc creator/4.4/psoc creator/import/gnu/arm/5.4.1/bin/../lib/gcc/arm-none-eabi/5.4.1/../../../../arm-none-eabi/lib/armv7-m\libg_nano.a(lib_a-mprec.o)
                0x00003ea6                __mcmp
 .text.__mdiff  0x00003ede       0xbe c:/program files (x86)/cypress/psoc creator/4.4/psoc creator/import/gnu/arm/5.4.1/bin/../lib/gcc/arm-none-eabi/5.4.1/../../../../arm-none-eabi/lib/armv7-m\libg_nano.a(lib_a-mprec.o)
                0x00003ede                __mdiff
 .text.__d2b    0x00003f9c       0x9c c:/program files (x86)/cypress/psoc creator/4.4/psoc creator/import/gnu/arm/5.4.1/bin/../lib/gcc/arm-none-eabi/5.4.1/../../../../arm-none-eabi/lib/armv7-m\libg_nano.a(lib_a-mprec.o)
                0x00003f9c                __d2b
 .text._calloc_r
                0x00004038       0x1c c:/program files (x86)/cypress/psoc creator/4.4/psoc creator/import/gnu/arm/5.4.1/bin/../lib/gcc/arm-none-eabi/5.4.1/../../../../arm-none-eabi/lib/armv7-m\libg_nano.a(lib_a-nano-callocr.o)
                0x00004038                _calloc_r
 .text._free_r  0x00004054       0x98 c:/program files (x86)/cypress/psoc creator/4.4/psoc creator/import/gnu/arm/5.4.1/bin/../lib/gcc/arm-none-eabi/5.4.1/../../../../arm-none-eabi/lib/armv7-m\libg_nano.a(lib_a-nano-freer.o)
                0x00004054                _free_r
 .text._malloc_r
                0x000040ec       0xbc c:/program files (x86)/cypress/psoc creator/4.4/psoc creator/import/gnu/arm/5.4.1/bin/../lib/gcc/arm-none-eabi/5.4.1/../../../../arm-none-eabi/lib/armv7-m\libg_nano.a(lib_a-nano-mallocr.o)
                0x000040ec                _malloc_r
 .text.__ssputs_r
                0x000041a8       0xb2 c:/program files (x86)/cypress/psoc creator/4.4/psoc creator/import/gnu/arm/5.4.1/bin/../lib/gcc/arm-none-eabi/5.4.1/../../../../arm-none-eabi/lib/armv7-m\libg_nano.a(lib_a-nano-svfprintf.o)
                0x000041a8                __ssputs_r
 *fill*         0x0000425a        0x2 
 .text._svfprintf_r
                0x0000425c      0x1e8 c:/program files (x86)/cypress/psoc creator/4.4/psoc creator/import/gnu/arm/5.4.1/bin/../lib/gcc/arm-none-eabi/5.4.1/../../../../arm-none-eabi/lib/armv7-m\libg_nano.a(lib_a-nano-svfprintf.o)
                0x0000425c                _svfiprintf_r
                0x0000425c                _svfprintf_r
 .text._sbrk_r  0x00004444       0x20 c:/program files (x86)/cypress/psoc creator/4.4/psoc creator/import/gnu/arm/5.4.1/bin/../lib/gcc/arm-none-eabi/5.4.1/../../../../arm-none-eabi/lib/armv7-m\libg_nano.a(lib_a-sbrkr.o)
                0x00004444                _sbrk_r
 .text.memmove  0x00004464       0x36 c:/program files (x86)/cypress/psoc creator/4.4/psoc creator/import/gnu/arm/5.4.1/bin/../lib/gcc/arm-none-eabi/5.4.1/../../../../arm-none-eabi/lib/armv7-m\libg_nano.a(lib_a-memmove.o)
                0x00004464                memmove
 .text.__malloc_lock
                0x0000449a        0x2 c:/program files (x86)/cypress/psoc creator/4.4/psoc creator/import/gnu/arm/5.4.1/bin/../lib/gcc/arm-none-eabi/5.4.1/../../../../arm-none-eabi/lib/armv7-m\libg_nano.a(lib_a-mlock.o)
                0x0000449a                __malloc_lock
 .text.__malloc_unlock
                0x0000449c        0x2 c:/program files (x86)/cypress/psoc creator/4.4/psoc creator/import/gnu/arm/5.4.1/bin/../lib/gcc/arm-none-eabi/5.4.1/../../../../arm-none-eabi/lib/armv7-m\libg_nano.a(lib_a-mlock.o)
                0x0000449c                __malloc_unlock
 .text._realloc_r
                0x0000449e       0x4c c:/program files (x86)/cypress/psoc creator/4.4/psoc creator/import/gnu/arm/5.4.1/bin/../lib/gcc/arm-none-eabi/5.4.1/../../../../arm-none-eabi/lib/armv7-m\libg_nano.a(lib_a-nano-reallocr.o)
                0x0000449e                _realloc_r
 .text._malloc_usable_size_r
                0x000044ea       0x14 c:/program files (x86)/cypress/psoc creator/4.4/psoc creator/import/gnu/arm/5.4.1/bin/../lib/gcc/arm-none-eabi/5.4.1/../../../../arm-none-eabi/lib/armv7-m\libg_nano.a(lib_a-nano-msizer.o)
                0x000044ea                _malloc_usable_size_r
 *fill*         0x000044fe        0x2 
 .text          0x00004500      0x424 c:/program files (x86)/cypress/psoc creator/4.4/psoc creator/import/gnu/arm/5.4.1/bin/../lib/gcc/arm-none-eabi/5.4.1/armv7-m\libgcc.a(_arm_muldivdf3.o)
                0x00004500                __aeabi_dmul
                0x00004500                __muldf3
                0x00004754                __divdf3
                0x00004754                __aeabi_ddiv
 .text          0x00004924       0x2c c:/program files (x86)/cypress/psoc creator/4.4/psoc creator/import/gnu/arm/5.4.1/bin/../lib/gcc/arm-none-eabi/5.4.1/armv7-m\libgcc.a(_arm_unorddf2.o)
                0x00004924                __unorddf2
                0x00004924                __aeabi_dcmpun
 .text          0x00004950       0x50 c:/program files (x86)/cypress/psoc creator/4.4/psoc creator/import/gnu/arm/5.4.1/bin/../lib/gcc/arm-none-eabi/5.4.1/armv7-m\libgcc.a(_arm_fixdfsi.o)
                0x00004950                __aeabi_d2iz
                0x00004950                __fixdfsi
 *(.plt)
 *(.gnu.warning)
 *(.glue_7t)
 .glue_7t       0x000049a0        0x0 linker stubs
 *(.glue_7)
 .glue_7        0x000049a0        0x0 linker stubs
 *(.vfp11_veneer)
 .vfp11_veneer  0x000049a0        0x0 linker stubs
 *(.bootloader)
 *(.ARM.extab* .gnu.linkonce.armextab.*)
 *(.gcc_except_table)

.v4_bx          0x000049a0        0x0
 .v4_bx         0x000049a0        0x0 linker stubs

.iplt           0x000049a0        0x0
 .iplt          0x000049a0        0x0 c:/program files (x86)/cypress/psoc creator/4.4/psoc creator/import/gnu/arm/5.4.1/bin/../lib/gcc/arm-none-eabi/5.4.1/armv7-m/crtbegin.o

.eh_frame_hdr
 *(.eh_frame_hdr)

.eh_frame       0x000049a0        0x4
 *(.eh_frame)
 .eh_frame      0x000049a0        0x0 c:/program files (x86)/cypress/psoc creator/4.4/psoc creator/import/gnu/arm/5.4.1/bin/../lib/gcc/arm-none-eabi/5.4.1/armv7-m/crtbegin.o
 .eh_frame      0x000049a0        0x4 c:/program files (x86)/cypress/psoc creator/4.4/psoc creator/import/gnu/arm/5.4.1/bin/../lib/gcc/arm-none-eabi/5.4.1/armv7-m/crtend.o
                [!provide]                PROVIDE (__exidx_start, .)

.ARM.exidx
 *(.ARM.exidx* .gnu.linkonce.armexidx.*)
                0x000049a4                __exidx_end = .

.rodata         0x000049a8      0x338
 *(.rodata .rodata.* .gnu.linkonce.r.*)
 .rodata        0x000049a8      0x100 .\CortexM3\ARM_GCC_541\Debug\main.o
 .rodata.str1.4
                0x00004aa8       0x48 .\CortexM3\ARM_GCC_541\Debug\main.o
                                 0x4b (size before relaxing)
 .rodata        0x00004af0       0x5c .\CortexM3\ARM_GCC_541\Debug\cyfitter_cfg.o
                0x00004af0                AMux_CYAMUXSIDE_A__addrTable
                0x00004af8                AMux_CYAMUXSIDE_A__maskTable
                0x00004afc                AMux_CYAMUXSIDE_B__addrTable
                0x00004b04                AMux_CYAMUXSIDE_B__maskTable
 .rodata.str1.1
                0x00004b4c        0x2 c:/program files (x86)/cypress/psoc creator/4.4/psoc creator/import/gnu/arm/5.4.1/bin/../lib/gcc/arm-none-eabi/5.4.1/../../../../arm-none-eabi/lib/armv7-m\libg_nano.a(lib_a-impure.o)
 .rodata.str1.1
                0x00004b4e       0x12 c:/program files (x86)/cypress/psoc creator/4.4/psoc creator/import/gnu/arm/5.4.1/bin/../lib/gcc/arm-none-eabi/5.4.1/../../../../arm-none-eabi/lib/armv7-m\libg_nano.a(lib_a-nano-vfprintf_float.o)
 .rodata.str1.1
                0x00004b60       0x22 c:/program files (x86)/cypress/psoc creator/4.4/psoc creator/import/gnu/arm/5.4.1/bin/../lib/gcc/arm-none-eabi/5.4.1/../../../../arm-none-eabi/lib/armv7-m\libg_nano.a(lib_a-nano-vfprintf_i.o)
 .rodata.str1.1
                0x00004b82        0xd c:/program files (x86)/cypress/psoc creator/4.4/psoc creator/import/gnu/arm/5.4.1/bin/../lib/gcc/arm-none-eabi/5.4.1/../../../../arm-none-eabi/lib/armv7-m\libg_nano.a(lib_a-dtoa.o)
                                  0xf (size before relaxing)
 .rodata.str1.1
                0x00004b8f        0x8 c:/program files (x86)/cypress/psoc creator/4.4/psoc creator/import/gnu/arm/5.4.1/bin/../lib/gcc/arm-none-eabi/5.4.1/../../../../arm-none-eabi/lib/armv7-m\libg_nano.a(lib_a-locale.o)
                                  0xb (size before relaxing)
 *fill*         0x00004b97        0x1 
 .rodata.__mprec_tens
                0x00004b98       0xc8 c:/program files (x86)/cypress/psoc creator/4.4/psoc creator/import/gnu/arm/5.4.1/bin/../lib/gcc/arm-none-eabi/5.4.1/../../../../arm-none-eabi/lib/armv7-m\libg_nano.a(lib_a-mprec.o)
                0x00004b98                __mprec_tens
 .rodata.p05.5408
                0x00004c60        0xc c:/program files (x86)/cypress/psoc creator/4.4/psoc creator/import/gnu/arm/5.4.1/bin/../lib/gcc/arm-none-eabi/5.4.1/../../../../arm-none-eabi/lib/armv7-m\libg_nano.a(lib_a-mprec.o)
 *fill*         0x00004c6c        0x4 
 .rodata.__mprec_bigtens
                0x00004c70       0x28 c:/program files (x86)/cypress/psoc creator/4.4/psoc creator/import/gnu/arm/5.4.1/bin/../lib/gcc/arm-none-eabi/5.4.1/../../../../arm-none-eabi/lib/armv7-m\libg_nano.a(lib_a-mprec.o)
                0x00004c70                __mprec_bigtens
 .rodata.str1.1
                0x00004c98       0x11 c:/program files (x86)/cypress/psoc creator/4.4/psoc creator/import/gnu/arm/5.4.1/bin/../lib/gcc/arm-none-eabi/5.4.1/../../../../arm-none-eabi/lib/armv7-m\libg_nano.a(lib_a-nano-svfprintf.o)
                0x00004cac                . = ALIGN (0x4)
 *fill*         0x00004ca9        0x3 
 *(.init)
 .init          0x00004cac        0x4 c:/program files (x86)/cypress/psoc creator/4.4/psoc creator/import/gnu/arm/5.4.1/bin/../lib/gcc/arm-none-eabi/5.4.1/armv7-m/crti.o
                0x00004cac                _init
 .init          0x00004cb0        0x8 c:/program files (x86)/cypress/psoc creator/4.4/psoc creator/import/gnu/arm/5.4.1/bin/../lib/gcc/arm-none-eabi/5.4.1/armv7-m/crtn.o
                0x00004cb8                . = ALIGN (0x4)
                0x00004cb8                __preinit_array_start = .
 *(.preinit_array)
                0x00004cb8                __preinit_array_end = .
                0x00004cb8                . = ALIGN (0x4)
                0x00004cb8                __init_array_start = .
 *(SORT(.init_array.*))
 *(.init_array)
 .init_array    0x00004cb8        0x4 c:/program files (x86)/cypress/psoc creator/4.4/psoc creator/import/gnu/arm/5.4.1/bin/../lib/gcc/arm-none-eabi/5.4.1/armv7-m/crtbegin.o
 .init_array    0x00004cbc        0x4 .\CortexM3\ARM_GCC_541\Debug\Cm3Start.o
                0x00004cc0                __init_array_end = .
                0x00004cc0                . = ALIGN (0x4)
 *(.fini)
 .fini          0x00004cc0        0x4 c:/program files (x86)/cypress/psoc creator/4.4/psoc creator/import/gnu/arm/5.4.1/bin/../lib/gcc/arm-none-eabi/5.4.1/armv7-m/crti.o
                0x00004cc0                _fini
 .fini          0x00004cc4        0x8 c:/program files (x86)/cypress/psoc creator/4.4/psoc creator/import/gnu/arm/5.4.1/bin/../lib/gcc/arm-none-eabi/5.4.1/armv7-m/crtn.o
                0x00004ccc                . = ALIGN (0x4)
                0x00004ccc                __fini_array_start = .
 *(.fini_array)
 .fini_array    0x00004ccc        0x4 c:/program files (x86)/cypress/psoc creator/4.4/psoc creator/import/gnu/arm/5.4.1/bin/../lib/gcc/arm-none-eabi/5.4.1/armv7-m/crtbegin.o
 *(SORT(.fini_array.*))
                0x00004cd0                __fini_array_end = .
                0x00004cd0                . = ALIGN (0x4)
 *crtbegin.o(.ctors)
 *(EXCLUDE_FILE(*crtend.o) .ctors)
 *(SORT(.ctors.*))
 *crtend.o(.ctors)
                0x00004cd0                . = ALIGN (0x4)
 *crtbegin.o(.dtors)
 *(EXCLUDE_FILE(*crtend.o) .dtors)
 *(SORT(.dtors.*))
 *crtend.o(.dtors)
                0x00004cd0                . = ALIGN (0x4)
                0x00004cd0                __cy_regions = .
                0x00004cd0        0x4 LONG 0x4ce0 __cy_region_init_ram
                0x00004cd4        0x4 LONG 0x1fff80c8 __cy_region_start_data
                0x00004cd8        0x4 LONG 0xc8 __cy_region_init_size_ram
                0x00004cdc        0x4 LONG 0x290 __cy_region_zero_size_ram
                0x00004ce0                __cy_regions_end = .
                0x00004ce0                . = ALIGN (0x8)
                0x00004ce0                _etext = .

.cy_checksum_exclude
                0x00004ce0        0x0
 *(.cy_checksum_exclude)

.ramvectors     0x1fff8000       0xc0
                0x1fff8000                __cy_region_start_ram = .
 *(.ramvectors)
 .ramvectors    0x1fff8000       0xc0 .\CortexM3\ARM_GCC_541\Debug\Cm3Start.o
                0x1fff8000                CyRamVectors

.noinit         0x1fff80c0        0x1
 *(.noinit)
 .noinit        0x1fff80c0        0x1 .\CortexM3\ARM_GCC_541\Debug\PSOC5 Implement.a(CyLib.o)
                0x1fff80c0                CyResetStatus

.data           0x1fff80c8       0xc8 load address 0x00004ce0
                0x1fff80c8                __cy_region_start_data = .
 *(.jcr)
 .jcr           0x1fff80c8        0x0 c:/program files (x86)/cypress/psoc creator/4.4/psoc creator/import/gnu/arm/5.4.1/bin/../lib/gcc/arm-none-eabi/5.4.1/armv7-m/crtbegin.o
 .jcr           0x1fff80c8        0x4 c:/program files (x86)/cypress/psoc creator/4.4/psoc creator/import/gnu/arm/5.4.1/bin/../lib/gcc/arm-none-eabi/5.4.1/armv7-m/crtend.o
 *(.got.plt)
 *(.got)
 *(.shdata)
 *(.data .data.* .gnu.linkonce.d.*)
 .data          0x1fff80cc        0x4 .\CortexM3\ARM_GCC_541\Debug\Cm3Start.o
 .data          0x1fff80d0        0x2 .\CortexM3\ARM_GCC_541\Debug\PSOC5 Implement.a(ADC_TS410.o)
 .data          0x1fff80d2        0x1 .\CortexM3\ARM_GCC_541\Debug\PSOC5 Implement.a(ADC_TS410_TempBuf_dma.o)
                0x1fff80d2                ADC_TS410_TempBuf_DmaHandle
 .data          0x1fff80d3        0x1 .\CortexM3\ARM_GCC_541\Debug\PSOC5 Implement.a(ADC_TS410_FinalBuf_dma.o)
                0x1fff80d3                ADC_TS410_FinalBuf_DmaHandle
 .data          0x1fff80d4        0x8 .\CortexM3\ARM_GCC_541\Debug\PSOC5 Implement.a(CyDmac.o)
 .data          0x1fff80dc       0x10 .\CortexM3\ARM_GCC_541\Debug\PSOC5 Implement.a(CyLib.o)
                0x1fff80dc                cydelay_32k_ms
                0x1fff80e0                cydelay_freq_khz
                0x1fff80e4                cydelay_freq_mhz
                0x1fff80e8                cydelay_freq_hz
 .data          0x1fff80ec        0x1 .\CortexM3\ARM_GCC_541\Debug\PSOC5 Implement.a(ADC_DelSig.o)
                0x1fff80ec                ADC_DelSig_Config
 *fill*         0x1fff80ed        0x3 
 .data.impure_data
                0x1fff80f0       0x60 c:/program files (x86)/cypress/psoc creator/4.4/psoc creator/import/gnu/arm/5.4.1/bin/../lib/gcc/arm-none-eabi/5.4.1/../../../../arm-none-eabi/lib/armv7-m\libg_nano.a(lib_a-impure.o)
 .data._impure_ptr
                0x1fff8150        0x4 c:/program files (x86)/cypress/psoc creator/4.4/psoc creator/import/gnu/arm/5.4.1/bin/../lib/gcc/arm-none-eabi/5.4.1/../../../../arm-none-eabi/lib/armv7-m\libg_nano.a(lib_a-impure.o)
                0x1fff8150                _impure_ptr
 .data.lconv    0x1fff8154       0x38 c:/program files (x86)/cypress/psoc creator/4.4/psoc creator/import/gnu/arm/5.4.1/bin/../lib/gcc/arm-none-eabi/5.4.1/../../../../arm-none-eabi/lib/armv7-m\libg_nano.a(lib_a-locale.o)
                0x1fff8190                . = ALIGN (0x8)
 *fill*         0x1fff818c        0x4 
 *(.ram)
                0x1fff8190                _edata = .

.igot.plt       0x1fff8190        0x0 load address 0x00004da8
 .igot.plt      0x1fff8190        0x0 c:/program files (x86)/cypress/psoc creator/4.4/psoc creator/import/gnu/arm/5.4.1/bin/../lib/gcc/arm-none-eabi/5.4.1/armv7-m/crtbegin.o

.bss            0x1fff8190      0x290 load address 0x00004da8
                0x1fff8190                PROVIDE (__bss_start__, .)
 *(.shbss)
 *(.bss .bss.* .gnu.linkonce.b.*)
 .bss           0x1fff8190       0x1c c:/program files (x86)/cypress/psoc creator/4.4/psoc creator/import/gnu/arm/5.4.1/bin/../lib/gcc/arm-none-eabi/5.4.1/armv7-m/crtbegin.o
 .bss           0x1fff81ac      0x20f .\CortexM3\ARM_GCC_541\Debug\main.o
                0x1fff81ac                timerCount
                0x1fff81ae                timerCountDataCompare
 .bss           0x1fff83bb        0x2 .\CortexM3\ARM_GCC_541\Debug\PSOC5 Implement.a(UART_OEM.o)
                0x1fff83bb                UART_OEM_initVar
 .bss           0x1fff83bd        0x2 .\CortexM3\ARM_GCC_541\Debug\PSOC5 Implement.a(UART_RPI.o)
                0x1fff83bd                UART_RPI_initVar
 .bss           0x1fff83bf        0x2 .\CortexM3\ARM_GCC_541\Debug\PSOC5 Implement.a(UART_Debug.o)
                0x1fff83bf                UART_Debug_initVar
 .bss           0x1fff83c1        0x1 .\CortexM3\ARM_GCC_541\Debug\PSOC5 Implement.a(Timer_ISR.o)
                0x1fff83c1                Timer_ISR_initVar
 *fill*         0x1fff83c2        0x2 
 .bss           0x1fff83c4       0x10 .\CortexM3\ARM_GCC_541\Debug\PSOC5 Implement.a(ADC_TS410.o)
                0x1fff83d0                ADC_TS410_initVar
 .bss           0x1fff83d4        0x1 .\CortexM3\ARM_GCC_541\Debug\PSOC5 Implement.a(ADC_TS410_SAR.o)
                0x1fff83d4                ADC_TS410_SAR_initVar
 *fill*         0x1fff83d5        0x3 
 .bss           0x1fff83d8       0x18 .\CortexM3\ARM_GCC_541\Debug\PSOC5 Implement.a(ADC_DelSig.o)
                0x1fff83e8                ADC_DelSig_stopConversion
                0x1fff83e9                ADC_DelSig_convDone
                0x1fff83ea                ADC_DelSig_initVar
                0x1fff83eb                ADC_DelSig_started
                0x1fff83ec                ADC_DelSig_Offset
 .bss.__malloc_sbrk_start
                0x1fff83f0        0x4 c:/program files (x86)/cypress/psoc creator/4.4/psoc creator/import/gnu/arm/5.4.1/bin/../lib/gcc/arm-none-eabi/5.4.1/../../../../arm-none-eabi/lib/armv7-m\libg_nano.a(lib_a-nano-mallocr.o)
                0x1fff83f0                __malloc_sbrk_start
 .bss.__malloc_free_list
                0x1fff83f4        0x4 c:/program files (x86)/cypress/psoc creator/4.4/psoc creator/import/gnu/arm/5.4.1/bin/../lib/gcc/arm-none-eabi/5.4.1/../../../../arm-none-eabi/lib/armv7-m\libg_nano.a(lib_a-nano-mallocr.o)
                0x1fff83f4                __malloc_free_list
 *(COMMON)
 COMMON         0x1fff83f8        0x8 .\CortexM3\ARM_GCC_541\Debug\main.o
                0x1fff83f8                ADCData
 COMMON         0x1fff8400        0x8 .\CortexM3\ARM_GCC_541\Debug\PSOC5 Implement.a(ADC_TS410.o)
                0x1fff8400                ADC_TS410_finalArray
 COMMON         0x1fff8408        0xc .\CortexM3\ARM_GCC_541\Debug\PSOC5 Implement.a(ADC_TS410_SAR.o)
                0x1fff8408                ADC_TS410_SAR_countsPerVolt
                0x1fff840c                ADC_TS410_SAR_countsPer10Volt
                0x1fff8410                ADC_TS410_SAR_shift
                0x1fff8412                ADC_TS410_SAR_offset
 COMMON         0x1fff8414        0x4 .\CortexM3\ARM_GCC_541\Debug\PSOC5 Implement.a(ADC_DelSig.o)
                0x1fff8414                ADC_DelSig_CountsPerVolt
 COMMON         0x1fff8418        0x4 c:/program files (x86)/cypress/psoc creator/4.4/psoc creator/import/gnu/arm/5.4.1/bin/../lib/gcc/arm-none-eabi/5.4.1/../../../../arm-none-eabi/lib/armv7-m\libg_nano.a(lib_a-reent.o)
                0x1fff8418                errno
                0x1fff8420                . = ALIGN (0x8)
 *fill*         0x1fff841c        0x4 
 *(.ram.b)
                0x1fff8420                _end = .
                0x1fff8420                __end = .
                0x1fff8420                PROVIDE (end, .)
                0x1fff8420                PROVIDE (__bss_end__, .)
                0x00004ce0                __cy_region_init_ram = LOADADDR (.data)
                0x000000c8                __cy_region_init_size_ram = (_edata - ADDR (.data))
                0x00000290                __cy_region_zero_size_ram = (_end - _edata)

.heap           0x1fff8420       0x80 load address 0x00004da8
                0x1fff8420                . = _end
                0x1fff84a0                . = (. + 0x80)
 *fill*         0x1fff8420       0x80 
                0x1fff84a0                __cy_heap_limit = .

.stack          0x20007800      0x800
                0x20007800                __cy_stack_limit = .
                0x20008000                . = (. + 0x800)
 *fill*         0x20007800      0x800 
                0x00000001                ASSERT ((__cy_stack_limit >= __cy_heap_limit), region RAM overflowed with stack)
                0x00000000                cy_checksum_exclude_size = (CY_APPL_LOADABLE == 0x1)?SIZEOF (.cy_checksum_exclude):0x0
                0x00000001                ASSERT ((cy_checksum_exclude_size <= CY_CHECKSUM_EXCLUDE_SIZE), CY_BOOT: Section .cy_checksum_exclude size exceedes specified limit.)

.cyloadermeta
 *(.cyloadermeta)

.cyloadablemeta
 *(.cyloadablemeta)

.cyconfigecc    0x80000000      0xddc
 *(.cyconfigecc)
 .cyconfigecc   0x80000000      0xddc .\CortexM3\ARM_GCC_541\Debug\cymetadata.o
                0x80000000                cy_meta_configecc

.cycustnvl      0x90000000        0x4
 *(.cycustnvl)
 .cycustnvl     0x90000000        0x4 .\CortexM3\ARM_GCC_541\Debug\cymetadata.o
                0x90000000                cy_meta_custnvl

.cywolatch      0x90100000        0x4
 *(.cywolatch)
 .cywolatch     0x90100000        0x4 .\CortexM3\ARM_GCC_541\Debug\cymetadata.o
                0x90100000                cy_meta_wonvl

.cyeeprom       0x90200000        0x0
 *(.cyeeprom)
                0x00000001                ASSERT ((. <= ((0x90200000 + ee_offset) + ee_size)), .cyeeprom data will not fit in EEPROM)

.cyflashprotect
                0x90400000      0x100
 *(.cyflashprotect)
 .cyflashprotect
                0x90400000      0x100 .\CortexM3\ARM_GCC_541\Debug\cymetadata.o
                0x90400000                cy_meta_flashprotect

.cymeta         0x90500000        0xc
 *(.cymeta)
 .cymeta        0x90500000        0xc .\CortexM3\ARM_GCC_541\Debug\cymetadata.o
                0x90500000                cy_metadata

.rel.dyn        0x00004da8        0x0 load address 0x9050000c
 .rel.iplt      0x00004da8        0x0 c:/program files (x86)/cypress/psoc creator/4.4/psoc creator/import/gnu/arm/5.4.1/bin/../lib/gcc/arm-none-eabi/5.4.1/armv7-m/crtbegin.o

.stab
 *(.stab)

.stabstr
 *(.stabstr)

.debug
 *(.debug)

.line
 *(.line)

.debug_srcinfo
 *(.debug_srcinfo)

.debug_sfnames
 *(.debug_sfnames)

.debug_aranges  0x00000000      0xfb0
 *(.debug_aranges)
 .debug_aranges
                0x00000000       0x48 .\CortexM3\ARM_GCC_541\Debug\main.o
 .debug_aranges
                0x00000048       0x78 .\CortexM3\ARM_GCC_541\Debug\cyfitter_cfg.o
 .debug_aranges
                0x000000c0       0x18 .\CortexM3\ARM_GCC_541\Debug\cymetadata.o
 .debug_aranges
                0x000000d8       0x48 .\CortexM3\ARM_GCC_541\Debug\Cm3Start.o
 .debug_aranges
                0x00000120       0xf0 .\CortexM3\ARM_GCC_541\Debug\PSOC5 Implement.a(UART_OEM.o)
 .debug_aranges
                0x00000210       0xf0 .\CortexM3\ARM_GCC_541\Debug\PSOC5 Implement.a(UART_RPI.o)
 .debug_aranges
                0x00000300       0xa0 .\CortexM3\ARM_GCC_541\Debug\PSOC5 Implement.a(UART_Debug.o)
 .debug_aranges
                0x000003a0       0x88 .\CortexM3\ARM_GCC_541\Debug\PSOC5 Implement.a(Timer_ISR.o)
 .debug_aranges
                0x00000428       0xa0 .\CortexM3\ARM_GCC_541\Debug\PSOC5 Implement.a(ADC_TS410.o)
 .debug_aranges
                0x000004c8       0x20 .\CortexM3\ARM_GCC_541\Debug\PSOC5 Implement.a(ADC_TS410_INT.o)
 .debug_aranges
                0x000004e8       0x70 .\CortexM3\ARM_GCC_541\Debug\PSOC5 Implement.a(UART_OEM_IntClock.o)
 .debug_aranges
                0x00000558       0x70 .\CortexM3\ARM_GCC_541\Debug\PSOC5 Implement.a(UART_RPI_IntClock.o)
 .debug_aranges
                0x000005c8       0x70 .\CortexM3\ARM_GCC_541\Debug\PSOC5 Implement.a(UART_Debug_IntClock.o)
 .debug_aranges
                0x00000638       0xa8 .\CortexM3\ARM_GCC_541\Debug\PSOC5 Implement.a(ADC_TS410_SAR.o)
 .debug_aranges
                0x000006e0       0x28 .\CortexM3\ARM_GCC_541\Debug\PSOC5 Implement.a(ADC_TS410_TempBuf_dma.o)
 .debug_aranges
                0x00000708       0x28 .\CortexM3\ARM_GCC_541\Debug\PSOC5 Implement.a(ADC_TS410_FinalBuf_dma.o)
 .debug_aranges
                0x00000730       0x80 .\CortexM3\ARM_GCC_541\Debug\PSOC5 Implement.a(ADC_TS410_IRQ.o)
 .debug_aranges
                0x000007b0       0xd8 .\CortexM3\ARM_GCC_541\Debug\PSOC5 Implement.a(CyDmac.o)
 .debug_aranges
                0x00000888      0x2a0 .\CortexM3\ARM_GCC_541\Debug\PSOC5 Implement.a(CyLib.o)
 .debug_aranges
                0x00000b28       0x98 .\CortexM3\ARM_GCC_541\Debug\PSOC5 Implement.a(cyPm.o)
 .debug_aranges
                0x00000bc0       0x38 .\CortexM3\ARM_GCC_541\Debug\PSOC5 Implement.a(USER_LED.o)
 .debug_aranges
                0x00000bf8       0x80 .\CortexM3\ARM_GCC_541\Debug\PSOC5 Implement.a(Timer_Interrupt.o)
 .debug_aranges
                0x00000c78       0xe8 .\CortexM3\ARM_GCC_541\Debug\PSOC5 Implement.a(ADC_DelSig.o)
 .debug_aranges
                0x00000d60       0x38 .\CortexM3\ARM_GCC_541\Debug\PSOC5 Implement.a(ADC_DelSig_INT.o)
 .debug_aranges
                0x00000d98       0x70 .\CortexM3\ARM_GCC_541\Debug\PSOC5 Implement.a(ADC_DelSig_Ext_CP_Clk.o)
 .debug_aranges
                0x00000e08       0x80 .\CortexM3\ARM_GCC_541\Debug\PSOC5 Implement.a(ADC_DelSig_theACLK.o)
 .debug_aranges
                0x00000e88       0x20 .\CortexM3\ARM_GCC_541\Debug\PSOC5 Implement.a(CyBootAsmGnu.o)
 .debug_aranges
                0x00000ea8       0x88 .\CortexM3\ARM_GCC_541\Debug\PSOC5 Implement.a(CyFlash.o)
 .debug_aranges
                0x00000f30       0x80 .\CortexM3\ARM_GCC_541\Debug\PSOC5 Implement.a(CySpc.o)

.debug_pubnames
 *(.debug_pubnames)

.debug_info     0x00000000     0x8c16
 *(.debug_info .gnu.linkonce.wi.*)
 .debug_info    0x00000000      0x8d8 .\CortexM3\ARM_GCC_541\Debug\main.o
 .debug_info    0x000008d8      0x7e5 .\CortexM3\ARM_GCC_541\Debug\cyfitter_cfg.o
 .debug_info    0x000010bd      0x139 .\CortexM3\ARM_GCC_541\Debug\cymetadata.o
 .debug_info    0x000011f6      0x3cf .\CortexM3\ARM_GCC_541\Debug\Cm3Start.o
 .debug_info    0x000015c5      0x60c .\CortexM3\ARM_GCC_541\Debug\PSOC5 Implement.a(UART_OEM.o)
 .debug_info    0x00001bd1      0x60c .\CortexM3\ARM_GCC_541\Debug\PSOC5 Implement.a(UART_RPI.o)
 .debug_info    0x000021dd      0x45c .\CortexM3\ARM_GCC_541\Debug\PSOC5 Implement.a(UART_Debug.o)
 .debug_info    0x00002639      0x295 .\CortexM3\ARM_GCC_541\Debug\PSOC5 Implement.a(Timer_ISR.o)
 .debug_info    0x000028ce      0x6f2 .\CortexM3\ARM_GCC_541\Debug\PSOC5 Implement.a(ADC_TS410.o)
 .debug_info    0x00002fc0       0xa0 .\CortexM3\ARM_GCC_541\Debug\PSOC5 Implement.a(ADC_TS410_INT.o)
 .debug_info    0x00003060      0x283 .\CortexM3\ARM_GCC_541\Debug\PSOC5 Implement.a(UART_OEM_IntClock.o)
 .debug_info    0x000032e3      0x283 .\CortexM3\ARM_GCC_541\Debug\PSOC5 Implement.a(UART_RPI_IntClock.o)
 .debug_info    0x00003566      0x283 .\CortexM3\ARM_GCC_541\Debug\PSOC5 Implement.a(UART_Debug_IntClock.o)
 .debug_info    0x000037e9      0x544 .\CortexM3\ARM_GCC_541\Debug\PSOC5 Implement.a(ADC_TS410_SAR.o)
 .debug_info    0x00003d2d      0x1a8 .\CortexM3\ARM_GCC_541\Debug\PSOC5 Implement.a(ADC_TS410_TempBuf_dma.o)
 .debug_info    0x00003ed5      0x1aa .\CortexM3\ARM_GCC_541\Debug\PSOC5 Implement.a(ADC_TS410_FinalBuf_dma.o)
 .debug_info    0x0000407f      0x2d2 .\CortexM3\ARM_GCC_541\Debug\PSOC5 Implement.a(ADC_TS410_IRQ.o)
 .debug_info    0x00004351      0x94e .\CortexM3\ARM_GCC_541\Debug\PSOC5 Implement.a(CyDmac.o)
 .debug_info    0x00004c9f     0x1374 .\CortexM3\ARM_GCC_541\Debug\PSOC5 Implement.a(CyLib.o)
 .debug_info    0x00006013      0xa2a .\CortexM3\ARM_GCC_541\Debug\PSOC5 Implement.a(cyPm.o)
 .debug_info    0x00006a3d      0x11f .\CortexM3\ARM_GCC_541\Debug\PSOC5 Implement.a(USER_LED.o)
 .debug_info    0x00006b5c      0x2d2 .\CortexM3\ARM_GCC_541\Debug\PSOC5 Implement.a(Timer_Interrupt.o)
 .debug_info    0x00006e2e      0xb92 .\CortexM3\ARM_GCC_541\Debug\PSOC5 Implement.a(ADC_DelSig.o)
 .debug_info    0x000079c0       0xd3 .\CortexM3\ARM_GCC_541\Debug\PSOC5 Implement.a(ADC_DelSig_INT.o)
 .debug_info    0x00007a93      0x283 .\CortexM3\ARM_GCC_541\Debug\PSOC5 Implement.a(ADC_DelSig_Ext_CP_Clk.o)
 .debug_info    0x00007d16      0x2c4 .\CortexM3\ARM_GCC_541\Debug\PSOC5 Implement.a(ADC_DelSig_theACLK.o)
 .debug_info    0x00007fda       0x9f .\CortexM3\ARM_GCC_541\Debug\PSOC5 Implement.a(CyBootAsmGnu.o)
 .debug_info    0x00008079      0x64d .\CortexM3\ARM_GCC_541\Debug\PSOC5 Implement.a(CyFlash.o)
 .debug_info    0x000086c6      0x550 .\CortexM3\ARM_GCC_541\Debug\PSOC5 Implement.a(CySpc.o)

.debug_abbrev   0x00000000     0x25ea
 *(.debug_abbrev)
 .debug_abbrev  0x00000000      0x277 .\CortexM3\ARM_GCC_541\Debug\main.o
 .debug_abbrev  0x00000277      0x22d .\CortexM3\ARM_GCC_541\Debug\cyfitter_cfg.o
 .debug_abbrev  0x000004a4       0x77 .\CortexM3\ARM_GCC_541\Debug\cymetadata.o
 .debug_abbrev  0x0000051b      0x1e8 .\CortexM3\ARM_GCC_541\Debug\Cm3Start.o
 .debug_abbrev  0x00000703      0x175 .\CortexM3\ARM_GCC_541\Debug\PSOC5 Implement.a(UART_OEM.o)
 .debug_abbrev  0x00000878      0x175 .\CortexM3\ARM_GCC_541\Debug\PSOC5 Implement.a(UART_RPI.o)
 .debug_abbrev  0x000009ed      0x175 .\CortexM3\ARM_GCC_541\Debug\PSOC5 Implement.a(UART_Debug.o)
 .debug_abbrev  0x00000b62      0x11a .\CortexM3\ARM_GCC_541\Debug\PSOC5 Implement.a(Timer_ISR.o)
 .debug_abbrev  0x00000c7c      0x13e .\CortexM3\ARM_GCC_541\Debug\PSOC5 Implement.a(ADC_TS410.o)
 .debug_abbrev  0x00000dba       0x42 .\CortexM3\ARM_GCC_541\Debug\PSOC5 Implement.a(ADC_TS410_INT.o)
 .debug_abbrev  0x00000dfc      0x139 .\CortexM3\ARM_GCC_541\Debug\PSOC5 Implement.a(UART_OEM_IntClock.o)
 .debug_abbrev  0x00000f35      0x139 .\CortexM3\ARM_GCC_541\Debug\PSOC5 Implement.a(UART_RPI_IntClock.o)
 .debug_abbrev  0x0000106e      0x139 .\CortexM3\ARM_GCC_541\Debug\PSOC5 Implement.a(UART_Debug_IntClock.o)
 .debug_abbrev  0x000011a7      0x1ac .\CortexM3\ARM_GCC_541\Debug\PSOC5 Implement.a(ADC_TS410_SAR.o)
 .debug_abbrev  0x00001353       0xcd .\CortexM3\ARM_GCC_541\Debug\PSOC5 Implement.a(ADC_TS410_TempBuf_dma.o)
 .debug_abbrev  0x00001420       0xcd .\CortexM3\ARM_GCC_541\Debug\PSOC5 Implement.a(ADC_TS410_FinalBuf_dma.o)
 .debug_abbrev  0x000014ed      0x173 .\CortexM3\ARM_GCC_541\Debug\PSOC5 Implement.a(ADC_TS410_IRQ.o)
 .debug_abbrev  0x00001660      0x1b2 .\CortexM3\ARM_GCC_541\Debug\PSOC5 Implement.a(CyDmac.o)
 .debug_abbrev  0x00001812      0x254 .\CortexM3\ARM_GCC_541\Debug\PSOC5 Implement.a(CyLib.o)
 .debug_abbrev  0x00001a66      0x1ab .\CortexM3\ARM_GCC_541\Debug\PSOC5 Implement.a(cyPm.o)
 .debug_abbrev  0x00001c11       0x90 .\CortexM3\ARM_GCC_541\Debug\PSOC5 Implement.a(USER_LED.o)
 .debug_abbrev  0x00001ca1      0x173 .\CortexM3\ARM_GCC_541\Debug\PSOC5 Implement.a(Timer_Interrupt.o)
 .debug_abbrev  0x00001e14      0x1eb .\CortexM3\ARM_GCC_541\Debug\PSOC5 Implement.a(ADC_DelSig.o)
 .debug_abbrev  0x00001fff       0x42 .\CortexM3\ARM_GCC_541\Debug\PSOC5 Implement.a(ADC_DelSig_INT.o)
 .debug_abbrev  0x00002041      0x139 .\CortexM3\ARM_GCC_541\Debug\PSOC5 Implement.a(ADC_DelSig_Ext_CP_Clk.o)
 .debug_abbrev  0x0000217a      0x121 .\CortexM3\ARM_GCC_541\Debug\PSOC5 Implement.a(ADC_DelSig_theACLK.o)
 .debug_abbrev  0x0000229b       0x14 .\CortexM3\ARM_GCC_541\Debug\PSOC5 Implement.a(CyBootAsmGnu.o)
 .debug_abbrev  0x000022af      0x1a7 .\CortexM3\ARM_GCC_541\Debug\PSOC5 Implement.a(CyFlash.o)
 .debug_abbrev  0x00002456      0x194 .\CortexM3\ARM_GCC_541\Debug\PSOC5 Implement.a(CySpc.o)

.debug_line     0x00000000     0x3a0a
 *(.debug_line)
 .debug_line    0x00000000      0x36e .\CortexM3\ARM_GCC_541\Debug\main.o
 .debug_line    0x0000036e      0x262 .\CortexM3\ARM_GCC_541\Debug\cyfitter_cfg.o
 .debug_line    0x000005d0      0x141 .\CortexM3\ARM_GCC_541\Debug\cymetadata.o
 .debug_line    0x00000711      0x241 .\CortexM3\ARM_GCC_541\Debug\Cm3Start.o
 .debug_line    0x00000952      0x2c4 .\CortexM3\ARM_GCC_541\Debug\PSOC5 Implement.a(UART_OEM.o)
 .debug_line    0x00000c16      0x2c4 .\CortexM3\ARM_GCC_541\Debug\PSOC5 Implement.a(UART_RPI.o)
 .debug_line    0x00000eda      0x1fc .\CortexM3\ARM_GCC_541\Debug\PSOC5 Implement.a(UART_Debug.o)
 .debug_line    0x000010d6      0x157 .\CortexM3\ARM_GCC_541\Debug\PSOC5 Implement.a(Timer_ISR.o)
 .debug_line    0x0000122d      0x220 .\CortexM3\ARM_GCC_541\Debug\PSOC5 Implement.a(ADC_TS410.o)
 .debug_line    0x0000144d       0x56 .\CortexM3\ARM_GCC_541\Debug\PSOC5 Implement.a(ADC_TS410_INT.o)
 .debug_line    0x000014a3      0x180 .\CortexM3\ARM_GCC_541\Debug\PSOC5 Implement.a(UART_OEM_IntClock.o)
 .debug_line    0x00001623      0x180 .\CortexM3\ARM_GCC_541\Debug\PSOC5 Implement.a(UART_RPI_IntClock.o)
 .debug_line    0x000017a3      0x182 .\CortexM3\ARM_GCC_541\Debug\PSOC5 Implement.a(UART_Debug_IntClock.o)
 .debug_line    0x00001925      0x209 .\CortexM3\ARM_GCC_541\Debug\PSOC5 Implement.a(ADC_TS410_SAR.o)
 .debug_line    0x00001b2e       0x8e .\CortexM3\ARM_GCC_541\Debug\PSOC5 Implement.a(ADC_TS410_TempBuf_dma.o)
 .debug_line    0x00001bbc       0x8f .\CortexM3\ARM_GCC_541\Debug\PSOC5 Implement.a(ADC_TS410_FinalBuf_dma.o)
 .debug_line    0x00001c4b      0x13a .\CortexM3\ARM_GCC_541\Debug\PSOC5 Implement.a(ADC_TS410_IRQ.o)
 .debug_line    0x00001d85      0x2e4 .\CortexM3\ARM_GCC_541\Debug\PSOC5 Implement.a(CyDmac.o)
 .debug_line    0x00002069      0x816 .\CortexM3\ARM_GCC_541\Debug\PSOC5 Implement.a(CyLib.o)
 .debug_line    0x0000287f      0x367 .\CortexM3\ARM_GCC_541\Debug\PSOC5 Implement.a(cyPm.o)
 .debug_line    0x00002be6       0x95 .\CortexM3\ARM_GCC_541\Debug\PSOC5 Implement.a(USER_LED.o)
 .debug_line    0x00002c7b      0x13c .\CortexM3\ARM_GCC_541\Debug\PSOC5 Implement.a(Timer_Interrupt.o)
 .debug_line    0x00002db7      0x3c4 .\CortexM3\ARM_GCC_541\Debug\PSOC5 Implement.a(ADC_DelSig.o)
 .debug_line    0x0000317b       0x87 .\CortexM3\ARM_GCC_541\Debug\PSOC5 Implement.a(ADC_DelSig_INT.o)
 .debug_line    0x00003202      0x184 .\CortexM3\ARM_GCC_541\Debug\PSOC5 Implement.a(ADC_DelSig_Ext_CP_Clk.o)
 .debug_line    0x00003386      0x1a4 .\CortexM3\ARM_GCC_541\Debug\PSOC5 Implement.a(ADC_DelSig_theACLK.o)
 .debug_line    0x0000352a       0x66 .\CortexM3\ARM_GCC_541\Debug\PSOC5 Implement.a(CyBootAsmGnu.o)
 .debug_line    0x00003590      0x21a .\CortexM3\ARM_GCC_541\Debug\PSOC5 Implement.a(CyFlash.o)
 .debug_line    0x000037aa      0x260 .\CortexM3\ARM_GCC_541\Debug\PSOC5 Implement.a(CySpc.o)

.debug_frame    0x00000000     0x2ee4
 *(.debug_frame)
 .debug_frame   0x00000000       0xd0 .\CortexM3\ARM_GCC_541\Debug\main.o
 .debug_frame   0x000000d0      0x13c .\CortexM3\ARM_GCC_541\Debug\cyfitter_cfg.o
 .debug_frame   0x0000020c       0xb8 .\CortexM3\ARM_GCC_541\Debug\Cm3Start.o
 .debug_frame   0x000002c4      0x250 .\CortexM3\ARM_GCC_541\Debug\PSOC5 Implement.a(UART_OEM.o)
 .debug_frame   0x00000514      0x250 .\CortexM3\ARM_GCC_541\Debug\PSOC5 Implement.a(UART_RPI.o)
 .debug_frame   0x00000764      0x198 .\CortexM3\ARM_GCC_541\Debug\PSOC5 Implement.a(UART_Debug.o)
 .debug_frame   0x000008fc      0x108 .\CortexM3\ARM_GCC_541\Debug\PSOC5 Implement.a(Timer_ISR.o)
 .debug_frame   0x00000a04      0x1dc .\CortexM3\ARM_GCC_541\Debug\PSOC5 Implement.a(ADC_TS410.o)
 .debug_frame   0x00000be0       0x20 .\CortexM3\ARM_GCC_541\Debug\PSOC5 Implement.a(ADC_TS410_INT.o)
 .debug_frame   0x00000c00       0xe0 .\CortexM3\ARM_GCC_541\Debug\PSOC5 Implement.a(UART_OEM_IntClock.o)
 .debug_frame   0x00000ce0       0xe0 .\CortexM3\ARM_GCC_541\Debug\PSOC5 Implement.a(UART_RPI_IntClock.o)
 .debug_frame   0x00000dc0       0xe0 .\CortexM3\ARM_GCC_541\Debug\PSOC5 Implement.a(UART_Debug_IntClock.o)
 .debug_frame   0x00000ea0      0x1b0 .\CortexM3\ARM_GCC_541\Debug\PSOC5 Implement.a(ADC_TS410_SAR.o)
 .debug_frame   0x00001050       0x54 .\CortexM3\ARM_GCC_541\Debug\PSOC5 Implement.a(ADC_TS410_TempBuf_dma.o)
 .debug_frame   0x000010a4       0x54 .\CortexM3\ARM_GCC_541\Debug\PSOC5 Implement.a(ADC_TS410_FinalBuf_dma.o)
 .debug_frame   0x000010f8      0x104 .\CortexM3\ARM_GCC_541\Debug\PSOC5 Implement.a(ADC_TS410_IRQ.o)
 .debug_frame   0x000011fc      0x1f8 .\CortexM3\ARM_GCC_541\Debug\PSOC5 Implement.a(CyDmac.o)
 .debug_frame   0x000013f4      0x738 .\CortexM3\ARM_GCC_541\Debug\PSOC5 Implement.a(CyLib.o)
 .debug_frame   0x00001b2c      0x1f8 .\CortexM3\ARM_GCC_541\Debug\PSOC5 Implement.a(cyPm.o)
 .debug_frame   0x00001d24       0x50 .\CortexM3\ARM_GCC_541\Debug\PSOC5 Implement.a(USER_LED.o)
 .debug_frame   0x00001d74      0x104 .\CortexM3\ARM_GCC_541\Debug\PSOC5 Implement.a(Timer_Interrupt.o)
 .debug_frame   0x00001e78      0x284 .\CortexM3\ARM_GCC_541\Debug\PSOC5 Implement.a(ADC_DelSig.o)
 .debug_frame   0x000020fc       0x50 .\CortexM3\ARM_GCC_541\Debug\PSOC5 Implement.a(ADC_DelSig_INT.o)
 .debug_frame   0x0000214c       0xe0 .\CortexM3\ARM_GCC_541\Debug\PSOC5 Implement.a(ADC_DelSig_Ext_CP_Clk.o)
 .debug_frame   0x0000222c      0x100 .\CortexM3\ARM_GCC_541\Debug\PSOC5 Implement.a(ADC_DelSig_theACLK.o)
 .debug_frame   0x0000232c      0x194 .\CortexM3\ARM_GCC_541\Debug\PSOC5 Implement.a(CyFlash.o)
 .debug_frame   0x000024c0      0x180 .\CortexM3\ARM_GCC_541\Debug\PSOC5 Implement.a(CySpc.o)
 .debug_frame   0x00002640       0x44 c:/program files (x86)/cypress/psoc creator/4.4/psoc creator/import/gnu/arm/5.4.1/bin/../lib/gcc/arm-none-eabi/5.4.1/armv7-m\libgcc.a(_aeabi_ldivmod.o)
 .debug_frame   0x00002684       0x38 c:/program files (x86)/cypress/psoc creator/4.4/psoc creator/import/gnu/arm/5.4.1/bin/../lib/gcc/arm-none-eabi/5.4.1/armv7-m\libgcc.a(_udivmoddi4.o)
 .debug_frame   0x000026bc       0x20 c:/program files (x86)/cypress/psoc creator/4.4/psoc creator/import/gnu/arm/5.4.1/bin/../lib/gcc/arm-none-eabi/5.4.1/../../../../arm-none-eabi/lib/armv7-m\libg_nano.a(lib_a-errno.o)
 .debug_frame   0x000026dc       0x28 c:/program files (x86)/cypress/psoc creator/4.4/psoc creator/import/gnu/arm/5.4.1/bin/../lib/gcc/arm-none-eabi/5.4.1/../../../../arm-none-eabi/lib/armv7-m\libg_nano.a(lib_a-exit.o)
 .debug_frame   0x00002704       0x2c c:/program files (x86)/cypress/psoc creator/4.4/psoc creator/import/gnu/arm/5.4.1/bin/../lib/gcc/arm-none-eabi/5.4.1/../../../../arm-none-eabi/lib/armv7-m\libg_nano.a(lib_a-init.o)
 .debug_frame   0x00002730       0x28 c:/program files (x86)/cypress/psoc creator/4.4/psoc creator/import/gnu/arm/5.4.1/bin/../lib/gcc/arm-none-eabi/5.4.1/../../../../arm-none-eabi/lib/armv7-m\libg_nano.a(lib_a-memcpy-stub.o)
 .debug_frame   0x00002758       0x20 c:/program files (x86)/cypress/psoc creator/4.4/psoc creator/import/gnu/arm/5.4.1/bin/../lib/gcc/arm-none-eabi/5.4.1/../../../../arm-none-eabi/lib/armv7-m\libg_nano.a(lib_a-memset.o)
 .debug_frame   0x00002778       0x8c c:/program files (x86)/cypress/psoc creator/4.4/psoc creator/import/gnu/arm/5.4.1/bin/../lib/gcc/arm-none-eabi/5.4.1/../../../../arm-none-eabi/lib/armv7-m\libg_nano.a(lib_a-nano-vfprintf_float.o)
 .debug_frame   0x00002804       0x60 c:/program files (x86)/cypress/psoc creator/4.4/psoc creator/import/gnu/arm/5.4.1/bin/../lib/gcc/arm-none-eabi/5.4.1/../../../../arm-none-eabi/lib/armv7-m\libg_nano.a(lib_a-nano-vfprintf_i.o)
 .debug_frame   0x00002864       0x74 c:/program files (x86)/cypress/psoc creator/4.4/psoc creator/import/gnu/arm/5.4.1/bin/../lib/gcc/arm-none-eabi/5.4.1/../../../../arm-none-eabi/lib/armv7-m\libg_nano.a(lib_a-snprintf.o)
 .debug_frame   0x000028d8       0x6c c:/program files (x86)/cypress/psoc creator/4.4/psoc creator/import/gnu/arm/5.4.1/bin/../lib/gcc/arm-none-eabi/5.4.1/../../../../arm-none-eabi/lib/armv7-m\libg_nano.a(lib_a-dtoa.o)
 .debug_frame   0x00002944       0x98 c:/program files (x86)/cypress/psoc creator/4.4/psoc creator/import/gnu/arm/5.4.1/bin/../lib/gcc/arm-none-eabi/5.4.1/../../../../arm-none-eabi/lib/armv7-m\libg_nano.a(lib_a-locale.o)
 .debug_frame   0x000029dc       0x30 c:/program files (x86)/cypress/psoc creator/4.4/psoc creator/import/gnu/arm/5.4.1/bin/../lib/gcc/arm-none-eabi/5.4.1/../../../../arm-none-eabi/lib/armv7-m\libg_nano.a(lib_a-malloc.o)
 .debug_frame   0x00002a0c       0x28 c:/program files (x86)/cypress/psoc creator/4.4/psoc creator/import/gnu/arm/5.4.1/bin/../lib/gcc/arm-none-eabi/5.4.1/../../../../arm-none-eabi/lib/armv7-m\libg_nano.a(lib_a-memchr-stub.o)
 .debug_frame   0x00002a34      0x234 c:/program files (x86)/cypress/psoc creator/4.4/psoc creator/import/gnu/arm/5.4.1/bin/../lib/gcc/arm-none-eabi/5.4.1/../../../../arm-none-eabi/lib/armv7-m\libg_nano.a(lib_a-mprec.o)
 .debug_frame   0x00002c68       0x2c c:/program files (x86)/cypress/psoc creator/4.4/psoc creator/import/gnu/arm/5.4.1/bin/../lib/gcc/arm-none-eabi/5.4.1/../../../../arm-none-eabi/lib/armv7-m\libg_nano.a(lib_a-nano-callocr.o)
 .debug_frame   0x00002c94       0x38 c:/program files (x86)/cypress/psoc creator/4.4/psoc creator/import/gnu/arm/5.4.1/bin/../lib/gcc/arm-none-eabi/5.4.1/../../../../arm-none-eabi/lib/armv7-m\libg_nano.a(lib_a-nano-freer.o)
 .debug_frame   0x00002ccc       0x2c c:/program files (x86)/cypress/psoc creator/4.4/psoc creator/import/gnu/arm/5.4.1/bin/../lib/gcc/arm-none-eabi/5.4.1/../../../../arm-none-eabi/lib/armv7-m\libg_nano.a(lib_a-nano-mallocr.o)
 .debug_frame   0x00002cf8       0x90 c:/program files (x86)/cypress/psoc creator/4.4/psoc creator/import/gnu/arm/5.4.1/bin/../lib/gcc/arm-none-eabi/5.4.1/../../../../arm-none-eabi/lib/armv7-m\libg_nano.a(lib_a-nano-svfprintf.o)
 .debug_frame   0x00002d88       0x2c c:/program files (x86)/cypress/psoc creator/4.4/psoc creator/import/gnu/arm/5.4.1/bin/../lib/gcc/arm-none-eabi/5.4.1/../../../../arm-none-eabi/lib/armv7-m\libg_nano.a(lib_a-sbrkr.o)
 .debug_frame   0x00002db4       0x20 c:/program files (x86)/cypress/psoc creator/4.4/psoc creator/import/gnu/arm/5.4.1/bin/../lib/gcc/arm-none-eabi/5.4.1/../../../../arm-none-eabi/lib/armv7-m\libg_nano.a(lib_a-strcmp.o)
 .debug_frame   0x00002dd4       0x28 c:/program files (x86)/cypress/psoc creator/4.4/psoc creator/import/gnu/arm/5.4.1/bin/../lib/gcc/arm-none-eabi/5.4.1/../../../../arm-none-eabi/lib/armv7-m\libg_nano.a(lib_a-memmove.o)
 .debug_frame   0x00002dfc       0x30 c:/program files (x86)/cypress/psoc creator/4.4/psoc creator/import/gnu/arm/5.4.1/bin/../lib/gcc/arm-none-eabi/5.4.1/../../../../arm-none-eabi/lib/armv7-m\libg_nano.a(lib_a-mlock.o)
 .debug_frame   0x00002e2c       0x3c c:/program files (x86)/cypress/psoc creator/4.4/psoc creator/import/gnu/arm/5.4.1/bin/../lib/gcc/arm-none-eabi/5.4.1/../../../../arm-none-eabi/lib/armv7-m\libg_nano.a(lib_a-nano-reallocr.o)
 .debug_frame   0x00002e68       0x5c c:/program files (x86)/cypress/psoc creator/4.4/psoc creator/import/gnu/arm/5.4.1/bin/../lib/gcc/arm-none-eabi/5.4.1/../../../../arm-none-eabi/lib/armv7-m\libg_nano.a(lib_a-reent.o)
 .debug_frame   0x00002ec4       0x20 c:/program files (x86)/cypress/psoc creator/4.4/psoc creator/import/gnu/arm/5.4.1/bin/../lib/gcc/arm-none-eabi/5.4.1/../../../../arm-none-eabi/lib/armv7-m\libg_nano.a(lib_a-nano-msizer.o)

.debug_str      0x00000000     0x3808
 *(.debug_str)
 .debug_str     0x00000000      0x4ed .\CortexM3\ARM_GCC_541\Debug\main.o
                                0x55c (size before relaxing)
 .debug_str     0x000004ed      0x28a .\CortexM3\ARM_GCC_541\Debug\cyfitter_cfg.o
                                0x435 (size before relaxing)
 .debug_str     0x00000777       0x75 .\CortexM3\ARM_GCC_541\Debug\cymetadata.o
                                0x1f3 (size before relaxing)
 .debug_str     0x000007ec      0x154 .\CortexM3\ARM_GCC_541\Debug\Cm3Start.o
                                0x329 (size before relaxing)
 .debug_str     0x00000940      0x341 .\CortexM3\ARM_GCC_541\Debug\PSOC5 Implement.a(UART_OEM.o)
                                0x500 (size before relaxing)
 .debug_str     0x00000c81      0x253 .\CortexM3\ARM_GCC_541\Debug\PSOC5 Implement.a(UART_RPI.o)
                                0x500 (size before relaxing)
 .debug_str     0x00000ed4      0x1c7 .\CortexM3\ARM_GCC_541\Debug\PSOC5 Implement.a(UART_Debug.o)
                                0x42b (size before relaxing)
 .debug_str     0x0000109b      0x16d .\CortexM3\ARM_GCC_541\Debug\PSOC5 Implement.a(Timer_ISR.o)
                                0x344 (size before relaxing)
 .debug_str     0x00001208      0x40a .\CortexM3\ARM_GCC_541\Debug\PSOC5 Implement.a(ADC_TS410.o)
                                0x68b (size before relaxing)
 .debug_str     0x00001612       0x35 .\CortexM3\ARM_GCC_541\Debug\PSOC5 Implement.a(ADC_TS410_INT.o)
                                0x1bf (size before relaxing)
 .debug_str     0x00001647      0x1b1 .\CortexM3\ARM_GCC_541\Debug\PSOC5 Implement.a(UART_OEM_IntClock.o)
                                0x375 (size before relaxing)
 .debug_str     0x000017f8      0x160 .\CortexM3\ARM_GCC_541\Debug\PSOC5 Implement.a(UART_RPI_IntClock.o)
                                0x375 (size before relaxing)
 .debug_str     0x00001958      0x174 .\CortexM3\ARM_GCC_541\Debug\PSOC5 Implement.a(UART_Debug_IntClock.o)
                                0x38d (size before relaxing)
 .debug_str     0x00001acc      0x139 .\CortexM3\ARM_GCC_541\Debug\PSOC5 Implement.a(ADC_TS410_SAR.o)
                                0x4dd (size before relaxing)
 .debug_str     0x00001c05       0xe5 .\CortexM3\ARM_GCC_541\Debug\PSOC5 Implement.a(ADC_TS410_TempBuf_dma.o)
                                0x2ab (size before relaxing)
 .debug_str     0x00001cea       0x6b .\CortexM3\ARM_GCC_541\Debug\PSOC5 Implement.a(ADC_TS410_FinalBuf_dma.o)
                                0x2af (size before relaxing)
 .debug_str     0x00001d55      0x13c .\CortexM3\ARM_GCC_541\Debug\PSOC5 Implement.a(ADC_TS410_IRQ.o)
                                0x325 (size before relaxing)
 .debug_str     0x00001e91      0x280 .\CortexM3\ARM_GCC_541\Debug\PSOC5 Implement.a(CyDmac.o)
                                0x559 (size before relaxing)
 .debug_str     0x00002111      0x7d8 .\CortexM3\ARM_GCC_541\Debug\PSOC5 Implement.a(CyLib.o)
                                0xa56 (size before relaxing)
 .debug_str     0x000028e9      0x365 .\CortexM3\ARM_GCC_541\Debug\PSOC5 Implement.a(cyPm.o)
                                0x742 (size before relaxing)
 .debug_str     0x00002c4e       0x66 .\CortexM3\ARM_GCC_541\Debug\PSOC5 Implement.a(USER_LED.o)
                                0x200 (size before relaxing)
 .debug_str     0x00002cb4      0x15a .\CortexM3\ARM_GCC_541\Debug\PSOC5 Implement.a(Timer_Interrupt.o)
                                0x341 (size before relaxing)
 .debug_str     0x00002e0e      0x418 .\CortexM3\ARM_GCC_541\Debug\PSOC5 Implement.a(ADC_DelSig.o)
                                0x6e0 (size before relaxing)
 .debug_str     0x00003226       0x68 .\CortexM3\ARM_GCC_541\Debug\PSOC5 Implement.a(ADC_DelSig_INT.o)
                                0x1f2 (size before relaxing)
 .debug_str     0x0000328e      0x170 .\CortexM3\ARM_GCC_541\Debug\PSOC5 Implement.a(ADC_DelSig_Ext_CP_Clk.o)
                                0x3a5 (size before relaxing)
 .debug_str     0x000033fe      0x1a3 .\CortexM3\ARM_GCC_541\Debug\PSOC5 Implement.a(ADC_DelSig_theACLK.o)
                                0x3d2 (size before relaxing)
 .debug_str     0x000035a1      0x1bb .\CortexM3\ARM_GCC_541\Debug\PSOC5 Implement.a(CyFlash.o)
                                0x3cf (size before relaxing)
 .debug_str     0x0000375c       0xac .\CortexM3\ARM_GCC_541\Debug\PSOC5 Implement.a(CySpc.o)
                                0x347 (size before relaxing)

.debug_loc      0x00000000     0x41d4
 *(.debug_loc)
 .debug_loc     0x00000000      0x243 .\CortexM3\ARM_GCC_541\Debug\main.o
 .debug_loc     0x00000243      0x333 .\CortexM3\ARM_GCC_541\Debug\cyfitter_cfg.o
 .debug_loc     0x00000576      0x144 .\CortexM3\ARM_GCC_541\Debug\Cm3Start.o
 .debug_loc     0x000006ba      0x258 .\CortexM3\ARM_GCC_541\Debug\PSOC5 Implement.a(UART_OEM.o)
 .debug_loc     0x00000912      0x258 .\CortexM3\ARM_GCC_541\Debug\PSOC5 Implement.a(UART_RPI.o)
 .debug_loc     0x00000b6a      0x1f7 .\CortexM3\ARM_GCC_541\Debug\PSOC5 Implement.a(UART_Debug.o)
 .debug_loc     0x00000d61      0x13c .\CortexM3\ARM_GCC_541\Debug\PSOC5 Implement.a(ADC_TS410.o)
 .debug_loc     0x00000e9d      0x128 .\CortexM3\ARM_GCC_541\Debug\PSOC5 Implement.a(UART_OEM_IntClock.o)
 .debug_loc     0x00000fc5      0x128 .\CortexM3\ARM_GCC_541\Debug\PSOC5 Implement.a(UART_RPI_IntClock.o)
 .debug_loc     0x000010ed      0x128 .\CortexM3\ARM_GCC_541\Debug\PSOC5 Implement.a(UART_Debug_IntClock.o)
 .debug_loc     0x00001215      0x295 .\CortexM3\ARM_GCC_541\Debug\PSOC5 Implement.a(ADC_TS410_SAR.o)
 .debug_loc     0x000014aa       0x84 .\CortexM3\ARM_GCC_541\Debug\PSOC5 Implement.a(ADC_TS410_TempBuf_dma.o)
 .debug_loc     0x0000152e       0x84 .\CortexM3\ARM_GCC_541\Debug\PSOC5 Implement.a(ADC_TS410_FinalBuf_dma.o)
 .debug_loc     0x000015b2       0x56 .\CortexM3\ARM_GCC_541\Debug\PSOC5 Implement.a(ADC_TS410_IRQ.o)
 .debug_loc     0x00001608      0xb8e .\CortexM3\ARM_GCC_541\Debug\PSOC5 Implement.a(CyDmac.o)
 .debug_loc     0x00002196      0xa11 .\CortexM3\ARM_GCC_541\Debug\PSOC5 Implement.a(CyLib.o)
 .debug_loc     0x00002ba7      0x1e4 .\CortexM3\ARM_GCC_541\Debug\PSOC5 Implement.a(cyPm.o)
 .debug_loc     0x00002d8b       0x42 .\CortexM3\ARM_GCC_541\Debug\PSOC5 Implement.a(USER_LED.o)
 .debug_loc     0x00002dcd       0x56 .\CortexM3\ARM_GCC_541\Debug\PSOC5 Implement.a(Timer_Interrupt.o)
 .debug_loc     0x00002e23      0x681 .\CortexM3\ARM_GCC_541\Debug\PSOC5 Implement.a(ADC_DelSig.o)
 .debug_loc     0x000034a4      0x12c .\CortexM3\ARM_GCC_541\Debug\PSOC5 Implement.a(ADC_DelSig_Ext_CP_Clk.o)
 .debug_loc     0x000035d0      0x14d .\CortexM3\ARM_GCC_541\Debug\PSOC5 Implement.a(ADC_DelSig_theACLK.o)
 .debug_loc     0x0000371d      0x3b2 .\CortexM3\ARM_GCC_541\Debug\PSOC5 Implement.a(CyFlash.o)
 .debug_loc     0x00003acf      0x705 .\CortexM3\ARM_GCC_541\Debug\PSOC5 Implement.a(CySpc.o)

.debug_macinfo
 *(.debug_macinfo)

.debug_ranges   0x00000000      0xdf8
 *(.debug_ranges)
 .debug_ranges  0x00000000       0x68 .\CortexM3\ARM_GCC_541\Debug\main.o
 .debug_ranges  0x00000068       0x68 .\CortexM3\ARM_GCC_541\Debug\cyfitter_cfg.o
 .debug_ranges  0x000000d0       0x38 .\CortexM3\ARM_GCC_541\Debug\Cm3Start.o
 .debug_ranges  0x00000108       0xe0 .\CortexM3\ARM_GCC_541\Debug\PSOC5 Implement.a(UART_OEM.o)
 .debug_ranges  0x000001e8       0xe0 .\CortexM3\ARM_GCC_541\Debug\PSOC5 Implement.a(UART_RPI.o)
 .debug_ranges  0x000002c8       0x90 .\CortexM3\ARM_GCC_541\Debug\PSOC5 Implement.a(UART_Debug.o)
 .debug_ranges  0x00000358       0x78 .\CortexM3\ARM_GCC_541\Debug\PSOC5 Implement.a(Timer_ISR.o)
 .debug_ranges  0x000003d0       0x90 .\CortexM3\ARM_GCC_541\Debug\PSOC5 Implement.a(ADC_TS410.o)
 .debug_ranges  0x00000460       0x10 .\CortexM3\ARM_GCC_541\Debug\PSOC5 Implement.a(ADC_TS410_INT.o)
 .debug_ranges  0x00000470       0x60 .\CortexM3\ARM_GCC_541\Debug\PSOC5 Implement.a(UART_OEM_IntClock.o)
 .debug_ranges  0x000004d0       0x60 .\CortexM3\ARM_GCC_541\Debug\PSOC5 Implement.a(UART_RPI_IntClock.o)
 .debug_ranges  0x00000530       0x60 .\CortexM3\ARM_GCC_541\Debug\PSOC5 Implement.a(UART_Debug_IntClock.o)
 .debug_ranges  0x00000590       0x98 .\CortexM3\ARM_GCC_541\Debug\PSOC5 Implement.a(ADC_TS410_SAR.o)
 .debug_ranges  0x00000628       0x18 .\CortexM3\ARM_GCC_541\Debug\PSOC5 Implement.a(ADC_TS410_TempBuf_dma.o)
 .debug_ranges  0x00000640       0x18 .\CortexM3\ARM_GCC_541\Debug\PSOC5 Implement.a(ADC_TS410_FinalBuf_dma.o)
 .debug_ranges  0x00000658       0x70 .\CortexM3\ARM_GCC_541\Debug\PSOC5 Implement.a(ADC_TS410_IRQ.o)
 .debug_ranges  0x000006c8       0xc8 .\CortexM3\ARM_GCC_541\Debug\PSOC5 Implement.a(CyDmac.o)
 .debug_ranges  0x00000790      0x290 .\CortexM3\ARM_GCC_541\Debug\PSOC5 Implement.a(CyLib.o)
 .debug_ranges  0x00000a20       0x88 .\CortexM3\ARM_GCC_541\Debug\PSOC5 Implement.a(cyPm.o)
 .debug_ranges  0x00000aa8       0x28 .\CortexM3\ARM_GCC_541\Debug\PSOC5 Implement.a(USER_LED.o)
 .debug_ranges  0x00000ad0       0x70 .\CortexM3\ARM_GCC_541\Debug\PSOC5 Implement.a(Timer_Interrupt.o)
 .debug_ranges  0x00000b40       0xd8 .\CortexM3\ARM_GCC_541\Debug\PSOC5 Implement.a(ADC_DelSig.o)
 .debug_ranges  0x00000c18       0x28 .\CortexM3\ARM_GCC_541\Debug\PSOC5 Implement.a(ADC_DelSig_INT.o)
 .debug_ranges  0x00000c40       0x60 .\CortexM3\ARM_GCC_541\Debug\PSOC5 Implement.a(ADC_DelSig_Ext_CP_Clk.o)
 .debug_ranges  0x00000ca0       0x70 .\CortexM3\ARM_GCC_541\Debug\PSOC5 Implement.a(ADC_DelSig_theACLK.o)
 .debug_ranges  0x00000d10       0x78 .\CortexM3\ARM_GCC_541\Debug\PSOC5 Implement.a(CyFlash.o)
 .debug_ranges  0x00000d88       0x70 .\CortexM3\ARM_GCC_541\Debug\PSOC5 Implement.a(CySpc.o)

.comment        0x00000000       0x6e
 .comment       0x00000000       0x6e .\CortexM3\ARM_GCC_541\Debug\main.o
                                 0x6f (size before relaxing)
 .comment       0x0000006e       0x6f .\CortexM3\ARM_GCC_541\Debug\cyfitter_cfg.o
 .comment       0x0000006e       0x6f .\CortexM3\ARM_GCC_541\Debug\cymetadata.o
 .comment       0x0000006e       0x6f .\CortexM3\ARM_GCC_541\Debug\Cm3Start.o
 .comment       0x0000006e       0x6f .\CortexM3\ARM_GCC_541\Debug\PSOC5 Implement.a(UART_OEM.o)
 .comment       0x0000006e       0x6f .\CortexM3\ARM_GCC_541\Debug\PSOC5 Implement.a(UART_RPI.o)
 .comment       0x0000006e       0x6f .\CortexM3\ARM_GCC_541\Debug\PSOC5 Implement.a(UART_Debug.o)
 .comment       0x0000006e       0x6f .\CortexM3\ARM_GCC_541\Debug\PSOC5 Implement.a(Timer_ISR.o)
 .comment       0x0000006e       0x6f .\CortexM3\ARM_GCC_541\Debug\PSOC5 Implement.a(ADC_TS410.o)
 .comment       0x0000006e       0x6f .\CortexM3\ARM_GCC_541\Debug\PSOC5 Implement.a(ADC_TS410_INT.o)
 .comment       0x0000006e       0x6f .\CortexM3\ARM_GCC_541\Debug\PSOC5 Implement.a(UART_OEM_IntClock.o)
 .comment       0x0000006e       0x6f .\CortexM3\ARM_GCC_541\Debug\PSOC5 Implement.a(UART_RPI_IntClock.o)
 .comment       0x0000006e       0x6f .\CortexM3\ARM_GCC_541\Debug\PSOC5 Implement.a(UART_Debug_IntClock.o)
 .comment       0x0000006e       0x6f .\CortexM3\ARM_GCC_541\Debug\PSOC5 Implement.a(ADC_TS410_SAR.o)
 .comment       0x0000006e       0x6f .\CortexM3\ARM_GCC_541\Debug\PSOC5 Implement.a(ADC_TS410_TempBuf_dma.o)
 .comment       0x0000006e       0x6f .\CortexM3\ARM_GCC_541\Debug\PSOC5 Implement.a(ADC_TS410_FinalBuf_dma.o)
 .comment       0x0000006e       0x6f .\CortexM3\ARM_GCC_541\Debug\PSOC5 Implement.a(ADC_TS410_IRQ.o)
 .comment       0x0000006e       0x6f .\CortexM3\ARM_GCC_541\Debug\PSOC5 Implement.a(CyDmac.o)
 .comment       0x0000006e       0x6f .\CortexM3\ARM_GCC_541\Debug\PSOC5 Implement.a(CyLib.o)
 .comment       0x0000006e       0x6f .\CortexM3\ARM_GCC_541\Debug\PSOC5 Implement.a(cyPm.o)
 .comment       0x0000006e       0x6f .\CortexM3\ARM_GCC_541\Debug\PSOC5 Implement.a(USER_LED.o)
 .comment       0x0000006e       0x6f .\CortexM3\ARM_GCC_541\Debug\PSOC5 Implement.a(Timer_Interrupt.o)
 .comment       0x0000006e       0x6f .\CortexM3\ARM_GCC_541\Debug\PSOC5 Implement.a(ADC_DelSig.o)
 .comment       0x0000006e       0x6f .\CortexM3\ARM_GCC_541\Debug\PSOC5 Implement.a(ADC_DelSig_INT.o)
 .comment       0x0000006e       0x6f .\CortexM3\ARM_GCC_541\Debug\PSOC5 Implement.a(ADC_DelSig_Ext_CP_Clk.o)
 .comment       0x0000006e       0x6f .\CortexM3\ARM_GCC_541\Debug\PSOC5 Implement.a(ADC_DelSig_theACLK.o)
 .comment       0x0000006e       0x6f .\CortexM3\ARM_GCC_541\Debug\PSOC5 Implement.a(CyFlash.o)
 .comment       0x0000006e       0x6f .\CortexM3\ARM_GCC_541\Debug\PSOC5 Implement.a(CySpc.o)

.debug_weaknames
 *(.debug_weaknames)

.debug_funcnames
 *(.debug_funcnames)

.debug_typenames
 *(.debug_typenames)

.debug_varnames
 *(.debug_varnames)

.note.gnu.arm.ident
 *(.note.gnu.arm.ident)

.ARM.attributes
                0x00000000       0x29
 *(.ARM.attributes)
 .ARM.attributes
                0x00000000       0x1d c:/program files (x86)/cypress/psoc creator/4.4/psoc creator/import/gnu/arm/5.4.1/bin/../lib/gcc/arm-none-eabi/5.4.1/armv7-m/crti.o
 .ARM.attributes
                0x0000001d       0x2d c:/program files (x86)/cypress/psoc creator/4.4/psoc creator/import/gnu/arm/5.4.1/bin/../lib/gcc/arm-none-eabi/5.4.1/armv7-m/crtbegin.o
 .ARM.attributes
                0x0000004a       0x1b c:/program files (x86)/cypress/psoc creator/4.4/psoc creator/import/gnu/arm/5.4.1/bin/../lib/gcc/arm-none-eabi/5.4.1/../../../../arm-none-eabi/lib/armv7-m/crt0.o
 .ARM.attributes
                0x00000065       0x33 .\CortexM3\ARM_GCC_541\Debug\main.o
 .ARM.attributes
                0x00000098       0x33 .\CortexM3\ARM_GCC_541\Debug\cyfitter_cfg.o
 .ARM.attributes
                0x000000cb       0x33 .\CortexM3\ARM_GCC_541\Debug\cymetadata.o
 .ARM.attributes
                0x000000fe       0x33 .\CortexM3\ARM_GCC_541\Debug\Cm3Start.o
 .ARM.attributes
                0x00000131       0x33 .\CortexM3\ARM_GCC_541\Debug\PSOC5 Implement.a(UART_OEM.o)
 .ARM.attributes
                0x00000164       0x33 .\CortexM3\ARM_GCC_541\Debug\PSOC5 Implement.a(UART_RPI.o)
 .ARM.attributes
                0x00000197       0x33 .\CortexM3\ARM_GCC_541\Debug\PSOC5 Implement.a(UART_Debug.o)
 .ARM.attributes
                0x000001ca       0x33 .\CortexM3\ARM_GCC_541\Debug\PSOC5 Implement.a(Timer_ISR.o)
 .ARM.attributes
                0x000001fd       0x33 .\CortexM3\ARM_GCC_541\Debug\PSOC5 Implement.a(ADC_TS410.o)
 .ARM.attributes
                0x00000230       0x33 .\CortexM3\ARM_GCC_541\Debug\PSOC5 Implement.a(ADC_TS410_INT.o)
 .ARM.attributes
                0x00000263       0x33 .\CortexM3\ARM_GCC_541\Debug\PSOC5 Implement.a(UART_OEM_IntClock.o)
 .ARM.attributes
                0x00000296       0x33 .\CortexM3\ARM_GCC_541\Debug\PSOC5 Implement.a(UART_RPI_IntClock.o)
 .ARM.attributes
                0x000002c9       0x33 .\CortexM3\ARM_GCC_541\Debug\PSOC5 Implement.a(UART_Debug_IntClock.o)
 .ARM.attributes
                0x000002fc       0x33 .\CortexM3\ARM_GCC_541\Debug\PSOC5 Implement.a(ADC_TS410_SAR.o)
 .ARM.attributes
                0x0000032f       0x33 .\CortexM3\ARM_GCC_541\Debug\PSOC5 Implement.a(ADC_TS410_TempBuf_dma.o)
 .ARM.attributes
                0x00000362       0x33 .\CortexM3\ARM_GCC_541\Debug\PSOC5 Implement.a(ADC_TS410_FinalBuf_dma.o)
 .ARM.attributes
                0x00000395       0x33 .\CortexM3\ARM_GCC_541\Debug\PSOC5 Implement.a(ADC_TS410_IRQ.o)
 .ARM.attributes
                0x000003c8       0x33 .\CortexM3\ARM_GCC_541\Debug\PSOC5 Implement.a(CyDmac.o)
 .ARM.attributes
                0x000003fb       0x33 .\CortexM3\ARM_GCC_541\Debug\PSOC5 Implement.a(CyLib.o)
 .ARM.attributes
                0x0000042e       0x33 .\CortexM3\ARM_GCC_541\Debug\PSOC5 Implement.a(cyPm.o)
 .ARM.attributes
                0x00000461       0x33 .\CortexM3\ARM_GCC_541\Debug\PSOC5 Implement.a(USER_LED.o)
 .ARM.attributes
                0x00000494       0x33 .\CortexM3\ARM_GCC_541\Debug\PSOC5 Implement.a(Timer_Interrupt.o)
 .ARM.attributes