Archive member included to satisfy reference by file (symbol)

.\CortexM3\ARM_GCC_541\Debug\PSOC5 Implement.a(UART_OEM.o)
                              .\CortexM3\ARM_GCC_541\Debug\main.o (UART_OEM_Start)
.\CortexM3\ARM_GCC_541\Debug\PSOC5 Implement.a(UART_RPI.o)
                              .\CortexM3\ARM_GCC_541\Debug\main.o (UART_RPI_Start)
.\CortexM3\ARM_GCC_541\Debug\PSOC5 Implement.a(UART_Debug.o)
                              .\CortexM3\ARM_GCC_541\Debug\main.o (UART_Debug_Start)
.\CortexM3\ARM_GCC_541\Debug\PSOC5 Implement.a(Timer_ISR.o)
                              .\CortexM3\ARM_GCC_541\Debug\main.o (Timer_ISR_ReadStatusRegister)
.\CortexM3\ARM_GCC_541\Debug\PSOC5 Implement.a(ADC_TS410.o)
                              .\CortexM3\ARM_GCC_541\Debug\main.o (ADC_TS410_Start)
.\CortexM3\ARM_GCC_541\Debug\PSOC5 Implement.a(ADC_TS410_INT.o)
                              .\CortexM3\ARM_GCC_541\Debug\PSOC5 Implement.a(ADC_TS410.o) (ADC_TS410_ISR)
.\CortexM3\ARM_GCC_541\Debug\PSOC5 Implement.a(AMux.o)
                              .\CortexM3\ARM_GCC_541\Debug\Pressure_Transducer.o (AMux_Start)
.\CortexM3\ARM_GCC_541\Debug\PSOC5 Implement.a(UART_OEM_IntClock.o)
                              .\CortexM3\ARM_GCC_541\Debug\PSOC5 Implement.a(UART_OEM.o) (UART_OEM_IntClock_Start)
.\CortexM3\ARM_GCC_541\Debug\PSOC5 Implement.a(UART_RPI_IntClock.o)
                              .\CortexM3\ARM_GCC_541\Debug\PSOC5 Implement.a(UART_RPI.o) (UART_RPI_IntClock_Start)
.\CortexM3\ARM_GCC_541\Debug\PSOC5 Implement.a(UART_Debug_IntClock.o)
                              .\CortexM3\ARM_GCC_541\Debug\PSOC5 Implement.a(UART_Debug.o) (UART_Debug_IntClock_Start)
.\CortexM3\ARM_GCC_541\Debug\PSOC5 Implement.a(ADC_TS410_SAR.o)
                              .\CortexM3\ARM_GCC_541\Debug\PSOC5 Implement.a(ADC_TS410.o) (ADC_TS410_SAR_shift)
.\CortexM3\ARM_GCC_541\Debug\PSOC5 Implement.a(ADC_TS410_TempBuf_dma.o)
                              .\CortexM3\ARM_GCC_541\Debug\PSOC5 Implement.a(ADC_TS410.o) (ADC_TS410_TempBuf_DmaInitialize)
.\CortexM3\ARM_GCC_541\Debug\PSOC5 Implement.a(ADC_TS410_FinalBuf_dma.o)
                              .\CortexM3\ARM_GCC_541\Debug\PSOC5 Implement.a(ADC_TS410.o) (ADC_TS410_FinalBuf_DmaInitialize)
.\CortexM3\ARM_GCC_541\Debug\PSOC5 Implement.a(ADC_TS410_IRQ.o)
                              .\CortexM3\ARM_GCC_541\Debug\PSOC5 Implement.a(ADC_TS410.o) (ADC_TS410_IRQ_SetVector)
.\CortexM3\ARM_GCC_541\Debug\PSOC5 Implement.a(CyDmac.o)
                              .\CortexM3\ARM_GCC_541\Debug\Cm3Start.o (CyDmacConfigure)
.\CortexM3\ARM_GCC_541\Debug\PSOC5 Implement.a(CyLib.o)
                              .\CortexM3\ARM_GCC_541\Debug\Cm3Start.o (CyHalt)
.\CortexM3\ARM_GCC_541\Debug\PSOC5 Implement.a(cyPm.o)
                              .\CortexM3\ARM_GCC_541\Debug\PSOC5 Implement.a(CyLib.o) (CyPmReadStatus)
.\CortexM3\ARM_GCC_541\Debug\PSOC5 Implement.a(USER_LED.o)
                              .\CortexM3\ARM_GCC_541\Debug\main.o (USER_LED_Write)
.\CortexM3\ARM_GCC_541\Debug\PSOC5 Implement.a(Timer_Interrupt.o)
                              .\CortexM3\ARM_GCC_541\Debug\main.o (Timer_Interrupt_StartEx)
.\CortexM3\ARM_GCC_541\Debug\PSOC5 Implement.a(ADC_DelSig.o)
                              .\CortexM3\ARM_GCC_541\Debug\Pressure_Transducer.o (ADC_DelSig_Start)
.\CortexM3\ARM_GCC_541\Debug\PSOC5 Implement.a(ADC_DelSig_INT.o)
                              .\CortexM3\ARM_GCC_541\Debug\PSOC5 Implement.a(ADC_DelSig.o) (ADC_DelSig_ISR1)
.\CortexM3\ARM_GCC_541\Debug\PSOC5 Implement.a(ADC_DelSig_Ext_CP_Clk.o)
                              .\CortexM3\ARM_GCC_541\Debug\PSOC5 Implement.a(ADC_DelSig.o) (ADC_DelSig_Ext_CP_Clk_SetModeRegister)
.\CortexM3\ARM_GCC_541\Debug\PSOC5 Implement.a(ADC_DelSig_theACLK.o)
                              .\CortexM3\ARM_GCC_541\Debug\PSOC5 Implement.a(ADC_DelSig.o) (ADC_DelSig_theACLK_SetModeRegister)
.\CortexM3\ARM_GCC_541\Debug\PSOC5 Implement.a(CyBootAsmGnu.o)
                              .\CortexM3\ARM_GCC_541\Debug\cyfitter_cfg.o (CyDelayCycles)
.\CortexM3\ARM_GCC_541\Debug\PSOC5 Implement.a(CyFlash.o)
                              .\CortexM3\ARM_GCC_541\Debug\PSOC5 Implement.a(cyPm.o) (CyFlash_SetWaitCycles)
.\CortexM3\ARM_GCC_541\Debug\PSOC5 Implement.a(CySpc.o)
                              .\CortexM3\ARM_GCC_541\Debug\PSOC5 Implement.a(CyFlash.o) (CySpcStart)
c:/program files (x86)/cypress/psoc creator/4.4/psoc creator/import/gnu/arm/5.4.1/bin/../lib/gcc/arm-none-eabi/5.4.1/armv7-m\libgcc.a(_arm_addsubdf3.o)
                              .\CortexM3\ARM_GCC_541\Debug\main.o (__aeabi_f2d)
c:/program files (x86)/cypress/psoc creator/4.4/psoc creator/import/gnu/arm/5.4.1/bin/../lib/gcc/arm-none-eabi/5.4.1/armv7-m\libgcc.a(_arm_cmpdf2.o)
                              .\CortexM3\ARM_GCC_541\Debug\main.o (__aeabi_dcmpgt)
c:/program files (x86)/cypress/psoc creator/4.4/psoc creator/import/gnu/arm/5.4.1/bin/../lib/gcc/arm-none-eabi/5.4.1/armv7-m\libgcc.a(_arm_addsubsf3.o)
[...]
Memory Configuration

Name             Origin             Length             Attributes
rom              0x00000000         0x00040000         xr
ram              0x1fff8000         0x00010000         xrw
*default*        0x00000000         0xffffffff

Linker script and memory map

LOAD c:/program files (x86)/cypress/psoc creator/4.4/psoc creator/import/gnu/arm/5.4.1/bin/../lib/gcc/arm-none-eabi/5.4.1/armv7-m/crti.o
LOAD c:/program files (x86)/cypress/psoc creator/4.4/psoc creator/import/gnu/arm/5.4.1/bin/../lib/gcc/arm-none-eabi/5.4.1/armv7-m/crtbegin.o
LOAD c:/program files (x86)/cypress/psoc creator/4.4/psoc creator/import/gnu/arm/5.4.1/bin/../lib/gcc/arm-none-eabi/5.4.1/../../../../arm-none-eabi/lib/armv7-m/crt0.o
START GROUP
LOAD .\CortexM3\ARM_GCC_541\Debug\main.o
LOAD .\CortexM3\ARM_GCC_541\Debug\Pressure_Transducer.o
LOAD .\CortexM3\ARM_GCC_541\Debug\cyfitter_cfg.o
LOAD .\CortexM3\ARM_GCC_541\Debug\cymetadata.o
LOAD .\CortexM3\ARM_GCC_541\Debug\Cm3Start.o
LOAD .\CortexM3\ARM_GCC_541\Debug\PSOC5 Implement.a
LOAD C:\Program Files (x86)\Cypress\PSoC Creator\4.4\PSoC Creator\psoc\content\cycomponentlibrary\CyComponentLibrary.cylib\CortexM3\ARM_GCC_541\Debug\CyComponentLibrary.a
END GROUP
START GROUP
LOAD c:/program files (x86)/cypress/psoc creator/4.4/psoc creator/import/gnu/arm/5.4.1/bin/../lib/gcc/arm-none-eabi/5.4.1/armv7-m\libgcc.a
LOAD c:/program files (x86)/cypress/psoc creator/4.4/psoc creator/import/gnu/arm/5.4.1/bin/../lib/gcc/arm-none-eabi/5.4.1/../../../../arm-none-eabi/lib/armv7-m\libg_nano.a
LOAD c:/program files (x86)/cypress/psoc creator/4.4/psoc creator/import/gnu/arm/5.4.1/bin/../lib/gcc/arm-none-eabi/5.4.1/../../../../arm-none-eabi/lib/armv7-m\libc_nano.a
END GROUP
START GROUP
LOAD c:/program files (x86)/cypress/psoc creator/4.4/psoc creator/import/gnu/arm/5.4.1/bin/../lib/gcc/arm-none-eabi/5.4.1/armv7-m\libgcc.a
LOAD c:/program files (x86)/cypress/psoc creator/4.4/psoc creator/import/gnu/arm/5.4.1/bin/../lib/gcc/arm-none-eabi/5.4.1/../../../../arm-none-eabi/lib/armv7-m\libc_nano.a
END GROUP
LOAD c:/program files (x86)/cypress/psoc creator/4.4/psoc creator/import/gnu/arm/5.4.1/bin/../lib/gcc/arm-none-eabi/5.4.1/armv7-m/crtend.o
LOAD c:/program files (x86)/cypress/psoc creator/4.4/psoc creator/import/gnu/arm/5.4.1/bin/../lib/gcc/arm-none-eabi/5.4.1/armv7-m/crtn.o
START GROUP
LOAD c:/program files (x86)/cypress/psoc creator/4.4/psoc creator/import/gnu/arm/5.4.1/bin/../lib/gcc/arm-none-eabi/5.4.1/armv7-m\libgcc.a
LOAD c:/program files (x86)/cypress/psoc creator/4.4/psoc creator/import/gnu/arm/5.4.1/bin/../lib/gcc/arm-none-eabi/5.4.1/../../../../arm-none-eabi/lib/armv7-m\libc.a
LOAD c:/program files (x86)/cypress/psoc creator/4.4/psoc creator/import/gnu/arm/5.4.1/bin/../lib/gcc/arm-none-eabi/5.4.1/../../../../arm-none-eabi/lib/armv7-m\libnosys.a
END GROUP
                0x00000000                CY_APPL_ORIGIN = 0x0
                0x00000100                CY_FLASH_ROW_SIZE = 0x100
                0x00000020                CY_ECC_ROW_SIZE = 0x20
                0x00000000                CY_EE_IN_BTLDR = 0x0
                0x00000000                CY_APPL_LOADABLE = 0x0
                0x00000800                CY_EE_SIZE = 0x800
                0x00000001                CY_APPL_NUM = 0x1
                0x00000001                CY_APPL_MAX = 0x1
                0x00000040                CY_METADATA_SIZE = 0x40
                0x00000000                CY_APPL_LOADABLE = 0x0
                0x00000000                CY_CHECKSUM_EXCLUDE_SIZE = ALIGN (0x0, CY_FLASH_ROW_SIZE)
                [!provide]                PROVIDE (__cy_heap_start, _end)
                0x00000001                PROVIDE (__cy_region_num, ((__cy_regions_end - __cy_regions) / 0x10))
                0x20008000                PROVIDE (__cy_stack, (ORIGIN (ram) + LENGTH (ram)))
                [!provide]                PROVIDE (__cy_heap_end, (__cy_stack - 0x800))

.cybootloader   0x00000000        0x0
 *(.cybootloader)
                0x00000000                appl1_start = CY_APPL_ORIGIN?CY_APPL_ORIGIN:ALIGN (CY_FLASH_ROW_SIZE)
                0x0001ff00                appl2_start = (appl1_start + ALIGN ((((LENGTH (rom) - appl1_start) - (0x2 * CY_FLASH_ROW_SIZE)) / 0x2), CY_FLASH_ROW_SIZE))
                0x00000000                appl_start = (CY_APPL_NUM == 0x1)?appl1_start:appl2_start
                0x00000000                ecc_offset = ((appl_start / CY_FLASH_ROW_SIZE) * CY_ECC_ROW_SIZE)
                0x00000000                ee_offset = (CY_APPL_LOADABLE && ! (CY_EE_IN_BTLDR))?((CY_EE_SIZE / CY_APPL_MAX) * (CY_APPL_NUM - 0x1)):0x0
                0x00000800                ee_size = (CY_APPL_LOADABLE && ! (CY_EE_IN_BTLDR))?(CY_EE_SIZE / CY_APPL_MAX):CY_EE_SIZE
                [!provide]                PROVIDE (CY_ECC_OFFSET, ecc_offset)

.text           0x00000000     0x5090
 CREATE_OBJECT_SYMBOLS
                0x00000000                PROVIDE (__cy_interrupt_vector, RomVectors)
 *(.romvectors)
 .romvectors    0x00000000       0x10 .\CortexM3\ARM_GCC_541\Debug\Cm3Start.o
                0x00000000                RomVectors
                0x00000001                ASSERT ((. != __cy_interrupt_vector), No interrupt vector)
                0x00000001                ASSERT (CY_APPL_ORIGIN?(SIZEOF (.cybootloader) <= CY_APPL_ORIGIN):0x1, Wrong image location)
                0x00000010                PROVIDE (__cy_reset, Reset)
 *(.text.Reset)
 .text.Reset    0x00000010       0x18 .\CortexM3\ARM_GCC_541\Debug\Cm3Start.o
                0x00000010                Reset
                0x00000001                ASSERT ((. != __cy_reset), No reset code)
 *(.dma_init)
                0x00000001                ASSERT ((((appl_start + .) <= 0x10000) || 0x1), DMA Init must be within the first 64k of flash)
 *(.text .text.* .gnu.linkonce.t.*)
 .text          0x00000028       0x5c c:/program files (x86)/cypress/psoc creator/4.4/psoc creator/import/gnu/arm/5.4.1/bin/../lib/gcc/arm-none-eabi/5.4.1/armv7-m/crtbegin.o
 .text.Timer_Interrupt_Handler
                0x00000084       0xdc .\CortexM3\ARM_GCC_541\Debug\main.o
                0x00000084                Timer_Interrupt_Handler
 .text.OEM_Read2
                0x00000160       0x3c .\CortexM3\ARM_GCC_541\Debug\main.o
 .text.OEM_ReadF
                0x0000019c       0x6c .\CortexM3\ARM_GCC_541\Debug\main.o
 .text.OEM_ReadP
                0x00000208       0x50 .\CortexM3\ARM_GCC_541\Debug\main.o
 .text.OEM_ReadAmp
                0x00000258      0x124 .\CortexM3\ARM_GCC_541\Debug\main.o
 .text.float2Bytes
                0x0000037c       0x10 .\CortexM3\ARM_GCC_541\Debug\main.o
                0x0000037c                float2Bytes
 .text.u16Int2Bytes
                0x0000038c       0x10 .\CortexM3\ARM_GCC_541\Debug\main.o
                0x0000038c                u16Int2Bytes
 .text.calculateCRC8
                0x0000039c       0x28 .\CortexM3\ARM_GCC_541\Debug\main.o
                0x0000039c                calculateCRC8
 .text.wrap_data
                0x000003c4       0x78 .\CortexM3\ARM_GCC_541\Debug\main.o
                0x000003c4                wrap_data
 *fill*         0x0000043c        0x4 
 .text.main     0x00000440      0x368 .\CortexM3\ARM_GCC_541\Debug\main.o
                0x00000440                main
 .text.init_pressure_sensors
                0x000007a8       0x10 .\CortexM3\ARM_GCC_541\Debug\Pressure_Transducer.o
                0x000007a8                init_pressure_sensors
 .text.switch_multiplexer
                0x000007b8       0x1c .\CortexM3\ARM_GCC_541\Debug\Pressure_Transducer.o
                0x000007b8                switch_multiplexer
 .text.read_pressure
                0x000007d4       0x24 .\CortexM3\ARM_GCC_541\Debug\Pressure_Transducer.o
                0x000007d4                read_pressure
 .text.CyClockStartupError
                0x000007f8        0x4 .\CortexM3\ARM_GCC_541\Debug\cyfitter_cfg.o
 .text.cfg_write_bytes32
                0x000007fc       0x34 .\CortexM3\ARM_GCC_541\Debug\cyfitter_cfg.o
 .text.CYMEMZERO
                0x00000830        0xc .\CortexM3\ARM_GCC_541\Debug\cyfitter_cfg.o
 .text.AnalogSetDefault
                0x0000083c       0xa8 .\CortexM3\ARM_GCC_541\Debug\cyfitter_cfg.o
 .text.CYCONFIGCPY
                0x000008e4        0x8 .\CortexM3\ARM_GCC_541\Debug\cyfitter_cfg.o
 .text.ClockSetup
                0x000008ec      0x120 .\CortexM3\ARM_GCC_541\Debug\cyfitter_cfg.o
 .text.AMux_CYAMUXSIDE_A_Set
                0x00000a0c       0x1c .\CortexM3\ARM_GCC_541\Debug\cyfitter_cfg.o
                0x00000a0c                AMux_CYAMUXSIDE_A_Set
 .text.AMux_CYAMUXSIDE_A_Unset
                0x00000a28       0x1c .\CortexM3\ARM_GCC_541\Debug\cyfitter_cfg.o
                0x00000a28                AMux_CYAMUXSIDE_A_Unset
 .text.AMux_CYAMUXSIDE_B_Set
                0x00000a44       0x1c .\CortexM3\ARM_GCC_541\Debug\cyfitter_cfg.o
                0x00000a44                AMux_CYAMUXSIDE_B_Set
 .text.AMux_CYAMUXSIDE_B_Unset
                0x00000a60       0x20 .\CortexM3\ARM_GCC_541\Debug\cyfitter_cfg.o
                0x00000a60                AMux_CYAMUXSIDE_B_Unset
 .text.cyfitter_cfg
                0x00000a80      0x16c .\CortexM3\ARM_GCC_541\Debug\cyfitter_cfg.o
                0x00000a80                cyfitter_cfg
 .text.IntDefaultHandler
                0x00000bec       0x10 .\CortexM3\ARM_GCC_541\Debug\Cm3Start.o
                0x00000bec                IntDefaultHandler
 .text._sbrk    0x00000bfc       0x30 .\CortexM3\ARM_GCC_541\Debug\Cm3Start.o
                0x00000bfc                _sbrk
 .text.Start_c  0x00000c2c       0x4c .\CortexM3\ARM_GCC_541\Debug\Cm3Start.o
                0x00000c2c                Start_c
 .text.initialize_psoc
                0x00000c78       0x6c .\CortexM3\ARM_GCC_541\Debug\Cm3Start.o
                0x00000c78                initialize_psoc
 .text.UART_OEM_Init
                0x00000ce4       0x28 .\CortexM3\ARM_GCC_541\Debug\PSOC5 Implement.a(UART_OEM.o)
                0x00000ce4                UART_OEM_Init
 .text.UART_OEM_Enable
                0x00000d0c       0x38 .\CortexM3\ARM_GCC_541\Debug\PSOC5 Implement.a(UART_OEM.o)
                0x00000d0c                UART_OEM_Enable
 .text.UART_OEM_Start
                0x00000d44       0x1c .\CortexM3\ARM_GCC_541\Debug\PSOC5 Implement.a(UART_OEM.o)
                0x00000d44                UART_OEM_Start
 .text.UART_OEM_GetChar
                0x00000d60       0x2c .\CortexM3\ARM_GCC_541\Debug\PSOC5 Implement.a(UART_OEM.o)
                0x00000d60                UART_OEM_GetChar
 .text.UART_OEM_GetRxBufferSize
                0x00000d8c       0x18 .\CortexM3\ARM_GCC_541\Debug\PSOC5 Implement.a(UART_OEM.o)
                0x00000d8c                UART_OEM_GetRxBufferSize
 .text.UART_OEM_PutChar
                0x00000da4       0x18 .\CortexM3\ARM_GCC_541\Debug\PSOC5 Implement.a(UART_OEM.o)
                0x00000da4                UART_OEM_PutChar
 .text.UART_RPI_Init
                0x00000dbc       0x28 .\CortexM3\ARM_GCC_541\Debug\PSOC5 Implement.a(UART_RPI.o)
                0x00000dbc                UART_RPI_Init
 .text.UART_RPI_Enable
                0x00000de4       0x38 .\CortexM3\ARM_GCC_541\Debug\PSOC5 Implement.a(UART_RPI.o)
                0x00000de4                UART_RPI_Enable
 .text.UART_RPI_Start
                0x00000e1c       0x1c .\CortexM3\ARM_GCC_541\Debug\PSOC5 Implement.a(UART_RPI.o)
                0x00000e1c                UART_RPI_Start
 .text.UART_RPI_ReadTxStatus
                0x00000e38        0xc .\CortexM3\ARM_GCC_541\Debug\PSOC5 Implement.a(UART_RPI.o)
                0x00000e38                UART_RPI_ReadTxStatus
 .text.UART_RPI_PutChar
                0x00000e44       0x18 .\CortexM3\ARM_GCC_541\Debug\PSOC5 Implement.a(UART_RPI.o)
                0x00000e44                UART_RPI_PutChar
 .text.UART_RPI_PutArray
                0x00000e5c       0x28 .\CortexM3\ARM_GCC_541\Debug\PSOC5 Implement.a(UART_RPI.o)
                0x00000e5c                UART_RPI_PutArray
 .text.UART_RPI_GetTxBufferSize
                0x00000e84       0x24 .\CortexM3\ARM_GCC_541\Debug\PSOC5 Implement.a(UART_RPI.o)
                0x00000e84                UART_RPI_GetTxBufferSize
 .text.UART_Debug_Init
                0x00000ea8       0x18 .\CortexM3\ARM_GCC_541\Debug\PSOC5 Implement.a(UART_Debug.o)
                0x00000ea8                UART_Debug_Init
 .text.UART_Debug_Enable
                0x00000ec0       0x24 .\CortexM3\ARM_GCC_541\Debug\PSOC5 Implement.a(UART_Debug.o)
                0x00000ec0                UART_Debug_Enable
 .text.UART_Debug_Start
                0x00000ee4       0x1c .\CortexM3\ARM_GCC_541\Debug\PSOC5 Implement.a(UART_Debug.o)
                0x00000ee4                UART_Debug_Start
 .text.UART_Debug_PutChar
                0x00000f00       0x18 .\CortexM3\ARM_GCC_541\Debug\PSOC5 Implement.a(UART_Debug.o)
                0x00000f00                UART_Debug_PutChar
 .text.UART_Debug_PutString
                0x00000f18       0x24 .\CortexM3\ARM_GCC_541\Debug\PSOC5 Implement.a(UART_Debug.o)
                0x00000f18                UART_Debug_PutString
 .text.Timer_ISR_Enable
                0x00000f3c       0x28 .\CortexM3\ARM_GCC_541\Debug\PSOC5 Implement.a(Timer_ISR.o)
                0x00000f3c                Timer_ISR_Enable
 .text.Timer_ISR_SetInterruptMode
                0x00000f64        0xc .\CortexM3\ARM_GCC_541\Debug\PSOC5 Implement.a(Timer_ISR.o)
                0x00000f64                Timer_ISR_SetInterruptMode
 .text.Timer_ISR_ReadStatusRegister
                0x00000f70        0xc .\CortexM3\ARM_GCC_541\Debug\PSOC5 Implement.a(Timer_ISR.o)
                0x00000f70                Timer_ISR_ReadStatusRegister
 .text.Timer_ISR_WritePeriod
                0x00000f7c        0xc .\CortexM3\ARM_GCC_541\Debug\PSOC5 Implement.a(Timer_ISR.o)
                0x00000f7c                Timer_ISR_WritePeriod
 .text.Timer_ISR_WriteCounter
                0x00000f88        0xc .\CortexM3\ARM_GCC_541\Debug\PSOC5 Implement.a(Timer_ISR.o)
                0x00000f88                Timer_ISR_WriteCounter
 .text.Timer_ISR_Init
                0x00000f94       0x68 .\CortexM3\ARM_GCC_541\Debug\PSOC5 Implement.a(Timer_ISR.o)
                0x00000f94                Timer_ISR_Init
 .text.Timer_ISR_Start
                0x00000ffc       0x1c .\CortexM3\ARM_GCC_541\Debug\PSOC5 Implement.a(Timer_ISR.o)
                0x00000ffc                Timer_ISR_Start
 .text.ADC_TS410_Init
                0x00001018       0x3c .\CortexM3\ARM_GCC_541\Debug\PSOC5 Implement.a(ADC_TS410.o)
                0x00001018                ADC_TS410_Init
 .text.ADC_TS410_Enable
                0x00001054       0xcc .\CortexM3\ARM_GCC_541\Debug\PSOC5 Implement.a(ADC_TS410.o)
                0x00001054                ADC_TS410_Enable
 .text.ADC_TS410_Start
                0x00001120       0x28 .\CortexM3\ARM_GCC_541\Debug\PSOC5 Implement.a(ADC_TS410.o)
                0x00001120                ADC_TS410_Start
 .text.ADC_TS410_StartConvert
                0x00001148        0x8 .\CortexM3\ARM_GCC_541\Debug\PSOC5 Implement.a(ADC_TS410.o)
                0x00001148                ADC_TS410_StartConvert
 .text.ADC_TS410_IsEndConversion
                0x00001150       0x18 .\CortexM3\ARM_GCC_541\Debug\PSOC5 Implement.a(ADC_TS410.o)
                0x00001150                ADC_TS410_IsEndConversion
 .text.ADC_TS410_GetResult16
                0x00001168       0x1c .\CortexM3\ARM_GCC_541\Debug\PSOC5 Implement.a(ADC_TS410.o)
                0x00001168                ADC_TS410_GetResult16
 .text.ADC_TS410_CountsTo_Volts
                0x00001184        0x8 .\CortexM3\ARM_GCC_541\Debug\PSOC5 Implement.a(ADC_TS410.o)
                0x00001184                ADC_TS410_CountsTo_Volts
 .text.ADC_TS410_ISR
                0x0000118c        0x4 .\CortexM3\ARM_GCC_541\Debug\PSOC5 Implement.a(ADC_TS410_INT.o)
                0x0000118c                ADC_TS410_ISR
 .text.AMux_Start
                0x00001190       0x28 .\CortexM3\ARM_GCC_541\Debug\PSOC5 Implement.a(AMux.o)
                0x00001190                AMux_Start
 .text.AMux_Disconnect
                0x000011b8       0x10 .\CortexM3\ARM_GCC_541\Debug\PSOC5 Implement.a(AMux.o)
                0x000011b8                AMux_Disconnect
 .text.AMux_FastSelect
                0x000011c8       0x28 .\CortexM3\ARM_GCC_541\Debug\PSOC5 Implement.a(AMux.o)
                0x000011c8                AMux_FastSelect
 .text.UART_OEM_IntClock_Start
                0x000011f0       0x1c .\CortexM3\ARM_GCC_541\Debug\PSOC5 Implement.a(UART_OEM_IntClock.o)
                0x000011f0                UART_OEM_IntClock_Start
 .text.UART_RPI_IntClock_Start
                0x0000120c       0x1c .\CortexM3\ARM_GCC_541\Debug\PSOC5 Implement.a(UART_RPI_IntClock.o)
                0x0000120c                UART_RPI_IntClock_Start
 .text.UART_Debug_IntClock_Start
                0x00001228       0x1c .\CortexM3\ARM_GCC_541\Debug\PSOC5 Implement.a(UART_Debug_IntClock.o)
                0x00001228                UART_Debug_IntClock_Start
 .text.ADC_TS410_SAR_CalcGain
                0x00001244       0x64 .\CortexM3\ARM_GCC_541\Debug\PSOC5 Implement.a(ADC_TS410_SAR.o)
 .text.ADC_TS410_SAR_Enable
                0x000012a8       0x78 .\CortexM3\ARM_GCC_541\Debug\PSOC5 Implement.a(ADC_TS410_SAR.o)
                0x000012a8                ADC_TS410_SAR_Enable
 .text.ADC_TS410_SAR_SetResolution
                0x00001320       0x38 .\CortexM3\ARM_GCC_541\Debug\PSOC5 Implement.a(ADC_TS410_SAR.o)
                0x00001320                ADC_TS410_SAR_SetResolution
 .text.ADC_TS410_SAR_Init
                0x00001358       0x24 .\CortexM3\ARM_GCC_541\Debug\PSOC5 Implement.a(ADC_TS410_SAR.o)
                0x00001358                ADC_TS410_SAR_Init
 .text.ADC_TS410_SAR_Start
                0x0000137c       0x1c .\CortexM3\ARM_GCC_541\Debug\PSOC5 Implement.a(ADC_TS410_SAR.o)
                0x0000137c                ADC_TS410_SAR_Start
 .text.ADC_TS410_SAR_StartConvert
                0x00001398       0x10 .\CortexM3\ARM_GCC_541\Debug\PSOC5 Implement.a(ADC_TS410_SAR.o)
                0x00001398                ADC_TS410_SAR_StartConvert
 .text.ADC_TS410_SAR_CountsTo_Volts
                0x000013a8       0x50 .\CortexM3\ARM_GCC_541\Debug\PSOC5 Implement.a(ADC_TS410_SAR.o)
                0x000013a8                ADC_TS410_SAR_CountsTo_Volts
 .text.ADC_TS410_TempBuf_DmaInitialize
                0x000013f8       0x3c .\CortexM3\ARM_GCC_541\Debug\PSOC5 Implement.a(ADC_TS410_TempBuf_dma.o)
                0x000013f8                ADC_TS410_TempBuf_DmaInitialize
 .text.ADC_TS410_FinalBuf_DmaInitialize
                0x00001434       0x3c .\CortexM3\ARM_GCC_541\Debug\PSOC5 Implement.a(ADC_TS410_FinalBuf_dma.o)
                0x00001434                ADC_TS410_FinalBuf_DmaInitialize
 .text.ADC_TS410_IRQ_SetVector
                0x00001470        0xc .\CortexM3\ARM_GCC_541\Debug\PSOC5 Implement.a(ADC_TS410_IRQ.o)
                0x00001470                ADC_TS410_IRQ_SetVector
 .text.ADC_TS410_IRQ_SetPriority
                0x0000147c       0x10 .\CortexM3\ARM_GCC_541\Debug\PSOC5 Implement.a(ADC_TS410_IRQ.o)
                0x0000147c                ADC_TS410_IRQ_SetPriority
 .text.CyDmacConfigure
                0x0000148c       0x34 .\CortexM3\ARM_GCC_541\Debug\PSOC5 Implement.a(CyDmac.o)
                0x0000148c                CyDmacConfigure
 .text.CyDmaChEnable
                0x000014c0       0x38 .\CortexM3\ARM_GCC_541\Debug\PSOC5 Implement.a(CyDmac.o)
                0x000014c0                CyDmaChEnable
 .text.CyDmaClearPendingDrq
                0x000014f8       0x28 .\CortexM3\ARM_GCC_541\Debug\PSOC5 Implement.a(CyDmac.o)
                0x000014f8                CyDmaClearPendingDrq
 .text.CyDmaChPriority
                0x00001520       0x24 .\CortexM3\ARM_GCC_541\Debug\PSOC5 Implement.a(CyDmac.o)
                0x00001520                CyDmaChPriority
 .text.CyDmaChSetExtendedAddress
                0x00001544       0x34 .\CortexM3\ARM_GCC_541\Debug\PSOC5 Implement.a(CyDmac.o)
                0x00001544                CyDmaChSetExtendedAddress
 .text.CyDmaChSetInitialTd
                0x00001578       0x18 .\CortexM3\ARM_GCC_541\Debug\PSOC5 Implement.a(CyDmac.o)
                0x00001578                CyDmaChSetInitialTd
 .text.CyDmaChSetConfiguration
                0x00001590       0x44 .\CortexM3\ARM_GCC_541\Debug\PSOC5 Implement.a(CyDmac.o)
                0x00001590                CyDmaChSetConfiguration
 .text.CyDmaTdAllocate
                0x000015d4       0x34 .\CortexM3\ARM_GCC_541\Debug\PSOC5 Implement.a(CyDmac.o)
                0x000015d4                CyDmaTdAllocate
 .text.CyDmaTdSetConfiguration
                0x00001608       0x28 .\CortexM3\ARM_GCC_541\Debug\PSOC5 Implement.a(CyDmac.o)
                0x00001608                CyDmaTdSetConfiguration
 .text.CyDmaTdSetAddress
                0x00001630       0x1c .\CortexM3\ARM_GCC_541\Debug\PSOC5 Implement.a(CyDmac.o)
                0x00001630                CyDmaTdSetAddress
 .text.CyHalt   0x0000164c        0x4 .\CortexM3\ARM_GCC_541\Debug\PSOC5 Implement.a(CyLib.o)
                0x0000164c                CyHalt
 .text.CyDelay  0x00001650       0x2c .\CortexM3\ARM_GCC_541\Debug\PSOC5 Implement.a(CyLib.o)
                0x00001650                CyDelay
 .text.CyDelayUs
                0x0000167c       0x14 .\CortexM3\ARM_GCC_541\Debug\PSOC5 Implement.a(CyLib.o)
                0x0000167c                CyDelayUs
 .text.CyIntSetVector
                0x00001690       0x28 .\CortexM3\ARM_GCC_541\Debug\PSOC5 Implement.a(CyLib.o)
                0x00001690                CyIntSetVector
 .text.CyIntSetPriority
                0x000016b8       0x30 .\CortexM3\ARM_GCC_541\Debug\PSOC5 Implement.a(CyLib.o)
                0x000016b8                CyIntSetPriority
 .text.USER_LED_Write
                0x000016e8       0x18 .\CortexM3\ARM_GCC_541\Debug\PSOC5 Implement.a(USER_LED.o)
                0x000016e8                USER_LED_Write
 .text.Timer_Interrupt_SetVector
                0x00001700       0x10 .\CortexM3\ARM_GCC_541\Debug\PSOC5 Implement.a(Timer_Interrupt.o)
                0x00001700                Timer_Interrupt_SetVector
 .text.Timer_Interrupt_SetPriority
                0x00001710       0x10 .\CortexM3\ARM_GCC_541\Debug\PSOC5 Implement.a(Timer_Interrupt.o)
                0x00001710                Timer_Interrupt_SetPriority
 .text.Timer_Interrupt_Enable
                0x00001720       0x10 .\CortexM3\ARM_GCC_541\Debug\PSOC5 Implement.a(Timer_Interrupt.o)
                0x00001720                Timer_Interrupt_Enable
 .text.Timer_Interrupt_Disable
                0x00001730       0x10 .\CortexM3\ARM_GCC_541\Debug\PSOC5 Implement.a(Timer_Interrupt.o)
                0x00001730                Timer_Interrupt_Disable
 .text.Timer_Interrupt_StartEx
                0x00001740       0x1c .\CortexM3\ARM_GCC_541\Debug\PSOC5 Implement.a(Timer_Interrupt.o)
                0x00001740                Timer_Interrupt_StartEx
 .text.ADC_DelSig_GainCompensation
                0x0000175c       0xe0 .\CortexM3\ARM_GCC_541\Debug\PSOC5 Implement.a(ADC_DelSig.o)
 .text.ADC_DelSig_SetDSMRef0Reg
                0x0000183c       0x4c .\CortexM3\ARM_GCC_541\Debug\PSOC5 Implement.a(ADC_DelSig.o)
 .text.ADC_DelSig_InitConfig
                0x00001888      0x318 .\CortexM3\ARM_GCC_541\Debug\PSOC5 Implement.a(ADC_DelSig.o)
 .text.ADC_DelSig_Init
                0x00001ba0      0x108 .\CortexM3\ARM_GCC_541\Debug\PSOC5 Implement.a(ADC_DelSig.o)
                0x00001ba0                ADC_DelSig_Init
 .text.ADC_DelSig_Enable
                0x00001ca8       0xd8 .\CortexM3\ARM_GCC_541\Debug\PSOC5 Implement.a(ADC_DelSig.o)
                0x00001ca8                ADC_DelSig_Enable
 .text.ADC_DelSig_Start
                0x00001d80       0x28 .\CortexM3\ARM_GCC_541\Debug\PSOC5 Implement.a(ADC_DelSig.o)
                0x00001d80                ADC_DelSig_Start
 .text.ADC_DelSig_StartConvert
                0x00001da8       0x10 .\CortexM3\ARM_GCC_541\Debug\PSOC5 Implement.a(ADC_DelSig.o)
                0x00001da8                ADC_DelSig_StartConvert
 .text.ADC_DelSig_StopConvert
                0x00001db8       0x10 .\CortexM3\ARM_GCC_541\Debug\PSOC5 Implement.a(ADC_DelSig.o)
                0x00001db8                ADC_DelSig_StopConvert
 .text.ADC_DelSig_IsEndConversion
                0x00001dc8       0x30 .\CortexM3\ARM_GCC_541\Debug\PSOC5 Implement.a(ADC_DelSig.o)
                0x00001dc8                ADC_DelSig_IsEndConversion
 .text.ADC_DelSig_GetResult16
                0x00001df8       0x50 .\CortexM3\ARM_GCC_541\Debug\PSOC5 Implement.a(ADC_DelSig.o)
                0x00001df8                ADC_DelSig_GetResult16
 .text.ADC_DelSig_CountsTo_Volts
                0x00001e48       0x28 .\CortexM3\ARM_GCC_541\Debug\PSOC5 Implement.a(ADC_DelSig.o)
                0x00001e48                ADC_DelSig_CountsTo_Volts
 .text.ADC_DelSig_Read16
                0x00001e70       0x28 .\CortexM3\ARM_GCC_541\Debug\PSOC5 Implement.a(ADC_DelSig.o)
                0x00001e70                ADC_DelSig_Read16
 .text.ADC_DelSig_ISR1
                0x00001e98        0x4 .\CortexM3\ARM_GCC_541\Debug\PSOC5 Implement.a(ADC_DelSig_INT.o)
                0x00001e98                ADC_DelSig_ISR1
 .text.ADC_DelSig_ISR2
                0x00001e9c        0x4 .\CortexM3\ARM_GCC_541\Debug\PSOC5 Implement.a(ADC_DelSig_INT.o)
                0x00001e9c                ADC_DelSig_ISR2
 .text.ADC_DelSig_ISR3
                0x00001ea0        0x4 .\CortexM3\ARM_GCC_541\Debug\PSOC5 Implement.a(ADC_DelSig_INT.o)
                0x00001ea0                ADC_DelSig_ISR3
 .text.ADC_DelSig_ISR4
                0x00001ea4        0x4 .\CortexM3\ARM_GCC_541\Debug\PSOC5 Implement.a(ADC_DelSig_INT.o)
                0x00001ea4                ADC_DelSig_ISR4
 .text.ADC_DelSig_Ext_CP_Clk_GetDividerRegister
                0x00001ea8        0xc .\CortexM3\ARM_GCC_541\Debug\PSOC5 Implement.a(ADC_DelSig_Ext_CP_Clk.o)
                0x00001ea8                ADC_DelSig_Ext_CP_Clk_GetDividerRegister
 .text.ADC_DelSig_Ext_CP_Clk_SetModeRegister
                0x00001eb4       0x14 .\CortexM3\ARM_GCC_541\Debug\PSOC5 Implement.a(ADC_DelSig_Ext_CP_Clk.o)
                0x00001eb4                ADC_DelSig_Ext_CP_Clk_SetModeRegister
 .text.ADC_DelSig_Ext_CP_Clk_GetSourceRegister
                0x00001ec8       0x10 .\CortexM3\ARM_GCC_541\Debug\PSOC5 Implement.a(ADC_DelSig_Ext_CP_Clk.o)
                0x00001ec8                ADC_DelSig_Ext_CP_Clk_GetSourceRegister
 .text.ADC_DelSig_Ext_CP_Clk_SetDividerRegister
                0x00001ed8       0xd8 .\CortexM3\ARM_GCC_541\Debug\PSOC5 Implement.a(ADC_DelSig_Ext_CP_Clk.o)
                0x00001ed8                ADC_DelSig_Ext_CP_Clk_SetDividerRegister
 .text.ADC_DelSig_theACLK_GetDividerRegister
                0x00001fb0        0xc .\CortexM3\ARM_GCC_541\Debug\PSOC5 Implement.a(ADC_DelSig_theACLK.o)
                0x00001fb0                ADC_DelSig_theACLK_GetDividerRegister
 .text.ADC_DelSig_theACLK_SetModeRegister
                0x00001fbc       0x14 .\CortexM3\ARM_GCC_541\Debug\PSOC5 Implement.a(ADC_DelSig_theACLK.o)
                0x00001fbc                ADC_DelSig_theACLK_SetModeRegister
 .text.ADC_DelSig_theACLK_GetSourceRegister
                0x00001fd0       0x10 .\CortexM3\ARM_GCC_541\Debug\PSOC5 Implement.a(ADC_DelSig_theACLK.o)
                0x00001fd0                ADC_DelSig_theACLK_GetSourceRegister
 .text.ADC_DelSig_theACLK_SetDividerRegister
                0x00001fe0       0xd8 .\CortexM3\ARM_GCC_541\Debug\PSOC5 Implement.a(ADC_DelSig_theACLK.o)
                0x00001fe0                ADC_DelSig_theACLK_SetDividerRegister
 .text          0x000020b8       0x20 .\CortexM3\ARM_GCC_541\Debug\PSOC5 Implement.a(CyBootAsmGnu.o)
                0x000020b8                CyDelayCycles
                0x000020c8                CyEnterCriticalSection
                0x000020d0                CyExitCriticalSection
 .text          0x000020d8      0x370 c:/program files (x86)/cypress/psoc creator/4.4/psoc creator/import/gnu/arm/5.4.1/bin/../lib/gcc/arm-none-eabi/5.4.1/armv7-m\libgcc.a(_arm_addsubdf3.o)
                0x000020d8                __aeabi_drsub
                0x000020e0                __aeabi_dsub
                0x000020e0                __subdf3
                0x000020e4                __aeabi_dadd
                0x000020e4                __adddf3
                0x0000235c                __floatunsidf
                0x0000235c                __aeabi_ui2d
                0x0000237c                __floatsidf
                0x0000237c                __aeabi_i2d
                0x000023a0                __aeabi_f2d
                0x000023a0                __extendsfdf2
                0x000023dc                __floatundidf
                0x000023dc                __aeabi_ul2d
                0x000023ec                __floatdidf
                0x000023ec                __aeabi_l2d
 .text          0x00002448      0x110 c:/program files (x86)/cypress/psoc creator/4.4/psoc creator/import/gnu/arm/5.4.1/bin/../lib/gcc/arm-none-eabi/5.4.1/armv7-m\libgcc.a(_arm_cmpdf2.o)
                0x00002448                __gtdf2
                0x00002448                __gedf2
                0x00002450                __ltdf2
                0x00002450                __ledf2
                0x00002458                __nedf2
                0x00002458                __eqdf2
                0x00002458                __cmpdf2
                0x000024d4                __aeabi_cdrcmple
                0x000024e4                __aeabi_cdcmpeq
                0x000024e4                __aeabi_cdcmple
                0x000024f4                __aeabi_dcmpeq
                0x00002508                __aeabi_dcmplt
                0x0000251c                __aeabi_dcmple
                0x00002530                __aeabi_dcmpge
                0x00002544                __aeabi_dcmpgt
 .text          0x00002558      0x21c c:/program files (x86)/cypress/psoc creator/4.4/psoc creator/import/gnu/arm/5.4.1/bin/../lib/gcc/arm-none-eabi/5.4.1/armv7-m\libgcc.a(_arm_addsubsf3.o)
                0x00002558                __aeabi_frsub
                0x00002560                __subsf3
                0x00002560                __aeabi_fsub
                0x00002564                __aeabi_fadd
                0x00002564                __addsf3
                0x000026c4                __aeabi_ui2f
                0x000026c4                __floatunsisf
                0x000026cc                __aeabi_i2f
                0x000026cc                __floatsisf
                0x000026e8                __aeabi_ul2f
                0x000026e8                __floatundisf
                0x000026f8                __aeabi_l2f
                0x000026f8                __floatdisf
 .text          0x00002774      0x2a0 c:/program files (x86)/cypress/psoc creator/4.4/psoc creator/import/gnu/arm/5.4.1/bin/../lib/gcc/arm-none-eabi/5.4.1/armv7-m\libgcc.a(_arm_muldivsf3.o)
                0x00002774                __mulsf3
                0x00002774                __aeabi_fmul
                0x000028dc                __aeabi_fdiv
                0x000028dc                __divsf3
 .text          0x00002a14       0xec c:/program files (x86)/cypress/psoc creator/4.4/psoc creator/import/gnu/arm/5.4.1/bin/../lib/gcc/arm-none-eabi/5.4.1/armv7-m\libgcc.a(_arm_cmpsf2.o)
                0x00002a14                __gesf2
                0x00002a14                __gtsf2
                0x00002a1c                __lesf2
                0x00002a1c                __ltsf2
                0x00002a24                __nesf2
                0x00002a24                __eqsf2
                0x00002a24                __cmpsf2
                0x00002a84                __aeabi_cfrcmple
                0x00002a8c                __aeabi_cfcmpeq
                0x00002a8c                __aeabi_cfcmple
                0x00002a9c                __aeabi_fcmpeq
                0x00002ab0                __aeabi_fcmplt
                0x00002ac4                __aeabi_fcmple
                0x00002ad8                __aeabi_fcmpge
                0x00002aec                __aeabi_fcmpgt
 .text          0x00002b00       0x2c c:/program files (x86)/cypress/psoc creator/4.4/psoc creator/import/gnu/arm/5.4.1/bin/../lib/gcc/arm-none-eabi/5.4.1/armv7-m\libgcc.a(_arm_unordsf2.o)
                0x00002b00                __unordsf2
                0x00002b00                __aeabi_fcmpun
 .text.__errno  0x00002b2c        0xc c:/program files (x86)/cypress/psoc creator/4.4/psoc creator/import/gnu/arm/5.4.1/bin/../lib/gcc/arm-none-eabi/5.4.1/../../../../arm-none-eabi/lib/armv7-m\libg_nano.a(lib_a-errno.o)
                0x00002b2c                __errno
 .text.__libc_init_array
                0x00002b38       0x4c c:/program files (x86)/cypress/psoc creator/4.4/psoc creator/import/gnu/arm/5.4.1/bin/../lib/gcc/arm-none-eabi/5.4.1/../../../../arm-none-eabi/lib/armv7-m\libg_nano.a(lib_a-init.o)
                0x00002b38                __libc_init_array
 .text.memcpy   0x00002b84       0x16 c:/program files (x86)/cypress/psoc creator/4.4/psoc creator/import/gnu/arm/5.4.1/bin/../lib/gcc/arm-none-eabi/5.4.1/../../../../arm-none-eabi/lib/armv7-m\libg_nano.a(lib_a-memcpy-stub.o)
                0x00002b84                memcpy
 .text.memset   0x00002b9a       0x10 c:/program files (x86)/cypress/psoc creator/4.4/psoc creator/import/gnu/arm/5.4.1/bin/../lib/gcc/arm-none-eabi/5.4.1/../../../../arm-none-eabi/lib/armv7-m\libg_nano.a(lib_a-memset.o)
                0x00002b9a                memset
 .text.__cvt    0x00002baa       0xc0 c:/program files (x86)/cypress/psoc creator/4.4/psoc creator/import/gnu/arm/5.4.1/bin/../lib/gcc/arm-none-eabi/5.4.1/../../../../arm-none-eabi/lib/armv7-m\libg_nano.a(lib_a-nano-vfprintf_float.o)
                0x00002baa                __cvt
 .text.__exponent
                0x00002c6a       0x62 c:/program files (x86)/cypress/psoc creator/4.4/psoc creator/import/gnu/arm/5.4.1/bin/../lib/gcc/arm-none-eabi/5.4.1/../../../../arm-none-eabi/lib/armv7-m\libg_nano.a(lib_a-nano-vfprintf_float.o)
                0x00002c6a                __exponent
 .text._printf_float
                0x00002ccc      0x488 c:/program files (x86)/cypress/psoc creator/4.4/psoc creator/import/gnu/arm/5.4.1/bin/../lib/gcc/arm-none-eabi/5.4.1/../../../../arm-none-eabi/lib/armv7-m\libg_nano.a(lib_a-nano-vfprintf_float.o)
                0x00002ccc                _printf_float
 .text._printf_common
                0x00003154       0xec c:/program files (x86)/cypress/psoc creator/4.4/psoc creator/import/gnu/arm/5.4.1/bin/../lib/gcc/arm-none-eabi/5.4.1/../../../../arm-none-eabi/lib/armv7-m\libg_nano.a(lib_a-nano-vfprintf_i.o)
                0x00003154                _printf_common
 .text._printf_i
                0x00003240      0x24c c:/program files (x86)/cypress/psoc creator/4.4/psoc creator/import/gnu/arm/5.4.1/bin/../lib/gcc/arm-none-eabi/5.4.1/../../../../arm-none-eabi/lib/armv7-m\libg_nano.a(lib_a-nano-vfprintf_i.o)
                0x00003240                _printf_i
 .text.snprintf
                0x0000348c       0x64 c:/program files (x86)/cypress/psoc creator/4.4/psoc creator/import/gnu/arm/5.4.1/bin/../lib/gcc/arm-none-eabi/5.4.1/../../../../arm-none-eabi/lib/armv7-m\libg_nano.a(lib_a-snprintf.o)
                0x0000348c                sniprintf
                0x0000348c                snprintf
 .text          0x000034f0       0x10 c:/program files (x86)/cypress/psoc creator/4.4/psoc creator/import/gnu/arm/5.4.1/bin/../lib/gcc/arm-none-eabi/5.4.1/../../../../arm-none-eabi/lib/armv7-m\libg_nano.a(lib_a-strlen.o)
                0x000034f0                strlen
 .text.quorem   0x00003500      0x116 c:/program files (x86)/cypress/psoc creator/4.4/psoc creator/import/gnu/arm/5.4.1/bin/../lib/gcc/arm-none-eabi/5.4.1/../../../../arm-none-eabi/lib/armv7-m\libg_nano.a(lib_a-dtoa.o)
 *fill*         0x00003616        0x2 
 .text._dtoa_r  0x00003618      0xb30 c:/program files (x86)/cypress/psoc creator/4.4/psoc creator/import/gnu/arm/5.4.1/bin/../lib/gcc/arm-none-eabi/5.4.1/../../../../arm-none-eabi/lib/armv7-m\libg_nano.a(lib_a-dtoa.o)
                0x00003618                _dtoa_r
 .text._localeconv_r
                0x00004148        0x8 c:/program files (x86)/cypress/psoc creator/4.4/psoc creator/import/gnu/arm/5.4.1/bin/../lib/gcc/arm-none-eabi/5.4.1/../../../../arm-none-eabi/lib/armv7-m\libg_nano.a(lib_a-locale.o)
                0x00004148                _localeconv_r
 .text.malloc   0x00004150       0x10 c:/program files (x86)/cypress/psoc creator/4.4/psoc creator/import/gnu/arm/5.4.1/bin/../lib/gcc/arm-none-eabi/5.4.1/../../../../arm-none-eabi/lib/armv7-m\libg_nano.a(lib_a-malloc.o)
                0x00004150                malloc
 .text.memchr   0x00004160       0x1c c:/program files (x86)/cypress/psoc creator/4.4/psoc creator/import/gnu/arm/5.4.1/bin/../lib/gcc/arm-none-eabi/5.4.1/../../../../arm-none-eabi/lib/armv7-m\libg_nano.a(lib_a-memchr-stub.o)
                0x00004160                memchr
 .text._Balloc  0x0000417c       0x6a c:/program files (x86)/cypress/psoc creator/4.4/psoc creator/import/gnu/arm/5.4.1/bin/../lib/gcc/arm-none-eabi/5.4.1/../../../../arm-none-eabi/lib/armv7-m\libg_nano.a(lib_a-mprec.o)
                0x0000417c                _Balloc
 .text._Bfree   0x000041e6       0x2e c:/program files (x86)/cypress/psoc creator/4.4/psoc creator/import/gnu/arm/5.4.1/bin/../lib/gcc/arm-none-eabi/5.4.1/../../../../arm-none-eabi/lib/armv7-m\libg_nano.a(lib_a-mprec.o)
                0x000041e6                _Bfree
 .text.__multadd
                0x00004214       0x76 c:/program files (x86)/cypress/psoc creator/4.4/psoc creator/import/gnu/arm/5.4.1/bin/../lib/gcc/arm-none-eabi/5.4.1/../../../../arm-none-eabi/lib/armv7-m\libg_nano.a(lib_a-mprec.o)
                0x00004214                __multadd
 .text.__hi0bits
                0x0000428a       0x40 c:/program files (x86)/cypress/psoc creator/4.4/psoc creator/import/gnu/arm/5.4.1/bin/../lib/gcc/arm-none-eabi/5.4.1/../../../../arm-none-eabi/lib/armv7-m\libg_nano.a(lib_a-mprec.o)
                0x0000428a                __hi0bits
 .text.__lo0bits
                0x000042ca       0x5a c:/program files (x86)/cypress/psoc creator/4.4/psoc creator/import/gnu/arm/5.4.1/bin/../lib/gcc/arm-none-eabi/5.4.1/../../../../arm-none-eabi/lib/armv7-m\libg_nano.a(lib_a-mprec.o)
                0x000042ca                __lo0bits
 .text.__i2b    0x00004324       0x12 c:/program files (x86)/cypress/psoc creator/4.4/psoc creator/import/gnu/arm/5.4.1/bin/../lib/gcc/arm-none-eabi/5.4.1/../../../../arm-none-eabi/lib/armv7-m\libg_nano.a(lib_a-mprec.o)
                0x00004324                __i2b
 .text.__multiply
                0x00004336      0x120 c:/program files (x86)/cypress/psoc creator/4.4/psoc creator/import/gnu/arm/5.4.1/bin/../lib/gcc/arm-none-eabi/5.4.1/../../../../arm-none-eabi/lib/armv7-m\libg_nano.a(lib_a-mprec.o)
                0x00004336                __multiply
 *fill*         0x00004456        0x2 
 .text.__pow5mult
                0x00004458       0x9c c:/program files (x86)/cypress/psoc creator/4.4/psoc creator/import/gnu/arm/5.4.1/bin/../lib/gcc/arm-none-eabi/5.4.1/../../../../arm-none-eabi/lib/armv7-m\libg_nano.a(lib_a-mprec.o)
                0x00004458                __pow5mult
 .text.__lshift
                0x000044f4       0xa2 c:/program files (x86)/cypress/psoc creator/4.4/psoc creator/import/gnu/arm/5.4.1/bin/../lib/gcc/arm-none-eabi/5.4.1/../../../../arm-none-eabi/lib/armv7-m\libg_nano.a(lib_a-mprec.o)
                0x000044f4                __lshift
 .text.__mcmp   0x00004596       0x38 c:/program files (x86)/cypress/psoc creator/4.4/psoc creator/import/gnu/arm/5.4.1/bin/../lib/gcc/arm-none-eabi/5.4.1/../../../../arm-none-eabi/lib/armv7-m\libg_nano.a(lib_a-mprec.o)
                0x00004596                __mcmp
 .text.__mdiff  0x000045ce       0xbe c:/program files (x86)/cypress/psoc creator/4.4/psoc creator/import/gnu/arm/5.4.1/bin/../lib/gcc/arm-none-eabi/5.4.1/../../../../arm-none-eabi/lib/armv7-m\libg_nano.a(lib_a-mprec.o)
                0x000045ce                __mdiff
 .text.__d2b    0x0000468c       0x9c c:/program files (x86)/cypress/psoc creator/4.4/psoc creator/import/gnu/arm/5.4.1/bin/../lib/gcc/arm-none-eabi/5.4.1/../../../../arm-none-eabi/lib/armv7-m\libg_nano.a(lib_a-mprec.o)
                0x0000468c                __d2b
 .text._calloc_r
                0x00004728       0x1c c:/program files (x86)/cypress/psoc creator/4.4/psoc creator/import/gnu/arm/5.4.1/bin/../lib/gcc/arm-none-eabi/5.4.1/../../../../arm-none-eabi/lib/armv7-m\libg_nano.a(lib_a-nano-callocr.o)
                0x00004728                _calloc_r
 .text._free_r  0x00004744       0x98 c:/program files (x86)/cypress/psoc creator/4.4/psoc creator/import/gnu/arm/5.4.1/bin/../lib/gcc/arm-none-eabi/5.4.1/../../../../arm-none-eabi/lib/armv7-m\libg_nano.a(lib_a-nano-freer.o)
                0x00004744                _free_r
 .text._malloc_r
                0x000047dc       0xbc c:/program files (x86)/cypress/psoc creator/4.4/psoc creator/import/gnu/arm/5.4.1/bin/../lib/gcc/arm-none-eabi/5.4.1/../../../../arm-none-eabi/lib/armv7-m\libg_nano.a(lib_a-nano-mallocr.o)
                0x000047dc                _malloc_r
 .text.__ssputs_r
                0x00004898       0xb2 c:/program files (x86)/cypress/psoc creator/4.4/psoc creator/import/gnu/arm/5.4.1/bin/../lib/gcc/arm-none-eabi/5.4.1/../../../../arm-none-eabi/lib/armv7-m\libg_nano.a(lib_a-nano-svfprintf.o)
                0x00004898                __ssputs_r
 *fill*         0x0000494a        0x2 
 .text._svfprintf_r
                0x0000494c      0x1e8 c:/program files (x86)/cypress/psoc creator/4.4/psoc creator/import/gnu/arm/5.4.1/bin/../lib/gcc/arm-none-eabi/5.4.1/../../../../arm-none-eabi/lib/armv7-m\libg_nano.a(lib_a-nano-svfprintf.o)
                0x0000494c                _svfiprintf_r
                0x0000494c                _svfprintf_r
 .text._sbrk_r  0x00004b34       0x20 c:/program files (x86)/cypress/psoc creator/4.4/psoc creator/import/gnu/arm/5.4.1/bin/../lib/gcc/arm-none-eabi/5.4.1/../../../../arm-none-eabi/lib/armv7-m\libg_nano.a(lib_a-sbrkr.o)
                0x00004b34                _sbrk_r
 .text.memmove  0x00004b54       0x36 c:/program files (x86)/cypress/psoc creator/4.4/psoc creator/import/gnu/arm/5.4.1/bin/../lib/gcc/arm-none-eabi/5.4.1/../../../../arm-none-eabi/lib/armv7-m\libg_nano.a(lib_a-memmove.o)
                0x00004b54                memmove
 .text.__malloc_lock
                0x00004b8a        0x2 c:/program files (x86)/cypress/psoc creator/4.4/psoc creator/import/gnu/arm/5.4.1/bin/../lib/gcc/arm-none-eabi/5.4.1/../../../../arm-none-eabi/lib/armv7-m\libg_nano.a(lib_a-mlock.o)
                0x00004b8a                __malloc_lock
 .text.__malloc_unlock
                0x00004b8c        0x2 c:/program files (x86)/cypress/psoc creator/4.4/psoc creator/import/gnu/arm/5.4.1/bin/../lib/gcc/arm-none-eabi/5.4.1/../../../../arm-none-eabi/lib/armv7-m\libg_nano.a(lib_a-mlock.o)
                0x00004b8c                __malloc_unlock
 .text._realloc_r
                0x00004b8e       0x4c c:/program files (x86)/cypress/psoc creator/4.4/psoc creator/import/gnu/arm/5.4.1/bin/../lib/gcc/arm-none-eabi/5.4.1/../../../../arm-none-eabi/lib/armv7-m\libg_nano.a(lib_a-nano-reallocr.o)
                0x00004b8e                _realloc_r
 .text._malloc_usable_size_r
                0x00004bda       0x14 c:/program files (x86)/cypress/psoc creator/4.4/psoc creator/import/gnu/arm/5.4.1/bin/../lib/gcc/arm-none-eabi/5.4.1/../../../../arm-none-eabi/lib/armv7-m\libg_nano.a(lib_a-nano-msizer.o)
                0x00004bda                _malloc_usable_size_r
 *fill*         0x00004bee        0x2 
 .text          0x00004bf0      0x424 c:/program files (x86)/cypress/psoc creator/4.4/psoc creator/import/gnu/arm/5.4.1/bin/../lib/gcc/arm-none-eabi/5.4.1/armv7-m\libgcc.a(_arm_muldivdf3.o)
                0x00004bf0                __aeabi_dmul
                0x00004bf0                __muldf3
                0x00004e44                __divdf3
                0x00004e44                __aeabi_ddiv
 .text          0x00005014       0x2c c:/program files (x86)/cypress/psoc creator/4.4/psoc creator/import/gnu/arm/5.4.1/bin/../lib/gcc/arm-none-eabi/5.4.1/armv7-m\libgcc.a(_arm_unorddf2.o)
                0x00005014                __unorddf2
                0x00005014                __aeabi_dcmpun
 .text          0x00005040       0x50 c:/program files (x86)/cypress/psoc creator/4.4/psoc creator/import/gnu/arm/5.4.1/bin/../lib/gcc/arm-none-eabi/5.4.1/armv7-m\libgcc.a(_arm_fixdfsi.o)
                0x00005040                __aeabi_d2iz
                0x00005040                __fixdfsi
 *(.plt)
 *(.gnu.warning)
 *(.glue_7t)
 .glue_7t       0x00005090        0x0 linker stubs
 *(.glue_7)
 .glue_7        0x00005090        0x0 linker stubs
 *(.vfp11_veneer)
 .vfp11_veneer  0x00005090        0x0 linker stubs
 *(.bootloader)
 *(.ARM.extab* .gnu.linkonce.armextab.*)
 *(.gcc_except_table)

.v4_bx          0x00005090        0x0
 .v4_bx         0x00005090        0x0 linker stubs

.iplt           0x00005090        0x0
 .iplt          0x00005090        0x0 c:/program files (x86)/cypress/psoc creator/4.4/psoc creator/import/gnu/arm/5.4.1/bin/../lib/gcc/arm-none-eabi/5.4.1/armv7-m/crtbegin.o

.eh_frame_hdr
 *(.eh_frame_hdr)

.eh_frame       0x00005090        0x4
 *(.eh_frame)
 .eh_frame      0x00005090        0x0 c:/program files (x86)/cypress/psoc creator/4.4/psoc creator/import/gnu/arm/5.4.1/bin/../lib/gcc/arm-none-eabi/5.4.1/armv7-m/crtbegin.o
 .eh_frame      0x00005090        0x4 c:/program files (x86)/cypress/psoc creator/4.4/psoc creator/import/gnu/arm/5.4.1/bin/../lib/gcc/arm-none-eabi/5.4.1/armv7-m/crtend.o
                [!provide]                PROVIDE (__exidx_start, .)

.ARM.exidx
 *(.ARM.exidx* .gnu.linkonce.armexidx.*)
                0x00005094                __exidx_end = .

.rodata         0x00005098      0x338
 *(.rodata .rodata.* .gnu.linkonce.r.*)
 .rodata        0x00005098      0x100 .\CortexM3\ARM_GCC_541\Debug\main.o
 .rodata.str1.4
                0x00005198       0x48 .\CortexM3\ARM_GCC_541\Debug\main.o
                                 0x4b (size before relaxing)
 .rodata        0x000051e0       0x5c .\CortexM3\ARM_GCC_541\Debug\cyfitter_cfg.o
                0x000051e0                AMux_CYAMUXSIDE_A__addrTable
                0x000051e8                AMux_CYAMUXSIDE_A__maskTable
                0x000051ec                AMux_CYAMUXSIDE_B__addrTable
                0x000051f4                AMux_CYAMUXSIDE_B__maskTable
 .rodata.str1.1
                0x0000523c        0x2 c:/program files (x86)/cypress/psoc creator/4.4/psoc creator/import/gnu/arm/5.4.1/bin/../lib/gcc/arm-none-eabi/5.4.1/../../../../arm-none-eabi/lib/armv7-m\libg_nano.a(lib_a-impure.o)
 .rodata.str1.1
                0x0000523e       0x12 c:/program files (x86)/cypress/psoc creator/4.4/psoc creator/import/gnu/arm/5.4.1/bin/../lib/gcc/arm-none-eabi/5.4.1/../../../../arm-none-eabi/lib/armv7-m\libg_nano.a(lib_a-nano-vfprintf_float.o)
 .rodata.str1.1
                0x00005250       0x22 c:/program files (x86)/cypress/psoc creator/4.4/psoc creator/import/gnu/arm/5.4.1/bin/../lib/gcc/arm-none-eabi/5.4.1/../../../../arm-none-eabi/lib/armv7-m\libg_nano.a(lib_a-nano-vfprintf_i.o)
 .rodata.str1.1
                0x00005272        0xd c:/program files (x86)/cypress/psoc creator/4.4/psoc creator/import/gnu/arm/5.4.1/bin/../lib/gcc/arm-none-eabi/5.4.1/../../../../arm-none-eabi/lib/armv7-m\libg_nano.a(lib_a-dtoa.o)
                                  0xf (size before relaxing)
 .rodata.str1.1
                0x0000527f        0x8 c:/program files (x86)/cypress/psoc creator/4.4/psoc creator/import/gnu/arm/5.4.1/bin/../lib/gcc/arm-none-eabi/5.4.1/../../../../arm-none-eabi/lib/armv7-m\libg_nano.a(lib_a-locale.o)
                                  0xb (size before relaxing)
 *fill*         0x00005287        0x1 
 .rodata.__mprec_tens
                0x00005288       0xc8 c:/program files (x86)/cypress/psoc creator/4.4/psoc creator/import/gnu/arm/5.4.1/bin/../lib/gcc/arm-none-eabi/5.4.1/../../../../arm-none-eabi/lib/armv7-m\libg_nano.a(lib_a-mprec.o)
                0x00005288                __mprec_tens
 .rodata.p05.5408
                0x00005350        0xc c:/program files (x86)/cypress/psoc creator/4.4/psoc creator/import/gnu/arm/5.4.1/bin/../lib/gcc/arm-none-eabi/5.4.1/../../../../arm-none-eabi/lib/armv7-m\libg_nano.a(lib_a-mprec.o)
 *fill*         0x0000535c        0x4 
 .rodata.__mprec_bigtens
                0x00005360       0x28 c:/program files (x86)/cypress/psoc creator/4.4/psoc creator/import/gnu/arm/5.4.1/bin/../lib/gcc/arm-none-eabi/5.4.1/../../../../arm-none-eabi/lib/armv7-m\libg_nano.a(lib_a-mprec.o)
                0x00005360                __mprec_bigtens
 .rodata.str1.1
                0x00005388       0x11 c:/program files (x86)/cypress/psoc creator/4.4/psoc creator/import/gnu/arm/5.4.1/bin/../lib/gcc/arm-none-eabi/5.4.1/../../../../arm-none-eabi/lib/armv7-m\libg_nano.a(lib_a-nano-svfprintf.o)
                0x0000539c                . = ALIGN (0x4)
 *fill*         0x00005399        0x3 
 *(.init)
 .init          0x0000539c        0x4 c:/program files (x86)/cypress/psoc creator/4.4/psoc creator/import/gnu/arm/5.4.1/bin/../lib/gcc/arm-none-eabi/5.4.1/armv7-m/crti.o
                0x0000539c                _init
 .init          0x000053a0        0x8 c:/program files (x86)/cypress/psoc creator/4.4/psoc creator/import/gnu/arm/5.4.1/bin/../lib/gcc/arm-none-eabi/5.4.1/armv7-m/crtn.o
                0x000053a8                . = ALIGN (0x4)
                0x000053a8                __preinit_array_start = .
 *(.preinit_array)
                0x000053a8                __preinit_array_end = .
                0x000053a8                . = ALIGN (0x4)
                0x000053a8                __init_array_start = .
 *(SORT(.init_array.*))
 *(.init_array)
 .init_array    0x000053a8        0x4 c:/program files (x86)/cypress/psoc creator/4.4/psoc creator/import/gnu/arm/5.4.1/bin/../lib/gcc/arm-none-eabi/5.4.1/armv7-m/crtbegin.o
 .init_array    0x000053ac        0x4 .\CortexM3\ARM_GCC_541\Debug\Cm3Start.o
                0x000053b0                __init_array_end = .
                0x000053b0                . = ALIGN (0x4)
 *(.fini)
 .fini          0x000053b0        0x4 c:/program files (x86)/cypress/psoc creator/4.4/psoc creator/import/gnu/arm/5.4.1/bin/../lib/gcc/arm-none-eabi/5.4.1/armv7-m/crti.o
                0x000053b0                _fini
 .fini          0x000053b4        0x8 c:/program files (x86)/cypress/psoc creator/4.4/psoc creator/import/gnu/arm/5.4.1/bin/../lib/gcc/arm-none-eabi/5.4.1/armv7-m/crtn.o
                0x000053bc                . = ALIGN (0x4)
                0x000053bc                __fini_array_start = .
 *(.fini_array)
 .fini_array    0x000053bc        0x4 c:/program files (x86)/cypress/psoc creator/4.4/psoc creator/import/gnu/arm/5.4.1/bin/../lib/gcc/arm-none-eabi/5.4.1/armv7-m/crtbegin.o
 *(SORT(.fini_array.*))
                0x000053c0                __fini_array_end = .
                0x000053c0                . = ALIGN (0x4)
 *crtbegin.o(.ctors)
 *(EXCLUDE_FILE(*crtend.o) .ctors)
 *(SORT(.ctors.*))
 *crtend.o(.ctors)
                0x000053c0                . = ALIGN (0x4)
 *crtbegin.o(.dtors)
 *(EXCLUDE_FILE(*crtend.o) .dtors)
 *(SORT(.dtors.*))
 *crtend.o(.dtors)
                0x000053c0                . = ALIGN (0x4)
                0x000053c0                __cy_regions = .
                0x000053c0        0x4 LONG 0x53d0 __cy_region_init_ram
                0x000053c4        0x4 LONG 0x1fff80c8 __cy_region_start_data
                0x000053c8        0x4 LONG 0xc8 __cy_region_init_size_ram
                0x000053cc        0x4 LONG 0x298 __cy_region_zero_size_ram
                0x000053d0                __cy_regions_end = .
                0x000053d0                . = ALIGN (0x8)
                0x000053d0                _etext = .

.cy_checksum_exclude
                0x000053d0        0x0
 *(.cy_checksum_exclude)

.ramvectors     0x1fff8000       0xc0
                0x1fff8000                __cy_region_start_ram = .
 *(.ramvectors)
 .ramvectors    0x1fff8000       0xc0 .\CortexM3\ARM_GCC_541\Debug\Cm3Start.o
                0x1fff8000                CyRamVectors

.noinit         0x1fff80c0        0x1
 *(.noinit)
 .noinit        0x1fff80c0        0x1 .\CortexM3\ARM_GCC_541\Debug\PSOC5 Implement.a(CyLib.o)
                0x1fff80c0                CyResetStatus

.data           0x1fff80c8       0xc8 load address 0x000053d0
                0x1fff80c8                __cy_region_start_data = .
 *(.jcr)
 .jcr           0x1fff80c8        0x0 c:/program files (x86)/cypress/psoc creator/4.4/psoc creator/import/gnu/arm/5.4.1/bin/../lib/gcc/arm-none-eabi/5.4.1/armv7-m/crtbegin.o
 .jcr           0x1fff80c8        0x4 c:/program files (x86)/cypress/psoc creator/4.4/psoc creator/import/gnu/arm/5.4.1/bin/../lib/gcc/arm-none-eabi/5.4.1/armv7-m/crtend.o
 *(.got.plt)
 *(.got)
 *(.shdata)
 *(.data .data.* .gnu.linkonce.d.*)
 .data          0x1fff80cc        0x4 .\CortexM3\ARM_GCC_541\Debug\Cm3Start.o
 .data          0x1fff80d0        0x2 .\CortexM3\ARM_GCC_541\Debug\PSOC5 Implement.a(ADC_TS410.o)
 .data          0x1fff80d2        0x1 .\CortexM3\ARM_GCC_541\Debug\PSOC5 Implement.a(AMux.o)
 .data          0x1fff80d3        0x1 .\CortexM3\ARM_GCC_541\Debug\PSOC5 Implement.a(ADC_TS410_TempBuf_dma.o)
                0x1fff80d3                ADC_TS410_TempBuf_DmaHandle
 .data          0x1fff80d4        0x1 .\CortexM3\ARM_GCC_541\Debug\PSOC5 Implement.a(ADC_TS410_FinalBuf_dma.o)
                0x1fff80d4                ADC_TS410_FinalBuf_DmaHandle
 *fill*         0x1fff80d5        0x3 
 .data          0x1fff80d8        0x8 .\CortexM3\ARM_GCC_541\Debug\PSOC5 Implement.a(CyDmac.o)
 .data          0x1fff80e0       0x10 .\CortexM3\ARM_GCC_541\Debug\PSOC5 Implement.a(CyLib.o)
                0x1fff80e0                cydelay_32k_ms
                0x1fff80e4                cydelay_freq_khz
                0x1fff80e8                cydelay_freq_mhz
                0x1fff80ec                cydelay_freq_hz
 .data          0x1fff80f0        0x1 .\CortexM3\ARM_GCC_541\Debug\PSOC5 Implement.a(ADC_DelSig.o)
                0x1fff80f0                ADC_DelSig_Config
 *fill*         0x1fff80f1        0x3 
 .data.impure_data
                0x1fff80f4       0x60 c:/program files (x86)/cypress/psoc creator/4.4/psoc creator/import/gnu/arm/5.4.1/bin/../lib/gcc/arm-none-eabi/5.4.1/../../../../arm-none-eabi/lib/armv7-m\libg_nano.a(lib_a-impure.o)
 .data._impure_ptr
                0x1fff8154        0x4 c:/program files (x86)/cypress/psoc creator/4.4/psoc creator/import/gnu/arm/5.4.1/bin/../lib/gcc/arm-none-eabi/5.4.1/../../../../arm-none-eabi/lib/armv7-m\libg_nano.a(lib_a-impure.o)
                0x1fff8154                _impure_ptr
 .data.lconv    0x1fff8158       0x38 c:/program files (x86)/cypress/psoc creator/4.4/psoc creator/import/gnu/arm/5.4.1/bin/../lib/gcc/arm-none-eabi/5.4.1/../../../../arm-none-eabi/lib/armv7-m\libg_nano.a(lib_a-locale.o)
                0x1fff8190                . = ALIGN (0x8)
 *(.ram)
                0x1fff8190                _edata = .

.igot.plt       0x1fff8190        0x0 load address 0x00005498
 .igot.plt      0x1fff8190        0x0 c:/program files (x86)/cypress/psoc creator/4.4/psoc creator/import/gnu/arm/5.4.1/bin/../lib/gcc/arm-none-eabi/5.4.1/armv7-m/crtbegin.o

.bss            0x1fff8190      0x298 load address 0x00005498
                0x1fff8190                PROVIDE (__bss_start__, .)
 *(.shbss)
 *(.bss .bss.* .gnu.linkonce.b.*)
 .bss           0x1fff8190       0x1c c:/program files (x86)/cypress/psoc creator/4.4/psoc creator/import/gnu/arm/5.4.1/bin/../lib/gcc/arm-none-eabi/5.4.1/armv7-m/crtbegin.o
 .bss           0x1fff81ac      0x213 .\CortexM3\ARM_GCC_541\Debug\main.o
 .bss           0x1fff83bf        0x2 .\CortexM3\ARM_GCC_541\Debug\PSOC5 Implement.a(UART_OEM.o)
                0x1fff83bf                UART_OEM_initVar
 .bss           0x1fff83c1        0x2 .\CortexM3\ARM_GCC_541\Debug\PSOC5 Implement.a(UART_RPI.o)
                0x1fff83c1                UART_RPI_initVar
 .bss           0x1fff83c3        0x2 .\CortexM3\ARM_GCC_541\Debug\PSOC5 Implement.a(UART_Debug.o)
                0x1fff83c3                UART_Debug_initVar
 .bss           0x1fff83c5        0x1 .\CortexM3\ARM_GCC_541\Debug\PSOC5 Implement.a(Timer_ISR.o)
                0x1fff83c5                Timer_ISR_initVar
 *fill*         0x1fff83c6        0x2 
 .bss           0x1fff83c8       0x10 .\CortexM3\ARM_GCC_541\Debug\PSOC5 Implement.a(ADC_TS410.o)
                0x1fff83d4                ADC_TS410_initVar
 .bss           0x1fff83d8        0x1 .\CortexM3\ARM_GCC_541\Debug\PSOC5 Implement.a(ADC_TS410_SAR.o)
                0x1fff83d8                ADC_TS410_SAR_initVar
 *fill*         0x1fff83d9        0x3 
 .bss           0x1fff83dc       0x18 .\CortexM3\ARM_GCC_541\Debug\PSOC5 Implement.a(ADC_DelSig.o)
                0x1fff83ec                ADC_DelSig_stopConversion
                0x1fff83ed                ADC_DelSig_convDone
                0x1fff83ee                ADC_DelSig_initVar
                0x1fff83ef                ADC_DelSig_started
                0x1fff83f0                ADC_DelSig_Offset
 .bss.__malloc_sbrk_start
                0x1fff83f4        0x4 c:/program files (x86)/cypress/psoc creator/4.4/psoc creator/import/gnu/arm/5.4.1/bin/../lib/gcc/arm-none-eabi/5.4.1/../../../../arm-none-eabi/lib/armv7-m\libg_nano.a(lib_a-nano-mallocr.o)
                0x1fff83f4                __malloc_sbrk_start
 .bss.__malloc_free_list
                0x1fff83f8        0x4 c:/program files (x86)/cypress/psoc creator/4.4/psoc creator/import/gnu/arm/5.4.1/bin/../lib/gcc/arm-none-eabi/5.4.1/../../../../arm-none-eabi/lib/armv7-m\libg_nano.a(lib_a-nano-mallocr.o)
                0x1fff83f8                __malloc_free_list
 *(COMMON)
 COMMON         0x1fff83fc        0xc .\CortexM3\ARM_GCC_541\Debug\main.o
                0x1fff83fc                ADCPressureData
                0x1fff8400                ADCData
 COMMON         0x1fff8408        0x8 .\CortexM3\ARM_GCC_541\Debug\PSOC5 Implement.a(ADC_TS410.o)
                0x1fff8408                ADC_TS410_finalArray
 COMMON         0x1fff8410        0xc .\CortexM3\ARM_GCC_541\Debug\PSOC5 Implement.a(ADC_TS410_SAR.o)
                0x1fff8410                ADC_TS410_SAR_countsPerVolt
                0x1fff8414                ADC_TS410_SAR_countsPer10Volt
                0x1fff8418                ADC_TS410_SAR_shift
                0x1fff841a                ADC_TS410_SAR_offset
 COMMON         0x1fff841c        0x4 .\CortexM3\ARM_GCC_541\Debug\PSOC5 Implement.a(ADC_DelSig.o)
                0x1fff841c                ADC_DelSig_CountsPerVolt
 COMMON         0x1fff8420        0x4 c:/program files (x86)/cypress/psoc creator/4.4/psoc creator/import/gnu/arm/5.4.1/bin/../lib/gcc/arm-none-eabi/5.4.1/../../../../arm-none-eabi/lib/armv7-m\libg_nano.a(lib_a-reent.o)
                0x1fff8420                errno
                0x1fff8428                . = ALIGN (0x8)
 *fill*         0x1fff8424        0x4 
 *(.ram.b)
                0x1fff8428                _end = .
                0x1fff8428                __end = .
                0x1fff8428                PROVIDE (end, .)
                0x1fff8428                PROVIDE (__bss_end__, .)
                0x000053d0                __cy_region_init_ram = LOADADDR (.data)
                0x000000c8                __cy_region_init_size_ram = (_edata - ADDR (.data))
                0x00000298                __cy_region_zero_size_ram = (_end - _edata)

.heap           0x1fff8428       0x80 load address 0x00005498
                0x1fff8428                . = _end
                0x1fff84a8                . = (. + 0x80)
 *fill*         0x1fff8428       0x80 
                0x1fff84a8                __cy_heap_limit = .

.stack          0x20007800      0x800
                0x20007800                __cy_stack_limit = .
                0x20008000                . = (. + 0x800)
 *fill*         0x20007800      0x800 
                0x00000001                ASSERT ((__cy_stack_limit >= __cy_heap_limit), region RAM overflowed with stack)
                0x00000000                cy_checksum_exclude_size = (CY_APPL_LOADABLE == 0x1)?SIZEOF (.cy_checksum_exclude):0x0
                0x00000001                ASSERT ((cy_checksum_exclude_size <= CY_CHECKSUM_EXCLUDE_SIZE), CY_BOOT: Section .cy_checksum_exclude size exceedes specified limit.)

.cyloadermeta
 *(.cyloadermeta)

.cyloadablemeta
 *(.cyloadablemeta)

.cyconfigecc    0x80000000      0xddc
 *(.cyconfigecc)
 .cyconfigecc   0x80000000      0xddc .\CortexM3\ARM_GCC_541\Debug\cymetadata.o
                0x80000000                cy_meta_configecc

.cycustnvl      0x90000000        0x4
 *(.cycustnvl)
 .cycustnvl     0x90000000        0x4 .\CortexM3\ARM_GCC_541\Debug\cymetadata.o
                0x90000000                cy_meta_custnvl

.cywolatch      0x90100000        0x4
 *(.cywolatch)
 .cywolatch     0x90100000        0x4 .\CortexM3\ARM_GCC_541\Debug\cymetadata.o
                0x90100000                cy_meta_wonvl

.cyeeprom       0x90200000        0x0
 *(.cyeeprom)
                0x00000001                ASSERT ((. <= ((0x90200000 + ee_offset) + ee_size)), .cyeeprom data will not fit in EEPROM)

.cyflashprotect
                0x90400000      0x100
 *(.cyflashprotect)
 .cyflashprotect
                0x90400000      0x100 .\CortexM3\ARM_GCC_541\Debug\cymetadata.o
                0x90400000                cy_meta_flashprotect

.cymeta         0x90500000        0xc
 *(.cymeta)
 .cymeta        0x90500000        0xc .\CortexM3\ARM_GCC_541\Debug\cymetadata.o
                0x90500000                cy_metadata

.rel.dyn        0x00005498        0x0 load address 0x9050000c
 .rel.iplt      0x00005498        0x0 c:/program files (x86)/cypress/psoc creator/4.4/psoc creator/import/gnu/arm/5.4.1/bin/../lib/gcc/arm-none-eabi/5.4.1/armv7-m/crtbegin.o

.stab
 *(.stab)

.stabstr
 *(.stabstr)

.debug
 *(.debug)

.line
 *(.line)

.debug_srcinfo
 *(.debug_srcinfo)

.debug_sfnames
 *(.debug_sfnames)

.debug_aranges  0x00000000     0x1040
 *(.debug_aranges)
 .debug_aranges
                0x00000000       0x68 .\CortexM3\ARM_GCC_541\Debug\main.o
 .debug_aranges
                0x00000068       0x30 .\CortexM3\ARM_GCC_541\Debug\Pressure_Transducer.o
 .debug_aranges
                0x00000098       0x78 .\CortexM3\ARM_GCC_541\Debug\cyfitter_cfg.o
 .debug_aranges
                0x00000110       0x18 .\CortexM3\ARM_GCC_541\Debug\cymetadata.o
 .debug_aranges
                0x00000128       0x48 .\CortexM3\ARM_GCC_541\Debug\Cm3Start.o
 .debug_aranges
                0x00000170       0xf0 .\CortexM3\ARM_GCC_541\Debug\PSOC5 Implement.a(UART_OEM.o)
 .debug_aranges
                0x00000260       0xf0 .\CortexM3\ARM_GCC_541\Debug\PSOC5 Implement.a(UART_RPI.o)
 .debug_aranges
                0x00000350       0xa0 .\CortexM3\ARM_GCC_541\Debug\PSOC5 Implement.a(UART_Debug.o)
 .debug_aranges
                0x000003f0       0x88 .\CortexM3\ARM_GCC_541\Debug\PSOC5 Implement.a(Timer_ISR.o)
 .debug_aranges
                0x00000478       0xa0 .\CortexM3\ARM_GCC_541\Debug\PSOC5 Implement.a(ADC_TS410.o)
 .debug_aranges
                0x00000518       0x20 .\CortexM3\ARM_GCC_541\Debug\PSOC5 Implement.a(ADC_TS410_INT.o)
 .debug_aranges
                0x00000538       0x40 .\CortexM3\ARM_GCC_541\Debug\PSOC5 Implement.a(AMux.o)
 .debug_aranges
                0x00000578       0x70 .\CortexM3\ARM_GCC_541\Debug\PSOC5 Implement.a(UART_OEM_IntClock.o)
 .debug_aranges
                0x000005e8       0x70 .\CortexM3\ARM_GCC_541\Debug\PSOC5 Implement.a(UART_RPI_IntClock.o)
 .debug_aranges
                0x00000658       0x70 .\CortexM3\ARM_GCC_541\Debug\PSOC5 Implement.a(UART_Debug_IntClock.o)
 .debug_aranges
                0x000006c8       0xa8 .\CortexM3\ARM_GCC_541\Debug\PSOC5 Implement.a(ADC_TS410_SAR.o)
 .debug_aranges
                0x00000770       0x28 .\CortexM3\ARM_GCC_541\Debug\PSOC5 Implement.a(ADC_TS410_TempBuf_dma.o)
 .debug_aranges
                0x00000798       0x28 .\CortexM3\ARM_GCC_541\Debug\PSOC5 Implement.a(ADC_TS410_FinalBuf_dma.o)
 .debug_aranges
                0x000007c0       0x80 .\CortexM3\ARM_GCC_541\Debug\PSOC5 Implement.a(ADC_TS410_IRQ.o)
 .debug_aranges
                0x00000840       0xd8 .\CortexM3\ARM_GCC_541\Debug\PSOC5 Implement.a(CyDmac.o)
 .debug_aranges
                0x00000918      0x2a0 .\CortexM3\ARM_GCC_541\Debug\PSOC5 Implement.a(CyLib.o)
 .debug_aranges
                0x00000bb8       0x98 .\CortexM3\ARM_GCC_541\Debug\PSOC5 Implement.a(cyPm.o)
 .debug_aranges
                0x00000c50       0x38 .\CortexM3\ARM_GCC_541\Debug\PSOC5 Implement.a(USER_LED.o)
 .debug_aranges
                0x00000c88       0x80 .\CortexM3\ARM_GCC_541\Debug\PSOC5 Implement.a(Timer_Interrupt.o)
 .debug_aranges
                0x00000d08       0xe8 .\CortexM3\ARM_GCC_541\Debug\PSOC5 Implement.a(ADC_DelSig.o)
 .debug_aranges
                0x00000df0       0x38 .\CortexM3\ARM_GCC_541\Debug\PSOC5 Implement.a(ADC_DelSig_INT.o)
 .debug_aranges
                0x00000e28       0x70 .\CortexM3\ARM_GCC_541\Debug\PSOC5 Implement.a(ADC_DelSig_Ext_CP_Clk.o)
 .debug_aranges
                0x00000e98       0x80 .\CortexM3\ARM_GCC_541\Debug\PSOC5 Implement.a(ADC_DelSig_theACLK.o)
 .debug_aranges
                0x00000f18       0x20 .\CortexM3\ARM_GCC_541\Debug\PSOC5 Implement.a(CyBootAsmGnu.o)
 .debug_aranges
                0x00000f38       0x88 .\CortexM3\ARM_GCC_541\Debug\PSOC5 Implement.a(CyFlash.o)
 .debug_aranges
                0x00000fc0       0x80 .\CortexM3\ARM_GCC_541\Debug\PSOC5 Implement.a(CySpc.o)

.debug_pubnames
 *(.debug_pubnames)

.debug_info     0x00000000     0x9899
 *(.debug_info .gnu.linkonce.wi.*)
 .debug_info    0x00000000     0x1114 .\CortexM3\ARM_GCC_541\Debug\main.o
 .debug_info    0x00001114      0x214 .\CortexM3\ARM_GCC_541\Debug\Pressure_Transducer.o
 .debug_info    0x00001328      0x7e5 .\CortexM3\ARM_GCC_541\Debug\cyfitter_cfg.o
 .debug_info    0x00001b0d      0x139 .\CortexM3\ARM_GCC_541\Debug\cymetadata.o
 .debug_info    0x00001c46      0x3cf .\CortexM3\ARM_GCC_541\Debug\Cm3Start.o
 .debug_info    0x00002015      0x60c .\CortexM3\ARM_GCC_541\Debug\PSOC5 Implement.a(UART_OEM.o)
 .debug_info    0x00002621      0x60c .\CortexM3\ARM_GCC_541\Debug\PSOC5 Implement.a(UART_RPI.o)
 .debug_info    0x00002c2d      0x45c .\CortexM3\ARM_GCC_541\Debug\PSOC5 Implement.a(UART_Debug.o)
 .debug_info    0x00003089      0x295 .\CortexM3\ARM_GCC_541\Debug\PSOC5 Implement.a(Timer_ISR.o)
 .debug_info    0x0000331e      0x6f2 .\CortexM3\ARM_GCC_541\Debug\PSOC5 Implement.a(ADC_TS410.o)
 .debug_info    0x00003a10       0xa0 .\CortexM3\ARM_GCC_541\Debug\PSOC5 Implement.a(ADC_TS410_INT.o)
 .debug_info    0x00003ab0      0x235 .\CortexM3\ARM_GCC_541\Debug\PSOC5 Implement.a(AMux.o)
 .debug_info    0x00003ce5      0x283 .\CortexM3\ARM_GCC_541\Debug\PSOC5 Implement.a(UART_OEM_IntClock.o)
 .debug_info    0x00003f68      0x283 .\CortexM3\ARM_GCC_541\Debug\PSOC5 Implement.a(UART_RPI_IntClock.o)
 .debug_info    0x000041eb      0x283 .\CortexM3\ARM_GCC_541\Debug\PSOC5 Implement.a(UART_Debug_IntClock.o)
 .debug_info    0x0000446e      0x544 .\CortexM3\ARM_GCC_541\Debug\PSOC5 Implement.a(ADC_TS410_SAR.o)
 .debug_info    0x000049b2      0x1a8 .\CortexM3\ARM_GCC_541\Debug\PSOC5 Implement.a(ADC_TS410_TempBuf_dma.o)
 .debug_info    0x00004b5a      0x1aa .\CortexM3\ARM_GCC_541\Debug\PSOC5 Implement.a(ADC_TS410_FinalBuf_dma.o)
 .debug_info    0x00004d04      0x2d2 .\CortexM3\ARM_GCC_541\Debug\PSOC5 Implement.a(ADC_TS410_IRQ.o)
 .debug_info    0x00004fd6      0x94e .\CortexM3\ARM_GCC_541\Debug\PSOC5 Implement.a(CyDmac.o)
 .debug_info    0x00005924     0x1374 .\CortexM3\ARM_GCC_541\Debug\PSOC5 Implement.a(CyLib.o)
 .debug_info    0x00006c98      0xa2a .\CortexM3\ARM_GCC_541\Debug\PSOC5 Implement.a(cyPm.o)
 .debug_info    0x000076c2      0x11f .\CortexM3\ARM_GCC_541\Debug\PSOC5 Implement.a(USER_LED.o)
 .debug_info    0x000077e1      0x2d2 .\CortexM3\ARM_GCC_541\Debug\PSOC5 Implement.a(Timer_Interrupt.o)
 .debug_info    0x00007ab3      0xb92 .\CortexM3\ARM_GCC_541\Debug\PSOC5 Implement.a(ADC_DelSig.o)
 .debug_info    0x00008645       0xd3 .\CortexM3\ARM_GCC_541\Debug\PSOC5 Implement.a(ADC_DelSig_INT.o)
 .debug_info    0x00008718      0x283 .\CortexM3\ARM_GCC_541\Debug\PSOC5 Implement.a(ADC_DelSig_Ext_CP_Clk.o)
 .debug_info    0x0000899b      0x2c4 .\CortexM3\ARM_GCC_541\Debug\PSOC5 Implement.a(ADC_DelSig_theACLK.o)
 .debug_info    0x00008c5f       0x9d .\CortexM3\ARM_GCC_541\Debug\PSOC5 Implement.a(CyBootAsmGnu.o)
 .debug_info    0x00008cfc      0x64d .\CortexM3\ARM_GCC_541\Debug\PSOC5 Implement.a(CyFlash.o)
 .debug_info    0x00009349      0x550 .\CortexM3\ARM_GCC_541\Debug\PSOC5 Implement.a(CySpc.o)

.debug_abbrev   0x00000000     0x284d
 *(.debug_abbrev)
 .debug_abbrev  0x00000000      0x321 .\CortexM3\ARM_GCC_541\Debug\main.o
 .debug_abbrev  0x00000321       0xfb .\CortexM3\ARM_GCC_541\Debug\Pressure_Transducer.o
 .debug_abbrev  0x0000041c      0x22d .\CortexM3\ARM_GCC_541\Debug\cyfitter_cfg.o
 .debug_abbrev  0x00000649       0x77 .\CortexM3\ARM_GCC_541\Debug\cymetadata.o
 .debug_abbrev  0x000006c0      0x1e8 .\CortexM3\ARM_GCC_541\Debug\Cm3Start.o
 .debug_abbrev  0x000008a8      0x175 .\CortexM3\ARM_GCC_541\Debug\PSOC5 Implement.a(UART_OEM.o)
 .debug_abbrev  0x00000a1d      0x175 .\CortexM3\ARM_GCC_541\Debug\PSOC5 Implement.a(UART_RPI.o)
 .debug_abbrev  0x00000b92      0x175 .\CortexM3\ARM_GCC_541\Debug\PSOC5 Implement.a(UART_Debug.o)
 .debug_abbrev  0x00000d07      0x11a .\CortexM3\ARM_GCC_541\Debug\PSOC5 Implement.a(Timer_ISR.o)
 .debug_abbrev  0x00000e21      0x13e .\CortexM3\ARM_GCC_541\Debug\PSOC5 Implement.a(ADC_TS410.o)
 .debug_abbrev  0x00000f5f       0x42 .\CortexM3\ARM_GCC_541\Debug\PSOC5 Implement.a(ADC_TS410_INT.o)
 .debug_abbrev  0x00000fa1       0xbe .\CortexM3\ARM_GCC_541\Debug\PSOC5 Implement.a(AMux.o)
 .debug_abbrev  0x0000105f      0x139 .\CortexM3\ARM_GCC_541\Debug\PSOC5 Implement.a(UART_OEM_IntClock.o)
 .debug_abbrev  0x00001198      0x139 .\CortexM3\ARM_GCC_541\Debug\PSOC5 Implement.a(UART_RPI_IntClock.o)
 .debug_abbrev  0x000012d1      0x139 .\CortexM3\ARM_GCC_541\Debug\PSOC5 Implement.a(UART_Debug_IntClock.o)
 .debug_abbrev  0x0000140a      0x1ac .\CortexM3\ARM_GCC_541\Debug\PSOC5 Implement.a(ADC_TS410_SAR.o)
 .debug_abbrev  0x000015b6       0xcd .\CortexM3\ARM_GCC_541\Debug\PSOC5 Implement.a(ADC_TS410_TempBuf_dma.o)
 .debug_abbrev  0x00001683       0xcd .\CortexM3\ARM_GCC_541\Debug\PSOC5 Implement.a(ADC_TS410_FinalBuf_dma.o)
 .debug_abbrev  0x00001750      0x173 .\CortexM3\ARM_GCC_541\Debug\PSOC5 Implement.a(ADC_TS410_IRQ.o)
 .debug_abbrev  0x000018c3      0x1b2 .\CortexM3\ARM_GCC_541\Debug\PSOC5 Implement.a(CyDmac.o)
 .debug_abbrev  0x00001a75      0x254 .\CortexM3\ARM_GCC_541\Debug\PSOC5 Implement.a(CyLib.o)
 .debug_abbrev  0x00001cc9      0x1ab .\CortexM3\ARM_GCC_541\Debug\PSOC5 Implement.a(cyPm.o)
 .debug_abbrev  0x00001e74       0x90 .\CortexM3\ARM_GCC_541\Debug\PSOC5 Implement.a(USER_LED.o)
 .debug_abbrev  0x00001f04      0x173 .\CortexM3\ARM_GCC_541\Debug\PSOC5 Implement.a(Timer_Interrupt.o)
 .debug_abbrev  0x00002077      0x1eb .\CortexM3\ARM_GCC_541\Debug\PSOC5 Implement.a(ADC_DelSig.o)
 .debug_abbrev  0x00002262       0x42 .\CortexM3\ARM_GCC_541\Debug\PSOC5 Implement.a(ADC_DelSig_INT.o)
 .debug_abbrev  0x000022a4      0x139 .\CortexM3\ARM_GCC_541\Debug\PSOC5 Implement.a(ADC_DelSig_Ext_CP_Clk.o)
 .debug_abbrev  0x000023dd      0x121 .\CortexM3\ARM_GCC_541\Debug\PSOC5 Implement.a(ADC_DelSig_theACLK.o)
 .debug_abbrev  0x000024fe       0x14 .\CortexM3\ARM_GCC_541\Debug\PSOC5 Implement.a(CyBootAsmGnu.o)
 .debug_abbrev  0x00002512      0x1a7 .\CortexM3\ARM_GCC_541\Debug\PSOC5 Implement.a(CyFlash.o)
 .debug_abbrev  0x000026b9      0x194 .\CortexM3\ARM_GCC_541\Debug\PSOC5 Implement.a(CySpc.o)

.debug_line     0x00000000     0x3e1f
 *(.debug_line)
 .debug_line    0x00000000      0x4f8 .\CortexM3\ARM_GCC_541\Debug\main.o
 .debug_line    0x000004f8      0x1b7 .\CortexM3\ARM_GCC_541\Debug\Pressure_Transducer.o
 .debug_line    0x000006af      0x262 .\CortexM3\ARM_GCC_541\Debug\cyfitter_cfg.o
 .debug_line    0x00000911      0x141 .\CortexM3\ARM_GCC_541\Debug\cymetadata.o
 .debug_line    0x00000a52      0x241 .\CortexM3\ARM_GCC_541\Debug\Cm3Start.o
 .debug_line    0x00000c93      0x2c4 .\CortexM3\ARM_GCC_541\Debug\PSOC5 Implement.a(UART_OEM.o)
 .debug_line    0x00000f57      0x2c4 .\CortexM3\ARM_GCC_541\Debug\PSOC5 Implement.a(UART_RPI.o)
 .debug_line    0x0000121b      0x1fc .\CortexM3\ARM_GCC_541\Debug\PSOC5 Implement.a(UART_Debug.o)
 .debug_line    0x00001417      0x157 .\CortexM3\ARM_GCC_541\Debug\PSOC5 Implement.a(Timer_ISR.o)
 .debug_line    0x0000156e      0x220 .\CortexM3\ARM_GCC_541\Debug\PSOC5 Implement.a(ADC_TS410.o)
 .debug_line    0x0000178e       0x56 .\CortexM3\ARM_GCC_541\Debug\PSOC5 Implement.a(ADC_TS410_INT.o)
 .debug_line    0x000017e4       0xd4 .\CortexM3\ARM_GCC_541\Debug\PSOC5 Implement.a(AMux.o)
 .debug_line    0x000018b8      0x180 .\CortexM3\ARM_GCC_541\Debug\PSOC5 Implement.a(UART_OEM_IntClock.o)
 .debug_line    0x00001a38      0x180 .\CortexM3\ARM_GCC_541\Debug\PSOC5 Implement.a(UART_RPI_IntClock.o)
 .debug_line    0x00001bb8      0x182 .\CortexM3\ARM_GCC_541\Debug\PSOC5 Implement.a(UART_Debug_IntClock.o)
 .debug_line    0x00001d3a      0x209 .\CortexM3\ARM_GCC_541\Debug\PSOC5 Implement.a(ADC_TS410_SAR.o)
 .debug_line    0x00001f43       0x8e .\CortexM3\ARM_GCC_541\Debug\PSOC5 Implement.a(ADC_TS410_TempBuf_dma.o)
 .debug_line    0x00001fd1       0x8f .\CortexM3\ARM_GCC_541\Debug\PSOC5 Implement.a(ADC_TS410_FinalBuf_dma.o)
 .debug_line    0x00002060      0x13a .\CortexM3\ARM_GCC_541\Debug\PSOC5 Implement.a(ADC_TS410_IRQ.o)
 .debug_line    0x0000219a      0x2e4 .\CortexM3\ARM_GCC_541\Debug\PSOC5 Implement.a(CyDmac.o)
 .debug_line    0x0000247e      0x816 .\CortexM3\ARM_GCC_541\Debug\PSOC5 Implement.a(CyLib.o)
 .debug_line    0x00002c94      0x367 .\CortexM3\ARM_GCC_541\Debug\PSOC5 Implement.a(cyPm.o)
 .debug_line    0x00002ffb       0x95 .\CortexM3\ARM_GCC_541\Debug\PSOC5 Implement.a(USER_LED.o)
 .debug_line    0x00003090      0x13c .\CortexM3\ARM_GCC_541\Debug\PSOC5 Implement.a(Timer_Interrupt.o)
 .debug_line    0x000031cc      0x3c4 .\CortexM3\ARM_GCC_541\Debug\PSOC5 Implement.a(ADC_DelSig.o)
 .debug_line    0x00003590       0x87 .\CortexM3\ARM_GCC_541\Debug\PSOC5 Implement.a(ADC_DelSig_INT.o)
 .debug_line    0x00003617      0x184 .\CortexM3\ARM_GCC_541\Debug\PSOC5 Implement.a(ADC_DelSig_Ext_CP_Clk.o)
 .debug_line    0x0000379b      0x1a4 .\CortexM3\ARM_GCC_541\Debug\PSOC5 Implement.a(ADC_DelSig_theACLK.o)
 .debug_line    0x0000393f       0x66 .\CortexM3\ARM_GCC_541\Debug\PSOC5 Implement.a(CyBootAsmGnu.o)
 .debug_line    0x000039a5      0x21a .\CortexM3\ARM_GCC_541\Debug\PSOC5 Implement.a(CyFlash.o)
 .debug_line    0x00003bbf      0x260 .\CortexM3\ARM_GCC_541\Debug\PSOC5 Implement.a(CySpc.o)

.debug_frame    0x00000000     0x3090
 *(.debug_frame)
 .debug_frame   0x00000000      0x17c .\CortexM3\ARM_GCC_541\Debug\main.o
 .debug_frame   0x0000017c       0x64 .\CortexM3\ARM_GCC_541\Debug\Pressure_Transducer.o
 .debug_frame   0x000001e0      0x13c .\CortexM3\ARM_GCC_541\Debug\cyfitter_cfg.o
 .debug_frame   0x0000031c       0xb8 .\CortexM3\ARM_GCC_541\Debug\Cm3Start.o
 .debug_frame   0x000003d4      0x250 .\CortexM3\ARM_GCC_541\Debug\PSOC5 Implement.a(UART_OEM.o)
 .debug_frame   0x00000624      0x250 .\CortexM3\ARM_GCC_541\Debug\PSOC5 Implement.a(UART_RPI.o)
 .debug_frame   0x00000874      0x198 .\CortexM3\ARM_GCC_541\Debug\PSOC5 Implement.a(UART_Debug.o)
 .debug_frame   0x00000a0c      0x108 .\CortexM3\ARM_GCC_541\Debug\PSOC5 Implement.a(Timer_ISR.o)
 .debug_frame   0x00000b14      0x1dc .\CortexM3\ARM_GCC_541\Debug\PSOC5 Implement.a(ADC_TS410.o)
 .debug_frame   0x00000cf0       0x20 .\CortexM3\ARM_GCC_541\Debug\PSOC5 Implement.a(ADC_TS410_INT.o)
 .debug_frame   0x00000d10       0x9c .\CortexM3\ARM_GCC_541\Debug\PSOC5 Implement.a(AMux.o)
 .debug_frame   0x00000dac       0xe0 .\CortexM3\ARM_GCC_541\Debug\PSOC5 Implement.a(UART_OEM_IntClock.o)
 .debug_frame   0x00000e8c       0xe0 .\CortexM3\ARM_GCC_541\Debug\PSOC5 Implement.a(UART_RPI_IntClock.o)
 .debug_frame   0x00000f6c       0xe0 .\CortexM3\ARM_GCC_541\Debug\PSOC5 Implement.a(UART_Debug_IntClock.o)
 .debug_frame   0x0000104c      0x1b0 .\CortexM3\ARM_GCC_541\Debug\PSOC5 Implement.a(ADC_TS410_SAR.o)
 .debug_frame   0x000011fc       0x54 .\CortexM3\ARM_GCC_541\Debug\PSOC5 Implement.a(ADC_TS410_TempBuf_dma.o)
 .debug_frame   0x00001250       0x54 .\CortexM3\ARM_GCC_541\Debug\PSOC5 Implement.a(ADC_TS410_FinalBuf_dma.o)
 .debug_frame   0x000012a4      0x104 .\CortexM3\ARM_GCC_541\Debug\PSOC5 Implement.a(ADC_TS410_IRQ.o)
 .debug_frame   0x000013a8      0x1f8 .\CortexM3\ARM_GCC_541\Debug\PSOC5 Implement.a(CyDmac.o)
 .debug_frame   0x000015a0      0x738 .\CortexM3\ARM_GCC_541\Debug\PSOC5 Implement.a(CyLib.o)
 .debug_frame   0x00001cd8      0x1f8 .\CortexM3\ARM_GCC_541\Debug\PSOC5 Implement.a(cyPm.o)
 .debug_frame   0x00001ed0       0x50 .\CortexM3\ARM_GCC_541\Debug\PSOC5 Implement.a(USER_LED.o)
 .debug_frame   0x00001f20      0x104 .\CortexM3\ARM_GCC_541\Debug\PSOC5 Implement.a(Timer_Interrupt.o)
 .debug_frame   0x00002024      0x284 .\CortexM3\ARM_GCC_541\Debug\PSOC5 Implement.a(ADC_DelSig.o)
 .debug_frame   0x000022a8       0x50 .\CortexM3\ARM_GCC_541\Debug\PSOC5 Implement.a(ADC_DelSig_INT.o)
 .debug_frame   0x000022f8       0xe0 .\CortexM3\ARM_GCC_541\Debug\PSOC5 Implement.a(ADC_DelSig_Ext_CP_Clk.o)
 .debug_frame   0x000023d8      0x100 .\CortexM3\ARM_GCC_541\Debug\PSOC5 Implement.a(ADC_DelSig_theACLK.o)
 .debug_frame   0x000024d8      0x194 .\CortexM3\ARM_GCC_541\Debug\PSOC5 Implement.a(CyFlash.o)
 .debug_frame   0x0000266c      0x180 .\CortexM3\ARM_GCC_541\Debug\PSOC5 Implement.a(CySpc.o)
 .debug_frame   0x000027ec       0x44 c:/program files (x86)/cypress/psoc creator/4.4/psoc creator/import/gnu/arm/5.4.1/bin/../lib/gcc/arm-none-eabi/5.4.1/armv7-m\libgcc.a(_aeabi_ldivmod.o)
 .debug_frame   0x00002830       0x38 c:/program files (x86)/cypress/psoc creator/4.4/psoc creator/import/gnu/arm/5.4.1/bin/../lib/gcc/arm-none-eabi/5.4.1/armv7-m\libgcc.a(_udivmoddi4.o)
 .debug_frame   0x00002868       0x20 c:/program files (x86)/cypress/psoc creator/4.4/psoc creator/import/gnu/arm/5.4.1/bin/../lib/gcc/arm-none-eabi/5.4.1/../../../../arm-none-eabi/lib/armv7-m\libg_nano.a(lib_a-errno.o)
 .debug_frame   0x00002888       0x28 c:/program files (x86)/cypress/psoc creator/4.4/psoc creator/import/gnu/arm/5.4.1/bin/../lib/gcc/arm-none-eabi/5.4.1/../../../../arm-none-eabi/lib/armv7-m\libg_nano.a(lib_a-exit.o)
 .debug_frame   0x000028b0       0x2c c:/program files (x86)/cypress/psoc creator/4.4/psoc creator/import/gnu/arm/5.4.1/bin/../lib/gcc/arm-none-eabi/5.4.1/../../../../arm-none-eabi/lib/armv7-m\libg_nano.a(lib_a-init.o)
 .debug_frame   0x000028dc       0x28 c:/program files (x86)/cypress/psoc creator/4.4/psoc creator/import/gnu/arm/5.4.1/bin/../lib/gcc/arm-none-eabi/5.4.1/../../../../arm-none-eabi/lib/armv7-m\libg_nano.a(lib_a-memcpy-stub.o)
 .debug_frame   0x00002904       0x20 c:/program files (x86)/cypress/psoc creator/4.4/psoc creator/import/gnu/arm/5.4.1/bin/../lib/gcc/arm-none-eabi/5.4.1/../../../../arm-none-eabi/lib/armv7-m\libg_nano.a(lib_a-memset.o)
 .debug_frame   0x00002924       0x8c c:/program files (x86)/cypress/psoc creator/4.4/psoc creator/import/gnu/arm/5.4.1/bin/../lib/gcc/arm-none-eabi/5.4.1/../../../../arm-none-eabi/lib/armv7-m\libg_nano.a(lib_a-nano-vfprintf_float.o)
 .debug_frame   0x000029b0       0x60 c:/program files (x86)/cypress/psoc creator/4.4/psoc creator/import/gnu/arm/5.4.1/bin/../lib/gcc/arm-none-eabi/5.4.1/../../../../arm-none-eabi/lib/armv7-m\libg_nano.a(lib_a-nano-vfprintf_i.o)
 .debug_frame   0x00002a10       0x74 c:/program files (x86)/cypress/psoc creator/4.4/psoc creator/import/gnu/arm/5.4.1/bin/../lib/gcc/arm-none-eabi/5.4.1/../../../../arm-none-eabi/lib/armv7-m\libg_nano.a(lib_a-snprintf.o)
 .debug_frame   0x00002a84       0x6c c:/program files (x86)/cypress/psoc creator/4.4/psoc creator/import/gnu/arm/5.4.1/bin/../lib/gcc/arm-none-eabi/5.4.1/../../../../arm-none-eabi/lib/armv7-m\libg_nano.a(lib_a-dtoa.o)
 .debug_frame   0x00002af0       0x98 c:/program files (x86)/cypress/psoc creator/4.4/psoc creator/import/gnu/arm/5.4.1/bin/../lib/gcc/arm-none-eabi/5.4.1/../../../../arm-none-eabi/lib/armv7-m\libg_nano.a(lib_a-locale.o)
 .debug_frame   0x00002b88       0x30 c:/program files (x86)/cypress/psoc creator/4.4/psoc creator/import/gnu/arm/5.4.1/bin/../lib/gcc/arm-none-eabi/5.4.1/../../../../arm-none-eabi/lib/armv7-m\libg_nano.a(lib_a-malloc.o)
 .debug_frame   0x00002bb8       0x28 c:/program files (x86)/cypress/psoc creator/4.4/psoc creator/import/gnu/arm/5.4.1/bin/../lib/gcc/arm-none-eabi/5.4.1/../../../../arm-none-eabi/lib/armv7-m\libg_nano.a(lib_a-memchr-stub.o)
 .debug_frame   0x00002be0      0x234 c:/program files (x86)/cypress/psoc creator/4.4/psoc creator/import/gnu/arm/5.4.1/bin/../lib/gcc/arm-none-eabi/5.4.1/../../../../arm-none-eabi/lib/armv7-m\libg_nano.a(lib_a-mprec.o)
 .debug_frame   0x00002e14       0x2c c:/program files (x86)/cypress/psoc creator/4.4/psoc creator/import/gnu/arm/5.4.1/bin/../lib/gcc/arm-none-eabi/5.4.1/../../../../arm-none-eabi/lib/armv7-m\libg_nano.a(lib_a-nano-callocr.o)
 .debug_frame   0x00002e40       0x38 c:/program files (x86)/cypress/psoc creator/4.4/psoc creator/import/gnu/arm/5.4.1/bin/../lib/gcc/arm-none-eabi/5.4.1/../../../../arm-none-eabi/lib/armv7-m\libg_nano.a(lib_a-nano-freer.o)
 .debug_frame   0x00002e78       0x2c c:/program files (x86)/cypress/psoc creator/4.4/psoc creator/import/gnu/arm/5.4.1/bin/../lib/gcc/arm-none-eabi/5.4.1/../../../../arm-none-eabi/lib/armv7-m\libg_nano.a(lib_a-nano-mallocr.o)
 .debug_frame   0x00002ea4       0x90 c:/program files (x86)/cypress/psoc creator/4.4/psoc creator/import/gnu/arm/5.4.1/bin/../lib/gcc/arm-none-eabi/5.4.1/../../../../arm-none-eabi/lib/armv7-m\libg_nano.a(lib_a-nano-svfprintf.o)
 .debug_frame   0x00002f34       0x2c c:/program files (x86)/cypress/psoc creator/4.4/psoc creator/import/gnu/arm/5.4.1/bin/../lib/gcc/arm-none-eabi/5.4.1/../../../../arm-none-eabi/lib/armv7-m\libg_nano.a(lib_a-sbrkr.o)
 .debug_frame   0x00002f60       0x20 c:/program files (x86)/cypress/psoc creator/4.4/psoc creator/import/gnu/arm/5.4.1/bin/../lib/gcc/arm-none-eabi/5.4.1/../../../../arm-none-eabi/lib/armv7-m\libg_nano.a(lib_a-strcmp.o)
 .debug_frame   0x00002f80       0x28 c:/program files (x86)/cypress/psoc creator/4.4/psoc creator/import/gnu/arm/5.4.1/bin/../lib/gcc/arm-none-eabi/5.4.1/../../../../arm-none-eabi/lib/armv7-m\libg_nano.a(lib_a-memmove.o)
 .debug_frame   0x00002fa8       0x30 c:/program files (x86)/cypress/psoc creator/4.4/psoc creator/import/gnu/arm/5.4.1/bin/../lib/gcc/arm-none-eabi/5.4.1/../../../../arm-none-eabi/lib/armv7-m\libg_nano.a(lib_a-mlock.o)
 .debug_frame   0x00002fd8       0x3c c:/program files (x86)/cypress/psoc creator/4.4/psoc creator/import/gnu/arm/5.4.1/bin/../lib/gcc/arm-none-eabi/5.4.1/../../../../arm-none-eabi/lib/armv7-m\libg_nano.a(lib_a-nano-reallocr.o)
 .debug_frame   0x00003014       0x5c c:/program files (x86)/cypress/psoc creator/4.4/psoc creator/import/gnu/arm/5.4.1/bin/../lib/gcc/arm-none-eabi/5.4.1/../../../../arm-none-eabi/lib/armv7-m\libg_nano.a(lib_a-reent.o)
 .debug_frame   0x00003070       0x20 c:/program files (x86)/cypress/psoc creator/4.4/psoc creator/import/gnu/arm/5.4.1/bin/../lib/gcc/arm-none-eabi/5.4.1/../../../../arm-none-eabi/lib/armv7-m\libg_nano.a(lib_a-nano-msizer.o)

.debug_str      0x00000000     0x3a61
 *(.debug_str)
 .debug_str     0x00000000      0x6d3 .\CortexM3\ARM_GCC_541\Debug\main.o
                                0x749 (size before relaxing)
 .debug_str     0x000006d3       0xa1 .\CortexM3\ARM_GCC_541\Debug\Pressure_Transducer.o
                                0x2a0 (size before relaxing)
 .debug_str     0x00000774      0x282 .\CortexM3\ARM_GCC_541\Debug\cyfitter_cfg.o
                                0x433 (size before relaxing)
 .debug_str     0x000009f6       0x75 .\CortexM3\ARM_GCC_541\Debug\cymetadata.o
                                0x1f1 (size before relaxing)
 .debug_str     0x00000a6b      0x154 .\CortexM3\ARM_GCC_541\Debug\Cm3Start.o
                                0x327 (size before relaxing)
 .debug_str     0x00000bbf      0x306 .\CortexM3\ARM_GCC_541\Debug\PSOC5 Implement.a(UART_OEM.o)
                                0x4fe (size before relaxing)
 .debug_str     0x00000ec5      0x253 .\CortexM3\ARM_GCC_541\Debug\PSOC5 Implement.a(UART_RPI.o)
                                0x4fe (size before relaxing)
 .debug_str     0x00001118      0x1c7 .\CortexM3\ARM_GCC_541\Debug\PSOC5 Implement.a(UART_Debug.o)
                                0x429 (size before relaxing)
 .debug_str     0x000012df      0x16d .\CortexM3\ARM_GCC_541\Debug\PSOC5 Implement.a(Timer_ISR.o)
                                0x342 (size before relaxing)
 .debug_str     0x0000144c      0x40a .\CortexM3\ARM_GCC_541\Debug\PSOC5 Implement.a(ADC_TS410.o)
                                0x689 (size before relaxing)
 .debug_str     0x00001856       0x35 .\CortexM3\ARM_GCC_541\Debug\PSOC5 Implement.a(ADC_TS410_INT.o)
                                0x1bd (size before relaxing)
 .debug_str     0x0000188b       0x58 .\CortexM3\ARM_GCC_541\Debug\PSOC5 Implement.a(AMux.o)
                                0x255 (size before relaxing)
 .debug_str     0x000018e3      0x1b1 .\CortexM3\ARM_GCC_541\Debug\PSOC5 Implement.a(UART_OEM_IntClock.o)
                                0x373 (size before relaxing)
 .debug_str     0x00001a94      0x160 .\CortexM3\ARM_GCC_541\Debug\PSOC5 Implement.a(UART_RPI_IntClock.o)
                                0x373 (size before relaxing)
 .debug_str     0x00001bf4      0x174 .\CortexM3\ARM_GCC_541\Debug\PSOC5 Implement.a(UART_Debug_IntClock.o)
                                0x38b (size before relaxing)
 .debug_str     0x00001d68      0x139 .\CortexM3\ARM_GCC_541\Debug\PSOC5 Implement.a(ADC_TS410_SAR.o)
                                0x4db (size before relaxing)
 .debug_str     0x00001ea1       0xe5 .\CortexM3\ARM_GCC_541\Debug\PSOC5 Implement.a(ADC_TS410_TempBuf_dma.o)
                                0x2a9 (size before relaxing)
 .debug_str     0x00001f86       0x6b .\CortexM3\ARM_GCC_541\Debug\PSOC5 Implement.a(ADC_TS410_FinalBuf_dma.o)
                                0x2ad (size before relaxing)
 .debug_str     0x00001ff1      0x13c .\CortexM3\ARM_GCC_541\Debug\PSOC5 Implement.a(ADC_TS410_IRQ.o)
                                0x323 (size before relaxing)
 .debug_str     0x0000212d      0x280 .\CortexM3\ARM_GCC_541\Debug\PSOC5 Implement.a(CyDmac.o)
                                0x557 (size before relaxing)
 .debug_str     0x000023ad      0x7d8 .\CortexM3\ARM_GCC_541\Debug\PSOC5 Implement.a(CyLib.o)
                                0xa54 (size before relaxing)
 .debug_str     0x00002b85      0x365 .\CortexM3\ARM_GCC_541\Debug\PSOC5 Implement.a(cyPm.o)
                                0x740 (size before relaxing)
 .debug_str     0x00002eea       0x66 .\CortexM3\ARM_GCC_541\Debug\PSOC5 Implement.a(USER_LED.o)
                                0x1fe (size before relaxing)
 .debug_str     0x00002f50      0x15a .\CortexM3\ARM_GCC_541\Debug\PSOC5 Implement.a(Timer_Interrupt.o)
                                0x33f (size before relaxing)
 .debug_str     0x000030aa      0x3d5 .\CortexM3\ARM_GCC_541\Debug\PSOC5 Implement.a(ADC_DelSig.o)
                                0x6de (size before relaxing)
 .debug_str     0x0000347f       0x68 .\CortexM3\ARM_GCC_541\Debug\PSOC5 Implement.a(ADC_DelSig_INT.o)
                                0x1f0 (size before relaxing)
 .debug_str     0x000034e7      0x170 .\CortexM3\ARM_GCC_541\Debug\PSOC5 Implement.a(ADC_DelSig_Ext_CP_Clk.o)
                                0x3a3 (size before relaxing)
 .debug_str     0x00003657      0x1a3 .\CortexM3\ARM_GCC_541\Debug\PSOC5 Implement.a(ADC_DelSig_theACLK.o)
                                0x3d0 (size before relaxing)
 .debug_str     0x000037fa      0x1bb .\CortexM3\ARM_GCC_541\Debug\PSOC5 Implement.a(CyFlash.o)
                                0x3cd (size before relaxing)
 .debug_str     0x000039b5       0xac .\CortexM3\ARM_GCC_541\Debug\PSOC5 Implement.a(CySpc.o)
                                0x345 (size before relaxing)

.debug_loc      0x00000000     0x481e
 *(.debug_loc)
 .debug_loc     0x00000000      0x766 .\CortexM3\ARM_GCC_541\Debug\main.o
 .debug_loc     0x00000766       0x79 .\CortexM3\ARM_GCC_541\Debug\Pressure_Transducer.o
 .debug_loc     0x000007df      0x333 .\CortexM3\ARM_GCC_541\Debug\cyfitter_cfg.o
 .debug_loc     0x00000b12      0x144 .\CortexM3\ARM_GCC_541\Debug\Cm3Start.o
 .debug_loc     0x00000c56      0x258 .\CortexM3\ARM_GCC_541\Debug\PSOC5 Implement.a(UART_OEM.o)
 .debug_loc     0x00000eae      0x258 .\CortexM3\ARM_GCC_541\Debug\PSOC5 Implement.a(UART_RPI.o)
 .debug_loc     0x00001106      0x1f7 .\CortexM3\ARM_GCC_541\Debug\PSOC5 Implement.a(UART_Debug.o)
 .debug_loc     0x000012fd      0x13c .\CortexM3\ARM_GCC_541\Debug\PSOC5 Implement.a(ADC_TS410.o)
 .debug_loc     0x00001439       0xae .\CortexM3\ARM_GCC_541\Debug\PSOC5 Implement.a(AMux.o)
 .debug_loc     0x000014e7      0x128 .\CortexM3\ARM_GCC_541\Debug\PSOC5 Implement.a(UART_OEM_IntClock.o)
 .debug_loc     0x0000160f      0x128 .\CortexM3\ARM_GCC_541\Debug\PSOC5 Implement.a(UART_RPI_IntClock.o)
 .debug_loc     0x00001737      0x128 .\CortexM3\ARM_GCC_541\Debug\PSOC5 Implement.a(UART_Debug_IntClock.o)
 .debug_loc     0x0000185f      0x295 .\CortexM3\ARM_GCC_541\Debug\PSOC5 Implement.a(ADC_TS410_SAR.o)
 .debug_loc     0x00001af4       0x84 .\CortexM3\ARM_GCC_541\Debug\PSOC5 Implement.a(ADC_TS410_TempBuf_dma.o)
 .debug_loc     0x00001b78       0x84 .\CortexM3\ARM_GCC_541\Debug\PSOC5 Implement.a(ADC_TS410_FinalBuf_dma.o)
 .debug_loc     0x00001bfc       0x56 .\CortexM3\ARM_GCC_541\Debug\PSOC5 Implement.a(ADC_TS410_IRQ.o)
 .debug_loc     0x00001c52      0xb8e .\CortexM3\ARM_GCC_541\Debug\PSOC5 Implement.a(CyDmac.o)
 .debug_loc     0x000027e0      0xa11 .\CortexM3\ARM_GCC_541\Debug\PSOC5 Implement.a(CyLib.o)
 .debug_loc     0x000031f1      0x1e4 .\CortexM3\ARM_GCC_541\Debug\PSOC5 Implement.a(cyPm.o)
 .debug_loc     0x000033d5       0x42 .\CortexM3\ARM_GCC_541\Debug\PSOC5 Implement.a(USER_LED.o)
 .debug_loc     0x00003417       0x56 .\CortexM3\ARM_GCC_541\Debug\PSOC5 Implement.a(Timer_Interrupt.o)
 .debug_loc     0x0000346d      0x681 .\CortexM3\ARM_GCC_541\Debug\PSOC5 Implement.a(ADC_DelSig.o)
 .debug_loc     0x00003aee      0x12c .\CortexM3\ARM_GCC_541\Debug\PSOC5 Implement.a(ADC_DelSig_Ext_CP_Clk.o)
 .debug_loc     0x00003c1a      0x14d .\CortexM3\ARM_GCC_541\Debug\PSOC5 Implement.a(ADC_DelSig_theACLK.o)
 .debug_loc     0x00003d67      0x3b2 .\CortexM3\ARM_GCC_541\Debug\PSOC5 Implement.a(CyFlash.o)
 .debug_loc     0x00004119      0x705 .\CortexM3\ARM_GCC_541\Debug\PSOC5 Implement.a(CySpc.o)

.debug_macinfo
 *(.debug_macinfo)

.debug_ranges   0x00000000      0xe80
 *(.debug_ranges)
 .debug_ranges  0x00000000       0xa0 .\CortexM3\ARM_GCC_541\Debug\main.o
 .debug_ranges  0x000000a0       0x20 .\CortexM3\ARM_GCC_541\Debug\Pressure_Transducer.o
 .debug_ranges  0x000000c0       0x68 .\CortexM3\ARM_GCC_541\Debug\cyfitter_cfg.o
 .debug_ranges  0x00000128       0x38 .\CortexM3\ARM_GCC_541\Debug\Cm3Start.o
 .debug_ranges  0x00000160       0xe0 .\CortexM3\ARM_GCC_541\Debug\PSOC5 Implement.a(UART_OEM.o)
 .debug_ranges  0x00000240       0xe0 .\CortexM3\ARM_GCC_541\Debug\PSOC5 Implement.a(UART_RPI.o)
 .debug_ranges  0x00000320       0x90 .\CortexM3\ARM_GCC_541\Debug\PSOC5 Implement.a(UART_Debug.o)
 .debug_ranges  0x000003b0       0x78 .\CortexM3\ARM_GCC_541\Debug\PSOC5 Implement.a(Timer_ISR.o)
 .debug_ranges  0x00000428       0x90 .\CortexM3\ARM_GCC_541\Debug\PSOC5 Implement.a(ADC_TS410.o)
 .debug_ranges  0x000004b8       0x10 .\CortexM3\ARM_GCC_541\Debug\PSOC5 Implement.a(ADC_TS410_INT.o)
 .debug_ranges  0x000004c8       0x30 .\CortexM3\ARM_GCC_541\Debug\PSOC5 Implement.a(AMux.o)
 .debug_ranges  0x000004f8       0x60 .\CortexM3\ARM_GCC_541\Debug\PSOC5 Implement.a(UART_OEM_IntClock.o)
 .debug_ranges  0x00000558       0x60 .\CortexM3\ARM_GCC_541\Debug\PSOC5 Implement.a(UART_RPI_IntClock.o)
 .debug_ranges  0x000005b8       0x60 .\CortexM3\ARM_GCC_541\Debug\PSOC5 Implement.a(UART_Debug_IntClock.o)
 .debug_ranges  0x00000618       0x98 .\CortexM3\ARM_GCC_541\Debug\PSOC5 Implement.a(ADC_TS410_SAR.o)
 .debug_ranges  0x000006b0       0x18 .\CortexM3\ARM_GCC_541\Debug\PSOC5 Implement.a(ADC_TS410_TempBuf_dma.o)
 .debug_ranges  0x000006c8       0x18 .\CortexM3\ARM_GCC_541\Debug\PSOC5 Implement.a(ADC_TS410_FinalBuf_dma.o)
 .debug_ranges  0x000006e0       0x70 .\CortexM3\ARM_GCC_541\Debug\PSOC5 Implement.a(ADC_TS410_IRQ.o)
 .debug_ranges  0x00000750       0xc8 .\CortexM3\ARM_GCC_541\Debug\PSOC5 Implement.a(CyDmac.o)
 .debug_ranges  0x00000818      0x290 .\CortexM3\ARM_GCC_541\Debug\PSOC5 Implement.a(CyLib.o)
 .debug_ranges  0x00000aa8       0x88 .\CortexM3\ARM_GCC_541\Debug\PSOC5 Implement.a(cyPm.o)
 .debug_ranges  0x00000b30       0x28 .\CortexM3\ARM_GCC_541\Debug\PSOC5 Implement.a(USER_LED.o)
 .debug_ranges  0x00000b58       0x70 .\CortexM3\ARM_GCC_541\Debug\PSOC5 Implement.a(Timer_Interrupt.o)
 .debug_ranges  0x00000bc8       0xd8 .\CortexM3\ARM_GCC_541\Debug\PSOC5 Implement.a(ADC_DelSig.o)
 .debug_ranges  0x00000ca0       0x28 .\CortexM3\ARM_GCC_541\Debug\PSOC5 Implement.a(ADC_DelSig_INT.o)
 .debug_ranges  0x00000cc8       0x60 .\CortexM3\ARM_GCC_541\Debug\PSOC5 Implement.a(ADC_DelSig_Ext_CP_Clk.o)
 .debug_ranges  0x00000d28       0x70 .\CortexM3\ARM_GCC_541\Debug\PSOC5 Implement.a(ADC_DelSig_theACLK.o)
 .debug_ranges  0x00000d98       0x78 .\CortexM3\ARM_GCC_541\Debug\PSOC5 Implement.a(CyFlash.o)
 .debug_ranges  0x00000e10       0x70 .\CortexM3\ARM_GCC_541\Debug\PSOC5 Implement.a(CySpc.o)

.comment        0x00000000       0x6e
 .comment       0x00000000       0x6e .\CortexM3\ARM_GCC_541\Debug\main.o
                                 0x6f (size before relaxing)
 .comment       0x0000006e       0x6f .\CortexM3\ARM_GCC_541\Debug\Pressure_Transducer.o
 .comment       0x0000006e       0x6f .\CortexM3\ARM_GCC_541\Debug\cyfitter_cfg.o
 .comment       0x0000006e       0x6f .\CortexM3\ARM_GCC_541\Debug\cymetadata.o