Archive member included to satisfy reference by file (symbol)

.\CortexM3\ARM_GCC_541\Debug\PSOC5 Implement.a(UART_OEM.o)
                              .\CortexM3\ARM_GCC_541\Debug\main.o (UART_OEM_Start)
.\CortexM3\ARM_GCC_541\Debug\PSOC5 Implement.a(UART_RPI.o)
                              .\CortexM3\ARM_GCC_541\Debug\main.o (UART_RPI_Start)
.\CortexM3\ARM_GCC_541\Debug\PSOC5 Implement.a(UART_Debug.o)
                              .\CortexM3\ARM_GCC_541\Debug\main.o (UART_Debug_Start)
.\CortexM3\ARM_GCC_541\Debug\PSOC5 Implement.a(Timer_ISR.o)
                              .\CortexM3\ARM_GCC_541\Debug\main.o (Timer_ISR_ReadStatusRegister)
.\CortexM3\ARM_GCC_541\Debug\PSOC5 Implement.a(ADC_TS410.o)
                              .\CortexM3\ARM_GCC_541\Debug\main.o (ADC_TS410_Start)
.\CortexM3\ARM_GCC_541\Debug\PSOC5 Implement.a(ADC_TS410_INT.o)
                              .\CortexM3\ARM_GCC_541\Debug\PSOC5 Implement.a(ADC_TS410.o) (ADC_TS410_ISR)
.\CortexM3\ARM_GCC_541\Debug\PSOC5 Implement.a(AMux.o)
                              .\CortexM3\ARM_GCC_541\Debug\Pressure_Transducer.o (AMux_Start)
.\CortexM3\ARM_GCC_541\Debug\PSOC5 Implement.a(UART_OEM_IntClock.o)
                              .\CortexM3\ARM_GCC_541\Debug\PSOC5 Implement.a(UART_OEM.o) (UART_OEM_IntClock_Start)
.\CortexM3\ARM_GCC_541\Debug\PSOC5 Implement.a(UART_RPI_IntClock.o)
                              .\CortexM3\ARM_GCC_541\Debug\PSOC5 Implement.a(UART_RPI.o) (UART_RPI_IntClock_Start)
.\CortexM3\ARM_GCC_541\Debug\PSOC5 Implement.a(UART_Debug_IntClock.o)
                              .\CortexM3\ARM_GCC_541\Debug\PSOC5 Implement.a(UART_Debug.o) (UART_Debug_IntClock_Start)
.\CortexM3\ARM_GCC_541\Debug\PSOC5 Implement.a(ADC_TS410_SAR.o)
                              .\CortexM3\ARM_GCC_541\Debug\PSOC5 Implement.a(ADC_TS410.o) (ADC_TS410_SAR_shift)
.\CortexM3\ARM_GCC_541\Debug\PSOC5 Implement.a(ADC_TS410_TempBuf_dma.o)
                              .\CortexM3\ARM_GCC_541\Debug\PSOC5 Implement.a(ADC_TS410.o) (ADC_TS410_TempBuf_DmaInitialize)
.\CortexM3\ARM_GCC_541\Debug\PSOC5 Implement.a(ADC_TS410_FinalBuf_dma.o)
                              .\CortexM3\ARM_GCC_541\Debug\PSOC5 Implement.a(ADC_TS410.o) (ADC_TS410_FinalBuf_DmaInitialize)
.\CortexM3\ARM_GCC_541\Debug\PSOC5 Implement.a(ADC_TS410_IRQ.o)
                              .\CortexM3\ARM_GCC_541\Debug\PSOC5 Implement.a(ADC_TS410.o) (ADC_TS410_IRQ_SetVector)
.\CortexM3\ARM_GCC_541\Debug\PSOC5 Implement.a(CyDmac.o)
                              .\CortexM3\ARM_GCC_541\Debug\Cm3Start.o (CyDmacConfigure)
.\CortexM3\ARM_GCC_541\Debug\PSOC5 Implement.a(CyLib.o)
                              .\CortexM3\ARM_GCC_541\Debug\Cm3Start.o (CyHalt)
.\CortexM3\ARM_GCC_541\Debug\PSOC5 Implement.a(cyPm.o)
                              .\CortexM3\ARM_GCC_541\Debug\PSOC5 Implement.a(CyLib.o) (CyPmReadStatus)
.\CortexM3\ARM_GCC_541\Debug\PSOC5 Implement.a(USER_LED.o)
                              .\CortexM3\ARM_GCC_541\Debug\main.o (USER_LED_Write)
.\CortexM3\ARM_GCC_541\Debug\PSOC5 Implement.a(Timer_Interrupt.o)
                              .\CortexM3\ARM_GCC_541\Debug\main.o (Timer_Interrupt_StartEx)
.\CortexM3\ARM_GCC_541\Debug\PSOC5 Implement.a(ADC_DelSig.o)
                              .\CortexM3\ARM_GCC_541\Debug\Pressure_Transducer.o (ADC_DelSig_Start)
.\CortexM3\ARM_GCC_541\Debug\PSOC5 Implement.a(ADC_DelSig_INT.o)
                              .\CortexM3\ARM_GCC_541\Debug\PSOC5 Implement.a(ADC_DelSig.o) (ADC_DelSig_ISR1)
.\CortexM3\ARM_GCC_541\Debug\PSOC5 Implement.a(ADC_DelSig_Ext_CP_Clk.o)
                              .\CortexM3\ARM_GCC_541\Debug\PSOC5 Implement.a(ADC_DelSig.o) (ADC_DelSig_Ext_CP_Clk_SetModeRegister)
.\CortexM3\ARM_GCC_541\Debug\PSOC5 Implement.a(ADC_DelSig_theACLK.o)
                              .\CortexM3\ARM_GCC_541\Debug\PSOC5 Implement.a(ADC_DelSig.o) (ADC_DelSig_theACLK_SetModeRegister)
.\CortexM3\ARM_GCC_541\Debug\PSOC5 Implement.a(CyBootAsmGnu.o)
                              .\CortexM3\ARM_GCC_541\Debug\cyfitter_cfg.o (CyDelayCycles)
.\CortexM3\ARM_GCC_541\Debug\PSOC5 Implement.a(CyFlash.o)
                              .\CortexM3\ARM_GCC_541\Debug\PSOC5 Implement.a(cyPm.o) (CyFlash_SetWaitCycles)
.\CortexM3\ARM_GCC_541\Debug\PSOC5 Implement.a(CySpc.o)
                              .\CortexM3\ARM_GCC_541\Debug\PSOC5 Implement.a(CyFlash.o) (CySpcStart)
c:/program files (x86)/cypress/psoc creator/4.4/psoc creator/import/gnu/arm/5.4.1/bin/../lib/gcc/arm-none-eabi/5.4.1/armv7-m\libgcc.a(_arm_addsubdf3.o)
                              .\CortexM3\ARM_GCC_541\Debug\PSOC5 Implement.a(ADC_DelSig.o) (__aeabi_f2d)
c:/program files (x86)/cypress/psoc creator/4.4/psoc creator/import/gnu/arm/5.4.1/bin/../lib/gcc/arm-none-eabi/5.4.1/armv7-m\libgcc.a(_arm_cmpdf2.o)
                              .\CortexM3\ARM_GCC_541\Debug\PSOC5 Implement.a(ADC_DelSig.o) (__aeabi_dcmpgt)
[...]
Memory Configuration

Name             Origin             Length             Attributes
rom              0x00000000         0x00040000         xr
ram              0x1fff8000         0x00010000         xrw
*default*        0x00000000         0xffffffff

Linker script and memory map

LOAD c:/program files (x86)/cypress/psoc creator/4.4/psoc creator/import/gnu/arm/5.4.1/bin/../lib/gcc/arm-none-eabi/5.4.1/armv7-m/crti.o
LOAD c:/program files (x86)/cypress/psoc creator/4.4/psoc creator/import/gnu/arm/5.4.1/bin/../lib/gcc/arm-none-eabi/5.4.1/armv7-m/crtbegin.o
LOAD c:/program files (x86)/cypress/psoc creator/4.4/psoc creator/import/gnu/arm/5.4.1/bin/../lib/gcc/arm-none-eabi/5.4.1/../../../../arm-none-eabi/lib/armv7-m/crt0.o
START GROUP
LOAD .\CortexM3\ARM_GCC_541\Debug\main.o
LOAD .\CortexM3\ARM_GCC_541\Debug\Pressure_Transducer.o
LOAD .\CortexM3\ARM_GCC_541\Debug\cyfitter_cfg.o
LOAD .\CortexM3\ARM_GCC_541\Debug\cymetadata.o
LOAD .\CortexM3\ARM_GCC_541\Debug\Cm3Start.o
LOAD .\CortexM3\ARM_GCC_541\Debug\PSOC5 Implement.a
LOAD C:\Program Files (x86)\Cypress\PSoC Creator\4.4\PSoC Creator\psoc\content\cycomponentlibrary\CyComponentLibrary.cylib\CortexM3\ARM_GCC_541\Debug\CyComponentLibrary.a
END GROUP
START GROUP
LOAD c:/program files (x86)/cypress/psoc creator/4.4/psoc creator/import/gnu/arm/5.4.1/bin/../lib/gcc/arm-none-eabi/5.4.1/armv7-m\libgcc.a
LOAD c:/program files (x86)/cypress/psoc creator/4.4/psoc creator/import/gnu/arm/5.4.1/bin/../lib/gcc/arm-none-eabi/5.4.1/../../../../arm-none-eabi/lib/armv7-m\libg_nano.a
LOAD c:/program files (x86)/cypress/psoc creator/4.4/psoc creator/import/gnu/arm/5.4.1/bin/../lib/gcc/arm-none-eabi/5.4.1/../../../../arm-none-eabi/lib/armv7-m\libc_nano.a
END GROUP
START GROUP
LOAD c:/program files (x86)/cypress/psoc creator/4.4/psoc creator/import/gnu/arm/5.4.1/bin/../lib/gcc/arm-none-eabi/5.4.1/armv7-m\libgcc.a
LOAD c:/program files (x86)/cypress/psoc creator/4.4/psoc creator/import/gnu/arm/5.4.1/bin/../lib/gcc/arm-none-eabi/5.4.1/../../../../arm-none-eabi/lib/armv7-m\libc_nano.a
END GROUP
LOAD c:/program files (x86)/cypress/psoc creator/4.4/psoc creator/import/gnu/arm/5.4.1/bin/../lib/gcc/arm-none-eabi/5.4.1/armv7-m/crtend.o
LOAD c:/program files (x86)/cypress/psoc creator/4.4/psoc creator/import/gnu/arm/5.4.1/bin/../lib/gcc/arm-none-eabi/5.4.1/armv7-m/crtn.o
START GROUP
LOAD c:/program files (x86)/cypress/psoc creator/4.4/psoc creator/import/gnu/arm/5.4.1/bin/../lib/gcc/arm-none-eabi/5.4.1/armv7-m\libgcc.a
LOAD c:/program files (x86)/cypress/psoc creator/4.4/psoc creator/import/gnu/arm/5.4.1/bin/../lib/gcc/arm-none-eabi/5.4.1/../../../../arm-none-eabi/lib/armv7-m\libc.a
LOAD c:/program files (x86)/cypress/psoc creator/4.4/psoc creator/import/gnu/arm/5.4.1/bin/../lib/gcc/arm-none-eabi/5.4.1/../../../../arm-none-eabi/lib/armv7-m\libnosys.a
END GROUP
                0x00000000                CY_APPL_ORIGIN = 0x0
                0x00000100                CY_FLASH_ROW_SIZE = 0x100
                0x00000020                CY_ECC_ROW_SIZE = 0x20
                0x00000000                CY_EE_IN_BTLDR = 0x0
                0x00000000                CY_APPL_LOADABLE = 0x0
                0x00000800                CY_EE_SIZE = 0x800
                0x00000001                CY_APPL_NUM = 0x1
                0x00000001                CY_APPL_MAX = 0x1
                0x00000040                CY_METADATA_SIZE = 0x40
                0x00000000                CY_APPL_LOADABLE = 0x0
                0x00000000                CY_CHECKSUM_EXCLUDE_SIZE = ALIGN (0x0, CY_FLASH_ROW_SIZE)
                [!provide]                PROVIDE (__cy_heap_start, _end)
                0x00000001                PROVIDE (__cy_region_num, ((__cy_regions_end - __cy_regions) / 0x10))
                0x20008000                PROVIDE (__cy_stack, (ORIGIN (ram) + LENGTH (ram)))
                [!provide]                PROVIDE (__cy_heap_end, (__cy_stack - 0x800))

.cybootloader   0x00000000        0x0
 *(.cybootloader)
                0x00000000                appl1_start = CY_APPL_ORIGIN?CY_APPL_ORIGIN:ALIGN (CY_FLASH_ROW_SIZE)
                0x0001ff00                appl2_start = (appl1_start + ALIGN ((((LENGTH (rom) - appl1_start) - (0x2 * CY_FLASH_ROW_SIZE)) / 0x2), CY_FLASH_ROW_SIZE))
                0x00000000                appl_start = (CY_APPL_NUM == 0x1)?appl1_start:appl2_start
                0x00000000                ecc_offset = ((appl_start / CY_FLASH_ROW_SIZE) * CY_ECC_ROW_SIZE)
                0x00000000                ee_offset = (CY_APPL_LOADABLE && ! (CY_EE_IN_BTLDR))?((CY_EE_SIZE / CY_APPL_MAX) * (CY_APPL_NUM - 0x1)):0x0
                0x00000800                ee_size = (CY_APPL_LOADABLE && ! (CY_EE_IN_BTLDR))?(CY_EE_SIZE / CY_APPL_MAX):CY_EE_SIZE
                [!provide]                PROVIDE (CY_ECC_OFFSET, ecc_offset)

.text           0x00000000     0x48d8
 CREATE_OBJECT_SYMBOLS
                0x00000000                PROVIDE (__cy_interrupt_vector, RomVectors)
 *(.romvectors)
 .romvectors    0x00000000       0x10 .\CortexM3\ARM_GCC_541\Debug\Cm3Start.o
                0x00000000                RomVectors
                0x00000001                ASSERT ((. != __cy_interrupt_vector), No interrupt vector)
                0x00000001                ASSERT (CY_APPL_ORIGIN?(SIZEOF (.cybootloader) <= CY_APPL_ORIGIN):0x1, Wrong image location)
                0x00000010                PROVIDE (__cy_reset, Reset)
 *(.text.Reset)
 .text.Reset    0x00000010       0x18 .\CortexM3\ARM_GCC_541\Debug\Cm3Start.o
                0x00000010                Reset
                0x00000001                ASSERT ((. != __cy_reset), No reset code)
 *(.dma_init)
                0x00000001                ASSERT ((((appl_start + .) <= 0x10000) || 0x1), DMA Init must be within the first 64k of flash)
 *(.text .text.* .gnu.linkonce.t.*)
 .text          0x00000028       0x5c c:/program files (x86)/cypress/psoc creator/4.4/psoc creator/import/gnu/arm/5.4.1/bin/../lib/gcc/arm-none-eabi/5.4.1/armv7-m/crtbegin.o
 .text.Timer_Interrupt_Handler
                0x00000084       0x9c .\CortexM3\ARM_GCC_541\Debug\main.o
                0x00000084                Timer_Interrupt_Handler
 .text.OEM_Read2
                0x00000120       0x3c .\CortexM3\ARM_GCC_541\Debug\main.o
 .text.OEM_ReadF
                0x0000015c       0x6c .\CortexM3\ARM_GCC_541\Debug\main.o
 .text.OEM_ReadP
                0x000001c8       0x50 .\CortexM3\ARM_GCC_541\Debug\main.o
 .text.OEM_ReadAmp
                0x00000218      0x124 .\CortexM3\ARM_GCC_541\Debug\main.o
 .text.float2Bytes
                0x0000033c       0x10 .\CortexM3\ARM_GCC_541\Debug\main.o
                0x0000033c                float2Bytes
 .text.u16Int2Bytes
                0x0000034c       0x10 .\CortexM3\ARM_GCC_541\Debug\main.o
                0x0000034c                u16Int2Bytes
 .text.calculateCRC8
                0x0000035c       0x28 .\CortexM3\ARM_GCC_541\Debug\main.o
                0x0000035c                calculateCRC8
 .text.wrap_data
                0x00000384       0x50 .\CortexM3\ARM_GCC_541\Debug\main.o
                0x00000384                wrap_data
 .text.main     0x000003d4      0x2e4 .\CortexM3\ARM_GCC_541\Debug\main.o
                0x000003d4                main
 .text.init_pressure_sensors
                0x000006b8       0x10 .\CortexM3\ARM_GCC_541\Debug\Pressure_Transducer.o
                0x000006b8                init_pressure_sensors
 .text.switch_multiplexer
                0x000006c8       0x1c .\CortexM3\ARM_GCC_541\Debug\Pressure_Transducer.o
                0x000006c8                switch_multiplexer
 .text.read_pressure
                0x000006e4       0x24 .\CortexM3\ARM_GCC_541\Debug\Pressure_Transducer.o
                0x000006e4                read_pressure
 .text.CyClockStartupError
                0x00000708        0x4 .\CortexM3\ARM_GCC_541\Debug\cyfitter_cfg.o
 .text.cfg_write_bytes32
                0x0000070c       0x34 .\CortexM3\ARM_GCC_541\Debug\cyfitter_cfg.o
 .text.CYMEMZERO
                0x00000740        0xc .\CortexM3\ARM_GCC_541\Debug\cyfitter_cfg.o
 .text.AnalogSetDefault
                0x0000074c       0xa8 .\CortexM3\ARM_GCC_541\Debug\cyfitter_cfg.o
 .text.CYCONFIGCPY
                0x000007f4        0x8 .\CortexM3\ARM_GCC_541\Debug\cyfitter_cfg.o
 .text.ClockSetup
                0x000007fc      0x120 .\CortexM3\ARM_GCC_541\Debug\cyfitter_cfg.o
 .text.AMux_CYAMUXSIDE_A_Set
                0x0000091c       0x1c .\CortexM3\ARM_GCC_541\Debug\cyfitter_cfg.o
                0x0000091c                AMux_CYAMUXSIDE_A_Set
 .text.AMux_CYAMUXSIDE_A_Unset
                0x00000938       0x1c .\CortexM3\ARM_GCC_541\Debug\cyfitter_cfg.o
                0x00000938                AMux_CYAMUXSIDE_A_Unset
 .text.AMux_CYAMUXSIDE_B_Set
                0x00000954       0x1c .\CortexM3\ARM_GCC_541\Debug\cyfitter_cfg.o
                0x00000954                AMux_CYAMUXSIDE_B_Set
 .text.AMux_CYAMUXSIDE_B_Unset
                0x00000970       0x20 .\CortexM3\ARM_GCC_541\Debug\cyfitter_cfg.o
                0x00000970                AMux_CYAMUXSIDE_B_Unset
 .text.cyfitter_cfg
                0x00000990      0x16c .\CortexM3\ARM_GCC_541\Debug\cyfitter_cfg.o
                0x00000990                cyfitter_cfg
 .text.IntDefaultHandler
                0x00000afc       0x10 .\CortexM3\ARM_GCC_541\Debug\Cm3Start.o
                0x00000afc                IntDefaultHandler
 .text._sbrk    0x00000b0c       0x30 .\CortexM3\ARM_GCC_541\Debug\Cm3Start.o
                0x00000b0c                _sbrk
 .text.Start_c  0x00000b3c       0x4c .\CortexM3\ARM_GCC_541\Debug\Cm3Start.o
                0x00000b3c                Start_c
 .text.initialize_psoc
                0x00000b88       0x6c .\CortexM3\ARM_GCC_541\Debug\Cm3Start.o
                0x00000b88                initialize_psoc
 .text.UART_OEM_Init
                0x00000bf4       0x28 .\CortexM3\ARM_GCC_541\Debug\PSOC5 Implement.a(UART_OEM.o)
                0x00000bf4                UART_OEM_Init
 .text.UART_OEM_Enable
                0x00000c1c       0x38 .\CortexM3\ARM_GCC_541\Debug\PSOC5 Implement.a(UART_OEM.o)
                0x00000c1c                UART_OEM_Enable
 .text.UART_OEM_Start
                0x00000c54       0x1c .\CortexM3\ARM_GCC_541\Debug\PSOC5 Implement.a(UART_OEM.o)
                0x00000c54                UART_OEM_Start
 .text.UART_OEM_GetChar
                0x00000c70       0x2c .\CortexM3\ARM_GCC_541\Debug\PSOC5 Implement.a(UART_OEM.o)
                0x00000c70                UART_OEM_GetChar
 .text.UART_OEM_GetRxBufferSize
                0x00000c9c       0x18 .\CortexM3\ARM_GCC_541\Debug\PSOC5 Implement.a(UART_OEM.o)
                0x00000c9c                UART_OEM_GetRxBufferSize
 .text.UART_OEM_PutChar
                0x00000cb4       0x18 .\CortexM3\ARM_GCC_541\Debug\PSOC5 Implement.a(UART_OEM.o)
                0x00000cb4                UART_OEM_PutChar
 .text.UART_RPI_Init
                0x00000ccc       0x28 .\CortexM3\ARM_GCC_541\Debug\PSOC5 Implement.a(UART_RPI.o)
                0x00000ccc                UART_RPI_Init
 .text.UART_RPI_Enable
                0x00000cf4       0x38 .\CortexM3\ARM_GCC_541\Debug\PSOC5 Implement.a(UART_RPI.o)
                0x00000cf4                UART_RPI_Enable
 .text.UART_RPI_Start
                0x00000d2c       0x1c .\CortexM3\ARM_GCC_541\Debug\PSOC5 Implement.a(UART_RPI.o)
                0x00000d2c                UART_RPI_Start
 .text.UART_RPI_PutChar
                0x00000d48       0x18 .\CortexM3\ARM_GCC_541\Debug\PSOC5 Implement.a(UART_RPI.o)
                0x00000d48                UART_RPI_PutChar
 .text.UART_RPI_PutArray
                0x00000d60       0x28 .\CortexM3\ARM_GCC_541\Debug\PSOC5 Implement.a(UART_RPI.o)
                0x00000d60                UART_RPI_PutArray
 .text.UART_Debug_Init
                0x00000d88       0x18 .\CortexM3\ARM_GCC_541\Debug\PSOC5 Implement.a(UART_Debug.o)
                0x00000d88                UART_Debug_Init
 .text.UART_Debug_Enable
                0x00000da0       0x24 .\CortexM3\ARM_GCC_541\Debug\PSOC5 Implement.a(UART_Debug.o)
                0x00000da0                UART_Debug_Enable
 .text.UART_Debug_Start
                0x00000dc4       0x1c .\CortexM3\ARM_GCC_541\Debug\PSOC5 Implement.a(UART_Debug.o)
                0x00000dc4                UART_Debug_Start
 .text.UART_Debug_PutChar
                0x00000de0       0x18 .\CortexM3\ARM_GCC_541\Debug\PSOC5 Implement.a(UART_Debug.o)
                0x00000de0                UART_Debug_PutChar
 .text.UART_Debug_PutString
                0x00000df8       0x24 .\CortexM3\ARM_GCC_541\Debug\PSOC5 Implement.a(UART_Debug.o)
                0x00000df8                UART_Debug_PutString
 .text.Timer_ISR_Enable
                0x00000e1c       0x28 .\CortexM3\ARM_GCC_541\Debug\PSOC5 Implement.a(Timer_ISR.o)
                0x00000e1c                Timer_ISR_Enable
 .text.Timer_ISR_SetInterruptMode
                0x00000e44        0xc .\CortexM3\ARM_GCC_541\Debug\PSOC5 Implement.a(Timer_ISR.o)
                0x00000e44                Timer_ISR_SetInterruptMode
 .text.Timer_ISR_ReadStatusRegister
                0x00000e50        0xc .\CortexM3\ARM_GCC_541\Debug\PSOC5 Implement.a(Timer_ISR.o)
                0x00000e50                Timer_ISR_ReadStatusRegister
 .text.Timer_ISR_WritePeriod
                0x00000e5c        0xc .\CortexM3\ARM_GCC_541\Debug\PSOC5 Implement.a(Timer_ISR.o)
                0x00000e5c                Timer_ISR_WritePeriod
 .text.Timer_ISR_WriteCounter
                0x00000e68        0xc .\CortexM3\ARM_GCC_541\Debug\PSOC5 Implement.a(Timer_ISR.o)
                0x00000e68                Timer_ISR_WriteCounter
 .text.Timer_ISR_Init
                0x00000e74       0x68 .\CortexM3\ARM_GCC_541\Debug\PSOC5 Implement.a(Timer_ISR.o)
                0x00000e74                Timer_ISR_Init
 .text.Timer_ISR_Start
                0x00000edc       0x1c .\CortexM3\ARM_GCC_541\Debug\PSOC5 Implement.a(Timer_ISR.o)
                0x00000edc                Timer_ISR_Start
 .text.ADC_TS410_Init
                0x00000ef8       0x3c .\CortexM3\ARM_GCC_541\Debug\PSOC5 Implement.a(ADC_TS410.o)
                0x00000ef8                ADC_TS410_Init
 .text.ADC_TS410_Enable
                0x00000f34       0xcc .\CortexM3\ARM_GCC_541\Debug\PSOC5 Implement.a(ADC_TS410.o)
                0x00000f34                ADC_TS410_Enable
 .text.ADC_TS410_Start
                0x00001000       0x28 .\CortexM3\ARM_GCC_541\Debug\PSOC5 Implement.a(ADC_TS410.o)
                0x00001000                ADC_TS410_Start
 .text.ADC_TS410_StartConvert
                0x00001028        0x8 .\CortexM3\ARM_GCC_541\Debug\PSOC5 Implement.a(ADC_TS410.o)
                0x00001028                ADC_TS410_StartConvert
 .text.ADC_TS410_IsEndConversion
                0x00001030       0x18 .\CortexM3\ARM_GCC_541\Debug\PSOC5 Implement.a(ADC_TS410.o)
                0x00001030                ADC_TS410_IsEndConversion
 .text.ADC_TS410_GetResult16
                0x00001048       0x1c .\CortexM3\ARM_GCC_541\Debug\PSOC5 Implement.a(ADC_TS410.o)
                0x00001048                ADC_TS410_GetResult16
 .text.ADC_TS410_CountsTo_Volts
                0x00001064        0x8 .\CortexM3\ARM_GCC_541\Debug\PSOC5 Implement.a(ADC_TS410.o)
                0x00001064                ADC_TS410_CountsTo_Volts
 .text.ADC_TS410_ISR
                0x0000106c        0x4 .\CortexM3\ARM_GCC_541\Debug\PSOC5 Implement.a(ADC_TS410_INT.o)
                0x0000106c                ADC_TS410_ISR
 .text.AMux_Start
                0x00001070       0x28 .\CortexM3\ARM_GCC_541\Debug\PSOC5 Implement.a(AMux.o)
                0x00001070                AMux_Start
 .text.AMux_Disconnect
                0x00001098       0x10 .\CortexM3\ARM_GCC_541\Debug\PSOC5 Implement.a(AMux.o)
                0x00001098                AMux_Disconnect
 .text.AMux_FastSelect
                0x000010a8       0x28 .\CortexM3\ARM_GCC_541\Debug\PSOC5 Implement.a(AMux.o)
                0x000010a8                AMux_FastSelect
 .text.UART_OEM_IntClock_Start
                0x000010d0       0x1c .\CortexM3\ARM_GCC_541\Debug\PSOC5 Implement.a(UART_OEM_IntClock.o)
                0x000010d0                UART_OEM_IntClock_Start
 .text.UART_RPI_IntClock_Start
                0x000010ec       0x1c .\CortexM3\ARM_GCC_541\Debug\PSOC5 Implement.a(UART_RPI_IntClock.o)
                0x000010ec                UART_RPI_IntClock_Start
 .text.UART_Debug_IntClock_Start
                0x00001108       0x1c .\CortexM3\ARM_GCC_541\Debug\PSOC5 Implement.a(UART_Debug_IntClock.o)
                0x00001108                UART_Debug_IntClock_Start
 .text.ADC_TS410_SAR_CalcGain
                0x00001124       0x64 .\CortexM3\ARM_GCC_541\Debug\PSOC5 Implement.a(ADC_TS410_SAR.o)
 .text.ADC_TS410_SAR_Enable
                0x00001188       0x78 .\CortexM3\ARM_GCC_541\Debug\PSOC5 Implement.a(ADC_TS410_SAR.o)
                0x00001188                ADC_TS410_SAR_Enable
 .text.ADC_TS410_SAR_SetResolution
                0x00001200       0x38 .\CortexM3\ARM_GCC_541\Debug\PSOC5 Implement.a(ADC_TS410_SAR.o)
                0x00001200                ADC_TS410_SAR_SetResolution
 .text.ADC_TS410_SAR_Init
                0x00001238       0x24 .\CortexM3\ARM_GCC_541\Debug\PSOC5 Implement.a(ADC_TS410_SAR.o)
                0x00001238                ADC_TS410_SAR_Init
 .text.ADC_TS410_SAR_Start
                0x0000125c       0x1c .\CortexM3\ARM_GCC_541\Debug\PSOC5 Implement.a(ADC_TS410_SAR.o)
                0x0000125c                ADC_TS410_SAR_Start
 .text.ADC_TS410_SAR_StartConvert
                0x00001278       0x10 .\CortexM3\ARM_GCC_541\Debug\PSOC5 Implement.a(ADC_TS410_SAR.o)
                0x00001278                ADC_TS410_SAR_StartConvert
 .text.ADC_TS410_SAR_CountsTo_Volts
                0x00001288       0x50 .\CortexM3\ARM_GCC_541\Debug\PSOC5 Implement.a(ADC_TS410_SAR.o)
                0x00001288                ADC_TS410_SAR_CountsTo_Volts
 .text.ADC_TS410_TempBuf_DmaInitialize
                0x000012d8       0x3c .\CortexM3\ARM_GCC_541\Debug\PSOC5 Implement.a(ADC_TS410_TempBuf_dma.o)
                0x000012d8                ADC_TS410_TempBuf_DmaInitialize
 .text.ADC_TS410_FinalBuf_DmaInitialize
                0x00001314       0x3c .\CortexM3\ARM_GCC_541\Debug\PSOC5 Implement.a(ADC_TS410_FinalBuf_dma.o)
                0x00001314                ADC_TS410_FinalBuf_DmaInitialize
 .text.ADC_TS410_IRQ_SetVector
                0x00001350        0xc .\CortexM3\ARM_GCC_541\Debug\PSOC5 Implement.a(ADC_TS410_IRQ.o)
                0x00001350                ADC_TS410_IRQ_SetVector
 .text.ADC_TS410_IRQ_SetPriority
                0x0000135c       0x10 .\CortexM3\ARM_GCC_541\Debug\PSOC5 Implement.a(ADC_TS410_IRQ.o)
                0x0000135c                ADC_TS410_IRQ_SetPriority
 .text.CyDmacConfigure
                0x0000136c       0x34 .\CortexM3\ARM_GCC_541\Debug\PSOC5 Implement.a(CyDmac.o)
                0x0000136c                CyDmacConfigure
 .text.CyDmaChEnable
                0x000013a0       0x38 .\CortexM3\ARM_GCC_541\Debug\PSOC5 Implement.a(CyDmac.o)
                0x000013a0                CyDmaChEnable
 .text.CyDmaClearPendingDrq
                0x000013d8       0x28 .\CortexM3\ARM_GCC_541\Debug\PSOC5 Implement.a(CyDmac.o)
                0x000013d8                CyDmaClearPendingDrq
 .text.CyDmaChPriority
                0x00001400       0x24 .\CortexM3\ARM_GCC_541\Debug\PSOC5 Implement.a(CyDmac.o)
                0x00001400                CyDmaChPriority
 .text.CyDmaChSetExtendedAddress
                0x00001424       0x34 .\CortexM3\ARM_GCC_541\Debug\PSOC5 Implement.a(CyDmac.o)
                0x00001424                CyDmaChSetExtendedAddress
 .text.CyDmaChSetInitialTd
                0x00001458       0x18 .\CortexM3\ARM_GCC_541\Debug\PSOC5 Implement.a(CyDmac.o)
                0x00001458                CyDmaChSetInitialTd
 .text.CyDmaChSetConfiguration
                0x00001470       0x44 .\CortexM3\ARM_GCC_541\Debug\PSOC5 Implement.a(CyDmac.o)
                0x00001470                CyDmaChSetConfiguration
 .text.CyDmaTdAllocate
                0x000014b4       0x34 .\CortexM3\ARM_GCC_541\Debug\PSOC5 Implement.a(CyDmac.o)
                0x000014b4                CyDmaTdAllocate
 .text.CyDmaTdSetConfiguration
                0x000014e8       0x28 .\CortexM3\ARM_GCC_541\Debug\PSOC5 Implement.a(CyDmac.o)
                0x000014e8                CyDmaTdSetConfiguration
 .text.CyDmaTdSetAddress
                0x00001510       0x1c .\CortexM3\ARM_GCC_541\Debug\PSOC5 Implement.a(CyDmac.o)
                0x00001510                CyDmaTdSetAddress
 .text.CyHalt   0x0000152c        0x4 .\CortexM3\ARM_GCC_541\Debug\PSOC5 Implement.a(CyLib.o)
                0x0000152c                CyHalt
 .text.CyDelay  0x00001530       0x2c .\CortexM3\ARM_GCC_541\Debug\PSOC5 Implement.a(CyLib.o)
                0x00001530                CyDelay
 .text.CyDelayUs
                0x0000155c       0x14 .\CortexM3\ARM_GCC_541\Debug\PSOC5 Implement.a(CyLib.o)
                0x0000155c                CyDelayUs
 .text.CyIntSetVector
                0x00001570       0x28 .\CortexM3\ARM_GCC_541\Debug\PSOC5 Implement.a(CyLib.o)
                0x00001570                CyIntSetVector
 .text.CyIntSetPriority
                0x00001598       0x30 .\CortexM3\ARM_GCC_541\Debug\PSOC5 Implement.a(CyLib.o)
                0x00001598                CyIntSetPriority
 .text.USER_LED_Write
                0x000015c8       0x18 .\CortexM3\ARM_GCC_541\Debug\PSOC5 Implement.a(USER_LED.o)
                0x000015c8                USER_LED_Write
 .text.Timer_Interrupt_SetVector
                0x000015e0       0x10 .\CortexM3\ARM_GCC_541\Debug\PSOC5 Implement.a(Timer_Interrupt.o)
                0x000015e0                Timer_Interrupt_SetVector
 .text.Timer_Interrupt_SetPriority
                0x000015f0       0x10 .\CortexM3\ARM_GCC_541\Debug\PSOC5 Implement.a(Timer_Interrupt.o)
                0x000015f0                Timer_Interrupt_SetPriority
 .text.Timer_Interrupt_Enable
                0x00001600       0x10 .\CortexM3\ARM_GCC_541\Debug\PSOC5 Implement.a(Timer_Interrupt.o)
                0x00001600                Timer_Interrupt_Enable
 .text.Timer_Interrupt_Disable
                0x00001610       0x10 .\CortexM3\ARM_GCC_541\Debug\PSOC5 Implement.a(Timer_Interrupt.o)
                0x00001610                Timer_Interrupt_Disable
 .text.Timer_Interrupt_StartEx
                0x00001620       0x1c .\CortexM3\ARM_GCC_541\Debug\PSOC5 Implement.a(Timer_Interrupt.o)
                0x00001620                Timer_Interrupt_StartEx
 .text.ADC_DelSig_GainCompensation
                0x0000163c       0xe0 .\CortexM3\ARM_GCC_541\Debug\PSOC5 Implement.a(ADC_DelSig.o)
 .text.ADC_DelSig_SetDSMRef0Reg
                0x0000171c       0x4c .\CortexM3\ARM_GCC_541\Debug\PSOC5 Implement.a(ADC_DelSig.o)
 .text.ADC_DelSig_InitConfig
                0x00001768      0x318 .\CortexM3\ARM_GCC_541\Debug\PSOC5 Implement.a(ADC_DelSig.o)
 .text.ADC_DelSig_Init
                0x00001a80      0x108 .\CortexM3\ARM_GCC_541\Debug\PSOC5 Implement.a(ADC_DelSig.o)
                0x00001a80                ADC_DelSig_Init
 .text.ADC_DelSig_Enable
                0x00001b88       0xd8 .\CortexM3\ARM_GCC_541\Debug\PSOC5 Implement.a(ADC_DelSig.o)
                0x00001b88                ADC_DelSig_Enable
 .text.ADC_DelSig_Start
                0x00001c60       0x28 .\CortexM3\ARM_GCC_541\Debug\PSOC5 Implement.a(ADC_DelSig.o)
                0x00001c60                ADC_DelSig_Start
 .text.ADC_DelSig_StartConvert
                0x00001c88       0x10 .\CortexM3\ARM_GCC_541\Debug\PSOC5 Implement.a(ADC_DelSig.o)
                0x00001c88                ADC_DelSig_StartConvert
 .text.ADC_DelSig_StopConvert
                0x00001c98       0x10 .\CortexM3\ARM_GCC_541\Debug\PSOC5 Implement.a(ADC_DelSig.o)
                0x00001c98                ADC_DelSig_StopConvert
 .text.ADC_DelSig_IsEndConversion
                0x00001ca8       0x30 .\CortexM3\ARM_GCC_541\Debug\PSOC5 Implement.a(ADC_DelSig.o)
                0x00001ca8                ADC_DelSig_IsEndConversion
 .text.ADC_DelSig_GetResult16
                0x00001cd8       0x50 .\CortexM3\ARM_GCC_541\Debug\PSOC5 Implement.a(ADC_DelSig.o)
                0x00001cd8                ADC_DelSig_GetResult16
 .text.ADC_DelSig_CountsTo_Volts
                0x00001d28       0x28 .\CortexM3\ARM_GCC_541\Debug\PSOC5 Implement.a(ADC_DelSig.o)
                0x00001d28                ADC_DelSig_CountsTo_Volts
 .text.ADC_DelSig_Read16
                0x00001d50       0x28 .\CortexM3\ARM_GCC_541\Debug\PSOC5 Implement.a(ADC_DelSig.o)
                0x00001d50                ADC_DelSig_Read16
 .text.ADC_DelSig_ISR1
                0x00001d78        0x4 .\CortexM3\ARM_GCC_541\Debug\PSOC5 Implement.a(ADC_DelSig_INT.o)
                0x00001d78                ADC_DelSig_ISR1
 .text.ADC_DelSig_ISR2
                0x00001d7c        0x4 .\CortexM3\ARM_GCC_541\Debug\PSOC5 Implement.a(ADC_DelSig_INT.o)
                0x00001d7c                ADC_DelSig_ISR2
 .text.ADC_DelSig_ISR3
                0x00001d80        0x4 .\CortexM3\ARM_GCC_541\Debug\PSOC5 Implement.a(ADC_DelSig_INT.o)
                0x00001d80                ADC_DelSig_ISR3
 .text.ADC_DelSig_ISR4
                0x00001d84        0x4 .\CortexM3\ARM_GCC_541\Debug\PSOC5 Implement.a(ADC_DelSig_INT.o)
                0x00001d84                ADC_DelSig_ISR4
 .text.ADC_DelSig_Ext_CP_Clk_GetDividerRegister
                0x00001d88        0xc .\CortexM3\ARM_GCC_541\Debug\PSOC5 Implement.a(ADC_DelSig_Ext_CP_Clk.o)
                0x00001d88                ADC_DelSig_Ext_CP_Clk_GetDividerRegister
 .text.ADC_DelSig_Ext_CP_Clk_SetModeRegister
                0x00001d94       0x14 .\CortexM3\ARM_GCC_541\Debug\PSOC5 Implement.a(ADC_DelSig_Ext_CP_Clk.o)
                0x00001d94                ADC_DelSig_Ext_CP_Clk_SetModeRegister
 .text.ADC_DelSig_Ext_CP_Clk_GetSourceRegister
                0x00001da8       0x10 .\CortexM3\ARM_GCC_541\Debug\PSOC5 Implement.a(ADC_DelSig_Ext_CP_Clk.o)
                0x00001da8                ADC_DelSig_Ext_CP_Clk_GetSourceRegister
 .text.ADC_DelSig_Ext_CP_Clk_SetDividerRegister
                0x00001db8       0xd8 .\CortexM3\ARM_GCC_541\Debug\PSOC5 Implement.a(ADC_DelSig_Ext_CP_Clk.o)
                0x00001db8                ADC_DelSig_Ext_CP_Clk_SetDividerRegister
 .text.ADC_DelSig_theACLK_GetDividerRegister
                0x00001e90        0xc .\CortexM3\ARM_GCC_541\Debug\PSOC5 Implement.a(ADC_DelSig_theACLK.o)
                0x00001e90                ADC_DelSig_theACLK_GetDividerRegister
 .text.ADC_DelSig_theACLK_SetModeRegister
                0x00001e9c       0x14 .\CortexM3\ARM_GCC_541\Debug\PSOC5 Implement.a(ADC_DelSig_theACLK.o)
                0x00001e9c                ADC_DelSig_theACLK_SetModeRegister
 .text.ADC_DelSig_theACLK_GetSourceRegister
                0x00001eb0       0x10 .\CortexM3\ARM_GCC_541\Debug\PSOC5 Implement.a(ADC_DelSig_theACLK.o)
                0x00001eb0                ADC_DelSig_theACLK_GetSourceRegister
 .text.ADC_DelSig_theACLK_SetDividerRegister
                0x00001ec0       0xd8 .\CortexM3\ARM_GCC_541\Debug\PSOC5 Implement.a(ADC_DelSig_theACLK.o)
                0x00001ec0                ADC_DelSig_theACLK_SetDividerRegister
 .text          0x00001f98       0x20 .\CortexM3\ARM_GCC_541\Debug\PSOC5 Implement.a(CyBootAsmGnu.o)
                0x00001f98                CyDelayCycles
                0x00001fa8                CyEnterCriticalSection
                0x00001fb0                CyExitCriticalSection
 .text          0x00001fb8      0x370 c:/program files (x86)/cypress/psoc creator/4.4/psoc creator/import/gnu/arm/5.4.1/bin/../lib/gcc/arm-none-eabi/5.4.1/armv7-m\libgcc.a(_arm_addsubdf3.o)
                0x00001fb8                __aeabi_drsub
                0x00001fc0                __aeabi_dsub
                0x00001fc0                __subdf3
                0x00001fc4                __aeabi_dadd
                0x00001fc4                __adddf3
                0x0000223c                __floatunsidf
                0x0000223c                __aeabi_ui2d
                0x0000225c                __floatsidf
                0x0000225c                __aeabi_i2d
                0x00002280                __aeabi_f2d
                0x00002280                __extendsfdf2
                0x000022bc                __floatundidf
                0x000022bc                __aeabi_ul2d
                0x000022cc                __floatdidf
                0x000022cc                __aeabi_l2d
 .text          0x00002328      0x110 c:/program files (x86)/cypress/psoc creator/4.4/psoc creator/import/gnu/arm/5.4.1/bin/../lib/gcc/arm-none-eabi/5.4.1/armv7-m\libgcc.a(_arm_cmpdf2.o)
                0x00002328                __gtdf2
                0x00002328                __gedf2
                0x00002330                __ltdf2
                0x00002330                __ledf2
                0x00002338                __nedf2
                0x00002338                __eqdf2
                0x00002338                __cmpdf2
                0x000023b4                __aeabi_cdrcmple
                0x000023c4                __aeabi_cdcmpeq
                0x000023c4                __aeabi_cdcmple
                0x000023d4                __aeabi_dcmpeq
                0x000023e8                __aeabi_dcmplt
                0x000023fc                __aeabi_dcmple
                0x00002410                __aeabi_dcmpge
                0x00002424                __aeabi_dcmpgt
 .text          0x00002438      0x21c c:/program files (x86)/cypress/psoc creator/4.4/psoc creator/import/gnu/arm/5.4.1/bin/../lib/gcc/arm-none-eabi/5.4.1/armv7-m\libgcc.a(_arm_addsubsf3.o)
                0x00002438                __aeabi_frsub
                0x00002440                __subsf3
                0x00002440                __aeabi_fsub
                0x00002444                __aeabi_fadd
                0x00002444                __addsf3
                0x000025a4                __aeabi_ui2f
                0x000025a4                __floatunsisf
                0x000025ac                __aeabi_i2f
                0x000025ac                __floatsisf
                0x000025c8                __aeabi_ul2f
                0x000025c8                __floatundisf
                0x000025d8                __aeabi_l2f
                0x000025d8                __floatdisf
 .text          0x00002654      0x2a0 c:/program files (x86)/cypress/psoc creator/4.4/psoc creator/import/gnu/arm/5.4.1/bin/../lib/gcc/arm-none-eabi/5.4.1/armv7-m\libgcc.a(_arm_muldivsf3.o)
                0x00002654                __mulsf3
                0x00002654                __aeabi_fmul
                0x000027bc                __aeabi_fdiv
                0x000027bc                __divsf3
 .text          0x000028f4       0xec c:/program files (x86)/cypress/psoc creator/4.4/psoc creator/import/gnu/arm/5.4.1/bin/../lib/gcc/arm-none-eabi/5.4.1/armv7-m\libgcc.a(_arm_cmpsf2.o)
                0x000028f4                __gesf2
                0x000028f4                __gtsf2
                0x000028fc                __lesf2
                0x000028fc                __ltsf2
                0x00002904                __nesf2
                0x00002904                __eqsf2
                0x00002904                __cmpsf2
                0x00002964                __aeabi_cfrcmple
                0x0000296c                __aeabi_cfcmpeq
                0x0000296c                __aeabi_cfcmple
                0x0000297c                __aeabi_fcmpeq
                0x00002990                __aeabi_fcmplt
                0x000029a4                __aeabi_fcmple
                0x000029b8                __aeabi_fcmpge
                0x000029cc                __aeabi_fcmpgt
 .text          0x000029e0       0x2c c:/program files (x86)/cypress/psoc creator/4.4/psoc creator/import/gnu/arm/5.4.1/bin/../lib/gcc/arm-none-eabi/5.4.1/armv7-m\libgcc.a(_arm_unordsf2.o)
                0x000029e0                __unordsf2
                0x000029e0                __aeabi_fcmpun
 .text.__errno  0x00002a0c        0xc c:/program files (x86)/cypress/psoc creator/4.4/psoc creator/import/gnu/arm/5.4.1/bin/../lib/gcc/arm-none-eabi/5.4.1/../../../../arm-none-eabi/lib/armv7-m\libg_nano.a(lib_a-errno.o)
                0x00002a0c                __errno
 .text.__libc_init_array
                0x00002a18       0x4c c:/program files (x86)/cypress/psoc creator/4.4/psoc creator/import/gnu/arm/5.4.1/bin/../lib/gcc/arm-none-eabi/5.4.1/../../../../arm-none-eabi/lib/armv7-m\libg_nano.a(lib_a-init.o)
                0x00002a18                __libc_init_array
 .text.memcpy   0x00002a64       0x16 c:/program files (x86)/cypress/psoc creator/4.4/psoc creator/import/gnu/arm/5.4.1/bin/../lib/gcc/arm-none-eabi/5.4.1/../../../../arm-none-eabi/lib/armv7-m\libg_nano.a(lib_a-memcpy-stub.o)
                0x00002a64                memcpy
 .text.memset   0x00002a7a       0x10 c:/program files (x86)/cypress/psoc creator/4.4/psoc creator/import/gnu/arm/5.4.1/bin/../lib/gcc/arm-none-eabi/5.4.1/../../../../arm-none-eabi/lib/armv7-m\libg_nano.a(lib_a-memset.o)
                0x00002a7a                memset
 .text.__cvt    0x00002a8a       0xc0 c:/program files (x86)/cypress/psoc creator/4.4/psoc creator/import/gnu/arm/5.4.1/bin/../lib/gcc/arm-none-eabi/5.4.1/../../../../arm-none-eabi/lib/armv7-m\libg_nano.a(lib_a-nano-vfprintf_float.o)
                0x00002a8a                __cvt
 .text.__exponent
                0x00002b4a       0x62 c:/program files (x86)/cypress/psoc creator/4.4/psoc creator/import/gnu/arm/5.4.1/bin/../lib/gcc/arm-none-eabi/5.4.1/../../../../arm-none-eabi/lib/armv7-m\libg_nano.a(lib_a-nano-vfprintf_float.o)
                0x00002b4a                __exponent
 .text._printf_float
                0x00002bac      0x488 c:/program files (x86)/cypress/psoc creator/4.4/psoc creator/import/gnu/arm/5.4.1/bin/../lib/gcc/arm-none-eabi/5.4.1/../../../../arm-none-eabi/lib/armv7-m\libg_nano.a(lib_a-nano-vfprintf_float.o)
                0x00002bac                _printf_float
 .text._printf_common
                0x00003034       0xec c:/program files (x86)/cypress/psoc creator/4.4/psoc creator/import/gnu/arm/5.4.1/bin/../lib/gcc/arm-none-eabi/5.4.1/../../../../arm-none-eabi/lib/armv7-m\libg_nano.a(lib_a-nano-vfprintf_i.o)
                0x00003034                _printf_common
 .text          0x00003120       0x10 c:/program files (x86)/cypress/psoc creator/4.4/psoc creator/import/gnu/arm/5.4.1/bin/../lib/gcc/arm-none-eabi/5.4.1/../../../../arm-none-eabi/lib/armv7-m\libg_nano.a(lib_a-strlen.o)
                0x00003120                strlen
 .text.quorem   0x00003130      0x116 c:/program files (x86)/cypress/psoc creator/4.4/psoc creator/import/gnu/arm/5.4.1/bin/../lib/gcc/arm-none-eabi/5.4.1/../../../../arm-none-eabi/lib/armv7-m\libg_nano.a(lib_a-dtoa.o)
 *fill*         0x00003246        0x2 
 .text._dtoa_r  0x00003248      0xb30 c:/program files (x86)/cypress/psoc creator/4.4/psoc creator/import/gnu/arm/5.4.1/bin/../lib/gcc/arm-none-eabi/5.4.1/../../../../arm-none-eabi/lib/armv7-m\libg_nano.a(lib_a-dtoa.o)
                0x00003248                _dtoa_r
 .text._localeconv_r
                0x00003d78        0x8 c:/program files (x86)/cypress/psoc creator/4.4/psoc creator/import/gnu/arm/5.4.1/bin/../lib/gcc/arm-none-eabi/5.4.1/../../../../arm-none-eabi/lib/armv7-m\libg_nano.a(lib_a-locale.o)
                0x00003d78                _localeconv_r
 .text.malloc   0x00003d80       0x10 c:/program files (x86)/cypress/psoc creator/4.4/psoc creator/import/gnu/arm/5.4.1/bin/../lib/gcc/arm-none-eabi/5.4.1/../../../../arm-none-eabi/lib/armv7-m\libg_nano.a(lib_a-malloc.o)
                0x00003d80                malloc
 .text._Balloc  0x00003d90       0x6a c:/program files (x86)/cypress/psoc creator/4.4/psoc creator/import/gnu/arm/5.4.1/bin/../lib/gcc/arm-none-eabi/5.4.1/../../../../arm-none-eabi/lib/armv7-m\libg_nano.a(lib_a-mprec.o)
                0x00003d90                _Balloc
 .text._Bfree   0x00003dfa       0x2e c:/program files (x86)/cypress/psoc creator/4.4/psoc creator/import/gnu/arm/5.4.1/bin/../lib/gcc/arm-none-eabi/5.4.1/../../../../arm-none-eabi/lib/armv7-m\libg_nano.a(lib_a-mprec.o)
                0x00003dfa                _Bfree
 .text.__multadd
                0x00003e28       0x76 c:/program files (x86)/cypress/psoc creator/4.4/psoc creator/import/gnu/arm/5.4.1/bin/../lib/gcc/arm-none-eabi/5.4.1/../../../../arm-none-eabi/lib/armv7-m\libg_nano.a(lib_a-mprec.o)
                0x00003e28                __multadd
 .text.__hi0bits
                0x00003e9e       0x40 c:/program files (x86)/cypress/psoc creator/4.4/psoc creator/import/gnu/arm/5.4.1/bin/../lib/gcc/arm-none-eabi/5.4.1/../../../../arm-none-eabi/lib/armv7-m\libg_nano.a(lib_a-mprec.o)
                0x00003e9e                __hi0bits
 .text.__lo0bits
                0x00003ede       0x5a c:/program files (x86)/cypress/psoc creator/4.4/psoc creator/import/gnu/arm/5.4.1/bin/../lib/gcc/arm-none-eabi/5.4.1/../../../../arm-none-eabi/lib/armv7-m\libg_nano.a(lib_a-mprec.o)
                0x00003ede                __lo0bits
 .text.__i2b    0x00003f38       0x12 c:/program files (x86)/cypress/psoc creator/4.4/psoc creator/import/gnu/arm/5.4.1/bin/../lib/gcc/arm-none-eabi/5.4.1/../../../../arm-none-eabi/lib/armv7-m\libg_nano.a(lib_a-mprec.o)
                0x00003f38                __i2b
 .text.__multiply
                0x00003f4a      0x120 c:/program files (x86)/cypress/psoc creator/4.4/psoc creator/import/gnu/arm/5.4.1/bin/../lib/gcc/arm-none-eabi/5.4.1/../../../../arm-none-eabi/lib/armv7-m\libg_nano.a(lib_a-mprec.o)
                0x00003f4a                __multiply
 *fill*         0x0000406a        0x2 
 .text.__pow5mult
                0x0000406c       0x9c c:/program files (x86)/cypress/psoc creator/4.4/psoc creator/import/gnu/arm/5.4.1/bin/../lib/gcc/arm-none-eabi/5.4.1/../../../../arm-none-eabi/lib/armv7-m\libg_nano.a(lib_a-mprec.o)
                0x0000406c                __pow5mult
 .text.__lshift
                0x00004108       0xa2 c:/program files (x86)/cypress/psoc creator/4.4/psoc creator/import/gnu/arm/5.4.1/bin/../lib/gcc/arm-none-eabi/5.4.1/../../../../arm-none-eabi/lib/armv7-m\libg_nano.a(lib_a-mprec.o)
                0x00004108                __lshift
 .text.__mcmp   0x000041aa       0x38 c:/program files (x86)/cypress/psoc creator/4.4/psoc creator/import/gnu/arm/5.4.1/bin/../lib/gcc/arm-none-eabi/5.4.1/../../../../arm-none-eabi/lib/armv7-m\libg_nano.a(lib_a-mprec.o)
                0x000041aa                __mcmp
 .text.__mdiff  0x000041e2       0xbe c:/program files (x86)/cypress/psoc creator/4.4/psoc creator/import/gnu/arm/5.4.1/bin/../lib/gcc/arm-none-eabi/5.4.1/../../../../arm-none-eabi/lib/armv7-m\libg_nano.a(lib_a-mprec.o)
                0x000041e2                __mdiff
 .text.__d2b    0x000042a0       0x9c c:/program files (x86)/cypress/psoc creator/4.4/psoc creator/import/gnu/arm/5.4.1/bin/../lib/gcc/arm-none-eabi/5.4.1/../../../../arm-none-eabi/lib/armv7-m\libg_nano.a(lib_a-mprec.o)
                0x000042a0                __d2b
 .text._calloc_r
                0x0000433c       0x1c c:/program files (x86)/cypress/psoc creator/4.4/psoc creator/import/gnu/arm/5.4.1/bin/../lib/gcc/arm-none-eabi/5.4.1/../../../../arm-none-eabi/lib/armv7-m\libg_nano.a(lib_a-nano-callocr.o)
                0x0000433c                _calloc_r
 .text._malloc_r
                0x00004358       0xbc c:/program files (x86)/cypress/psoc creator/4.4/psoc creator/import/gnu/arm/5.4.1/bin/../lib/gcc/arm-none-eabi/5.4.1/../../../../arm-none-eabi/lib/armv7-m\libg_nano.a(lib_a-nano-mallocr.o)
                0x00004358                _malloc_r
 .text._sbrk_r  0x00004414       0x20 c:/program files (x86)/cypress/psoc creator/4.4/psoc creator/import/gnu/arm/5.4.1/bin/../lib/gcc/arm-none-eabi/5.4.1/../../../../arm-none-eabi/lib/armv7-m\libg_nano.a(lib_a-sbrkr.o)
                0x00004414                _sbrk_r
 .text.__malloc_lock
                0x00004434        0x2 c:/program files (x86)/cypress/psoc creator/4.4/psoc creator/import/gnu/arm/5.4.1/bin/../lib/gcc/arm-none-eabi/5.4.1/../../../../arm-none-eabi/lib/armv7-m\libg_nano.a(lib_a-mlock.o)
                0x00004434                __malloc_lock
 .text.__malloc_unlock
                0x00004436        0x2 c:/program files (x86)/cypress/psoc creator/4.4/psoc creator/import/gnu/arm/5.4.1/bin/../lib/gcc/arm-none-eabi/5.4.1/../../../../arm-none-eabi/lib/armv7-m\libg_nano.a(lib_a-mlock.o)
                0x00004436                __malloc_unlock
 .text          0x00004438      0x424 c:/program files (x86)/cypress/psoc creator/4.4/psoc creator/import/gnu/arm/5.4.1/bin/../lib/gcc/arm-none-eabi/5.4.1/armv7-m\libgcc.a(_arm_muldivdf3.o)
                0x00004438                __aeabi_dmul
                0x00004438                __muldf3
                0x0000468c                __divdf3
                0x0000468c                __aeabi_ddiv
 .text          0x0000485c       0x2c c:/program files (x86)/cypress/psoc creator/4.4/psoc creator/import/gnu/arm/5.4.1/bin/../lib/gcc/arm-none-eabi/5.4.1/armv7-m\libgcc.a(_arm_unorddf2.o)
                0x0000485c                __unorddf2
                0x0000485c                __aeabi_dcmpun
 .text          0x00004888       0x50 c:/program files (x86)/cypress/psoc creator/4.4/psoc creator/import/gnu/arm/5.4.1/bin/../lib/gcc/arm-none-eabi/5.4.1/armv7-m\libgcc.a(_arm_fixdfsi.o)
                0x00004888                __aeabi_d2iz
                0x00004888                __fixdfsi
 *(.plt)
 *(.gnu.warning)
 *(.glue_7t)
 .glue_7t       0x000048d8        0x0 linker stubs
 *(.glue_7)
 .glue_7        0x000048d8        0x0 linker stubs
 *(.vfp11_veneer)
 .vfp11_veneer  0x000048d8        0x0 linker stubs
 *(.bootloader)
 *(.ARM.extab* .gnu.linkonce.armextab.*)
 *(.gcc_except_table)

.v4_bx          0x000048d8        0x0
 .v4_bx         0x000048d8        0x0 linker stubs

.iplt           0x000048d8        0x0
 .iplt          0x000048d8        0x0 c:/program files (x86)/cypress/psoc creator/4.4/psoc creator/import/gnu/arm/5.4.1/bin/../lib/gcc/arm-none-eabi/5.4.1/armv7-m/crtbegin.o

.eh_frame_hdr
 *(.eh_frame_hdr)

.eh_frame       0x000048d8        0x4
 *(.eh_frame)
 .eh_frame      0x000048d8        0x0 c:/program files (x86)/cypress/psoc creator/4.4/psoc creator/import/gnu/arm/5.4.1/bin/../lib/gcc/arm-none-eabi/5.4.1/armv7-m/crtbegin.o
 .eh_frame      0x000048d8        0x4 c:/program files (x86)/cypress/psoc creator/4.4/psoc creator/import/gnu/arm/5.4.1/bin/../lib/gcc/arm-none-eabi/5.4.1/armv7-m/crtend.o
                [!provide]                PROVIDE (__exidx_start, .)

.ARM.exidx
 *(.ARM.exidx* .gnu.linkonce.armexidx.*)
                0x000048dc                __exidx_end = .

.rodata         0x000048e0      0x2d0
 *(.rodata .rodata.* .gnu.linkonce.r.*)
 .rodata        0x000048e0      0x100 .\CortexM3\ARM_GCC_541\Debug\main.o
 .rodata.str1.4
                0x000049e0       0x10 .\CortexM3\ARM_GCC_541\Debug\main.o
                                  0xf (size before relaxing)
 .rodata        0x000049f0       0x5c .\CortexM3\ARM_GCC_541\Debug\cyfitter_cfg.o
                0x000049f0                AMux_CYAMUXSIDE_A__addrTable
                0x000049f8                AMux_CYAMUXSIDE_A__maskTable
                0x000049fc                AMux_CYAMUXSIDE_B__addrTable
                0x00004a04                AMux_CYAMUXSIDE_B__maskTable
 .rodata.str1.1
                0x00004a4c        0x2 c:/program files (x86)/cypress/psoc creator/4.4/psoc creator/import/gnu/arm/5.4.1/bin/../lib/gcc/arm-none-eabi/5.4.1/../../../../arm-none-eabi/lib/armv7-m\libg_nano.a(lib_a-impure.o)
 .rodata.str1.1
                0x00004a4e       0x12 c:/program files (x86)/cypress/psoc creator/4.4/psoc creator/import/gnu/arm/5.4.1/bin/../lib/gcc/arm-none-eabi/5.4.1/../../../../arm-none-eabi/lib/armv7-m\libg_nano.a(lib_a-nano-vfprintf_float.o)
 .rodata.str1.1
                0x00004a60        0xd c:/program files (x86)/cypress/psoc creator/4.4/psoc creator/import/gnu/arm/5.4.1/bin/../lib/gcc/arm-none-eabi/5.4.1/../../../../arm-none-eabi/lib/armv7-m\libg_nano.a(lib_a-dtoa.o)
                                  0xf (size before relaxing)
 .rodata.str1.1
                0x00004a6d        0x8 c:/program files (x86)/cypress/psoc creator/4.4/psoc creator/import/gnu/arm/5.4.1/bin/../lib/gcc/arm-none-eabi/5.4.1/../../../../arm-none-eabi/lib/armv7-m\libg_nano.a(lib_a-locale.o)
                                  0xb (size before relaxing)
 *fill*         0x00004a75        0x3 
 .rodata.__mprec_tens
                0x00004a78       0xc8 c:/program files (x86)/cypress/psoc creator/4.4/psoc creator/import/gnu/arm/5.4.1/bin/../lib/gcc/arm-none-eabi/5.4.1/../../../../arm-none-eabi/lib/armv7-m\libg_nano.a(lib_a-mprec.o)
                0x00004a78                __mprec_tens
 .rodata.p05.5408
                0x00004b40        0xc c:/program files (x86)/cypress/psoc creator/4.4/psoc creator/import/gnu/arm/5.4.1/bin/../lib/gcc/arm-none-eabi/5.4.1/../../../../arm-none-eabi/lib/armv7-m\libg_nano.a(lib_a-mprec.o)
 *fill*         0x00004b4c        0x4 
 .rodata.__mprec_bigtens
                0x00004b50       0x28 c:/program files (x86)/cypress/psoc creator/4.4/psoc creator/import/gnu/arm/5.4.1/bin/../lib/gcc/arm-none-eabi/5.4.1/../../../../arm-none-eabi/lib/armv7-m\libg_nano.a(lib_a-mprec.o)
                0x00004b50                __mprec_bigtens
                0x00004b78                . = ALIGN (0x4)
 *(.init)
 .init          0x00004b78        0x4 c:/program files (x86)/cypress/psoc creator/4.4/psoc creator/import/gnu/arm/5.4.1/bin/../lib/gcc/arm-none-eabi/5.4.1/armv7-m/crti.o
                0x00004b78                _init
 .init          0x00004b7c        0x8 c:/program files (x86)/cypress/psoc creator/4.4/psoc creator/import/gnu/arm/5.4.1/bin/../lib/gcc/arm-none-eabi/5.4.1/armv7-m/crtn.o
                0x00004b84                . = ALIGN (0x4)
                0x00004b84                __preinit_array_start = .
 *(.preinit_array)
                0x00004b84                __preinit_array_end = .
                0x00004b84                . = ALIGN (0x4)
                0x00004b84                __init_array_start = .
 *(SORT(.init_array.*))
 *(.init_array)
 .init_array    0x00004b84        0x4 c:/program files (x86)/cypress/psoc creator/4.4/psoc creator/import/gnu/arm/5.4.1/bin/../lib/gcc/arm-none-eabi/5.4.1/armv7-m/crtbegin.o
 .init_array    0x00004b88        0x4 .\CortexM3\ARM_GCC_541\Debug\Cm3Start.o
                0x00004b8c                __init_array_end = .
                0x00004b8c                . = ALIGN (0x4)
 *(.fini)
 .fini          0x00004b8c        0x4 c:/program files (x86)/cypress/psoc creator/4.4/psoc creator/import/gnu/arm/5.4.1/bin/../lib/gcc/arm-none-eabi/5.4.1/armv7-m/crti.o
                0x00004b8c                _fini
 .fini          0x00004b90        0x8 c:/program files (x86)/cypress/psoc creator/4.4/psoc creator/import/gnu/arm/5.4.1/bin/../lib/gcc/arm-none-eabi/5.4.1/armv7-m/crtn.o
                0x00004b98                . = ALIGN (0x4)
                0x00004b98                __fini_array_start = .
 *(.fini_array)
 .fini_array    0x00004b98        0x4 c:/program files (x86)/cypress/psoc creator/4.4/psoc creator/import/gnu/arm/5.4.1/bin/../lib/gcc/arm-none-eabi/5.4.1/armv7-m/crtbegin.o
 *(SORT(.fini_array.*))
                0x00004b9c                __fini_array_end = .
                0x00004b9c                . = ALIGN (0x4)
 *crtbegin.o(.ctors)
 *(EXCLUDE_FILE(*crtend.o) .ctors)
 *(SORT(.ctors.*))
 *crtend.o(.ctors)
                0x00004b9c                . = ALIGN (0x4)
 *crtbegin.o(.dtors)
 *(EXCLUDE_FILE(*crtend.o) .dtors)
 *(SORT(.dtors.*))
 *crtend.o(.dtors)
                0x00004b9c                . = ALIGN (0x4)
                0x00004b9c                __cy_regions = .
                0x00004b9c        0x4 LONG 0x4bb0 __cy_region_init_ram
                0x00004ba0        0x4 LONG 0x1fff80c8 __cy_region_start_data
                0x00004ba4        0x4 LONG 0xd0 __cy_region_init_size_ram
                0x00004ba8        0x4 LONG 0x290 __cy_region_zero_size_ram
                0x00004bac                __cy_regions_end = .
                0x00004bb0                . = ALIGN (0x8)
 *fill*         0x00004bac        0x4 
                0x00004bb0                _etext = .

.cy_checksum_exclude
                0x00004bb0        0x0
 *(.cy_checksum_exclude)

.ramvectors     0x1fff8000       0xc0
                0x1fff8000                __cy_region_start_ram = .
 *(.ramvectors)
 .ramvectors    0x1fff8000       0xc0 .\CortexM3\ARM_GCC_541\Debug\Cm3Start.o
                0x1fff8000                CyRamVectors

.noinit         0x1fff80c0        0x1
 *(.noinit)
 .noinit        0x1fff80c0        0x1 .\CortexM3\ARM_GCC_541\Debug\PSOC5 Implement.a(CyLib.o)
                0x1fff80c0                CyResetStatus

.data           0x1fff80c8       0xd0 load address 0x00004bb0
                0x1fff80c8                __cy_region_start_data = .
 *(.jcr)
 .jcr           0x1fff80c8        0x0 c:/program files (x86)/cypress/psoc creator/4.4/psoc creator/import/gnu/arm/5.4.1/bin/../lib/gcc/arm-none-eabi/5.4.1/armv7-m/crtbegin.o
 .jcr           0x1fff80c8        0x4 c:/program files (x86)/cypress/psoc creator/4.4/psoc creator/import/gnu/arm/5.4.1/bin/../lib/gcc/arm-none-eabi/5.4.1/armv7-m/crtend.o
 *(.got.plt)
 *(.got)
 *(.shdata)
 *(.data .data.* .gnu.linkonce.d.*)
 .data          0x1fff80cc        0x4 .\CortexM3\ARM_GCC_541\Debug\main.o
 .data          0x1fff80d0        0x4 .\CortexM3\ARM_GCC_541\Debug\Cm3Start.o
 .data          0x1fff80d4        0x2 .\CortexM3\ARM_GCC_541\Debug\PSOC5 Implement.a(ADC_TS410.o)
 .data          0x1fff80d6        0x1 .\CortexM3\ARM_GCC_541\Debug\PSOC5 Implement.a(AMux.o)
 .data          0x1fff80d7        0x1 .\CortexM3\ARM_GCC_541\Debug\PSOC5 Implement.a(ADC_TS410_TempBuf_dma.o)
                0x1fff80d7                ADC_TS410_TempBuf_DmaHandle
 .data          0x1fff80d8        0x1 .\CortexM3\ARM_GCC_541\Debug\PSOC5 Implement.a(ADC_TS410_FinalBuf_dma.o)
                0x1fff80d8                ADC_TS410_FinalBuf_DmaHandle
 *fill*         0x1fff80d9        0x3 
 .data          0x1fff80dc        0x8 .\CortexM3\ARM_GCC_541\Debug\PSOC5 Implement.a(CyDmac.o)
 .data          0x1fff80e4       0x10 .\CortexM3\ARM_GCC_541\Debug\PSOC5 Implement.a(CyLib.o)
                0x1fff80e4                cydelay_32k_ms
                0x1fff80e8                cydelay_freq_khz
                0x1fff80ec                cydelay_freq_mhz
                0x1fff80f0                cydelay_freq_hz
 .data          0x1fff80f4        0x1 .\CortexM3\ARM_GCC_541\Debug\PSOC5 Implement.a(ADC_DelSig.o)
                0x1fff80f4                ADC_DelSig_Config
 *fill*         0x1fff80f5        0x3 
 .data.impure_data
                0x1fff80f8       0x60 c:/program files (x86)/cypress/psoc creator/4.4/psoc creator/import/gnu/arm/5.4.1/bin/../lib/gcc/arm-none-eabi/5.4.1/../../../../arm-none-eabi/lib/armv7-m\libg_nano.a(lib_a-impure.o)
 .data._impure_ptr
                0x1fff8158        0x4 c:/program files (x86)/cypress/psoc creator/4.4/psoc creator/import/gnu/arm/5.4.1/bin/../lib/gcc/arm-none-eabi/5.4.1/../../../../arm-none-eabi/lib/armv7-m\libg_nano.a(lib_a-impure.o)
                0x1fff8158                _impure_ptr
 .data.lconv    0x1fff815c       0x38 c:/program files (x86)/cypress/psoc creator/4.4/psoc creator/import/gnu/arm/5.4.1/bin/../lib/gcc/arm-none-eabi/5.4.1/../../../../arm-none-eabi/lib/armv7-m\libg_nano.a(lib_a-locale.o)
                0x1fff8198                . = ALIGN (0x8)
 *fill*         0x1fff8194        0x4 
 *(.ram)
                0x1fff8198                _edata = .

.igot.plt       0x1fff8198        0x0 load address 0x00004c80
 .igot.plt      0x1fff8198        0x0 c:/program files (x86)/cypress/psoc creator/4.4/psoc creator/import/gnu/arm/5.4.1/bin/../lib/gcc/arm-none-eabi/5.4.1/armv7-m/crtbegin.o

.bss            0x1fff8198      0x290 load address 0x00004c80
                0x1fff8198                PROVIDE (__bss_start__, .)
 *(.shbss)
 *(.bss .bss.* .gnu.linkonce.b.*)
 .bss           0x1fff8198       0x1c c:/program files (x86)/cypress/psoc creator/4.4/psoc creator/import/gnu/arm/5.4.1/bin/../lib/gcc/arm-none-eabi/5.4.1/armv7-m/crtbegin.o
 .bss           0x1fff81b4      0x20f .\CortexM3\ARM_GCC_541\Debug\main.o
 .bss           0x1fff83c3        0x2 .\CortexM3\ARM_GCC_541\Debug\PSOC5 Implement.a(UART_OEM.o)
                0x1fff83c3                UART_OEM_initVar
 .bss           0x1fff83c5        0x2 .\CortexM3\ARM_GCC_541\Debug\PSOC5 Implement.a(UART_RPI.o)
                0x1fff83c5                UART_RPI_initVar
 .bss           0x1fff83c7        0x2 .\CortexM3\ARM_GCC_541\Debug\PSOC5 Implement.a(UART_Debug.o)
                0x1fff83c7                UART_Debug_initVar
 .bss           0x1fff83c9        0x1 .\CortexM3\ARM_GCC_541\Debug\PSOC5 Implement.a(Timer_ISR.o)
                0x1fff83c9                Timer_ISR_initVar
 *fill*         0x1fff83ca        0x2 
 .bss           0x1fff83cc       0x10 .\CortexM3\ARM_GCC_541\Debug\PSOC5 Implement.a(ADC_TS410.o)
                0x1fff83d8                ADC_TS410_initVar
 .bss           0x1fff83dc        0x1 .\CortexM3\ARM_GCC_541\Debug\PSOC5 Implement.a(ADC_TS410_SAR.o)
                0x1fff83dc                ADC_TS410_SAR_initVar
 *fill*         0x1fff83dd        0x3 
 .bss           0x1fff83e0       0x18 .\CortexM3\ARM_GCC_541\Debug\PSOC5 Implement.a(ADC_DelSig.o)
                0x1fff83f0                ADC_DelSig_stopConversion
                0x1fff83f1                ADC_DelSig_convDone
                0x1fff83f2                ADC_DelSig_initVar
                0x1fff83f3                ADC_DelSig_started
                0x1fff83f4                ADC_DelSig_Offset
 .bss.__malloc_sbrk_start
                0x1fff83f8        0x4 c:/program files (x86)/cypress/psoc creator/4.4/psoc creator/import/gnu/arm/5.4.1/bin/../lib/gcc/arm-none-eabi/5.4.1/../../../../arm-none-eabi/lib/armv7-m\libg_nano.a(lib_a-nano-mallocr.o)
                0x1fff83f8                __malloc_sbrk_start
 .bss.__malloc_free_list
                0x1fff83fc        0x4 c:/program files (x86)/cypress/psoc creator/4.4/psoc creator/import/gnu/arm/5.4.1/bin/../lib/gcc/arm-none-eabi/5.4.1/../../../../arm-none-eabi/lib/armv7-m\libg_nano.a(lib_a-nano-mallocr.o)
                0x1fff83fc                __malloc_free_list
 *(COMMON)
 COMMON         0x1fff8400        0xc .\CortexM3\ARM_GCC_541\Debug\main.o
                0x1fff8400                pressureData
                0x1fff8404                adcData
 COMMON         0x1fff840c        0x8 .\CortexM3\ARM_GCC_541\Debug\PSOC5 Implement.a(ADC_TS410.o)
                0x1fff840c                ADC_TS410_finalArray
 COMMON         0x1fff8414        0xc .\CortexM3\ARM_GCC_541\Debug\PSOC5 Implement.a(ADC_TS410_SAR.o)
                0x1fff8414                ADC_TS410_SAR_countsPerVolt
                0x1fff8418                ADC_TS410_SAR_countsPer10Volt
                0x1fff841c                ADC_TS410_SAR_shift
                0x1fff841e                ADC_TS410_SAR_offset
 COMMON         0x1fff8420        0x4 .\CortexM3\ARM_GCC_541\Debug\PSOC5 Implement.a(ADC_DelSig.o)
                0x1fff8420                ADC_DelSig_CountsPerVolt
 COMMON         0x1fff8424        0x4 c:/program files (x86)/cypress/psoc creator/4.4/psoc creator/import/gnu/arm/5.4.1/bin/../lib/gcc/arm-none-eabi/5.4.1/../../../../arm-none-eabi/lib/armv7-m\libg_nano.a(lib_a-reent.o)
                0x1fff8424                errno
                0x1fff8428                . = ALIGN (0x8)
 *(.ram.b)
                0x1fff8428                _end = .
                0x1fff8428                __end = .
                0x1fff8428                PROVIDE (end, .)
                0x1fff8428                PROVIDE (__bss_end__, .)
                0x00004bb0                __cy_region_init_ram = LOADADDR (.data)
                0x000000d0                __cy_region_init_size_ram = (_edata - ADDR (.data))
                0x00000290                __cy_region_zero_size_ram = (_end - _edata)

.heap           0x1fff8428       0x80 load address 0x00004c80
                0x1fff8428                . = _end
                0x1fff84a8                . = (. + 0x80)
 *fill*         0x1fff8428       0x80 
                0x1fff84a8                __cy_heap_limit = .

.stack          0x20007800      0x800
                0x20007800                __cy_stack_limit = .
                0x20008000                . = (. + 0x800)
 *fill*         0x20007800      0x800 
                0x00000001                ASSERT ((__cy_stack_limit >= __cy_heap_limit), region RAM overflowed with stack)
                0x00000000                cy_checksum_exclude_size = (CY_APPL_LOADABLE == 0x1)?SIZEOF (.cy_checksum_exclude):0x0
                0x00000001                ASSERT ((cy_checksum_exclude_size <= CY_CHECKSUM_EXCLUDE_SIZE), CY_BOOT: Section .cy_checksum_exclude size exceedes specified limit.)

.cyloadermeta
 *(.cyloadermeta)

.cyloadablemeta
 *(.cyloadablemeta)

.cyconfigecc    0x80000000      0xddc
 *(.cyconfigecc)
 .cyconfigecc   0x80000000      0xddc .\CortexM3\ARM_GCC_541\Debug\cymetadata.o
                0x80000000                cy_meta_configecc

.cycustnvl      0x90000000        0x4
 *(.cycustnvl)
 .cycustnvl     0x90000000        0x4 .\CortexM3\ARM_GCC_541\Debug\cymetadata.o
                0x90000000                cy_meta_custnvl

.cywolatch      0x90100000        0x4
 *(.cywolatch)
 .cywolatch     0x90100000        0x4 .\CortexM3\ARM_GCC_541\Debug\cymetadata.o
                0x90100000                cy_meta_wonvl

.cyeeprom       0x90200000        0x0
 *(.cyeeprom)
                0x00000001                ASSERT ((. <= ((0x90200000 + ee_offset) + ee_size)), .cyeeprom data will not fit in EEPROM)

.cyflashprotect
                0x90400000      0x100
 *(.cyflashprotect)
 .cyflashprotect
                0x90400000      0x100 .\CortexM3\ARM_GCC_541\Debug\cymetadata.o
                0x90400000                cy_meta_flashprotect

.cymeta         0x90500000        0xc
 *(.cymeta)
 .cymeta        0x90500000        0xc .\CortexM3\ARM_GCC_541\Debug\cymetadata.o
                0x90500000                cy_metadata

.rel.dyn        0x00004c80        0x0 load address 0x9050000c
 .rel.iplt      0x00004c80        0x0 c:/program files (x86)/cypress/psoc creator/4.4/psoc creator/import/gnu/arm/5.4.1/bin/../lib/gcc/arm-none-eabi/5.4.1/armv7-m/crtbegin.o

.stab
 *(.stab)

.stabstr
 *(.stabstr)

.debug
 *(.debug)

.line
 *(.line)

.debug_srcinfo
 *(.debug_srcinfo)

.debug_sfnames
 *(.debug_sfnames)

.debug_aranges  0x00000000     0x1040
 *(.debug_aranges)
 .debug_aranges
                0x00000000       0x68 .\CortexM3\ARM_GCC_541\Debug\main.o
 .debug_aranges
                0x00000068       0x30 .\CortexM3\ARM_GCC_541\Debug\Pressure_Transducer.o
 .debug_aranges
                0x00000098       0x78 .\CortexM3\ARM_GCC_541\Debug\cyfitter_cfg.o
 .debug_aranges
                0x00000110       0x18 .\CortexM3\ARM_GCC_541\Debug\cymetadata.o
 .debug_aranges
                0x00000128       0x48 .\CortexM3\ARM_GCC_541\Debug\Cm3Start.o
 .debug_aranges
                0x00000170       0xf0 .\CortexM3\ARM_GCC_541\Debug\PSOC5 Implement.a(UART_OEM.o)
 .debug_aranges
                0x00000260       0xf0 .\CortexM3\ARM_GCC_541\Debug\PSOC5 Implement.a(UART_RPI.o)
 .debug_aranges
                0x00000350       0xa0 .\CortexM3\ARM_GCC_541\Debug\PSOC5 Implement.a(UART_Debug.o)
 .debug_aranges
                0x000003f0       0x88 .\CortexM3\ARM_GCC_541\Debug\PSOC5 Implement.a(Timer_ISR.o)
 .debug_aranges
                0x00000478       0xa0 .\CortexM3\ARM_GCC_541\Debug\PSOC5 Implement.a(ADC_TS410.o)
 .debug_aranges
                0x00000518       0x20 .\CortexM3\ARM_GCC_541\Debug\PSOC5 Implement.a(ADC_TS410_INT.o)
 .debug_aranges
                0x00000538       0x40 .\CortexM3\ARM_GCC_541\Debug\PSOC5 Implement.a(AMux.o)
 .debug_aranges
                0x00000578       0x70 .\CortexM3\ARM_GCC_541\Debug\PSOC5 Implement.a(UART_OEM_IntClock.o)
 .debug_aranges
                0x000005e8       0x70 .\CortexM3\ARM_GCC_541\Debug\PSOC5 Implement.a(UART_RPI_IntClock.o)
 .debug_aranges
                0x00000658       0x70 .\CortexM3\ARM_GCC_541\Debug\PSOC5 Implement.a(UART_Debug_IntClock.o)
 .debug_aranges
                0x000006c8       0xa8 .\CortexM3\ARM_GCC_541\Debug\PSOC5 Implement.a(ADC_TS410_SAR.o)
 .debug_aranges
                0x00000770       0x28 .\CortexM3\ARM_GCC_541\Debug\PSOC5 Implement.a(ADC_TS410_TempBuf_dma.o)
 .debug_aranges
                0x00000798       0x28 .\CortexM3\ARM_GCC_541\Debug\PSOC5 Implement.a(ADC_TS410_FinalBuf_dma.o)
 .debug_aranges
                0x000007c0       0x80 .\CortexM3\ARM_GCC_541\Debug\PSOC5 Implement.a(ADC_TS410_IRQ.o)
 .debug_aranges
                0x00000840       0xd8 .\CortexM3\ARM_GCC_541\Debug\PSOC5 Implement.a(CyDmac.o)
 .debug_aranges
                0x00000918      0x2a0 .\CortexM3\ARM_GCC_541\Debug\PSOC5 Implement.a(CyLib.o)
 .debug_aranges
                0x00000bb8       0x98 .\CortexM3\ARM_GCC_541\Debug\PSOC5 Implement.a(cyPm.o)
 .debug_aranges
                0x00000c50       0x38 .\CortexM3\ARM_GCC_541\Debug\PSOC5 Implement.a(USER_LED.o)
 .debug_aranges
                0x00000c88       0x80 .\CortexM3\ARM_GCC_541\Debug\PSOC5 Implement.a(Timer_Interrupt.o)
 .debug_aranges
                0x00000d08       0xe8 .\CortexM3\ARM_GCC_541\Debug\PSOC5 Implement.a(ADC_DelSig.o)
 .debug_aranges
                0x00000df0       0x38 .\CortexM3\ARM_GCC_541\Debug\PSOC5 Implement.a(ADC_DelSig_INT.o)
 .debug_aranges
                0x00000e28       0x70 .\CortexM3\ARM_GCC_541\Debug\PSOC5 Implement.a(ADC_DelSig_Ext_CP_Clk.o)
 .debug_aranges
                0x00000e98       0x80 .\CortexM3\ARM_GCC_541\Debug\PSOC5 Implement.a(ADC_DelSig_theACLK.o)
 .debug_aranges
                0x00000f18       0x20 .\CortexM3\ARM_GCC_541\Debug\PSOC5 Implement.a(CyBootAsmGnu.o)
 .debug_aranges
                0x00000f38       0x88 .\CortexM3\ARM_GCC_541\Debug\PSOC5 Implement.a(CyFlash.o)
 .debug_aranges
                0x00000fc0       0x80 .\CortexM3\ARM_GCC_541\Debug\PSOC5 Implement.a(CySpc.o)

.debug_pubnames
 *(.debug_pubnames)

.debug_info     0x00000000     0x9674
 *(.debug_info .gnu.linkonce.wi.*)
 .debug_info    0x00000000      0xef9 .\CortexM3\ARM_GCC_541\Debug\main.o
 .debug_info    0x00000ef9      0x214 .\CortexM3\ARM_GCC_541\Debug\Pressure_Transducer.o
 .debug_info    0x0000110d      0x7e5 .\CortexM3\ARM_GCC_541\Debug\cyfitter_cfg.o
 .debug_info    0x000018f2      0x139 .\CortexM3\ARM_GCC_541\Debug\cymetadata.o
 .debug_info    0x00001a2b      0x3cf .\CortexM3\ARM_GCC_541\Debug\Cm3Start.o
 .debug_info    0x00001dfa      0x60c .\CortexM3\ARM_GCC_541\Debug\PSOC5 Implement.a(UART_OEM.o)
 .debug_info    0x00002406      0x60c .\CortexM3\ARM_GCC_541\Debug\PSOC5 Implement.a(UART_RPI.o)
 .debug_info    0x00002a12      0x45c .\CortexM3\ARM_GCC_541\Debug\PSOC5 Implement.a(UART_Debug.o)
 .debug_info    0x00002e6e      0x295 .\CortexM3\ARM_GCC_541\Debug\PSOC5 Implement.a(Timer_ISR.o)
 .debug_info    0x00003103      0x6f2 .\CortexM3\ARM_GCC_541\Debug\PSOC5 Implement.a(ADC_TS410.o)
 .debug_info    0x000037f5       0xa0 .\CortexM3\ARM_GCC_541\Debug\PSOC5 Implement.a(ADC_TS410_INT.o)
 .debug_info    0x00003895      0x235 .\CortexM3\ARM_GCC_541\Debug\PSOC5 Implement.a(AMux.o)
 .debug_info    0x00003aca      0x283 .\CortexM3\ARM_GCC_541\Debug\PSOC5 Implement.a(UART_OEM_IntClock.o)
 .debug_info    0x00003d4d      0x283 .\CortexM3\ARM_GCC_541\Debug\PSOC5 Implement.a(UART_RPI_IntClock.o)
 .debug_info    0x00003fd0      0x283 .\CortexM3\ARM_GCC_541\Debug\PSOC5 Implement.a(UART_Debug_IntClock.o)
 .debug_info    0x00004253      0x544 .\CortexM3\ARM_GCC_541\Debug\PSOC5 Implement.a(ADC_TS410_SAR.o)
 .debug_info    0x00004797      0x1a8 .\CortexM3\ARM_GCC_541\Debug\PSOC5 Implement.a(ADC_TS410_TempBuf_dma.o)
 .debug_info    0x0000493f      0x1aa .\CortexM3\ARM_GCC_541\Debug\PSOC5 Implement.a(ADC_TS410_FinalBuf_dma.o)
 .debug_info    0x00004ae9      0x2d2 .\CortexM3\ARM_GCC_541\Debug\PSOC5 Implement.a(ADC_TS410_IRQ.o)
 .debug_info    0x00004dbb      0x94e .\CortexM3\ARM_GCC_541\Debug\PSOC5 Implement.a(CyDmac.o)
 .debug_info    0x00005709     0x1374 .\CortexM3\ARM_GCC_541\Debug\PSOC5 Implement.a(CyLib.o)
 .debug_info    0x00006a7d      0xa2a .\CortexM3\ARM_GCC_541\Debug\PSOC5 Implement.a(cyPm.o)
 .debug_info    0x000074a7      0x11f .\CortexM3\ARM_GCC_541\Debug\PSOC5 Implement.a(USER_LED.o)
 .debug_info    0x000075c6      0x2d2 .\CortexM3\ARM_GCC_541\Debug\PSOC5 Implement.a(Timer_Interrupt.o)
 .debug_info    0x00007898      0xb92 .\CortexM3\ARM_GCC_541\Debug\PSOC5 Implement.a(ADC_DelSig.o)
 .debug_info    0x0000842a       0xd3 .\CortexM3\ARM_GCC_541\Debug\PSOC5 Implement.a(ADC_DelSig_INT.o)
 .debug_info    0x000084fd      0x283 .\CortexM3\ARM_GCC_541\Debug\PSOC5 Implement.a(ADC_DelSig_Ext_CP_Clk.o)
 .debug_info    0x00008780      0x2c4 .\CortexM3\ARM_GCC_541\Debug\PSOC5 Implement.a(ADC_DelSig_theACLK.o)
 .debug_info    0x00008a44       0x93 .\CortexM3\ARM_GCC_541\Debug\PSOC5 Implement.a(CyBootAsmGnu.o)
 .debug_info    0x00008ad7      0x64d .\CortexM3\ARM_GCC_541\Debug\PSOC5 Implement.a(CyFlash.o)
 .debug_info    0x00009124      0x550 .\CortexM3\ARM_GCC_541\Debug\PSOC5 Implement.a(CySpc.o)

.debug_abbrev   0x00000000     0x2831
 *(.debug_abbrev)
 .debug_abbrev  0x00000000      0x305 .\CortexM3\ARM_GCC_541\Debug\main.o
 .debug_abbrev  0x00000305       0xfb .\CortexM3\ARM_GCC_541\Debug\Pressure_Transducer.o
 .debug_abbrev  0x00000400      0x22d .\CortexM3\ARM_GCC_541\Debug\cyfitter_cfg.o
 .debug_abbrev  0x0000062d       0x77 .\CortexM3\ARM_GCC_541\Debug\cymetadata.o
 .debug_abbrev  0x000006a4      0x1e8 .\CortexM3\ARM_GCC_541\Debug\Cm3Start.o
 .debug_abbrev  0x0000088c      0x175 .\CortexM3\ARM_GCC_541\Debug\PSOC5 Implement.a(UART_OEM.o)
 .debug_abbrev  0x00000a01      0x175 .\CortexM3\ARM_GCC_541\Debug\PSOC5 Implement.a(UART_RPI.o)
 .debug_abbrev  0x00000b76      0x175 .\CortexM3\ARM_GCC_541\Debug\PSOC5 Implement.a(UART_Debug.o)
 .debug_abbrev  0x00000ceb      0x11a .\CortexM3\ARM_GCC_541\Debug\PSOC5 Implement.a(Timer_ISR.o)
 .debug_abbrev  0x00000e05      0x13e .\CortexM3\ARM_GCC_541\Debug\PSOC5 Implement.a(ADC_TS410.o)
 .debug_abbrev  0x00000f43       0x42 .\CortexM3\ARM_GCC_541\Debug\PSOC5 Implement.a(ADC_TS410_INT.o)
 .debug_abbrev  0x00000f85       0xbe .\CortexM3\ARM_GCC_541\Debug\PSOC5 Implement.a(AMux.o)
 .debug_abbrev  0x00001043      0x139 .\CortexM3\ARM_GCC_541\Debug\PSOC5 Implement.a(UART_OEM_IntClock.o)
 .debug_abbrev  0x0000117c      0x139 .\CortexM3\ARM_GCC_541\Debug\PSOC5 Implement.a(UART_RPI_IntClock.o)
 .debug_abbrev  0x000012b5      0x139 .\CortexM3\ARM_GCC_541\Debug\PSOC5 Implement.a(UART_Debug_IntClock.o)
 .debug_abbrev  0x000013ee      0x1ac .\CortexM3\ARM_GCC_541\Debug\PSOC5 Implement.a(ADC_TS410_SAR.o)
 .debug_abbrev  0x0000159a       0xcd .\CortexM3\ARM_GCC_541\Debug\PSOC5 Implement.a(ADC_TS410_TempBuf_dma.o)
 .debug_abbrev  0x00001667       0xcd .\CortexM3\ARM_GCC_541\Debug\PSOC5 Implement.a(ADC_TS410_FinalBuf_dma.o)
 .debug_abbrev  0x00001734      0x173 .\CortexM3\ARM_GCC_541\Debug\PSOC5 Implement.a(ADC_TS410_IRQ.o)
 .debug_abbrev  0x000018a7      0x1b2 .\CortexM3\ARM_GCC_541\Debug\PSOC5 Implement.a(CyDmac.o)
 .debug_abbrev  0x00001a59      0x254 .\CortexM3\ARM_GCC_541\Debug\PSOC5 Implement.a(CyLib.o)
 .debug_abbrev  0x00001cad      0x1ab .\CortexM3\ARM_GCC_541\Debug\PSOC5 Implement.a(cyPm.o)
 .debug_abbrev  0x00001e58       0x90 .\CortexM3\ARM_GCC_541\Debug\PSOC5 Implement.a(USER_LED.o)
 .debug_abbrev  0x00001ee8      0x173 .\CortexM3\ARM_GCC_541\Debug\PSOC5 Implement.a(Timer_Interrupt.o)
 .debug_abbrev  0x0000205b      0x1eb .\CortexM3\ARM_GCC_541\Debug\PSOC5 Implement.a(ADC_DelSig.o)
 .debug_abbrev  0x00002246       0x42 .\CortexM3\ARM_GCC_541\Debug\PSOC5 Implement.a(ADC_DelSig_INT.o)
 .debug_abbrev  0x00002288      0x139 .\CortexM3\ARM_GCC_541\Debug\PSOC5 Implement.a(ADC_DelSig_Ext_CP_Clk.o)
 .debug_abbrev  0x000023c1      0x121 .\CortexM3\ARM_GCC_541\Debug\PSOC5 Implement.a(ADC_DelSig_theACLK.o)
 .debug_abbrev  0x000024e2       0x14 .\CortexM3\ARM_GCC_541\Debug\PSOC5 Implement.a(CyBootAsmGnu.o)
 .debug_abbrev  0x000024f6      0x1a7 .\CortexM3\ARM_GCC_541\Debug\PSOC5 Implement.a(CyFlash.o)
 .debug_abbrev  0x0000269d      0x194 .\CortexM3\ARM_GCC_541\Debug\PSOC5 Implement.a(CySpc.o)

.debug_line     0x00000000     0x3d95
 *(.debug_line)
 .debug_line    0x00000000      0x46e .\CortexM3\ARM_GCC_541\Debug\main.o
 .debug_line    0x0000046e      0x1b7 .\CortexM3\ARM_GCC_541\Debug\Pressure_Transducer.o
 .debug_line    0x00000625      0x262 .\CortexM3\ARM_GCC_541\Debug\cyfitter_cfg.o
 .debug_line    0x00000887      0x141 .\CortexM3\ARM_GCC_541\Debug\cymetadata.o
 .debug_line    0x000009c8      0x241 .\CortexM3\ARM_GCC_541\Debug\Cm3Start.o
 .debug_line    0x00000c09      0x2c4 .\CortexM3\ARM_GCC_541\Debug\PSOC5 Implement.a(UART_OEM.o)
 .debug_line    0x00000ecd      0x2c4 .\CortexM3\ARM_GCC_541\Debug\PSOC5 Implement.a(UART_RPI.o)
 .debug_line    0x00001191      0x1fc .\CortexM3\ARM_GCC_541\Debug\PSOC5 Implement.a(UART_Debug.o)
 .debug_line    0x0000138d      0x157 .\CortexM3\ARM_GCC_541\Debug\PSOC5 Implement.a(Timer_ISR.o)
 .debug_line    0x000014e4      0x220 .\CortexM3\ARM_GCC_541\Debug\PSOC5 Implement.a(ADC_TS410.o)
 .debug_line    0x00001704       0x56 .\CortexM3\ARM_GCC_541\Debug\PSOC5 Implement.a(ADC_TS410_INT.o)
 .debug_line    0x0000175a       0xd4 .\CortexM3\ARM_GCC_541\Debug\PSOC5 Implement.a(AMux.o)
 .debug_line    0x0000182e      0x180 .\CortexM3\ARM_GCC_541\Debug\PSOC5 Implement.a(UART_OEM_IntClock.o)
 .debug_line    0x000019ae      0x180 .\CortexM3\ARM_GCC_541\Debug\PSOC5 Implement.a(UART_RPI_IntClock.o)
 .debug_line    0x00001b2e      0x182 .\CortexM3\ARM_GCC_541\Debug\PSOC5 Implement.a(UART_Debug_IntClock.o)
 .debug_line    0x00001cb0      0x209 .\CortexM3\ARM_GCC_541\Debug\PSOC5 Implement.a(ADC_TS410_SAR.o)
 .debug_line    0x00001eb9       0x8e .\CortexM3\ARM_GCC_541\Debug\PSOC5 Implement.a(ADC_TS410_TempBuf_dma.o)
 .debug_line    0x00001f47       0x8f .\CortexM3\ARM_GCC_541\Debug\PSOC5 Implement.a(ADC_TS410_FinalBuf_dma.o)
 .debug_line    0x00001fd6      0x13a .\CortexM3\ARM_GCC_541\Debug\PSOC5 Implement.a(ADC_TS410_IRQ.o)
 .debug_line    0x00002110      0x2e4 .\CortexM3\ARM_GCC_541\Debug\PSOC5 Implement.a(CyDmac.o)
 .debug_line    0x000023f4      0x816 .\CortexM3\ARM_GCC_541\Debug\PSOC5 Implement.a(CyLib.o)
 .debug_line    0x00002c0a      0x367 .\CortexM3\ARM_GCC_541\Debug\PSOC5 Implement.a(cyPm.o)
 .debug_line    0x00002f71       0x95 .\CortexM3\ARM_GCC_541\Debug\PSOC5 Implement.a(USER_LED.o)
 .debug_line    0x00003006      0x13c .\CortexM3\ARM_GCC_541\Debug\PSOC5 Implement.a(Timer_Interrupt.o)
 .debug_line    0x00003142      0x3c4 .\CortexM3\ARM_GCC_541\Debug\PSOC5 Implement.a(ADC_DelSig.o)
 .debug_line    0x00003506       0x87 .\CortexM3\ARM_GCC_541\Debug\PSOC5 Implement.a(ADC_DelSig_INT.o)
 .debug_line    0x0000358d      0x184 .\CortexM3\ARM_GCC_541\Debug\PSOC5 Implement.a(ADC_DelSig_Ext_CP_Clk.o)
 .debug_line    0x00003711      0x1a4 .\CortexM3\ARM_GCC_541\Debug\PSOC5 Implement.a(ADC_DelSig_theACLK.o)
 .debug_line    0x000038b5       0x66 .\CortexM3\ARM_GCC_541\Debug\PSOC5 Implement.a(CyBootAsmGnu.o)
 .debug_line    0x0000391b      0x21a .\CortexM3\ARM_GCC_541\Debug\PSOC5 Implement.a(CyFlash.o)
 .debug_line    0x00003b35      0x260 .\CortexM3\ARM_GCC_541\Debug\PSOC5 Implement.a(CySpc.o)

.debug_frame    0x00000000     0x2f00
 *(.debug_frame)
 .debug_frame   0x00000000      0x174 .\CortexM3\ARM_GCC_541\Debug\main.o
 .debug_frame   0x00000174       0x64 .\CortexM3\ARM_GCC_541\Debug\Pressure_Transducer.o
 .debug_frame   0x000001d8      0x13c .\CortexM3\ARM_GCC_541\Debug\cyfitter_cfg.o
 .debug_frame   0x00000314       0xb8 .\CortexM3\ARM_GCC_541\Debug\Cm3Start.o
 .debug_frame   0x000003cc      0x250 .\CortexM3\ARM_GCC_541\Debug\PSOC5 Implement.a(UART_OEM.o)
 .debug_frame   0x0000061c      0x250 .\CortexM3\ARM_GCC_541\Debug\PSOC5 Implement.a(UART_RPI.o)
 .debug_frame   0x0000086c      0x198 .\CortexM3\ARM_GCC_541\Debug\PSOC5 Implement.a(UART_Debug.o)
 .debug_frame   0x00000a04      0x108 .\CortexM3\ARM_GCC_541\Debug\PSOC5 Implement.a(Timer_ISR.o)
 .debug_frame   0x00000b0c      0x1dc .\CortexM3\ARM_GCC_541\Debug\PSOC5 Implement.a(ADC_TS410.o)
 .debug_frame   0x00000ce8       0x20 .\CortexM3\ARM_GCC_541\Debug\PSOC5 Implement.a(ADC_TS410_INT.o)
 .debug_frame   0x00000d08       0x9c .\CortexM3\ARM_GCC_541\Debug\PSOC5 Implement.a(AMux.o)
 .debug_frame   0x00000da4       0xe0 .\CortexM3\ARM_GCC_541\Debug\PSOC5 Implement.a(UART_OEM_IntClock.o)
 .debug_frame   0x00000e84       0xe0 .\CortexM3\ARM_GCC_541\Debug\PSOC5 Implement.a(UART_RPI_IntClock.o)
 .debug_frame   0x00000f64       0xe0 .\CortexM3\ARM_GCC_541\Debug\PSOC5 Implement.a(UART_Debug_IntClock.o)
 .debug_frame   0x00001044      0x1b0 .\CortexM3\ARM_GCC_541\Debug\PSOC5 Implement.a(ADC_TS410_SAR.o)
 .debug_frame   0x000011f4       0x54 .\CortexM3\ARM_GCC_541\Debug\PSOC5 Implement.a(ADC_TS410_TempBuf_dma.o)
 .debug_frame   0x00001248       0x54 .\CortexM3\ARM_GCC_541\Debug\PSOC5 Implement.a(ADC_TS410_FinalBuf_dma.o)
 .debug_frame   0x0000129c      0x104 .\CortexM3\ARM_GCC_541\Debug\PSOC5 Implement.a(ADC_TS410_IRQ.o)
 .debug_frame   0x000013a0      0x1f8 .\CortexM3\ARM_GCC_541\Debug\PSOC5 Implement.a(CyDmac.o)
 .debug_frame   0x00001598      0x738 .\CortexM3\ARM_GCC_541\Debug\PSOC5 Implement.a(CyLib.o)
 .debug_frame   0x00001cd0      0x1f8 .\CortexM3\ARM_GCC_541\Debug\PSOC5 Implement.a(cyPm.o)
 .debug_frame   0x00001ec8       0x50 .\CortexM3\ARM_GCC_541\Debug\PSOC5 Implement.a(USER_LED.o)
 .debug_frame   0x00001f18      0x104 .\CortexM3\ARM_GCC_541\Debug\PSOC5 Implement.a(Timer_Interrupt.o)
 .debug_frame   0x0000201c      0x284 .\CortexM3\ARM_GCC_541\Debug\PSOC5 Implement.a(ADC_DelSig.o)
 .debug_frame   0x000022a0       0x50 .\CortexM3\ARM_GCC_541\Debug\PSOC5 Implement.a(ADC_DelSig_INT.o)
 .debug_frame   0x000022f0       0xe0 .\CortexM3\ARM_GCC_541\Debug\PSOC5 Implement.a(ADC_DelSig_Ext_CP_Clk.o)
 .debug_frame   0x000023d0      0x100 .\CortexM3\ARM_GCC_541\Debug\PSOC5 Implement.a(ADC_DelSig_theACLK.o)
 .debug_frame   0x000024d0      0x194 .\CortexM3\ARM_GCC_541\Debug\PSOC5 Implement.a(CyFlash.o)
 .debug_frame   0x00002664      0x180 .\CortexM3\ARM_GCC_541\Debug\PSOC5 Implement.a(CySpc.o)
 .debug_frame   0x000027e4       0x44 c:/program files (x86)/cypress/psoc creator/4.4/psoc creator/import/gnu/arm/5.4.1/bin/../lib/gcc/arm-none-eabi/5.4.1/armv7-m\libgcc.a(_aeabi_ldivmod.o)
 .debug_frame   0x00002828       0x38 c:/program files (x86)/cypress/psoc creator/4.4/psoc creator/import/gnu/arm/5.4.1/bin/../lib/gcc/arm-none-eabi/5.4.1/armv7-m\libgcc.a(_udivmoddi4.o)
 .debug_frame   0x00002860       0x20 c:/program files (x86)/cypress/psoc creator/4.4/psoc creator/import/gnu/arm/5.4.1/bin/../lib/gcc/arm-none-eabi/5.4.1/../../../../arm-none-eabi/lib/armv7-m\libg_nano.a(lib_a-errno.o)
 .debug_frame   0x00002880       0x28 c:/program files (x86)/cypress/psoc creator/4.4/psoc creator/import/gnu/arm/5.4.1/bin/../lib/gcc/arm-none-eabi/5.4.1/../../../../arm-none-eabi/lib/armv7-m\libg_nano.a(lib_a-exit.o)
 .debug_frame   0x000028a8       0x2c c:/program files (x86)/cypress/psoc creator/4.4/psoc creator/import/gnu/arm/5.4.1/bin/../lib/gcc/arm-none-eabi/5.4.1/../../../../arm-none-eabi/lib/armv7-m\libg_nano.a(lib_a-init.o)
 .debug_frame   0x000028d4       0x28 c:/program files (x86)/cypress/psoc creator/4.4/psoc creator/import/gnu/arm/5.4.1/bin/../lib/gcc/arm-none-eabi/5.4.1/../../../../arm-none-eabi/lib/armv7-m\libg_nano.a(lib_a-memcpy-stub.o)
 .debug_frame   0x000028fc       0x20 c:/program files (x86)/cypress/psoc creator/4.4/psoc creator/import/gnu/arm/5.4.1/bin/../lib/gcc/arm-none-eabi/5.4.1/../../../../arm-none-eabi/lib/armv7-m\libg_nano.a(lib_a-memset.o)
 .debug_frame   0x0000291c       0x8c c:/program files (x86)/cypress/psoc creator/4.4/psoc creator/import/gnu/arm/5.4.1/bin/../lib/gcc/arm-none-eabi/5.4.1/../../../../arm-none-eabi/lib/armv7-m\libg_nano.a(lib_a-nano-vfprintf_float.o)
 .debug_frame   0x000029a8       0x60 c:/program files (x86)/cypress/psoc creator/4.4/psoc creator/import/gnu/arm/5.4.1/bin/../lib/gcc/arm-none-eabi/5.4.1/../../../../arm-none-eabi/lib/armv7-m\libg_nano.a(lib_a-nano-vfprintf_i.o)
 .debug_frame   0x00002a08       0x6c c:/program files (x86)/cypress/psoc creator/4.4/psoc creator/import/gnu/arm/5.4.1/bin/../lib/gcc/arm-none-eabi/5.4.1/../../../../arm-none-eabi/lib/armv7-m\libg_nano.a(lib_a-dtoa.o)
 .debug_frame   0x00002a74       0x98 c:/program files (x86)/cypress/psoc creator/4.4/psoc creator/import/gnu/arm/5.4.1/bin/../lib/gcc/arm-none-eabi/5.4.1/../../../../arm-none-eabi/lib/armv7-m\libg_nano.a(lib_a-locale.o)
 .debug_frame   0x00002b0c       0x30 c:/program files (x86)/cypress/psoc creator/4.4/psoc creator/import/gnu/arm/5.4.1/bin/../lib/gcc/arm-none-eabi/5.4.1/../../../../arm-none-eabi/lib/armv7-m\libg_nano.a(lib_a-malloc.o)
 .debug_frame   0x00002b3c       0x28 c:/program files (x86)/cypress/psoc creator/4.4/psoc creator/import/gnu/arm/5.4.1/bin/../lib/gcc/arm-none-eabi/5.4.1/../../../../arm-none-eabi/lib/armv7-m\libg_nano.a(lib_a-memchr-stub.o)
 .debug_frame   0x00002b64      0x234 c:/program files (x86)/cypress/psoc creator/4.4/psoc creator/import/gnu/arm/5.4.1/bin/../lib/gcc/arm-none-eabi/5.4.1/../../../../arm-none-eabi/lib/armv7-m\libg_nano.a(lib_a-mprec.o)
 .debug_frame   0x00002d98       0x2c c:/program files (x86)/cypress/psoc creator/4.4/psoc creator/import/gnu/arm/5.4.1/bin/../lib/gcc/arm-none-eabi/5.4.1/../../../../arm-none-eabi/lib/armv7-m\libg_nano.a(lib_a-nano-callocr.o)
 .debug_frame   0x00002dc4       0x38 c:/program files (x86)/cypress/psoc creator/4.4/psoc creator/import/gnu/arm/5.4.1/bin/../lib/gcc/arm-none-eabi/5.4.1/../../../../arm-none-eabi/lib/armv7-m\libg_nano.a(lib_a-nano-freer.o)
 .debug_frame   0x00002dfc       0x2c c:/program files (x86)/cypress/psoc creator/4.4/psoc creator/import/gnu/arm/5.4.1/bin/../lib/gcc/arm-none-eabi/5.4.1/../../../../arm-none-eabi/lib/armv7-m\libg_nano.a(lib_a-nano-mallocr.o)
 .debug_frame   0x00002e28       0x2c c:/program files (x86)/cypress/psoc creator/4.4/psoc creator/import/gnu/arm/5.4.1/bin/../lib/gcc/arm-none-eabi/5.4.1/../../../../arm-none-eabi/lib/armv7-m\libg_nano.a(lib_a-sbrkr.o)
 .debug_frame   0x00002e54       0x20 c:/program files (x86)/cypress/psoc creator/4.4/psoc creator/import/gnu/arm/5.4.1/bin/../lib/gcc/arm-none-eabi/5.4.1/../../../../arm-none-eabi/lib/armv7-m\libg_nano.a(lib_a-strcmp.o)
 .debug_frame   0x00002e74       0x30 c:/program files (x86)/cypress/psoc creator/4.4/psoc creator/import/gnu/arm/5.4.1/bin/../lib/gcc/arm-none-eabi/5.4.1/../../../../arm-none-eabi/lib/armv7-m\libg_nano.a(lib_a-mlock.o)
 .debug_frame   0x00002ea4       0x5c c:/program files (x86)/cypress/psoc creator/4.4/psoc creator/import/gnu/arm/5.4.1/bin/../lib/gcc/arm-none-eabi/5.4.1/../../../../arm-none-eabi/lib/armv7-m\libg_nano.a(lib_a-reent.o)

.debug_str      0x00000000     0x3a49
 *(.debug_str)
 .debug_str     0x00000000      0x68c .\CortexM3\ARM_GCC_541\Debug\main.o
                                0x702 (size before relaxing)
 .debug_str     0x0000068c       0xa1 .\CortexM3\ARM_GCC_541\Debug\Pressure_Transducer.o
                                0x296 (size before relaxing)
 .debug_str     0x0000072d      0x282 .\CortexM3\ARM_GCC_541\Debug\cyfitter_cfg.o
                                0x429 (size before relaxing)
 .debug_str     0x000009af       0x75 .\CortexM3\ARM_GCC_541\Debug\cymetadata.o
                                0x1e7 (size before relaxing)
 .debug_str     0x00000a24      0x154 .\CortexM3\ARM_GCC_541\Debug\Cm3Start.o
                                0x31d (size before relaxing)
 .debug_str     0x00000b78      0x306 .\CortexM3\ARM_GCC_541\Debug\PSOC5 Implement.a(UART_OEM.o)
                                0x4f4 (size before relaxing)
 .debug_str     0x00000e7e      0x282 .\CortexM3\ARM_GCC_541\Debug\PSOC5 Implement.a(UART_RPI.o)
                                0x4f4 (size before relaxing)
 .debug_str     0x00001100      0x1c7 .\CortexM3\ARM_GCC_541\Debug\PSOC5 Implement.a(UART_Debug.o)
                                0x41f (size before relaxing)
 .debug_str     0x000012c7      0x16d .\CortexM3\ARM_GCC_541\Debug\PSOC5 Implement.a(Timer_ISR.o)
                                0x338 (size before relaxing)
 .debug_str     0x00001434      0x40a .\CortexM3\ARM_GCC_541\Debug\PSOC5 Implement.a(ADC_TS410.o)
                                0x67f (size before relaxing)
 .debug_str     0x0000183e       0x35 .\CortexM3\ARM_GCC_541\Debug\PSOC5 Implement.a(ADC_TS410_INT.o)
                                0x1b3 (size before relaxing)
 .debug_str     0x00001873       0x58 .\CortexM3\ARM_GCC_541\Debug\PSOC5 Implement.a(AMux.o)
                                0x24b (size before relaxing)
 .debug_str     0x000018cb      0x1b1 .\CortexM3\ARM_GCC_541\Debug\PSOC5 Implement.a(UART_OEM_IntClock.o)
                                0x369 (size before relaxing)
 .debug_str     0x00001a7c      0x160 .\CortexM3\ARM_GCC_541\Debug\PSOC5 Implement.a(UART_RPI_IntClock.o)
                                0x369 (size before relaxing)
 .debug_str     0x00001bdc      0x174 .\CortexM3\ARM_GCC_541\Debug\PSOC5 Implement.a(UART_Debug_IntClock.o)
                                0x381 (size before relaxing)
 .debug_str     0x00001d50      0x139 .\CortexM3\ARM_GCC_541\Debug\PSOC5 Implement.a(ADC_TS410_SAR.o)
                                0x4d1 (size before relaxing)
 .debug_str     0x00001e89       0xe5 .\CortexM3\ARM_GCC_541\Debug\PSOC5 Implement.a(ADC_TS410_TempBuf_dma.o)
                                0x29f (size before relaxing)
 .debug_str     0x00001f6e       0x6b .\CortexM3\ARM_GCC_541\Debug\PSOC5 Implement.a(ADC_TS410_FinalBuf_dma.o)
                                0x2a3 (size before relaxing)
 .debug_str     0x00001fd9      0x13c .\CortexM3\ARM_GCC_541\Debug\PSOC5 Implement.a(ADC_TS410_IRQ.o)
                                0x319 (size before relaxing)
 .debug_str     0x00002115      0x280 .\CortexM3\ARM_GCC_541\Debug\PSOC5 Implement.a(CyDmac.o)
                                0x54d (size before relaxing)
 .debug_str     0x00002395      0x7d8 .\CortexM3\ARM_GCC_541\Debug\PSOC5 Implement.a(CyLib.o)
                                0xa4a (size before relaxing)
 .debug_str     0x00002b6d      0x365 .\CortexM3\ARM_GCC_541\Debug\PSOC5 Implement.a(cyPm.o)
                                0x736 (size before relaxing)
 .debug_str     0x00002ed2       0x66 .\CortexM3\ARM_GCC_541\Debug\PSOC5 Implement.a(USER_LED.o)
                                0x1f4 (size before relaxing)
 .debug_str     0x00002f38      0x15a .\CortexM3\ARM_GCC_541\Debug\PSOC5 Implement.a(Timer_Interrupt.o)
                                0x335 (size before relaxing)
 .debug_str     0x00003092      0x3d5 .\CortexM3\ARM_GCC_541\Debug\PSOC5 Implement.a(ADC_DelSig.o)
                                0x6d4 (size before relaxing)
 .debug_str     0x00003467       0x68 .\CortexM3\ARM_GCC_541\Debug\PSOC5 Implement.a(ADC_DelSig_INT.o)
                                0x1e6 (size before relaxing)
 .debug_str     0x000034cf      0x170 .\CortexM3\ARM_GCC_541\Debug\PSOC5 Implement.a(ADC_DelSig_Ext_CP_Clk.o)
                                0x399 (size before relaxing)
 .debug_str     0x0000363f      0x1a3 .\CortexM3\ARM_GCC_541\Debug\PSOC5 Implement.a(ADC_DelSig_theACLK.o)
                                0x3c6 (size before relaxing)
 .debug_str     0x000037e2      0x1bb .\CortexM3\ARM_GCC_541\Debug\PSOC5 Implement.a(CyFlash.o)
                                0x3c3 (size before relaxing)
 .debug_str     0x0000399d       0xac .\CortexM3\ARM_GCC_541\Debug\PSOC5 Implement.a(CySpc.o)
                                0x33b (size before relaxing)

.debug_loc      0x00000000     0x4826
 *(.debug_loc)
 .debug_loc     0x00000000      0x76e .\CortexM3\ARM_GCC_541\Debug\main.o
 .debug_loc     0x0000076e       0x79 .\CortexM3\ARM_GCC_541\Debug\Pressure_Transducer.o
 .debug_loc     0x000007e7      0x333 .\CortexM3\ARM_GCC_541\Debug\cyfitter_cfg.o
 .debug_loc     0x00000b1a      0x144 .\CortexM3\ARM_GCC_541\Debug\Cm3Start.o
 .debug_loc     0x00000c5e      0x258 .\CortexM3\ARM_GCC_541\Debug\PSOC5 Implement.a(UART_OEM.o)
 .debug_loc     0x00000eb6      0x258 .\CortexM3\ARM_GCC_541\Debug\PSOC5 Implement.a(UART_RPI.o)
 .debug_loc     0x0000110e      0x1f7 .\CortexM3\ARM_GCC_541\Debug\PSOC5 Implement.a(UART_Debug.o)
 .debug_loc     0x00001305      0x13c .\CortexM3\ARM_GCC_541\Debug\PSOC5 Implement.a(ADC_TS410.o)
 .debug_loc     0x00001441       0xae .\CortexM3\ARM_GCC_541\Debug\PSOC5 Implement.a(AMux.o)
 .debug_loc     0x000014ef      0x128 .\CortexM3\ARM_GCC_541\Debug\PSOC5 Implement.a(UART_OEM_IntClock.o)
 .debug_loc     0x00001617      0x128 .\CortexM3\ARM_GCC_541\Debug\PSOC5 Implement.a(UART_RPI_IntClock.o)
 .debug_loc     0x0000173f      0x128 .\CortexM3\ARM_GCC_541\Debug\PSOC5 Implement.a(UART_Debug_IntClock.o)
 .debug_loc     0x00001867      0x295 .\CortexM3\ARM_GCC_541\Debug\PSOC5 Implement.a(ADC_TS410_SAR.o)
 .debug_loc     0x00001afc       0x84 .\CortexM3\ARM_GCC_541\Debug\PSOC5 Implement.a(ADC_TS410_TempBuf_dma.o)
 .debug_loc     0x00001b80       0x84 .\CortexM3\ARM_GCC_541\Debug\PSOC5 Implement.a(ADC_TS410_FinalBuf_dma.o)
 .debug_loc     0x00001c04       0x56 .\CortexM3\ARM_GCC_541\Debug\PSOC5 Implement.a(ADC_TS410_IRQ.o)
 .debug_loc     0x00001c5a      0xb8e .\CortexM3\ARM_GCC_541\Debug\PSOC5 Implement.a(CyDmac.o)
 .debug_loc     0x000027e8      0xa11 .\CortexM3\ARM_GCC_541\Debug\PSOC5 Implement.a(CyLib.o)
 .debug_loc     0x000031f9      0x1e4 .\CortexM3\ARM_GCC_541\Debug\PSOC5 Implement.a(cyPm.o)
 .debug_loc     0x000033dd       0x42 .\CortexM3\ARM_GCC_541\Debug\PSOC5 Implement.a(USER_LED.o)
 .debug_loc     0x0000341f       0x56 .\CortexM3\ARM_GCC_541\Debug\PSOC5 Implement.a(Timer_Interrupt.o)
 .debug_loc     0x00003475      0x681 .\CortexM3\ARM_GCC_541\Debug\PSOC5 Implement.a(ADC_DelSig.o)
 .debug_loc     0x00003af6      0x12c .\CortexM3\ARM_GCC_541\Debug\PSOC5 Implement.a(ADC_DelSig_Ext_CP_Clk.o)
 .debug_loc     0x00003c22      0x14d .\CortexM3\ARM_GCC_541\Debug\PSOC5 Implement.a(ADC_DelSig_theACLK.o)
 .debug_loc     0x00003d6f      0x3b2 .\CortexM3\ARM_GCC_541\Debug\PSOC5 Implement.a(CyFlash.o)
 .debug_loc     0x00004121      0x705 .\CortexM3\ARM_GCC_541\Debug\PSOC5 Implement.a(CySpc.o)

.debug_macinfo
 *(.debug_macinfo)

.debug_ranges   0x00000000      0xe68
 *(.debug_ranges)
 .debug_ranges  0x00000000       0x88 .\CortexM3\ARM_GCC_541\Debug\main.o
 .debug_ranges  0x00000088       0x20 .\CortexM3\ARM_GCC_541\Debug\Pressure_Transducer.o
 .debug_ranges  0x000000a8       0x68 .\CortexM3\ARM_GCC_541\Debug\cyfitter_cfg.o
 .debug_ranges  0x00000110       0x38 .\CortexM3\ARM_GCC_541\Debug\Cm3Start.o
 .debug_ranges  0x00000148       0xe0 .\CortexM3\ARM_GCC_541\Debug\PSOC5 Implement.a(UART_OEM.o)
 .debug_ranges  0x00000228       0xe0 .\CortexM3\ARM_GCC_541\Debug\PSOC5 Implement.a(UART_RPI.o)
 .debug_ranges  0x00000308       0x90 .\CortexM3\ARM_GCC_541\Debug\PSOC5 Implement.a(UART_Debug.o)
 .debug_ranges  0x00000398       0x78 .\CortexM3\ARM_GCC_541\Debug\PSOC5 Implement.a(Timer_ISR.o)
 .debug_ranges  0x00000410       0x90 .\CortexM3\ARM_GCC_541\Debug\PSOC5 Implement.a(ADC_TS410.o)
 .debug_ranges  0x000004a0       0x10 .\CortexM3\ARM_GCC_541\Debug\PSOC5 Implement.a(ADC_TS410_INT.o)
 .debug_ranges  0x000004b0       0x30 .\CortexM3\ARM_GCC_541\Debug\PSOC5 Implement.a(AMux.o)
 .debug_ranges  0x000004e0       0x60 .\CortexM3\ARM_GCC_541\Debug\PSOC5 Implement.a(UART_OEM_IntClock.o)
 .debug_ranges  0x00000540       0x60 .\CortexM3\ARM_GCC_541\Debug\PSOC5 Implement.a(UART_RPI_IntClock.o)
 .debug_ranges  0x000005a0       0x60 .\CortexM3\ARM_GCC_541\Debug\PSOC5 Implement.a(UART_Debug_IntClock.o)
 .debug_ranges  0x00000600       0x98 .\CortexM3\ARM_GCC_541\Debug\PSOC5 Implement.a(ADC_TS410_SAR.o)
 .debug_ranges  0x00000698       0x18 .\CortexM3\ARM_GCC_541\Debug\PSOC5 Implement.a(ADC_TS410_TempBuf_dma.o)
 .debug_ranges  0x000006b0       0x18 .\CortexM3\ARM_GCC_541\Debug\PSOC5 Implement.a(ADC_TS410_FinalBuf_dma.o)
 .debug_ranges  0x000006c8       0x70 .\CortexM3\ARM_GCC_541\Debug\PSOC5 Implement.a(ADC_TS410_IRQ.o)
 .debug_ranges  0x00000738       0xc8 .\CortexM3\ARM_GCC_541\Debug\PSOC5 Implement.a(CyDmac.o)
 .debug_ranges  0x00000800      0x290 .\CortexM3\ARM_GCC_541\Debug\PSOC5 Implement.a(CyLib.o)
 .debug_ranges  0x00000a90       0x88 .\CortexM3\ARM_GCC_541\Debug\PSOC5 Implement.a(cyPm.o)
 .debug_ranges  0x00000b18       0x28 .\CortexM3\ARM_GCC_541\Debug\PSOC5 Implement.a(USER_LED.o)
 .debug_ranges  0x00000b40       0x70 .\CortexM3\ARM_GCC_541\Debug\PSOC5 Implement.a(Timer_Interrupt.o)
 .debug_ranges  0x00000bb0       0xd8 .\CortexM3\ARM_GCC_541\Debug\PSOC5 Implement.a(ADC_DelSig.o)
 .debug_ranges  0x00000c88       0x28 .\CortexM3\ARM_GCC_541\Debug\PSOC5 Implement.a(ADC_DelSig_INT.o)
 .debug_ranges  0x00000cb0       0x60 .\CortexM3\ARM_GCC_541\Debug\PSOC5 Implement.a(ADC_DelSig_Ext_CP_Clk.o)
 .debug_ranges  0x00000d10       0x70 .\CortexM3\ARM_GCC_541\Debug\PSOC5 Implement.a(ADC_DelSig_theACLK.o)
 .debug_ranges  0x00000d80       0x78 .\CortexM3\ARM_GCC_541\Debug\PSOC5 Implement.a(CyFlash.o)
 .debug_ranges  0x00000df8       0x70 .\CortexM3\ARM_GCC_541\Debug\PSOC5 Implement.a(CySpc.o)

.comment        0x00000000       0x6e
 .comment       0x00000000       0x6e .\CortexM3\ARM_GCC_541\Debug\main.o
                                 0x6f (size before relaxing)
 .comment       0x0000006e       0x6f .\CortexM3\ARM_GCC_541\Debug\Pressure_Transducer.o
 .comment       0x0000006e       0x6f .\CortexM3\ARM_GCC_541\Debug\cyfitter_cfg.o
 .comment       0x0000006e       0x6f .\CortexM3\ARM_GCC_541\Debug\cymetadata.o
 .comment       0x0000006e       0x6f .\CortexM3\ARM_GCC_541\Debug\Cm3Start.o
 .comment       0x0000006e       0x6f .\CortexM3\ARM_GCC_541\Debug\PSOC5 Implement.a(UART_OEM.o)
 .comment       0x0000006e       0x6f .\CortexM3\ARM_GCC_541\Debug\PSOC5 Implement.a(UART_RPI.o)
 .comment       0x0000006e       0x6f .\CortexM3\ARM_GCC_541\Debug\PSOC5 Implement.a(UART_Debug.o)
 .comment       0x0000006e       0x6f .\CortexM3\ARM_GCC_541\Debug\PSOC5 Implement.a(Timer_ISR.o)
 .comment       0x0000006e       0x6f .\CortexM3\ARM_GCC_541\Debug\PSOC5 Implement.a(ADC_TS410.o)
 .comment       0x0000006e       0x6f .\CortexM3\ARM_GCC_541\Debug\PSOC5 Implement.a(ADC_TS410_INT.o)
 .comment       0x0000006e       0x6f .\CortexM3\ARM_GCC_541\Debug\PSOC5 Implement.a(AMux.o)
 .comment       0x0000006e       0x6f .\CortexM3\ARM_GCC_541\Debug\PSOC5 Implement.a(UART_OEM_IntClock.o)
 .comment       0x0000006e       0x6f .\CortexM3\ARM_GCC_541\Debug\PSOC5 Implement.a(UART_RPI_IntClock.o)
 .comment       0x0000006e       0x6f .\CortexM3\ARM_GCC_541\Debug\PSOC5 Implement.a(UART_Debug_IntClock.o)
 .comment       0x0000006e       0x6f .\CortexM3\ARM_GCC_541\Debug\PSOC5 Implement.a(ADC_TS410_SAR.o)
 .comment       0x0000006e       0x6f .\CortexM3\ARM_GCC_541\Debug\PSOC5 Implement.a(ADC_TS410_TempBuf_dma.o)
 .comment       0x0000006e       0x6f .\CortexM3\ARM_GCC_541\Debug\PSOC5 Implement.a(ADC_TS410_FinalBuf_dma.o)
 .comment       0x0000006e       0x6f .\CortexM3\ARM_GCC_541\Debug\PSOC5 Implement.a(ADC_TS410_IRQ.o)
 .comment       0x0000006e       0x6f .\CortexM3\ARM_GCC_541\Debug\PSOC5 Implement.a(CyDmac.o)
 .comment       0x0000006e       0x6f .\CortexM3\ARM_GCC_541\Debug\PSOC5 Implement.a(CyLib.o)
 .comment       0x0000006e       0x6f .\CortexM3\ARM_GCC_541\Debug\PSOC5 Implement.a(cyPm.o)
 .comment       0x0000006e       0x6f .\CortexM3\ARM_GCC_541\Debug\PSOC5 Implement.a(USER_LED.o)
 .comment       0x0000006e       0x6f .\CortexM3\ARM_GCC_541\Debug\PSOC5 Implement.a(Timer_Interrupt.o)
 .comment       0x0000006e       0x6f .\CortexM3\ARM_GCC_541\Debug\PSOC5 Implement.a(ADC_DelSig.o)
 .comment       0x0000006e       0x6f .\CortexM3\ARM_GCC_541\Debug\PSOC5 Implement.a(ADC_DelSig_INT.o)
 .comment       0x0000006e       0x6f .\CortexM3\ARM_GCC_541\Debug\PSOC5 Implement.a(ADC_DelSig_Ext_CP_Clk.o)
 .comment       0x0000006e       0x6f .\CortexM3\ARM_GCC_541\Debug\PSOC5 Implement.a(ADC_DelSig_theACLK.o)
 .comment       0x0000006e       0x6f .\CortexM3\ARM_GCC_541\Debug\PSOC5 Implement.a(CyFlash.o)
 .comment       0x0000006e       0x6f .\CortexM3\ARM_GCC_541\Debug\PSOC5 Implement.a(CySpc.o)

.debug_weaknames
 *(.debug_weaknames)

.debug_funcnames
 *(.debug_funcnames)

.debug_typenames
 *(.debug_typenames)

.debug_varnames
 *(.debug_varnames)

.note.gnu.arm.ident
 *(.note.gnu.arm.ident)

.ARM.attributes
                0x00000000       0x29
 *(.ARM.attributes)
 .ARM.attributes
                0x00000000       0x1d c:/program files (x86)/cypress/psoc creator/4.4/psoc creator/import/gnu/arm/5.4.1/bin/../lib/gcc/arm-none-eabi/5.4.1/armv7-m/crti.o
 .ARM.attributes
                0x0000001d       0x2d c:/program files (x86)/cypress/psoc creator/4.4/psoc creator/import/gnu/arm/5.4.1/bin/../lib/gcc/arm-none-eabi/5.4.1/armv7-m/crtbegin.o
 .ARM.attributes
                0x0000004a       0x1b c:/program files (x86)/cypress/psoc creator/4.4/psoc creator/import/gnu/arm/5.4.1/bin/../lib/gcc/arm-none-eabi/5.4.1/../../../../arm-none-eabi/lib/armv7-m/crt0.o
 .ARM.attributes
                0x00000065       0x33 .\CortexM3\ARM_GCC_541\Debug\main.o
 .ARM.attributes
                0x00000098       0x33 .\CortexM3\ARM_GCC_541\Debug\Pressure_Transducer.o
 .ARM.attributes
                0x000000cb       0x33 .\CortexM3\ARM_GCC_541\Debug\cyfitter_cfg.o
 .ARM.attributes
                0x000000fe       0x33 .\CortexM3\ARM_GCC_541\Debug\cymetadata.o
 .ARM.attributes
                0x00000131       0x33 .\CortexM3\ARM_GCC_541\Debug\Cm3Start.o
 .ARM.attributes
                0x00000164       0x33 .\CortexM3\ARM_GCC_541\Debug\PSOC5 Implement.a(UART_OEM.o)
 .ARM.attributes
                0x00000197       0x33 .\CortexM3\ARM_GCC_541\Debug\PSOC5 Implement.a(UART_RPI.o)
 .ARM.attributes
                0x000001ca       0x33 .\CortexM3\ARM_GCC_541\Debug\PSOC5 Implement.a(UART_Debug.o)
 .ARM.attributes
                0x000001fd       0x33 .\CortexM3\ARM_GCC_541\Debug\PSOC5 Implement.a(Timer_ISR.o)
 .ARM.attributes
                0x00000230       0x33 .\CortexM3\ARM_GCC_541\Debug\PSOC5 Implement.a(ADC_TS410.o)
 .ARM.attributes
                0x00000263       0x33 .\CortexM3\ARM_GCC_541\Debug\PSOC5 Implement.a(ADC_TS410_INT.o)
 .ARM.attributes
                0x00000296       0x33 .\CortexM3\ARM_GCC_541\Debug\PSOC5 Implement.a(AMux.o)
 .ARM.attributes